patching file '.antigravity/rules/ports.md'
patching file AGENTS.md
patching file 'execution/domains/commercial-suite/module-packs/MOD-0149-PREREQ-diten-crm-service-scaffold.md'
patching file 'execution/domains/commercial-suite/module-packs/MOD-0149-customer-360-account-hierarchy.md'
patching file 'execution/domains/commercial-suite/module-packs/MOD-0150-contact-relationship-management.md'
patching file 'execution/domains/commercial-suite/module-packs/MOD-0151-territory-management.md'
patching file 'execution/domains/commercial-suite/module-packs/MOD-0162-FU02-knowledge-content-runtime-ui.md'
patching file 'execution/domains/commercial-suite/module-packs/MOD-0162-FU04-knowledge-path-runtime-ui.md'
patching file 'execution/domains/commercial-suite/module-packs/MOD-0162-FU05-content-engagement-journey-runtime-ui.md'
patching file 'execution/domains/commercial-suite/module-packs/MOD-0164-FU03-consent-preference-admin-ui.md'
patching file 'execution/domains/commercial-suite/module-packs/MOD-0165-FU01-visit-frequency-call-cycle-policy.md'
patching file 'execution/domains/commercial-suite/module-packs/MOD-0165-FU05-campaign-targeting-admin-ui.md'
patching file 'execution/domains/commercial-suite/module-packs/MOD-0165-FU07-cycle-period-scope-enrichment.md'
patching file 'execution/domains/commercial-suite/module-packs/MOD-0167-FU01-segment-sourced-frequency-policy-authoring.md'
patching file 'execution/domains/commercial-suite/module-packs/MOD-0167-FU02-segment-foundation-criteria-membership-target-customer.md'
patching file 'execution/domains/commercial-suite/module-packs/MOD-0167-FU04-strategy-template-segment-product-mix-content-playbook.md'
patching file 'gateway/Diten.ApiGateway/ocelot.json'
patching file 'scripts/smoke-mod0162-fu02-knowledge-content-authenticated.ps1'
patching file 'scripts/smoke-mod0162-fu03-concept-graph-authenticated.ps1'
patching file 'scripts/smoke-mod0162-fu04-knowledge-path-authenticated.ps1'
patching file 'scripts/smoke-mod0162-fu05-content-engagement-journey-authenticated.ps1'
patching file 'scripts/smoke-mod0164-fu02-consent-preference-authenticated.ps1'
patching file 'scripts/smoke-mod0165-fu03-visit-frequency-authenticated.ps1'
patching file 'scripts/smoke-mod0165-fu04-campaign-targeting-authenticated.ps1'
patching file 'scripts/smoke-mod0165-fu06-cycle-period-authenticated.ps1'
patching file 'scripts/smoke-mod0167-fu02-segment-foundation-authenticated.ps1'
patching file 'scripts/smoke-mod0167-fu04-strategy-template-authenticated.ps1'
patching file 'services/Diten.CrmService/src/Diten.CrmService.Api/Controllers/CRM/CampaignsController.cs'
patching file 'services/Diten.CrmService/src/Diten.CrmService.Api/Controllers/CRM/ConsentsController.cs'
patching file 'services/Diten.CrmService/src/Diten.CrmService.Api/Controllers/CRM/KnowledgeContentsController.cs'
patching file 'services/Diten.CrmService/src/Diten.CrmService.Api/Controllers/CRM/TerritoryContractController.cs'
patching file 'services/Diten.CrmService/src/Diten.CrmService.Api/Program.cs'
patching file 'services/Diten.CrmService/src/Diten.CrmService.Api/Properties/launchSettings.json'
patching file watch-diten-bg.ps1
patching file watch-diten.ps1
