Seeding permissions...
Seeding roles...
Created role SuperAdmin
Created role Admin
Created role Viewer
Seeding users...
Created admin user with static Guid.
Assigned SuperAdmin role to admin user.
Seeded 5 mock users for tenant 00000000-0000-0000-0000-000000000001.
Seeded 5 mock users for tenant 97c59330-dbc4-4665-b29c-0c26dbb5cc93.
Seeding tenant-97c5 BRD consumer grant...
Skipped tenant-97c5 BRD consumer grant: Admin role not found.
Seeding tenant-97c5 CRM contact (MOD-0150 FU01) grants...
Skipped tenant-97c5 CRM contact grant: Admin role not found.
Seeding tenant-97c5 CRM territory (MOD-0151 FU01) grants...
Skipped tenant-97c5 CRM territory grant: Admin role not found.
Seeding tenant-97c5 CRM knowledge (WP-SCMM-05-S1) grants...
Skipped tenant-97c5 CRM knowledge grant: Admin role not found.
Seeding tenant-97c5 workflow operator grant...
tenant-97c5 workflow grant: operator 'bestepullukcu@gmail.com' not found; falling back to Admin role only.
Skipped tenant-97c5 workflow grant: no target roles resolved.
Seeding tenant-97c5 Brand/Product master operator grant...
tenant-97c5 brand/product grant: operator 'bestepullukcu@gmail.com' not found; falling back to Admin role only.
Skipped tenant-97c5 brand/product grant: no target roles resolved.
Seeding tenant-97c5 Global Products (MOD-0018-FU16) operator grant...
tenant-97c5 global-product grant: operator 'bestepullukcu@gmail.com' not found; falling back to Admin role only.
Skipped tenant-97c5 global-product grant: no target roles resolved.
Seeding tenant-97c5 Master Register link operator grant...
Skipped tenant-97c5 Master Register link grant: target operator not found.
Seeding tenant-97c5 document approval roles...
Skipped tenant-97c5 document approval role assignments: target operator not found.
tenant-97c5 document approval roles: ensured 2 role(s) and operator memberships; changed=True.
Seeding default-tenant entitled-module grants (goldenslim + workflow)...
default-tenant entitled-module grants: 17 new Module-grant(s) on Admin role.
Reconciling tenant Admin self-service grants (backfill)...
Seeding completed successfully.
{"Timestamp":"2026-09-23T20:07:38.5686570+03:00","Level":"Information","MessageTemplate":"Auto-granted new permission {PermissionId} to full-catalog role '{Role}'.","RenderedMessage":"Auto-granted new permission 72e90055-4c78-413e-8362-a89b0ae35668 to full-catalog role '\"SuperAdmin\"'.","TraceId":"aaa36cd965af283ac590b782f4b36e3b","SpanId":"bd1fce0775a1c1e1","Properties":{"PermissionId":"72e90055-4c78-413e-8362-a89b0ae35668","Role":"SuperAdmin","SourceContext":"Diten.AuthService.Application.Common.Services.FullCatalogPermissionGrantService","ActionId":"e51a501c-52dd-4927-8ff8-5e4e96f452f2","ActionName":"Diten.AuthService.Api.Controllers.InternalPermissionsController.Sync (Diten.AuthService.Api)","RequestId":"0HNOPIKLR7O8T:00000001","RequestPath":"/internal/permissions/sync","ConnectionId":"[REDACTED]","TraceId":"aaa36cd965af283ac590b782f4b36e3b","CorrelationId":"e3f6af385c06442d9a5a649e2982be3d","MachineName":"Natig-Erens-MacBook-Pro","ServiceName":"Diten.AuthService","Environment":"Development"}}
{"Timestamp":"2026-09-23T20:07:38.6116030+03:00","Level":"Information","MessageTemplate":"Catalog permission synced (created). Key={Key} Module={Module}","RenderedMessage":"Catalog permission synced (created). Key=\"supplychain.carriers.read\" Module=\"supplychain\"","TraceId":"aaa36cd965af283ac590b782f4b36e3b","SpanId":"bd1fce0775a1c1e1","Properties":{"Key":"supplychain.carriers.read","Module":"supplychain","SourceContext":"Diten.AuthService.Api.Controllers.InternalPermissionsController","ActionId":"e51a501c-52dd-4927-8ff8-5e4e96f452f2","ActionName":"Diten.AuthService.Api.Controllers.InternalPermissionsController.Sync (Diten.AuthService.Api)","RequestId":"0HNOPIKLR7O8T:00000001","RequestPath":"/internal/permissions/sync","ConnectionId":"[REDACTED]","TraceId":"aaa36cd965af283ac590b782f4b36e3b","CorrelationId":"e3f6af385c06442d9a5a649e2982be3d","MachineName":"Natig-Erens-MacBook-Pro","ServiceName":"Diten.AuthService","Environment":"Development"}}
{"Timestamp":"2026-09-23T20:07:38.6264790+03:00","Level":"Information","MessageTemplate":"HTTP {RequestMethod} {RequestPath} responded {StatusCode} in {Elapsed:0.0000} ms","RenderedMessage":"HTTP \"POST\" \"/internal/permissions/sync\" responded 200 in 170.1970 ms","TraceId":"aaa36cd965af283ac590b782f4b36e3b","SpanId":"bd1fce0775a1c1e1","Properties":{"ServiceName":"Diten.AuthService","Environment":"Development","CorrelationId":"e3f6af385c06442d9a5a649e2982be3d","RequestPath":"/internal/permissions/sync","StatusCode":200,"TraceId":"aaa36cd965af283ac590b782f4b36e3b","RequestMethod":"POST","Elapsed":170.197,"SourceContext":"Serilog.AspNetCore.RequestLoggingMiddleware","RequestId":"0HNOPIKLR7O8T:00000001","ConnectionId":"[REDACTED]","MachineName":"Natig-Erens-MacBook-Pro"},"Renderings":{"Elapsed":[{"Format":"0.0000","Rendering":"170.1970"}]}}
{"Timestamp":"2026-09-23T20:07:38.6673440+03:00","Level":"Information","MessageTemplate":"Auto-granted new permission {PermissionId} to full-catalog role '{Role}'.","RenderedMessage":"Auto-granted new permission 113d6ad9-0691-4c59-b9c8-552eee7fcb98 to full-catalog role '\"SuperAdmin\"'.","TraceId":"aaa36cd965af283ac590b782f4b36e3b","SpanId":"6def335e98c36dfd","Properties":{"PermissionId":"113d6ad9-0691-4c59-b9c8-552eee7fcb98","Role":"SuperAdmin","SourceContext":"Diten.AuthService.Application.Common.Services.FullCatalogPermissionGrantService","ActionId":"e51a501c-52dd-4927-8ff8-5e4e96f452f2","ActionName":"Diten.AuthService.Api.Controllers.InternalPermissionsController.Sync (Diten.AuthService.Api)","RequestId":"0HNOPIKLR7O8T:00000002","RequestPath":"/internal/permissions/sync","ConnectionId":"[REDACTED]","TraceId":"aaa36cd965af283ac590b782f4b36e3b","CorrelationId":"39a23a3a582647c48f75b358f5100548","MachineName":"Natig-Erens-MacBook-Pro","ServiceName":"Diten.AuthService","Environment":"Development"}}
{"Timestamp":"2026-09-23T20:07:38.6675780+03:00","Level":"Information","MessageTemplate":"Catalog permission synced (created). Key={Key} Module={Module}","RenderedMessage":"Catalog permission synced (created). Key=\"supplychain.carriers.create\" Module=\"supplychain\"","TraceId":"aaa36cd965af283ac590b782f4b36e3b","SpanId":"6def335e98c36dfd","Properties":{"Key":"supplychain.carriers.create","Module":"supplychain","SourceContext":"Diten.AuthService.Api.Controllers.InternalPermissionsController","ActionId":"e51a501c-52dd-4927-8ff8-5e4e96f452f2","ActionName":"Diten.AuthService.Api.Controllers.InternalPermissionsController.Sync (Diten.AuthService.Api)","RequestId":"0HNOPIKLR7O8T:00000002","RequestPath":"/internal/permissions/sync","ConnectionId":"[REDACTED]","TraceId":"aaa36cd965af283ac590b782f4b36e3b","CorrelationId":"39a23a3a582647c48f75b358f5100548","MachineName":"Natig-Erens-MacBook-Pro","ServiceName":"Diten.AuthService","Environment":"Development"}}
{"Timestamp":"2026-09-23T20:07:38.6685990+03:00","Level":"Information","MessageTemplate":"HTTP {RequestMethod} {RequestPath} responded {StatusCode} in {Elapsed:0.0000} ms","RenderedMessage":"HTTP \"POST\" \"/internal/permissions/sync\" responded 200 in 20.6848 ms","TraceId":"aaa36cd965af283ac590b782f4b36e3b","SpanId":"6def335e98c36dfd","Properties":{"ServiceName":"Diten.AuthService","Environment":"Development","CorrelationId":"39a23a3a582647c48f75b358f5100548","RequestPath":"/internal/permissions/sync","StatusCode":200,"TraceId":"aaa36cd965af283ac590b782f4b36e3b","RequestMethod":"POST","Elapsed":20.68475,"SourceContext":"Serilog.AspNetCore.RequestLoggingMiddleware","RequestId":"0HNOPIKLR7O8T:00000002","ConnectionId":"[REDACTED]","MachineName":"Natig-Erens-MacBook-Pro"},"Renderings":{"Elapsed":[{"Format":"0.0000","Rendering":"20.6848"}]}}
{"Timestamp":"2026-09-23T20:07:38.7015330+03:00","Level":"Information","MessageTemplate":"Auto-granted new permission {PermissionId} to full-catalog role '{Role}'.","RenderedMessage":"Auto-granted new permission d17fc774-7629-42d4-9f90-cd01d1d03bd3 to full-catalog role '\"SuperAdmin\"'.","TraceId":"aaa36cd965af283ac590b782f4b36e3b","SpanId":"79b153ece28dd52b","Properties":{"PermissionId":"d17fc774-7629-42d4-9f90-cd01d1d03bd3","Role":"SuperAdmin","SourceContext":"Diten.AuthService.Application.Common.Services.FullCatalogPermissionGrantService","ActionId":"e51a501c-52dd-4927-8ff8-5e4e96f452f2","ActionName":"Diten.AuthService.Api.Controllers.InternalPermissionsController.Sync (Diten.AuthService.Api)","RequestId":"0HNOPIKLR7O8T:00000003","RequestPath":"/internal/permissions/sync","ConnectionId":"[REDACTED]","TraceId":"aaa36cd965af283ac590b782f4b36e3b","CorrelationId":"6e3170f8a5ea4dfb8f2304143fbd1e03","MachineName":"Natig-Erens-MacBook-Pro","ServiceName":"Diten.AuthService","Environment":"Development"}}
{"Timestamp":"2026-09-23T20:07:38.7017340+03:00","Level":"Information","MessageTemplate":"Catalog permission synced (created). Key={Key} Module={Module}","RenderedMessage":"Catalog permission synced (created). Key=\"supplychain.carriers.status.change\" Module=\"supplychain\"","TraceId":"aaa36cd965af283ac590b782f4b36e3b","SpanId":"79b153ece28dd52b","Properties":{"Key":"supplychain.carriers.status.change","Module":"supplychain","SourceContext":"Diten.AuthService.Api.Controllers.InternalPermissionsController","ActionId":"e51a501c-52dd-4927-8ff8-5e4e96f452f2","ActionName":"Diten.AuthService.Api.Controllers.InternalPermissionsController.Sync (Diten.AuthService.Api)","RequestId":"0HNOPIKLR7O8T:00000003","RequestPath":"/internal/permissions/sync","ConnectionId":"[REDACTED]","TraceId":"aaa36cd965af283ac590b782f4b36e3b","CorrelationId":"6e3170f8a5ea4dfb8f2304143fbd1e03","MachineName":"Natig-Erens-MacBook-Pro","ServiceName":"Diten.AuthService","Environment":"Development"}}
{"Timestamp":"2026-09-23T20:07:38.7020780+03:00","Level":"Information","MessageTemplate":"HTTP {RequestMethod} {RequestPath} responded {StatusCode} in {Elapsed:0.0000} ms","RenderedMessage":"HTTP \"POST\" \"/internal/permissions/sync\" responded 200 in 25.7122 ms","TraceId":"aaa36cd965af283ac590b782f4b36e3b","SpanId":"79b153ece28dd52b","Properties":{"ServiceName":"Diten.AuthService","Environment":"Development","CorrelationId":"6e3170f8a5ea4dfb8f2304143fbd1e03","RequestPath":"/internal/permissions/sync","StatusCode":200,"TraceId":"aaa36cd965af283ac590b782f4b36e3b","RequestMethod":"POST","Elapsed":25.712166,"SourceContext":"Serilog.AspNetCore.RequestLoggingMiddleware","RequestId":"0HNOPIKLR7O8T:00000003","ConnectionId":"[REDACTED]","MachineName":"Natig-Erens-MacBook-Pro"},"Renderings":{"Elapsed":[{"Format":"0.0000","Rendering":"25.7122"}]}}
{"Timestamp":"2026-09-23T20:08:44.6273200+03:00","Level":"Information","MessageTemplate":"HTTP {RequestMethod} {RequestPath} responded {StatusCode} in {Elapsed:0.0000} ms","RenderedMessage":"HTTP \"GET\" \"/health\" responded 200 in 133.1505 ms","TraceId":"b59c8408c546bf6626f06a57198b4fea","SpanId":"b702845dbc0d6331","Properties":{"ServiceName":"Diten.AuthService","Environment":"Development","CorrelationId":"8cef062ec6d44fa584f47a2f88ee2587","RequestPath":"/health","StatusCode":200,"TraceId":"b59c8408c546bf6626f06a57198b4fea","RequestMethod":"GET","Elapsed":133.150542,"SourceContext":"Serilog.AspNetCore.RequestLoggingMiddleware","RequestId":"0HNOPIKLR7O8U:00000001","ConnectionId":"[REDACTED]","MachineName":"Natig-Erens-MacBook-Pro"},"Renderings":{"Elapsed":[{"Format":"0.0000","Rendering":"133.1505"}]}}
