[01:58:13 INF] User profile is available. Using '/Users/natig/.aspnet/DataProtection-Keys' as key repository; keys will not be encrypted at rest.
[01:58:14 WRN] Shipment outbox transport is not registered. Durable events remain pending; integration is held.
[01:58:14 INF] Now listening on: http://127.0.0.1:5061
[01:58:14 INF] Application started. Press Ctrl+C to shut down.
[01:58:14 INF] Hosting environment: Development
[01:58:14 INF] Content root path: /Users/natig/Projects/ERP-vNext-recovery/services/Diten.SupplyChainService/src/Diten.SupplyChainService.Api
[01:58:16 INF] Request starting HTTP/1.1 GET http://localhost:5061/health - null null
[01:58:16 INF] Executing endpoint 'HTTP: GET /health'
[01:58:16 INF] Setting HTTP status code 200.
[01:58:16 INF] Writing value of type '<>f__AnonymousType2`4' as Json.
[01:58:16 INF] Executed endpoint 'HTTP: GET /health'
[01:58:16 INF] Request finished HTTP/1.1 GET http://localhost:5061/health - 200 null application/json; charset=utf-8 43.9657ms
[01:58:16 INF] Request starting HTTP/1.1 GET http://localhost:5061/api/shipment-bundle/shipments?page=1&pageSize=5 - null null
[01:58:16 INF] Executing endpoint 'Diten.SupplyChainService.Api.Controllers.ShipmentsController.List (Diten.SupplyChainService.Api)'
[01:58:16 INF] Route matched with {action = "List", controller = "Shipments"}. Executing controller action with signature System.Threading.Tasks.Task`1[Microsoft.AspNetCore.Mvc.IActionResult] List(System.String, System.String, Int32, Int32, System.Threading.CancellationToken) on controller Diten.SupplyChainService.Api.Controllers.ShipmentsController (Diten.SupplyChainService.Api).
[01:58:16 INF] Handling GetShipmentListQuery
[01:58:17 INF] Executing ObjectResult, writing value of type 'System.Text.Json.Nodes.JsonObject'.
[01:58:17 INF] Executed action Diten.SupplyChainService.Api.Controllers.ShipmentsController.List (Diten.SupplyChainService.Api) in 128.2325ms
[01:58:17 INF] Executed endpoint 'Diten.SupplyChainService.Api.Controllers.ShipmentsController.List (Diten.SupplyChainService.Api)'
[01:58:17 INF] Request finished HTTP/1.1 GET http://localhost:5061/api/shipment-bundle/shipments?page=1&pageSize=5 - 200 null application/json; charset=utf-8 182.9502ms
[01:58:17 INF] Application is shutting down...
