  Determining projects to restore...
/Users/natig/.dotnet/sdk/8.0.417/NuGet.targets(745,5): error : File '/Users/natig/Projects/ERP-vNext-recovery/NuGet.Config' does not exist. [/private/tmp/mvp6-shipment-integration-ver-01/source/services/Diten.SupplyChainService/src/Diten.SupplyChainService.Application/Diten.SupplyChainService.Application.csproj]
/Users/natig/.dotnet/sdk/8.0.417/NuGet.targets(745,5): error : File '/Users/natig/Projects/ERP-vNext-recovery/NuGet.Config' does not exist. [/private/tmp/mvp6-shipment-integration-ver-01/source/services/Diten.SupplyChainService/src/Diten.SupplyChainService.Persistence/Diten.SupplyChainService.Persistence.csproj]
/Users/natig/.dotnet/sdk/8.0.417/NuGet.targets(745,5): error : File '/Users/natig/Projects/ERP-vNext-recovery/NuGet.Config' does not exist. [/private/tmp/mvp6-shipment-integration-ver-01/source/services/Diten.SupplyChainService/src/Diten.SupplyChainService.Infrastructure/Diten.SupplyChainService.Infrastructure.csproj]
/Users/natig/.dotnet/sdk/8.0.417/NuGet.targets(745,5): error : File '/Users/natig/Projects/ERP-vNext-recovery/NuGet.Config' does not exist. [/private/tmp/mvp6-shipment-integration-ver-01/source/services/Diten.Building.Blocks/Diten.BuildingBlocks.Security.Secrets/Diten.BuildingBlocks.Security.Secrets.csproj]
/Users/natig/.dotnet/sdk/8.0.417/NuGet.targets(745,5): error : File '/Users/natig/Projects/ERP-vNext-recovery/NuGet.Config' does not exist. [/private/tmp/mvp6-shipment-integration-ver-01/source/services/Diten.Building.Blocks/src/Diten.BuildingBlocks.ModuleRegistration.Abstractions/Diten.BuildingBlocks.ModuleRegistration.Abstractions.csproj]
/Users/natig/.dotnet/sdk/8.0.417/NuGet.targets(745,5): error : File '/Users/natig/Projects/ERP-vNext-recovery/NuGet.Config' does not exist. [/private/tmp/mvp6-shipment-integration-ver-01/source/services/Diten.SupplyChainService/src/Diten.SupplyChainService.Domain/Diten.SupplyChainService.Domain.csproj]
/Users/natig/.dotnet/sdk/8.0.417/NuGet.targets(745,5): error : File '/Users/natig/Projects/ERP-vNext-recovery/NuGet.Config' does not exist. [/private/tmp/mvp6-shipment-integration-ver-01/source/services/Diten.Building.Blocks/src/Diten.BuildingBlocks.Eventing/Diten.BuildingBlocks.Eventing.csproj]
/Users/natig/.dotnet/sdk/8.0.417/NuGet.targets(745,5): error : File '/Users/natig/Projects/ERP-vNext-recovery/NuGet.Config' does not exist. [/private/tmp/mvp6-shipment-integration-ver-01/source/services/Diten.SupplyChainService/src/Diten.SupplyChainService.Api/Diten.SupplyChainService.Api.csproj]

Build FAILED.

/Users/natig/.dotnet/sdk/8.0.417/NuGet.targets(745,5): error : File '/Users/natig/Projects/ERP-vNext-recovery/NuGet.Config' does not exist. [/private/tmp/mvp6-shipment-integration-ver-01/source/services/Diten.SupplyChainService/src/Diten.SupplyChainService.Application/Diten.SupplyChainService.Application.csproj]
/Users/natig/.dotnet/sdk/8.0.417/NuGet.targets(745,5): error : File '/Users/natig/Projects/ERP-vNext-recovery/NuGet.Config' does not exist. [/private/tmp/mvp6-shipment-integration-ver-01/source/services/Diten.SupplyChainService/src/Diten.SupplyChainService.Persistence/Diten.SupplyChainService.Persistence.csproj]
/Users/natig/.dotnet/sdk/8.0.417/NuGet.targets(745,5): error : File '/Users/natig/Projects/ERP-vNext-recovery/NuGet.Config' does not exist. [/private/tmp/mvp6-shipment-integration-ver-01/source/services/Diten.SupplyChainService/src/Diten.SupplyChainService.Infrastructure/Diten.SupplyChainService.Infrastructure.csproj]
/Users/natig/.dotnet/sdk/8.0.417/NuGet.targets(745,5): error : File '/Users/natig/Projects/ERP-vNext-recovery/NuGet.Config' does not exist. [/private/tmp/mvp6-shipment-integration-ver-01/source/services/Diten.Building.Blocks/Diten.BuildingBlocks.Security.Secrets/Diten.BuildingBlocks.Security.Secrets.csproj]
/Users/natig/.dotnet/sdk/8.0.417/NuGet.targets(745,5): error : File '/Users/natig/Projects/ERP-vNext-recovery/NuGet.Config' does not exist. [/private/tmp/mvp6-shipment-integration-ver-01/source/services/Diten.Building.Blocks/src/Diten.BuildingBlocks.ModuleRegistration.Abstractions/Diten.BuildingBlocks.ModuleRegistration.Abstractions.csproj]
/Users/natig/.dotnet/sdk/8.0.417/NuGet.targets(745,5): error : File '/Users/natig/Projects/ERP-vNext-recovery/NuGet.Config' does not exist. [/private/tmp/mvp6-shipment-integration-ver-01/source/services/Diten.SupplyChainService/src/Diten.SupplyChainService.Domain/Diten.SupplyChainService.Domain.csproj]
/Users/natig/.dotnet/sdk/8.0.417/NuGet.targets(745,5): error : File '/Users/natig/Projects/ERP-vNext-recovery/NuGet.Config' does not exist. [/private/tmp/mvp6-shipment-integration-ver-01/source/services/Diten.Building.Blocks/src/Diten.BuildingBlocks.Eventing/Diten.BuildingBlocks.Eventing.csproj]
/Users/natig/.dotnet/sdk/8.0.417/NuGet.targets(745,5): error : File '/Users/natig/Projects/ERP-vNext-recovery/NuGet.Config' does not exist. [/private/tmp/mvp6-shipment-integration-ver-01/source/services/Diten.SupplyChainService/src/Diten.SupplyChainService.Api/Diten.SupplyChainService.Api.csproj]
    0 Warning(s)
    8 Error(s)

Time Elapsed 00:00:03.10
