./ACCEPTANCE.tsv: OK
./DATATABLE-CLASSIFICATION.md: OK
./NO-SOURCE-CHANGE.md: OK
./README.md: OK
./SOURCE-BINARY-PROCESS.tsv: OK
./raw/carrier-ui-ver.trx: OK
./raw/datatable-verifier.exit: OK
./raw/datatable-verifier.log: OK
./raw/focused-12.exit: OK
./raw/focused-12.log: OK
./raw/frontend-build.exit: OK
./raw/frontend-build.log: OK
./raw/gateway-carrier-ver.trx: OK
./raw/gateway-carrier.exit: OK
./raw/gateway-carrier.log: OK
./raw/nav-l10n-ver.trx: OK
./raw/nav-l10n.exit: OK
./raw/nav-l10n.log: OK
./raw/no-source-change-and-binaries.log: OK
./raw/registration-ver.trx: OK
./raw/registration.exit: OK
./raw/registration.log: OK
./raw/runtime-admin-jwt-claims-safe.json: OK
./raw/runtime-auth-build.exit: OK
./raw/runtime-auth-build.log: OK
./raw/runtime-authorized-page-failure.log: OK
./raw/runtime-binary-sha256.txt: OK
./raw/runtime-final-source-manifest-check.log: OK
./raw/runtime-health.log: OK
./raw/runtime-http-summary.log: OK
./raw/runtime-listeners-after-stop.log: OK
./raw/runtime-listeners.log: OK
./raw/runtime-platform-build.exit: OK
./raw/runtime-platform-build.log: OK
./raw/runtime-processes.txt: OK
./raw/runtime-registration-sync-excerpt.log: OK
./raw/source-bindings.log: OK
./raw/static-negatives.log: OK
./raw/v2-carrier-runtime-excerpt.log: OK
./raw/v2-diagnostic-scoped-claims-safe.json: OK
./raw/v2-frontend-build.exit: OK
./raw/v2-frontend-build.log: OK
./raw/v2-runtime-binary-sha256.txt: OK
./raw/v2-runtime-health.log: OK
./raw/v2-runtime-listeners-after-stop.log: OK
./raw/v2-runtime-listeners.log: OK
./raw/v2-runtime-processes.txt: OK
./raw/v2-runtime-summary.log: OK
./raw/v2-scoped-create-replay.json: OK
./raw/v2-scoped-create.json: OK
./raw/v2-scoped-list.json: OK
./raw/v2-scoped-status.json: OK
./raw/v2-source-manifest-check.log: OK
./raw/v2-surface-markers.log: OK
./screenshots/README.md: OK
