services/Diten.Building.Blocks/Diten.BuildingBlocks.Security.Secrets.Tests/Diten.BuildingBlocks.Security.Secrets.Tests.csproj: OK
services/Diten.Building.Blocks/Diten.BuildingBlocks.Security.Secrets.Tests/SecretRequirementValidatorTests.cs: OK
services/Diten.Building.Blocks/Diten.BuildingBlocks.Security.Secrets/.tmp-fu11/Debug/net8.0/Diten.BuildingBlocks.Security.Secrets.deps.json: OK
services/Diten.Building.Blocks/Diten.BuildingBlocks.Security.Secrets/.tmp-fu11/Debug/net8.0/Diten.BuildingBlocks.Security.Secrets.dll: OK
services/Diten.Building.Blocks/Diten.BuildingBlocks.Security.Secrets/.tmp-fu11/Debug/net8.0/Diten.BuildingBlocks.Security.Secrets.pdb: OK
services/Diten.Building.Blocks/Diten.BuildingBlocks.Security.Secrets/ConfigurationSecretsProvider.cs: OK
services/Diten.Building.Blocks/Diten.BuildingBlocks.Security.Secrets/Diten.BuildingBlocks.Security.Secrets.csproj: OK
services/Diten.Building.Blocks/Diten.BuildingBlocks.Security.Secrets/ISecretRedactor.cs: OK
services/Diten.Building.Blocks/Diten.BuildingBlocks.Security.Secrets/ISecretRequirementValidator.cs: OK
services/Diten.Building.Blocks/Diten.BuildingBlocks.Security.Secrets/ISecretRotationResolver.cs: OK
services/Diten.Building.Blocks/Diten.BuildingBlocks.Security.Secrets/ISecretsProvider.cs: OK
services/Diten.Building.Blocks/Diten.BuildingBlocks.Security.Secrets/JwtSecretRotationOptions.cs: OK
services/Diten.Building.Blocks/Diten.BuildingBlocks.Security.Secrets/JwtSecretRotationResolver.cs: OK
services/Diten.Building.Blocks/Diten.BuildingBlocks.Security.Secrets/JwtValidationDefaults.cs: OK
services/Diten.Building.Blocks/Diten.BuildingBlocks.Security.Secrets/RequiredSecretDefinition.cs: OK
services/Diten.Building.Blocks/Diten.BuildingBlocks.Security.Secrets/SecretRedactionOptions.cs: OK
services/Diten.Building.Blocks/Diten.BuildingBlocks.Security.Secrets/SecretRedactor.cs: OK
services/Diten.Building.Blocks/Diten.BuildingBlocks.Security.Secrets/SecretRequirementValidator.cs: OK
services/Diten.Building.Blocks/Diten.BuildingBlocks.Security.Secrets/SecretServiceCollectionExtensions.cs: OK
services/Diten.Building.Blocks/Diten.BuildingBlocks.Security.Secrets/SecretValidationException.cs: OK
services/Diten.Building.Blocks/Diten.BuildingBlocks.Security.Secrets/SecretValidationResult.cs: OK
services/Diten.Building.Blocks/Diten.BuildingBlocks.Security.Secrets/SecretsProviderOptions.cs: OK
services/Diten.Building.Blocks/Diten.BuildingBlocks.Security.Secrets/bin-verify/Diten.BuildingBlocks.Security.Secrets.deps.json: OK
services/Diten.Building.Blocks/Diten.BuildingBlocks.Security.Secrets/bin-verify/Diten.BuildingBlocks.Security.Secrets.dll: OK
services/Diten.Building.Blocks/Diten.BuildingBlocks.Security.Secrets/bin-verify/Diten.BuildingBlocks.Security.Secrets.pdb: OK
services/Diten.Building.Blocks/Diten.BuildingBlocks.Security.Secrets/obj-hierarchy-check/Debug/net8.0/Diten.BuildingBlocks.Security.Secrets.csproj.FileListAbsolute.txt: OK
services/Diten.Building.Blocks/Diten.BuildingBlocks.Security.Secrets/tools/Scan-ProductionSecrets.ps1: OK
services/Diten.Building.Blocks/Diten.BuildingBlocks.Security.Secrets/tools/scan_production_secrets.py: OK
services/Diten.Building.Blocks/src/Diten.BuildingBlocks.BackgroundJobs/BackgroundJobContext.cs: OK
services/Diten.Building.Blocks/src/Diten.BuildingBlocks.BackgroundJobs/BackgroundJobDescriptor.cs: OK
services/Diten.Building.Blocks/src/Diten.BuildingBlocks.BackgroundJobs/BackgroundJobSchedulerOptions.cs: OK
services/Diten.Building.Blocks/src/Diten.BuildingBlocks.BackgroundJobs/BackgroundJobTriggerTypes.cs: OK
services/Diten.Building.Blocks/src/Diten.BuildingBlocks.BackgroundJobs/BackgroundJobValidationException.cs: OK
services/Diten.Building.Blocks/src/Diten.BuildingBlocks.BackgroundJobs/Diten.BuildingBlocks.BackgroundJobs.csproj: OK
services/Diten.Building.Blocks/src/Diten.BuildingBlocks.BackgroundJobs/IBackgroundJob.cs: OK
services/Diten.Building.Blocks/src/Diten.BuildingBlocks.BackgroundJobs/IBackgroundJobHandler.cs: OK
services/Diten.Building.Blocks/src/Diten.BuildingBlocks.BackgroundJobs/IBackgroundJobScheduler.cs: OK
services/Diten.Building.Blocks/src/Diten.BuildingBlocks.BackgroundJobs/IRecurringJobRegistrar.cs: OK
services/Diten.Building.Blocks/src/Diten.BuildingBlocks.BackgroundJobs/JobRegistrationOptions.cs: OK
services/Diten.Building.Blocks/src/Diten.BuildingBlocks.BackgroundJobs/RecurringJobRegistration.cs: OK
services/Diten.Building.Blocks/src/Diten.BuildingBlocks.Eventing/Diten.BuildingBlocks.Eventing.csproj: OK
services/Diten.Building.Blocks/src/Diten.BuildingBlocks.Eventing/EventEnvelope.cs: OK
services/Diten.Building.Blocks/src/Diten.BuildingBlocks.Eventing/EventErrorRedactor.cs: OK
services/Diten.Building.Blocks/src/Diten.BuildingBlocks.Eventing/EventMetadata.cs: OK
services/Diten.Building.Blocks/src/Diten.BuildingBlocks.Eventing/EventName.cs: OK
services/Diten.Building.Blocks/src/Diten.BuildingBlocks.Eventing/EventOutboxContracts.cs: OK
services/Diten.Building.Blocks/src/Diten.BuildingBlocks.Eventing/EventOutboxPublisherProcessor.cs: OK
services/Diten.Building.Blocks/src/Diten.BuildingBlocks.Eventing/EventPayloadContractValidator.cs: OK
services/Diten.Building.Blocks/src/Diten.BuildingBlocks.Eventing/EventPublishOptions.cs: OK
services/Diten.Building.Blocks/src/Diten.BuildingBlocks.Eventing/EventTransportExceptions.cs: OK
services/Diten.Building.Blocks/src/Diten.BuildingBlocks.Eventing/EventTransportMessage.cs: OK
services/Diten.Building.Blocks/src/Diten.BuildingBlocks.Eventing/EventValidationException.cs: OK
services/Diten.Building.Blocks/src/Diten.BuildingBlocks.Eventing/HmacSha256EventSignature.cs: OK
services/Diten.Building.Blocks/src/Diten.BuildingBlocks.Eventing/ICanonicalIntegrationEvent.cs: OK
services/Diten.Building.Blocks/src/Diten.BuildingBlocks.Eventing/IDomainEvent.cs: OK
services/Diten.Building.Blocks/src/Diten.BuildingBlocks.Eventing/IEventBus.cs: OK
services/Diten.Building.Blocks/src/Diten.BuildingBlocks.Eventing/IEventHandler.cs: OK
services/Diten.Building.Blocks/src/Diten.BuildingBlocks.Eventing/IEventTransportPublisher.cs: OK
services/Diten.Building.Blocks/src/Diten.BuildingBlocks.Eventing/IIntegrationEvent.cs: OK
services/Diten.Building.Blocks/src/Diten.BuildingBlocks.Eventing/IInternalEvent.cs: OK
services/Diten.Building.Blocks/src/Diten.BuildingBlocks.Eventing/ITrustedTransportMetadataProvider.cs: OK
services/Diten.Building.Blocks/src/Diten.BuildingBlocks.Eventing/OutboxEventBus.cs: OK
services/Diten.Building.Blocks/src/Diten.BuildingBlocks.Eventing/RawSignatureHeaderExtractor.cs: OK
services/Diten.Building.Blocks/src/Diten.BuildingBlocks.Eventing/SignedEventContracts.cs: OK
services/Diten.Building.Blocks/src/Diten.BuildingBlocks.Eventing/TrustedTransportMetadata.cs: OK
services/Diten.Building.Blocks/src/Diten.BuildingBlocks.InterfaceRegistry.Abstractions/ConsumesInterfaceAttribute.cs: OK
services/Diten.Building.Blocks/src/Diten.BuildingBlocks.InterfaceRegistry.Abstractions/Diten.BuildingBlocks.InterfaceRegistry.Abstractions.csproj: OK
services/Diten.Building.Blocks/src/Diten.BuildingBlocks.InterfaceRegistry.Abstractions/IInterfaceManifestProvider.cs: OK
services/Diten.Building.Blocks/src/Diten.BuildingBlocks.InterfaceRegistry.Abstractions/InterfaceChangeType.cs: OK
services/Diten.Building.Blocks/src/Diten.BuildingBlocks.InterfaceRegistry.Abstractions/InterfaceConsumerManifest.cs: OK
services/Diten.Building.Blocks/src/Diten.BuildingBlocks.InterfaceRegistry.Abstractions/InterfaceDefinitionManifest.cs: OK
services/Diten.Building.Blocks/src/Diten.BuildingBlocks.InterfaceRegistry.Abstractions/InterfaceEndpointManifest.cs: OK
services/Diten.Building.Blocks/src/Diten.BuildingBlocks.InterfaceRegistry.Abstractions/InterfaceLifecycleStatus.cs: OK
services/Diten.Building.Blocks/src/Diten.BuildingBlocks.InterfaceRegistry.Abstractions/InterfaceManifestDocument.cs: OK
services/Diten.Building.Blocks/src/Diten.BuildingBlocks.InterfaceRegistry.Abstractions/InterfaceRegistryAttribute.cs: OK
services/Diten.Building.Blocks/src/Diten.BuildingBlocks.InterfaceRegistry.Abstractions/InterfaceReviewDecision.cs: OK
services/Diten.Building.Blocks/src/Diten.BuildingBlocks.InterfaceRegistry.Abstractions/InterfaceStability.cs: OK
services/Diten.Building.Blocks/src/Diten.BuildingBlocks.InterfaceRegistry.Abstractions/InterfaceVisibility.cs: OK
services/Diten.Building.Blocks/src/Diten.BuildingBlocks.ModuleRegistration.Abstractions/Diten.BuildingBlocks.ModuleRegistration.Abstractions.csproj: OK
services/Diten.Building.Blocks/src/Diten.BuildingBlocks.ModuleRegistration.Abstractions/ModuleManifestDocument.cs: OK
services/Diten.Building.Blocks/src/Diten.BuildingBlocks.ModuleRegistration.Abstractions/ModuleRegistrationRetry.cs: OK
services/Diten.SupplyChainService/Diten.SupplyChainService.sln: OK
services/Diten.SupplyChainService/README.md: OK
services/Diten.SupplyChainService/src/Diten.SupplyChainService.Api/Controllers/CustomBaseController.cs: OK
services/Diten.SupplyChainService/src/Diten.SupplyChainService.Api/Controllers/ShipmentsController.cs: OK
services/Diten.SupplyChainService/src/Diten.SupplyChainService.Api/Diten.SupplyChainService.Api.csproj: OK
services/Diten.SupplyChainService/src/Diten.SupplyChainService.Api/Features/CapacityPlans/CapacityContextMiddleware.cs: OK
services/Diten.SupplyChainService/src/Diten.SupplyChainService.Api/Features/CapacityPlans/CapacityContractError.cs: OK
services/Diten.SupplyChainService/src/Diten.SupplyChainService.Api/Features/CapacityPlans/CapacityPlansController.cs: OK
services/Diten.SupplyChainService/src/Diten.SupplyChainService.Api/Features/Carriers/CarrierContextMiddleware.cs: OK
services/Diten.SupplyChainService/src/Diten.SupplyChainService.Api/Features/Carriers/CarrierContractError.cs: OK
services/Diten.SupplyChainService/src/Diten.SupplyChainService.Api/Features/Carriers/CarriersController.cs: OK
services/Diten.SupplyChainService/src/Diten.SupplyChainService.Api/Features/Claims/ClaimContextMiddleware.cs: OK
services/Diten.SupplyChainService/src/Diten.SupplyChainService.Api/Features/Claims/ClaimContractError.cs: OK
services/Diten.SupplyChainService/src/Diten.SupplyChainService.Api/Features/Claims/ClaimsController.cs: OK
services/Diten.SupplyChainService/src/Diten.SupplyChainService.Api/Features/Loads/LoadContextMiddleware.cs: OK
services/Diten.SupplyChainService/src/Diten.SupplyChainService.Api/Features/Loads/LoadContractError.cs: OK
services/Diten.SupplyChainService/src/Diten.SupplyChainService.Api/Features/Loads/LoadsController.cs: OK
services/Diten.SupplyChainService/src/Diten.SupplyChainService.Api/Features/Returns/ReturnContextMiddleware.cs: OK
services/Diten.SupplyChainService/src/Diten.SupplyChainService.Api/Features/Returns/ReturnContractError.cs: OK
services/Diten.SupplyChainService/src/Diten.SupplyChainService.Api/Features/Returns/ReturnsController.cs: OK
services/Diten.SupplyChainService/src/Diten.SupplyChainService.Api/Features/SandopPlans/SandopContextMiddleware.cs: OK
services/Diten.SupplyChainService/src/Diten.SupplyChainService.Api/Features/SandopPlans/SandopContractError.cs: OK
services/Diten.SupplyChainService/src/Diten.SupplyChainService.Api/Features/SandopPlans/SandopPlansController.cs: OK
services/Diten.SupplyChainService/src/Diten.SupplyChainService.Api/Middleware/ContractError.cs: OK
services/Diten.SupplyChainService/src/Diten.SupplyChainService.Api/Middleware/ShipmentContextMiddleware.cs: OK
services/Diten.SupplyChainService/src/Diten.SupplyChainService.Api/Program.cs: OK
services/Diten.SupplyChainService/src/Diten.SupplyChainService.Api/appsettings.json: OK
services/Diten.SupplyChainService/src/Diten.SupplyChainService.Application/Behaviors/ExceptionHandlingBehavior.cs: OK
services/Diten.SupplyChainService/src/Diten.SupplyChainService.Application/Behaviors/LoggingBehavior.cs: OK
services/Diten.SupplyChainService/src/Diten.SupplyChainService.Application/Behaviors/PerformanceBehavior.cs: OK
services/Diten.SupplyChainService/src/Diten.SupplyChainService.Application/Behaviors/ValidationBehavior.cs: OK
services/Diten.SupplyChainService/src/Diten.SupplyChainService.Application/Common/IResponse.cs: OK
services/Diten.SupplyChainService/src/Diten.SupplyChainService.Application/Common/RequestContext.cs: OK
services/Diten.SupplyChainService/src/Diten.SupplyChainService.Application/Common/Response.cs: OK
services/Diten.SupplyChainService/src/Diten.SupplyChainService.Application/DependencyInjection.cs: OK
services/Diten.SupplyChainService/src/Diten.SupplyChainService.Application/Diten.SupplyChainService.Application.csproj: OK
services/Diten.SupplyChainService/src/Diten.SupplyChainService.Application/Features/CapacityPlans/CapacityPlanModels.cs: OK
services/Diten.SupplyChainService/src/Diten.SupplyChainService.Application/Features/CapacityPlans/CapacityProjection.cs: OK
services/Diten.SupplyChainService/src/Diten.SupplyChainService.Application/Features/CapacityPlans/CapacityRequestFingerprint.cs: OK
services/Diten.SupplyChainService/src/Diten.SupplyChainService.Application/Features/CapacityPlans/Commands/CreateCapacityPlanCommand.cs: OK
services/Diten.SupplyChainService/src/Diten.SupplyChainService.Application/Features/CapacityPlans/Commands/CreateCapacityScenarioCommand.cs: OK
services/Diten.SupplyChainService/src/Diten.SupplyChainService.Application/Features/CapacityPlans/Commands/EvaluateCapacityScenarioCommand.cs: OK
services/Diten.SupplyChainService/src/Diten.SupplyChainService.Application/Features/CapacityPlans/Handlers/CommandHandlers/CreateCapacityPlanHandler.cs: OK
services/Diten.SupplyChainService/src/Diten.SupplyChainService.Application/Features/CapacityPlans/Handlers/CommandHandlers/CreateCapacityScenarioHandler.cs: OK
services/Diten.SupplyChainService/src/Diten.SupplyChainService.Application/Features/CapacityPlans/Handlers/CommandHandlers/EvaluateCapacityScenarioHandler.cs: OK
services/Diten.SupplyChainService/src/Diten.SupplyChainService.Application/Features/CapacityPlans/Handlers/QueryHandlers/GetCapacityEvaluationHandler.cs: OK
services/Diten.SupplyChainService/src/Diten.SupplyChainService.Application/Features/CapacityPlans/Handlers/QueryHandlers/GetCapacityPlanHandler.cs: OK
services/Diten.SupplyChainService/src/Diten.SupplyChainService.Application/Features/CapacityPlans/Handlers/QueryHandlers/GetCapacityScenarioHandler.cs: OK
services/Diten.SupplyChainService/src/Diten.SupplyChainService.Application/Features/CapacityPlans/Queries/GetCapacityEvaluationQuery.cs: OK
services/Diten.SupplyChainService/src/Diten.SupplyChainService.Application/Features/CapacityPlans/Queries/GetCapacityPlanQuery.cs: OK
services/Diten.SupplyChainService/src/Diten.SupplyChainService.Application/Features/CapacityPlans/Queries/GetCapacityScenarioQuery.cs: OK
services/Diten.SupplyChainService/src/Diten.SupplyChainService.Application/Features/CapacityPlans/Validators/CreateCapacityPlanValidator.cs: OK
services/Diten.SupplyChainService/src/Diten.SupplyChainService.Application/Features/CapacityPlans/Validators/CreateCapacityScenarioValidator.cs: OK
services/Diten.SupplyChainService/src/Diten.SupplyChainService.Application/Features/CapacityPlans/Validators/EvaluateCapacityScenarioValidator.cs: OK
services/Diten.SupplyChainService/src/Diten.SupplyChainService.Application/Features/Carriers/CarrierModels.cs: OK
services/Diten.SupplyChainService/src/Diten.SupplyChainService.Application/Features/Carriers/CarrierRequestContext.cs: OK
services/Diten.SupplyChainService/src/Diten.SupplyChainService.Application/Features/Carriers/CarrierRequestFingerprint.cs: OK
services/Diten.SupplyChainService/src/Diten.SupplyChainService.Application/Features/Carriers/Commands/ChangeCarrierStatusCommand.cs: OK
services/Diten.SupplyChainService/src/Diten.SupplyChainService.Application/Features/Carriers/Commands/CreateCarrierCommand.cs: OK
services/Diten.SupplyChainService/src/Diten.SupplyChainService.Application/Features/Carriers/Handlers/CommandHandlers/ChangeCarrierStatusHandler.cs: OK
services/Diten.SupplyChainService/src/Diten.SupplyChainService.Application/Features/Carriers/Handlers/CommandHandlers/CreateCarrierHandler.cs: OK
services/Diten.SupplyChainService/src/Diten.SupplyChainService.Application/Features/Carriers/Handlers/QueryHandlers/GetCarrierListHandler.cs: OK
services/Diten.SupplyChainService/src/Diten.SupplyChainService.Application/Features/Carriers/Queries/GetCarrierListQuery.cs: OK
services/Diten.SupplyChainService/src/Diten.SupplyChainService.Application/Features/Carriers/Validators/ChangeCarrierStatusValidator.cs: OK
services/Diten.SupplyChainService/src/Diten.SupplyChainService.Application/Features/Carriers/Validators/CreateCarrierValidator.cs: OK
services/Diten.SupplyChainService/src/Diten.SupplyChainService.Application/Features/Carriers/Validators/GetCarrierListValidator.cs: OK
services/Diten.SupplyChainService/src/Diten.SupplyChainService.Application/Features/Claims/ClaimModels.cs: OK
services/Diten.SupplyChainService/src/Diten.SupplyChainService.Application/Features/Claims/ClaimRequestContext.cs: OK
services/Diten.SupplyChainService/src/Diten.SupplyChainService.Application/Features/Claims/ClaimRequestFingerprint.cs: OK
services/Diten.SupplyChainService/src/Diten.SupplyChainService.Application/Features/Claims/Commands/CreateClaimCommand.cs: OK
services/Diten.SupplyChainService/src/Diten.SupplyChainService.Application/Features/Claims/Commands/TransitionClaimCommand.cs: OK
services/Diten.SupplyChainService/src/Diten.SupplyChainService.Application/Features/Claims/Handlers/CommandHandlers/CreateClaimHandler.cs: OK
services/Diten.SupplyChainService/src/Diten.SupplyChainService.Application/Features/Claims/Handlers/CommandHandlers/TransitionClaimHandler.cs: OK
services/Diten.SupplyChainService/src/Diten.SupplyChainService.Application/Features/Claims/Handlers/QueryHandlers/GetClaimListHandler.cs: OK
services/Diten.SupplyChainService/src/Diten.SupplyChainService.Application/Features/Claims/IClaimReferenceReader.cs: OK
services/Diten.SupplyChainService/src/Diten.SupplyChainService.Application/Features/Claims/Queries/GetClaimListQuery.cs: OK
services/Diten.SupplyChainService/src/Diten.SupplyChainService.Application/Features/Claims/Validators/CreateClaimValidator.cs: OK
services/Diten.SupplyChainService/src/Diten.SupplyChainService.Application/Features/Claims/Validators/GetClaimListValidator.cs: OK
services/Diten.SupplyChainService/src/Diten.SupplyChainService.Application/Features/Claims/Validators/TransitionClaimValidator.cs: OK
services/Diten.SupplyChainService/src/Diten.SupplyChainService.Application/Features/Loads/Commands/CreateLoadCommand.cs: OK
services/Diten.SupplyChainService/src/Diten.SupplyChainService.Application/Features/Loads/Commands/TransitionLoadCommand.cs: OK
services/Diten.SupplyChainService/src/Diten.SupplyChainService.Application/Features/Loads/Handlers/CommandHandlers/CreateLoadHandler.cs: OK
services/Diten.SupplyChainService/src/Diten.SupplyChainService.Application/Features/Loads/Handlers/CommandHandlers/TransitionLoadHandler.cs: OK
services/Diten.SupplyChainService/src/Diten.SupplyChainService.Application/Features/Loads/Handlers/QueryHandlers/GetLoadListHandler.cs: OK
services/Diten.SupplyChainService/src/Diten.SupplyChainService.Application/Features/Loads/ILoadReferenceReader.cs: OK
services/Diten.SupplyChainService/src/Diten.SupplyChainService.Application/Features/Loads/LoadModels.cs: OK
services/Diten.SupplyChainService/src/Diten.SupplyChainService.Application/Features/Loads/LoadReferenceSnapshot.cs: OK
services/Diten.SupplyChainService/src/Diten.SupplyChainService.Application/Features/Loads/LoadRequestContext.cs: OK
services/Diten.SupplyChainService/src/Diten.SupplyChainService.Application/Features/Loads/LoadRequestFingerprint.cs: OK
services/Diten.SupplyChainService/src/Diten.SupplyChainService.Application/Features/Loads/Queries/GetLoadListQuery.cs: OK
services/Diten.SupplyChainService/src/Diten.SupplyChainService.Application/Features/Loads/Validators/CreateLoadValidator.cs: OK
services/Diten.SupplyChainService/src/Diten.SupplyChainService.Application/Features/Loads/Validators/GetLoadListValidator.cs: OK
services/Diten.SupplyChainService/src/Diten.SupplyChainService.Application/Features/Loads/Validators/TransitionLoadValidator.cs: OK
services/Diten.SupplyChainService/src/Diten.SupplyChainService.Application/Features/Returns/Commands/CreateReturnCommand.cs: OK
services/Diten.SupplyChainService/src/Diten.SupplyChainService.Application/Features/Returns/Commands/TransitionReturnCommand.cs: OK
services/Diten.SupplyChainService/src/Diten.SupplyChainService.Application/Features/Returns/Handlers/CommandHandlers/CreateReturnHandler.cs: OK
services/Diten.SupplyChainService/src/Diten.SupplyChainService.Application/Features/Returns/Handlers/CommandHandlers/TransitionReturnHandler.cs: OK
services/Diten.SupplyChainService/src/Diten.SupplyChainService.Application/Features/Returns/Handlers/QueryHandlers/GetReturnListHandler.cs: OK
services/Diten.SupplyChainService/src/Diten.SupplyChainService.Application/Features/Returns/IReturnReferenceReader.cs: OK
services/Diten.SupplyChainService/src/Diten.SupplyChainService.Application/Features/Returns/Queries/GetReturnListQuery.cs: OK
services/Diten.SupplyChainService/src/Diten.SupplyChainService.Application/Features/Returns/ReturnModels.cs: OK
services/Diten.SupplyChainService/src/Diten.SupplyChainService.Application/Features/Returns/ReturnRequestContext.cs: OK
services/Diten.SupplyChainService/src/Diten.SupplyChainService.Application/Features/Returns/ReturnRequestFingerprint.cs: OK
services/Diten.SupplyChainService/src/Diten.SupplyChainService.Application/Features/Returns/ReturnSourceSnapshot.cs: OK
services/Diten.SupplyChainService/src/Diten.SupplyChainService.Application/Features/Returns/Validators/CreateReturnValidator.cs: OK
services/Diten.SupplyChainService/src/Diten.SupplyChainService.Application/Features/Returns/Validators/GetReturnListValidator.cs: OK
services/Diten.SupplyChainService/src/Diten.SupplyChainService.Application/Features/Returns/Validators/TransitionReturnValidator.cs: OK
services/Diten.SupplyChainService/src/Diten.SupplyChainService.Application/Features/SandopPlans/Commands/CaptureSandopSnapshotCommand.cs: OK
services/Diten.SupplyChainService/src/Diten.SupplyChainService.Application/Features/SandopPlans/Commands/CreateSandopPlanCommand.cs: OK
services/Diten.SupplyChainService/src/Diten.SupplyChainService.Application/Features/SandopPlans/Commands/RecordSandopSignOffCommand.cs: OK
services/Diten.SupplyChainService/src/Diten.SupplyChainService.Application/Features/SandopPlans/Handlers/CommandHandlers/CaptureSandopSnapshotHandler.cs: OK
services/Diten.SupplyChainService/src/Diten.SupplyChainService.Application/Features/SandopPlans/Handlers/CommandHandlers/CreateSandopPlanHandler.cs: OK
services/Diten.SupplyChainService/src/Diten.SupplyChainService.Application/Features/SandopPlans/Handlers/CommandHandlers/RecordSandopSignOffHandler.cs: OK
services/Diten.SupplyChainService/src/Diten.SupplyChainService.Application/Features/SandopPlans/Handlers/QueryHandlers/GetSandopPlanHandler.cs: OK
services/Diten.SupplyChainService/src/Diten.SupplyChainService.Application/Features/SandopPlans/Handlers/QueryHandlers/ListSandopSignOffsHandler.cs: OK
services/Diten.SupplyChainService/src/Diten.SupplyChainService.Application/Features/SandopPlans/Handlers/QueryHandlers/ListSandopSnapshotsHandler.cs: OK
services/Diten.SupplyChainService/src/Diten.SupplyChainService.Application/Features/SandopPlans/Queries/GetSandopPlanQuery.cs: OK
services/Diten.SupplyChainService/src/Diten.SupplyChainService.Application/Features/SandopPlans/Queries/ListSandopSignOffsQuery.cs: OK
services/Diten.SupplyChainService/src/Diten.SupplyChainService.Application/Features/SandopPlans/Queries/ListSandopSnapshotsQuery.cs: OK
services/Diten.SupplyChainService/src/Diten.SupplyChainService.Application/Features/SandopPlans/SandopPlanModels.cs: OK
services/Diten.SupplyChainService/src/Diten.SupplyChainService.Application/Features/SandopPlans/SandopProjection.cs: OK
services/Diten.SupplyChainService/src/Diten.SupplyChainService.Application/Features/SandopPlans/SandopRequestFingerprint.cs: OK
services/Diten.SupplyChainService/src/Diten.SupplyChainService.Application/Features/SandopPlans/Validators/CaptureSandopSnapshotValidator.cs: OK
services/Diten.SupplyChainService/src/Diten.SupplyChainService.Application/Features/SandopPlans/Validators/CreateSandopPlanValidator.cs: OK
services/Diten.SupplyChainService/src/Diten.SupplyChainService.Application/Features/SandopPlans/Validators/RecordSandopSignOffValidator.cs: OK
services/Diten.SupplyChainService/src/Diten.SupplyChainService.Application/Features/Shipments/Commands/CapturePodCommand.cs: OK
services/Diten.SupplyChainService/src/Diten.SupplyChainService.Application/Features/Shipments/Commands/CreateShipmentCommand.cs: OK
services/Diten.SupplyChainService/src/Diten.SupplyChainService.Application/Features/Shipments/Commands/TransitionShipmentCommand.cs: OK
services/Diten.SupplyChainService/src/Diten.SupplyChainService.Application/Features/Shipments/Handlers/CommandHandlers/CapturePodHandler.cs: OK
services/Diten.SupplyChainService/src/Diten.SupplyChainService.Application/Features/Shipments/Handlers/CommandHandlers/CreateShipmentHandler.cs: OK
services/Diten.SupplyChainService/src/Diten.SupplyChainService.Application/Features/Shipments/Handlers/CommandHandlers/TransitionShipmentHandler.cs: OK
services/Diten.SupplyChainService/src/Diten.SupplyChainService.Application/Features/Shipments/Handlers/QueryHandlers/GetShipmentByIdHandler.cs: OK
services/Diten.SupplyChainService/src/Diten.SupplyChainService.Application/Features/Shipments/Handlers/QueryHandlers/GetShipmentListHandler.cs: OK
services/Diten.SupplyChainService/src/Diten.SupplyChainService.Application/Features/Shipments/Queries/GetShipmentByIdQuery.cs: OK
services/Diten.SupplyChainService/src/Diten.SupplyChainService.Application/Features/Shipments/Queries/GetShipmentListQuery.cs: OK
services/Diten.SupplyChainService/src/Diten.SupplyChainService.Application/Features/Shipments/RequestFingerprint.cs: OK
services/Diten.SupplyChainService/src/Diten.SupplyChainService.Application/Features/Shipments/ShipmentModels.cs: OK
services/Diten.SupplyChainService/src/Diten.SupplyChainService.Application/Features/Shipments/ShipmentProjection.cs: OK
services/Diten.SupplyChainService/src/Diten.SupplyChainService.Application/Features/Shipments/Validators/CapturePodValidator.cs: OK
services/Diten.SupplyChainService/src/Diten.SupplyChainService.Application/Features/Shipments/Validators/CreateShipmentValidator.cs: OK
services/Diten.SupplyChainService/src/Diten.SupplyChainService.Application/Features/Shipments/Validators/GetShipmentListValidator.cs: OK
services/Diten.SupplyChainService/src/Diten.SupplyChainService.Application/Features/Shipments/Validators/ShipmentLineValidator.cs: OK
services/Diten.SupplyChainService/src/Diten.SupplyChainService.Application/Features/Shipments/Validators/ShipmentNoteRules.cs: OK
services/Diten.SupplyChainService/src/Diten.SupplyChainService.Application/Features/Shipments/Validators/TransitionShipmentValidator.cs: OK
services/Diten.SupplyChainService/src/Diten.SupplyChainService.Application/Features/SourceIntake/Contracts/SourceClients.cs: OK
services/Diten.SupplyChainService/src/Diten.SupplyChainService.Application/Features/SourceIntake/WarehouseIntakeCoordinator.cs: OK
services/Diten.SupplyChainService/src/Diten.SupplyChainService.Application/Features/SourceIntake/WarehouseShipmentMapper.cs: OK
services/Diten.SupplyChainService/src/Diten.SupplyChainService.Domain/Common/EntityBase.cs: OK
services/Diten.SupplyChainService/src/Diten.SupplyChainService.Domain/Diten.SupplyChainService.Domain.csproj: OK
services/Diten.SupplyChainService/src/Diten.SupplyChainService.Domain/Features/CapacityPlans/CapacityEvaluation.cs: OK
services/Diten.SupplyChainService/src/Diten.SupplyChainService.Domain/Features/CapacityPlans/CapacityPlan.cs: OK
services/Diten.SupplyChainService/src/Diten.SupplyChainService.Domain/Features/CapacityPlans/CapacityScenario.cs: OK
services/Diten.SupplyChainService/src/Diten.SupplyChainService.Domain/Features/CapacityPlans/CapacityScope.cs: OK
services/Diten.SupplyChainService/src/Diten.SupplyChainService.Domain/Features/CapacityPlans/ICapacityRepository.cs: OK
services/Diten.SupplyChainService/src/Diten.SupplyChainService.Domain/Features/Carriers/Carrier.cs: OK
services/Diten.SupplyChainService/src/Diten.SupplyChainService.Domain/Features/Carriers/CarrierLifecycle.cs: OK
services/Diten.SupplyChainService/src/Diten.SupplyChainService.Domain/Features/Carriers/CarrierMutationResult.cs: OK
services/Diten.SupplyChainService/src/Diten.SupplyChainService.Domain/Features/Carriers/CarrierPersistenceUnavailableException.cs: OK
services/Diten.SupplyChainService/src/Diten.SupplyChainService.Domain/Features/Carriers/CarrierScope.cs: OK
services/Diten.SupplyChainService/src/Diten.SupplyChainService.Domain/Features/Carriers/CarrierStatus.cs: OK
services/Diten.SupplyChainService/src/Diten.SupplyChainService.Domain/Features/Carriers/ICarrierRepository.cs: OK
services/Diten.SupplyChainService/src/Diten.SupplyChainService.Domain/Features/Carriers/TransportMode.cs: OK
services/Diten.SupplyChainService/src/Diten.SupplyChainService.Domain/Features/Claims/Claim.cs: OK
services/Diten.SupplyChainService/src/Diten.SupplyChainService.Domain/Features/Claims/ClaimAuditEntry.cs: OK
services/Diten.SupplyChainService/src/Diten.SupplyChainService.Domain/Features/Claims/ClaimLifecycle.cs: OK
services/Diten.SupplyChainService/src/Diten.SupplyChainService.Domain/Features/Claims/ClaimMutationResult.cs: OK
services/Diten.SupplyChainService/src/Diten.SupplyChainService.Domain/Features/Claims/ClaimReferenceSnapshot.cs: OK
services/Diten.SupplyChainService/src/Diten.SupplyChainService.Domain/Features/Claims/ClaimScope.cs: OK
services/Diten.SupplyChainService/src/Diten.SupplyChainService.Domain/Features/Claims/ClaimStatus.cs: OK
services/Diten.SupplyChainService/src/Diten.SupplyChainService.Domain/Features/Claims/ExactClaimAmount.cs: OK
services/Diten.SupplyChainService/src/Diten.SupplyChainService.Domain/Features/Claims/IClaimRepository.cs: OK
services/Diten.SupplyChainService/src/Diten.SupplyChainService.Domain/Features/Loads/ILoadRepository.cs: OK
services/Diten.SupplyChainService/src/Diten.SupplyChainService.Domain/Features/Loads/LoadAssignment.cs: OK
services/Diten.SupplyChainService/src/Diten.SupplyChainService.Domain/Features/Loads/LoadAuditEntry.cs: OK
services/Diten.SupplyChainService/src/Diten.SupplyChainService.Domain/Features/Loads/LoadLifecycle.cs: OK
services/Diten.SupplyChainService/src/Diten.SupplyChainService.Domain/Features/Loads/LoadMutationResult.cs: OK
services/Diten.SupplyChainService/src/Diten.SupplyChainService.Domain/Features/Loads/LoadPlan.cs: OK
services/Diten.SupplyChainService/src/Diten.SupplyChainService.Domain/Features/Loads/LoadScope.cs: OK
services/Diten.SupplyChainService/src/Diten.SupplyChainService.Domain/Features/Loads/LoadStatus.cs: OK
services/Diten.SupplyChainService/src/Diten.SupplyChainService.Domain/Features/Loads/LoadStop.cs: OK
services/Diten.SupplyChainService/src/Diten.SupplyChainService.Domain/Features/Returns/IReturnRepository.cs: OK
services/Diten.SupplyChainService/src/Diten.SupplyChainService.Domain/Features/Returns/ReturnAuditEntry.cs: OK
services/Diten.SupplyChainService/src/Diten.SupplyChainService.Domain/Features/Returns/ReturnEntitlement.cs: OK
services/Diten.SupplyChainService/src/Diten.SupplyChainService.Domain/Features/Returns/ReturnLifecycle.cs: OK
services/Diten.SupplyChainService/src/Diten.SupplyChainService.Domain/Features/Returns/ReturnLine.cs: OK
services/Diten.SupplyChainService/src/Diten.SupplyChainService.Domain/Features/Returns/ReturnMutationResult.cs: OK
services/Diten.SupplyChainService/src/Diten.SupplyChainService.Domain/Features/Returns/ReturnOrder.cs: OK
services/Diten.SupplyChainService/src/Diten.SupplyChainService.Domain/Features/Returns/ReturnQuantity.cs: OK
services/Diten.SupplyChainService/src/Diten.SupplyChainService.Domain/Features/Returns/ReturnScope.cs: OK
services/Diten.SupplyChainService/src/Diten.SupplyChainService.Domain/Features/Returns/ReturnStatus.cs: OK
services/Diten.SupplyChainService/src/Diten.SupplyChainService.Domain/Features/SandopPlans/ISandopRepository.cs: OK
services/Diten.SupplyChainService/src/Diten.SupplyChainService.Domain/Features/SandopPlans/SandopPlan.cs: OK
services/Diten.SupplyChainService/src/Diten.SupplyChainService.Domain/Features/SandopPlans/SandopScope.cs: OK
services/Diten.SupplyChainService/src/Diten.SupplyChainService.Domain/Features/SandopPlans/SandopSignOff.cs: OK
services/Diten.SupplyChainService/src/Diten.SupplyChainService.Domain/Features/SandopPlans/SandopSnapshot.cs: OK
services/Diten.SupplyChainService/src/Diten.SupplyChainService.Domain/Features/Shipments/IShipmentRepository.cs: OK
services/Diten.SupplyChainService/src/Diten.SupplyChainService.Domain/Features/Shipments/ProofOfDelivery.cs: OK
services/Diten.SupplyChainService/src/Diten.SupplyChainService.Domain/Features/Shipments/Shipment.cs: OK
services/Diten.SupplyChainService/src/Diten.SupplyChainService.Domain/Features/Shipments/ShipmentChange.cs: OK
services/Diten.SupplyChainService/src/Diten.SupplyChainService.Domain/Features/Shipments/ShipmentDetailReadResult.cs: OK
services/Diten.SupplyChainService/src/Diten.SupplyChainService.Domain/Features/Shipments/ShipmentLifecycle.cs: OK
services/Diten.SupplyChainService/src/Diten.SupplyChainService.Domain/Features/Shipments/ShipmentLifecycleEntry.cs: OK
services/Diten.SupplyChainService/src/Diten.SupplyChainService.Domain/Features/Shipments/ShipmentLine.cs: OK
services/Diten.SupplyChainService/src/Diten.SupplyChainService.Domain/Features/Shipments/ShipmentMutationResult.cs: OK
services/Diten.SupplyChainService/src/Diten.SupplyChainService.Domain/Features/Shipments/ShipmentScope.cs: OK
services/Diten.SupplyChainService/src/Diten.SupplyChainService.Domain/Features/Shipments/ShipmentStatus.cs: OK
services/Diten.SupplyChainService/src/Diten.SupplyChainService.Domain/Features/SourceIntake/SourceIntent.cs: OK
services/Diten.SupplyChainService/src/Diten.SupplyChainService.Infrastructure/Authorization/HasPermissionAttribute.cs: OK
services/Diten.SupplyChainService/src/Diten.SupplyChainService.Infrastructure/Authorization/ShipmentPermissions.cs: OK
services/Diten.SupplyChainService/src/Diten.SupplyChainService.Infrastructure/Diten.SupplyChainService.Infrastructure.csproj: OK
services/Diten.SupplyChainService/src/Diten.SupplyChainService.Infrastructure/Eventing/ShipmentOutboxWorker.cs: OK
services/Diten.SupplyChainService/src/Diten.SupplyChainService.Infrastructure/Features/CapacityPlans/CapacityEvaluationExecutor.cs: OK
services/Diten.SupplyChainService/src/Diten.SupplyChainService.Infrastructure/Features/CapacityPlans/CapacityPermissionAttribute.cs: OK
services/Diten.SupplyChainService/src/Diten.SupplyChainService.Infrastructure/Features/CapacityPlans/CapacityPermissions.cs: OK
services/Diten.SupplyChainService/src/Diten.SupplyChainService.Infrastructure/Features/CapacityPlans/ConstraintFixtureReader.cs: OK
services/Diten.SupplyChainService/src/Diten.SupplyChainService.Infrastructure/Features/CapacityPlans/DemandFixtureReader.cs: OK
services/Diten.SupplyChainService/src/Diten.SupplyChainService.Infrastructure/Features/Carriers/CarrierPermissionAttribute.cs: OK
services/Diten.SupplyChainService/src/Diten.SupplyChainService.Infrastructure/Features/Carriers/CarrierPermissions.cs: OK
services/Diten.SupplyChainService/src/Diten.SupplyChainService.Infrastructure/Features/Claims/ClaimPermissionAttribute.cs: OK
services/Diten.SupplyChainService/src/Diten.SupplyChainService.Infrastructure/Features/Claims/ClaimPermissions.cs: OK
services/Diten.SupplyChainService/src/Diten.SupplyChainService.Infrastructure/Features/Claims/ClaimReferenceReader.cs: OK
services/Diten.SupplyChainService/src/Diten.SupplyChainService.Infrastructure/Features/Loads/LoadPermissionAttribute.cs: OK
services/Diten.SupplyChainService/src/Diten.SupplyChainService.Infrastructure/Features/Loads/LoadPermissions.cs: OK
services/Diten.SupplyChainService/src/Diten.SupplyChainService.Infrastructure/Features/Loads/LoadReferenceReader.cs: OK
services/Diten.SupplyChainService/src/Diten.SupplyChainService.Infrastructure/Features/Returns/ReturnPermissionAttribute.cs: OK
services/Diten.SupplyChainService/src/Diten.SupplyChainService.Infrastructure/Features/Returns/ReturnPermissions.cs: OK
services/Diten.SupplyChainService/src/Diten.SupplyChainService.Infrastructure/Features/Returns/ReturnReferenceReader.cs: OK
services/Diten.SupplyChainService/src/Diten.SupplyChainService.Infrastructure/Features/SandopPlans/DemandFixtureReader.cs: OK
services/Diten.SupplyChainService/src/Diten.SupplyChainService.Infrastructure/Features/SandopPlans/SandopPermissionAttribute.cs: OK
services/Diten.SupplyChainService/src/Diten.SupplyChainService.Infrastructure/Features/SandopPlans/SandopPermissions.cs: OK
services/Diten.SupplyChainService/src/Diten.SupplyChainService.Infrastructure/SourceIntake/FrozenReadSchema.cs: OK
services/Diten.SupplyChainService/src/Diten.SupplyChainService.Infrastructure/SourceIntake/ReadOnlySourceClients.cs: OK
services/Diten.SupplyChainService/src/Diten.SupplyChainService.Persistence/DependencyInjection.cs: OK
services/Diten.SupplyChainService/src/Diten.SupplyChainService.Persistence/Diten.SupplyChainService.Persistence.csproj: OK
services/Diten.SupplyChainService/src/Diten.SupplyChainService.Persistence/Features/CapacityPlans/CapacityLeaseStore.cs: OK
services/Diten.SupplyChainService/src/Diten.SupplyChainService.Persistence/Features/CapacityPlans/CapacityPersistenceRegistration.cs: OK
services/Diten.SupplyChainService/src/Diten.SupplyChainService.Persistence/Features/CapacityPlans/CapacityRepository.cs: OK
services/Diten.SupplyChainService/src/Diten.SupplyChainService.Persistence/Features/CapacityPlans/CapacitySchema.cs: OK
services/Diten.SupplyChainService/src/Diten.SupplyChainService.Persistence/Features/Carriers/CarrierPersistenceRegistration.cs: OK
services/Diten.SupplyChainService/src/Diten.SupplyChainService.Persistence/Features/Carriers/CarrierRepository.cs: OK
services/Diten.SupplyChainService/src/Diten.SupplyChainService.Persistence/Features/Carriers/CarrierSchema.cs: OK
services/Diten.SupplyChainService/src/Diten.SupplyChainService.Persistence/Features/Carriers/ICarrierCommitProbe.cs: OK
services/Diten.SupplyChainService/src/Diten.SupplyChainService.Persistence/Features/Carriers/NoOpCarrierCommitProbe.cs: OK
services/Diten.SupplyChainService/src/Diten.SupplyChainService.Persistence/Features/Claims/ClaimOutboxStore.cs: OK
services/Diten.SupplyChainService/src/Diten.SupplyChainService.Persistence/Features/Claims/ClaimPersistenceRegistration.cs: OK
services/Diten.SupplyChainService/src/Diten.SupplyChainService.Persistence/Features/Claims/ClaimRepository.cs: OK
services/Diten.SupplyChainService/src/Diten.SupplyChainService.Persistence/Features/Claims/ClaimSchema.cs: OK
services/Diten.SupplyChainService/src/Diten.SupplyChainService.Persistence/Features/Claims/IClaimCommitProbe.cs: OK
services/Diten.SupplyChainService/src/Diten.SupplyChainService.Persistence/Features/Claims/NoOpClaimCommitProbe.cs: OK
services/Diten.SupplyChainService/src/Diten.SupplyChainService.Persistence/Features/Loads/ILoadCommitProbe.cs: OK
services/Diten.SupplyChainService/src/Diten.SupplyChainService.Persistence/Features/Loads/LoadOutboxStore.cs: OK
services/Diten.SupplyChainService/src/Diten.SupplyChainService.Persistence/Features/Loads/LoadPersistenceRegistration.cs: OK
services/Diten.SupplyChainService/src/Diten.SupplyChainService.Persistence/Features/Loads/LoadRepository.cs: OK
services/Diten.SupplyChainService/src/Diten.SupplyChainService.Persistence/Features/Loads/LoadSchema.cs: OK
services/Diten.SupplyChainService/src/Diten.SupplyChainService.Persistence/Features/Loads/NoOpLoadCommitProbe.cs: OK
services/Diten.SupplyChainService/src/Diten.SupplyChainService.Persistence/Features/Returns/IReturnCommitProbe.cs: OK
services/Diten.SupplyChainService/src/Diten.SupplyChainService.Persistence/Features/Returns/NoOpReturnCommitProbe.cs: OK
services/Diten.SupplyChainService/src/Diten.SupplyChainService.Persistence/Features/Returns/ReturnOutboxStore.cs: OK
services/Diten.SupplyChainService/src/Diten.SupplyChainService.Persistence/Features/Returns/ReturnPersistenceRegistration.cs: OK
services/Diten.SupplyChainService/src/Diten.SupplyChainService.Persistence/Features/Returns/ReturnRepository.cs: OK
services/Diten.SupplyChainService/src/Diten.SupplyChainService.Persistence/Features/Returns/ReturnSchema.cs: OK
services/Diten.SupplyChainService/src/Diten.SupplyChainService.Persistence/Features/SandopPlans/SandopPersistenceRegistration.cs: OK
services/Diten.SupplyChainService/src/Diten.SupplyChainService.Persistence/Features/SandopPlans/SandopRepository.cs: OK
services/Diten.SupplyChainService/src/Diten.SupplyChainService.Persistence/Features/SandopPlans/SandopSchema.cs: OK
services/Diten.SupplyChainService/src/Diten.SupplyChainService.Persistence/Features/Shipments/IShipmentCommitProbe.cs: OK
services/Diten.SupplyChainService/src/Diten.SupplyChainService.Persistence/Features/Shipments/NoOpShipmentCommitProbe.cs: OK
services/Diten.SupplyChainService/src/Diten.SupplyChainService.Persistence/Features/Shipments/ShipmentDetailMaterializer.cs: OK
services/Diten.SupplyChainService/src/Diten.SupplyChainService.Persistence/Features/Shipments/ShipmentOutboxStore.cs: OK
services/Diten.SupplyChainService/src/Diten.SupplyChainService.Persistence/Features/Shipments/ShipmentRepository.cs: OK
services/Diten.SupplyChainService/src/Diten.SupplyChainService.Persistence/Features/Shipments/SourceIntakeStore.cs: OK
services/Diten.SupplyChainService/src/Diten.SupplyChainService.Persistence/ShipmentSchema.cs: OK
services/Diten.SupplyChainService/tests/Diten.SupplyChainService.Tests/CapacityPlans/CapacityAtomicityTests.cs: OK
services/Diten.SupplyChainService/tests/Diten.SupplyChainService.Tests/CapacityPlans/CapacityConcurrencyTests.cs: OK
services/Diten.SupplyChainService/tests/Diten.SupplyChainService.Tests/CapacityPlans/CapacityContractTests.cs: OK
services/Diten.SupplyChainService/tests/Diten.SupplyChainService.Tests/CapacityPlans/CapacityIsolationTests.cs: OK
services/Diten.SupplyChainService/tests/Diten.SupplyChainService.Tests/CapacityPlans/CapacityLeaseTests.cs: OK
services/Diten.SupplyChainService/tests/Diten.SupplyChainService.Tests/CapacityPlans/CapacityLifecycleTests.cs: OK
services/Diten.SupplyChainService/tests/Diten.SupplyChainService.Tests/CapacityPlans/CapacityReplayTests.cs: OK
services/Diten.SupplyChainService/tests/Diten.SupplyChainService.Tests/CapacityPlans/CapacityRestartTests.cs: OK
services/Diten.SupplyChainService/tests/Diten.SupplyChainService.Tests/Carriers/CarrierContractTests.cs: OK
services/Diten.SupplyChainService/tests/Diten.SupplyChainService.Tests/Claims/ClaimAmountTests.cs: OK
services/Diten.SupplyChainService/tests/Diten.SupplyChainService.Tests/Claims/ClaimAtomicityTests.cs: OK
services/Diten.SupplyChainService/tests/Diten.SupplyChainService.Tests/Claims/ClaimConcurrencyTests.cs: OK
services/Diten.SupplyChainService/tests/Diten.SupplyChainService.Tests/Claims/ClaimContractTests.cs: OK
services/Diten.SupplyChainService/tests/Diten.SupplyChainService.Tests/Claims/ClaimIsolationTests.cs: OK
services/Diten.SupplyChainService/tests/Diten.SupplyChainService.Tests/Claims/ClaimLifecycleTests.cs: OK
services/Diten.SupplyChainService/tests/Diten.SupplyChainService.Tests/Claims/ClaimOutboxTests.cs: OK
services/Diten.SupplyChainService/tests/Diten.SupplyChainService.Tests/Claims/ClaimPermissionTests.cs: OK
services/Diten.SupplyChainService/tests/Diten.SupplyChainService.Tests/Claims/ClaimReferenceTests.cs: OK
services/Diten.SupplyChainService/tests/Diten.SupplyChainService.Tests/Claims/ClaimReplayTests.cs: OK
services/Diten.SupplyChainService/tests/Diten.SupplyChainService.Tests/Diten.SupplyChainService.Tests.csproj: OK
services/Diten.SupplyChainService/tests/Diten.SupplyChainService.Tests/Loads/LoadAtomicityTests.cs: OK
services/Diten.SupplyChainService/tests/Diten.SupplyChainService.Tests/Loads/LoadConcurrencyTests.cs: OK
services/Diten.SupplyChainService/tests/Diten.SupplyChainService.Tests/Loads/LoadContractTests.cs: OK
services/Diten.SupplyChainService/tests/Diten.SupplyChainService.Tests/Loads/LoadIsolationTests.cs: OK
services/Diten.SupplyChainService/tests/Diten.SupplyChainService.Tests/Loads/LoadLifecycleTests.cs: OK
services/Diten.SupplyChainService/tests/Diten.SupplyChainService.Tests/Loads/LoadReferenceTests.cs: OK
services/Diten.SupplyChainService/tests/Diten.SupplyChainService.Tests/Loads/LoadReplayTests.cs: OK
services/Diten.SupplyChainService/tests/Diten.SupplyChainService.Tests/Returns/ReturnAtomicityTests.cs: OK
services/Diten.SupplyChainService/tests/Diten.SupplyChainService.Tests/Returns/ReturnConcurrencyTests.cs: OK
services/Diten.SupplyChainService/tests/Diten.SupplyChainService.Tests/Returns/ReturnContractTests.cs: OK
services/Diten.SupplyChainService/tests/Diten.SupplyChainService.Tests/Returns/ReturnIsolationTests.cs: OK
services/Diten.SupplyChainService/tests/Diten.SupplyChainService.Tests/Returns/ReturnLifecycleTests.cs: OK
services/Diten.SupplyChainService/tests/Diten.SupplyChainService.Tests/Returns/ReturnReferenceTests.cs: OK
services/Diten.SupplyChainService/tests/Diten.SupplyChainService.Tests/Returns/ReturnReplayTests.cs: OK
services/Diten.SupplyChainService/tests/Diten.SupplyChainService.Tests/SandopPlans/SandopAtomicityTests.cs: OK
services/Diten.SupplyChainService/tests/Diten.SupplyChainService.Tests/SandopPlans/SandopConcurrencyTests.cs: OK
services/Diten.SupplyChainService/tests/Diten.SupplyChainService.Tests/SandopPlans/SandopContractTests.cs: OK
services/Diten.SupplyChainService/tests/Diten.SupplyChainService.Tests/SandopPlans/SandopIsolationTests.cs: OK
services/Diten.SupplyChainService/tests/Diten.SupplyChainService.Tests/SandopPlans/SandopLifecycleTests.cs: OK
services/Diten.SupplyChainService/tests/Diten.SupplyChainService.Tests/SandopPlans/SandopReplayTests.cs: OK
services/Diten.SupplyChainService/tests/Diten.SupplyChainService.Tests/ShipmentRootHttpTests.cs: OK
services/Diten.SupplyChainService/tests/Diten.SupplyChainService.Tests/ShipmentRootStorageTests.cs: OK
services/Diten.SupplyChainService/tests/Diten.SupplyChainService.Tests/ShipmentTests.cs: OK
services/Diten.SupplyChainService/tests/Diten.SupplyChainService.Tests/ShipmentValidatorContractTests.cs: OK
services/Diten.SupplyChainService/tests/Diten.SupplyChainService.Tests/SourceClientTests.cs: OK
services/Diten.SupplyChainService/tests/Diten.SupplyChainService.Tests/SourceIntakeTests.cs: OK
services/Diten.SupplyChainService/tests/carriers/restart_probe.py: OK
services/Diten.SupplyChainService/tests/carriers/runtime_probe.py: OK
services/Diten.SupplyChainService/tests/carriers/test_outage_capture.py: OK
services/Diten.SupplyChainService/tests/carriers/verify_evidence.py: OK
services/Diten.SupplyChainService/tests/claims/restart_probe.py: OK
services/Diten.SupplyChainService/tests/claims/runtime_probe.py: OK
services/Diten.SupplyChainService/tests/claims/verify_evidence.py: OK
services/Diten.SupplyChainService/tests/contract_regression_probe.py: OK
services/Diten.SupplyChainService/tests/loads/failure_probe.py: OK
services/Diten.SupplyChainService/tests/loads/restart_probe.py: OK
services/Diten.SupplyChainService/tests/loads/runtime_probe.py: OK
services/Diten.SupplyChainService/tests/loads/verify_evidence.py: OK
services/Diten.SupplyChainService/tests/returns/restart_probe.py: OK
services/Diten.SupplyChainService/tests/returns/runtime_probe.py: OK
services/Diten.SupplyChainService/tests/returns/verify_evidence.py: OK
services/Diten.SupplyChainService/tests/root_uptake/restart_probe.py: OK
services/Diten.SupplyChainService/tests/root_uptake/runtime_probe.py: OK
services/Diten.SupplyChainService/tests/root_uptake/verify_evidence.py: OK
services/Diten.SupplyChainService/tests/runtime_probe.py: OK
services/Diten.SupplyChainService/tests/sent_body_probe.py: OK
services/Diten.SupplyChainService/tests/source_restart_probe.py: OK
services/Diten.SupplyChainService/tests/startup_probe.py: OK
services/Diten.SupplyChainService/tests/test_runtime_capture.py: OK
services/Diten.SupplyChainService/tests/verify_evidence.py: OK
