  Diten.BuildingBlocks.ModuleRegistration.Abstractions -> /Users/natig/mvp6-env/q129/ek-work/source/services/Diten.Building.Blocks/src/Diten.BuildingBlocks.ModuleRegistration.Abstractions/bin/Release/net8.0/Diten.BuildingBlocks.ModuleRegistration.Abstractions.dll
  Diten.BuildingBlocks.Security.Secrets -> /Users/natig/mvp6-env/q129/ek-work/source/services/Diten.Building.Blocks/Diten.BuildingBlocks.Security.Secrets/bin/Release/net8.0/Diten.BuildingBlocks.Security.Secrets.dll
  Diten.MdmService.Domain -> /Users/natig/mvp6-env/q129/ek-work/source/services/Diten.MdmService/src/Diten.MdmService.Domain/bin/Release/net8.0/Diten.MdmService.Domain.dll
  Diten.MdmService.Application -> /Users/natig/mvp6-env/q129/ek-work/source/services/Diten.MdmService/src/Diten.MdmService.Application/bin/Release/net8.0/Diten.MdmService.Application.dll
/Users/natig/mvp6-env/q129/ek-work/source/services/Diten.MdmService/src/Diten.MdmService.Persistence/DependencyInjection.cs(35,9): warning CS0618: 'MongoClientSettings.GuidRepresentation' is obsolete: 'Configure serializers instead.' [/Users/natig/mvp6-env/q129/ek-work/source/services/Diten.MdmService/src/Diten.MdmService.Persistence/Diten.MdmService.Persistence.csproj]
/Users/natig/mvp6-env/q129/ek-work/source/services/Diten.MdmService/src/Diten.MdmService.Persistence/Repositories/GskuRepository.cs(25,12): warning CS8619: Nullability of reference types in value of type 'Task<Gsku>' doesn't match target type 'Task<Gsku?>'. [/Users/natig/mvp6-env/q129/ek-work/source/services/Diten.MdmService/src/Diten.MdmService.Persistence/Diten.MdmService.Persistence.csproj]
/Users/natig/mvp6-env/q129/ek-work/source/services/Diten.MdmService/src/Diten.MdmService.Persistence/Repositories/GskuRepository.cs(104,12): warning CS8619: Nullability of reference types in value of type 'Task<Gsku>' doesn't match target type 'Task<Gsku?>'. [/Users/natig/mvp6-env/q129/ek-work/source/services/Diten.MdmService/src/Diten.MdmService.Persistence/Diten.MdmService.Persistence.csproj]
/Users/natig/mvp6-env/q129/ek-work/source/services/Diten.MdmService/src/Diten.MdmService.Persistence/Repositories/ProductDefinitionRevisionRepository.cs(26,12): warning CS8619: Nullability of reference types in value of type 'Task<ProductDefinitionRevision>' doesn't match target type 'Task<ProductDefinitionRevision?>'. [/Users/natig/mvp6-env/q129/ek-work/source/services/Diten.MdmService/src/Diten.MdmService.Persistence/Diten.MdmService.Persistence.csproj]
/Users/natig/mvp6-env/q129/ek-work/source/services/Diten.MdmService/src/Diten.MdmService.Persistence/Repositories/ProductDefinitionRevisionRepository.cs(45,12): warning CS8619: Nullability of reference types in value of type 'Task<ProductDefinitionRevision>' doesn't match target type 'Task<ProductDefinitionRevision?>'. [/Users/natig/mvp6-env/q129/ek-work/source/services/Diten.MdmService/src/Diten.MdmService.Persistence/Diten.MdmService.Persistence.csproj]
  Diten.MdmService.Infrastructure -> /Users/natig/mvp6-env/q129/ek-work/source/services/Diten.MdmService/src/Diten.MdmService.Infrastructure/bin/Release/net8.0/Diten.MdmService.Infrastructure.dll
  Diten.MdmService.Persistence -> /Users/natig/mvp6-env/q129/ek-work/source/services/Diten.MdmService/src/Diten.MdmService.Persistence/bin/Release/net8.0/Diten.MdmService.Persistence.dll
  Diten.MdmService.Api -> /Users/natig/mvp6-env/q129/ek-work/source/services/Diten.MdmService/src/Diten.MdmService.Api/bin/Release/net8.0/Diten.MdmService.Api.dll

Build succeeded.

/Users/natig/mvp6-env/q129/ek-work/source/services/Diten.MdmService/src/Diten.MdmService.Persistence/DependencyInjection.cs(35,9): warning CS0618: 'MongoClientSettings.GuidRepresentation' is obsolete: 'Configure serializers instead.' [/Users/natig/mvp6-env/q129/ek-work/source/services/Diten.MdmService/src/Diten.MdmService.Persistence/Diten.MdmService.Persistence.csproj]
/Users/natig/mvp6-env/q129/ek-work/source/services/Diten.MdmService/src/Diten.MdmService.Persistence/Repositories/GskuRepository.cs(25,12): warning CS8619: Nullability of reference types in value of type 'Task<Gsku>' doesn't match target type 'Task<Gsku?>'. [/Users/natig/mvp6-env/q129/ek-work/source/services/Diten.MdmService/src/Diten.MdmService.Persistence/Diten.MdmService.Persistence.csproj]
/Users/natig/mvp6-env/q129/ek-work/source/services/Diten.MdmService/src/Diten.MdmService.Persistence/Repositories/GskuRepository.cs(104,12): warning CS8619: Nullability of reference types in value of type 'Task<Gsku>' doesn't match target type 'Task<Gsku?>'. [/Users/natig/mvp6-env/q129/ek-work/source/services/Diten.MdmService/src/Diten.MdmService.Persistence/Diten.MdmService.Persistence.csproj]
/Users/natig/mvp6-env/q129/ek-work/source/services/Diten.MdmService/src/Diten.MdmService.Persistence/Repositories/ProductDefinitionRevisionRepository.cs(26,12): warning CS8619: Nullability of reference types in value of type 'Task<ProductDefinitionRevision>' doesn't match target type 'Task<ProductDefinitionRevision?>'. [/Users/natig/mvp6-env/q129/ek-work/source/services/Diten.MdmService/src/Diten.MdmService.Persistence/Diten.MdmService.Persistence.csproj]
/Users/natig/mvp6-env/q129/ek-work/source/services/Diten.MdmService/src/Diten.MdmService.Persistence/Repositories/ProductDefinitionRevisionRepository.cs(45,12): warning CS8619: Nullability of reference types in value of type 'Task<ProductDefinitionRevision>' doesn't match target type 'Task<ProductDefinitionRevision?>'. [/Users/natig/mvp6-env/q129/ek-work/source/services/Diten.MdmService/src/Diten.MdmService.Persistence/Diten.MdmService.Persistence.csproj]
    5 Warning(s)
    0 Error(s)

Time Elapsed 00:00:04.15
