[20:55:02 INF] Request starting HTTP/1.1 POST http://localhost:5061/api/shipment-bundle/shipments - application/json; charset=utf-8 null CorrelationId=12dc94e4-1e20-4e1d-94cb-19db20dbed3e TenantId= LegalEntityId=
[20:55:02 INF] Executing endpoint 'Diten.SupplyChainService.Api.Controllers.ShipmentsController.Create (Diten.SupplyChainService.Api)' CorrelationId=12dc94e4-1e20-4e1d-94cb-19db20dbed3e TenantId= LegalEntityId=
[20:55:02 INF] Route matched with {action = "Create", controller = "Shipments"}. Executing controller action with signature System.Threading.Tasks.Task`1[Microsoft.AspNetCore.Mvc.IActionResult] Create(Create, System.Threading.CancellationToken) on controller Diten.SupplyChainService.Api.Controllers.ShipmentsController (Diten.SupplyChainService.Api). CorrelationId=12dc94e4-1e20-4e1d-94cb-19db20dbed3e TenantId= LegalEntityId=
[20:55:03 INF] Handling CreateShipmentCommand CorrelationId=12dc94e4-1e20-4e1d-94cb-19db20dbed3e TenantId=00000000-0000-0000-0000-000000000001 LegalEntityId=e5f15d4b-12ba-44d9-9009-6a16014fc4a1
[20:55:03 INF] Executing ObjectResult, writing value of type 'System.Text.Json.Nodes.JsonObject'. CorrelationId=12dc94e4-1e20-4e1d-94cb-19db20dbed3e TenantId= LegalEntityId=
[20:55:03 INF] Executed action Diten.SupplyChainService.Api.Controllers.ShipmentsController.Create (Diten.SupplyChainService.Api) in 203.6316ms CorrelationId=12dc94e4-1e20-4e1d-94cb-19db20dbed3e TenantId= LegalEntityId=
[20:55:03 INF] Executed endpoint 'Diten.SupplyChainService.Api.Controllers.ShipmentsController.Create (Diten.SupplyChainService.Api)' CorrelationId=12dc94e4-1e20-4e1d-94cb-19db20dbed3e TenantId= LegalEntityId=
[20:55:03 INF] Request finished HTTP/1.1 POST http://localhost:5061/api/shipment-bundle/shipments - 201 null application/json; charset=utf-8 212.197ms CorrelationId=12dc94e4-1e20-4e1d-94cb-19db20dbed3e TenantId= LegalEntityId=
[20:56:45 INF] Request starting HTTP/1.1 POST http://localhost:5061/api/shipment-bundle/shipments/65cc49a9-fbb9-4b58-8cdb-0b4b1f99b048/transition - application/json; charset=utf-8 null CorrelationId=12dc94e4-1e20-4e1d-94cb-19db20dbed3e TenantId= LegalEntityId=
[20:56:45 INF] Executing endpoint 'Diten.SupplyChainService.Api.Controllers.ShipmentsController.Transition (Diten.SupplyChainService.Api)' CorrelationId=12dc94e4-1e20-4e1d-94cb-19db20dbed3e TenantId= LegalEntityId=
[20:56:45 INF] Route matched with {action = "Transition", controller = "Shipments"}. Executing controller action with signature System.Threading.Tasks.Task`1[Microsoft.AspNetCore.Mvc.IActionResult] Transition(System.Guid, Transition, System.Threading.CancellationToken) on controller Diten.SupplyChainService.Api.Controllers.ShipmentsController (Diten.SupplyChainService.Api). CorrelationId=12dc94e4-1e20-4e1d-94cb-19db20dbed3e TenantId= LegalEntityId=
[20:56:45 INF] Handling TransitionShipmentCommand CorrelationId=12dc94e4-1e20-4e1d-94cb-19db20dbed3e TenantId=00000000-0000-0000-0000-000000000001 LegalEntityId=e5f15d4b-12ba-44d9-9009-6a16014fc4a1
[20:56:45 INF] Executing ObjectResult, writing value of type 'System.Text.Json.Nodes.JsonObject'. CorrelationId=12dc94e4-1e20-4e1d-94cb-19db20dbed3e TenantId= LegalEntityId=
[20:56:45 INF] Executed action Diten.SupplyChainService.Api.Controllers.ShipmentsController.Transition (Diten.SupplyChainService.Api) in 46.1539ms CorrelationId=12dc94e4-1e20-4e1d-94cb-19db20dbed3e TenantId= LegalEntityId=
[20:56:45 INF] Executed endpoint 'Diten.SupplyChainService.Api.Controllers.ShipmentsController.Transition (Diten.SupplyChainService.Api)' CorrelationId=12dc94e4-1e20-4e1d-94cb-19db20dbed3e TenantId= LegalEntityId=
[20:56:45 INF] Request finished HTTP/1.1 POST http://localhost:5061/api/shipment-bundle/shipments/65cc49a9-fbb9-4b58-8cdb-0b4b1f99b048/transition - 200 null application/json; charset=utf-8 53.9302ms CorrelationId=12dc94e4-1e20-4e1d-94cb-19db20dbed3e TenantId= LegalEntityId=
[20:57:20 INF] Request starting HTTP/1.1 POST http://localhost:5061/api/shipment-bundle/shipments/65cc49a9-fbb9-4b58-8cdb-0b4b1f99b048/transition - application/json; charset=utf-8 null CorrelationId=12dc94e4-1e20-4e1d-94cb-19db20dbed3e TenantId= LegalEntityId=
[20:57:20 INF] Executing endpoint 'Diten.SupplyChainService.Api.Controllers.ShipmentsController.Transition (Diten.SupplyChainService.Api)' CorrelationId=12dc94e4-1e20-4e1d-94cb-19db20dbed3e TenantId= LegalEntityId=
[20:57:20 INF] Route matched with {action = "Transition", controller = "Shipments"}. Executing controller action with signature System.Threading.Tasks.Task`1[Microsoft.AspNetCore.Mvc.IActionResult] Transition(System.Guid, Transition, System.Threading.CancellationToken) on controller Diten.SupplyChainService.Api.Controllers.ShipmentsController (Diten.SupplyChainService.Api). CorrelationId=12dc94e4-1e20-4e1d-94cb-19db20dbed3e TenantId= LegalEntityId=
[20:57:20 INF] Handling TransitionShipmentCommand CorrelationId=12dc94e4-1e20-4e1d-94cb-19db20dbed3e TenantId=00000000-0000-0000-0000-000000000001 LegalEntityId=e5f15d4b-12ba-44d9-9009-6a16014fc4a1
[20:57:20 INF] Executing ObjectResult, writing value of type 'System.Text.Json.Nodes.JsonObject'. CorrelationId=12dc94e4-1e20-4e1d-94cb-19db20dbed3e TenantId= LegalEntityId=
[20:57:20 INF] Executed action Diten.SupplyChainService.Api.Controllers.ShipmentsController.Transition (Diten.SupplyChainService.Api) in 13.8425ms CorrelationId=12dc94e4-1e20-4e1d-94cb-19db20dbed3e TenantId= LegalEntityId=
[20:57:20 INF] Executed endpoint 'Diten.SupplyChainService.Api.Controllers.ShipmentsController.Transition (Diten.SupplyChainService.Api)' CorrelationId=12dc94e4-1e20-4e1d-94cb-19db20dbed3e TenantId= LegalEntityId=
[20:57:20 INF] Request finished HTTP/1.1 POST http://localhost:5061/api/shipment-bundle/shipments/65cc49a9-fbb9-4b58-8cdb-0b4b1f99b048/transition - 200 null application/json; charset=utf-8 15.8161ms CorrelationId=12dc94e4-1e20-4e1d-94cb-19db20dbed3e TenantId= LegalEntityId=
[20:57:33 INF] Request starting HTTP/1.1 POST http://localhost:5061/api/shipment-bundle/shipments/65cc49a9-fbb9-4b58-8cdb-0b4b1f99b048/transition - application/json; charset=utf-8 null CorrelationId=12dc94e4-1e20-4e1d-94cb-19db20dbed3e TenantId= LegalEntityId=
[20:57:33 INF] Executing endpoint 'Diten.SupplyChainService.Api.Controllers.ShipmentsController.Transition (Diten.SupplyChainService.Api)' CorrelationId=12dc94e4-1e20-4e1d-94cb-19db20dbed3e TenantId= LegalEntityId=
[20:57:33 INF] Route matched with {action = "Transition", controller = "Shipments"}. Executing controller action with signature System.Threading.Tasks.Task`1[Microsoft.AspNetCore.Mvc.IActionResult] Transition(System.Guid, Transition, System.Threading.CancellationToken) on controller Diten.SupplyChainService.Api.Controllers.ShipmentsController (Diten.SupplyChainService.Api). CorrelationId=12dc94e4-1e20-4e1d-94cb-19db20dbed3e TenantId= LegalEntityId=
[20:57:33 INF] Handling TransitionShipmentCommand CorrelationId=12dc94e4-1e20-4e1d-94cb-19db20dbed3e TenantId=00000000-0000-0000-0000-000000000001 LegalEntityId=e5f15d4b-12ba-44d9-9009-6a16014fc4a1
[20:57:33 INF] Executing ObjectResult, writing value of type '<>f__AnonymousType0`2[[<>f__AnonymousType1`3[[System.String, System.Private.CoreLib, Version=8.0.0.0, Culture=neutral, PublicKeyToken=7cec85d7bea7798e],[System.String, System.Private.CoreLib, Version=8.0.0.0, Culture=neutral, PublicKeyToken=7cec85d7bea7798e],[System.Guid, System.Private.CoreLib, Version=8.0.0.0, Culture=neutral, PublicKeyToken=7cec85d7bea7798e]], Diten.SupplyChainService.Api, Version=1.0.0.0, Culture=neutral, PublicKeyToken=null],[System.String, System.Private.CoreLib, Version=8.0.0.0, Culture=neutral, PublicKeyToken=7cec85d7bea7798e]]'. CorrelationId=12dc94e4-1e20-4e1d-94cb-19db20dbed3e TenantId= LegalEntityId=
[20:57:33 INF] Executed action Diten.SupplyChainService.Api.Controllers.ShipmentsController.Transition (Diten.SupplyChainService.Api) in 27.5058ms CorrelationId=12dc94e4-1e20-4e1d-94cb-19db20dbed3e TenantId= LegalEntityId=
[20:57:33 INF] Executed endpoint 'Diten.SupplyChainService.Api.Controllers.ShipmentsController.Transition (Diten.SupplyChainService.Api)' CorrelationId=12dc94e4-1e20-4e1d-94cb-19db20dbed3e TenantId= LegalEntityId=
[20:57:33 INF] Request finished HTTP/1.1 POST http://localhost:5061/api/shipment-bundle/shipments/65cc49a9-fbb9-4b58-8cdb-0b4b1f99b048/transition - 422 null application/json; charset=utf-8 33.8267ms CorrelationId=12dc94e4-1e20-4e1d-94cb-19db20dbed3e TenantId= LegalEntityId=
[20:58:07 INF] Request starting HTTP/1.1 POST http://localhost:5061/api/shipment-bundle/shipments/65cc49a9-fbb9-4b58-8cdb-0b4b1f99b048/pod - application/json; charset=utf-8 null CorrelationId=12dc94e4-1e20-4e1d-94cb-19db20dbed3e TenantId= LegalEntityId=
[20:58:07 INF] Executing endpoint 'Diten.SupplyChainService.Api.Controllers.ShipmentsController.Pod (Diten.SupplyChainService.Api)' CorrelationId=12dc94e4-1e20-4e1d-94cb-19db20dbed3e TenantId= LegalEntityId=
[20:58:07 INF] Route matched with {action = "Pod", controller = "Shipments"}. Executing controller action with signature System.Threading.Tasks.Task`1[Microsoft.AspNetCore.Mvc.IActionResult] Pod(System.Guid, Pod, System.Threading.CancellationToken) on controller Diten.SupplyChainService.Api.Controllers.ShipmentsController (Diten.SupplyChainService.Api). CorrelationId=12dc94e4-1e20-4e1d-94cb-19db20dbed3e TenantId= LegalEntityId=
[20:58:07 INF] Handling CapturePodCommand CorrelationId=12dc94e4-1e20-4e1d-94cb-19db20dbed3e TenantId=00000000-0000-0000-0000-000000000001 LegalEntityId=e5f15d4b-12ba-44d9-9009-6a16014fc4a1
[20:58:07 INF] Executing ObjectResult, writing value of type 'System.Text.Json.Nodes.JsonObject'. CorrelationId=12dc94e4-1e20-4e1d-94cb-19db20dbed3e TenantId= LegalEntityId=
[20:58:07 INF] Executed action Diten.SupplyChainService.Api.Controllers.ShipmentsController.Pod (Diten.SupplyChainService.Api) in 37.9726ms CorrelationId=12dc94e4-1e20-4e1d-94cb-19db20dbed3e TenantId= LegalEntityId=
[20:58:07 INF] Executed endpoint 'Diten.SupplyChainService.Api.Controllers.ShipmentsController.Pod (Diten.SupplyChainService.Api)' CorrelationId=12dc94e4-1e20-4e1d-94cb-19db20dbed3e TenantId= LegalEntityId=
[20:58:07 INF] Request finished HTTP/1.1 POST http://localhost:5061/api/shipment-bundle/shipments/65cc49a9-fbb9-4b58-8cdb-0b4b1f99b048/pod - 201 null application/json; charset=utf-8 47.9567ms CorrelationId=12dc94e4-1e20-4e1d-94cb-19db20dbed3e TenantId= LegalEntityId=
[20:58:29 INF] Request starting HTTP/1.1 POST http://localhost:5061/api/shipment-bundle/shipments/65cc49a9-fbb9-4b58-8cdb-0b4b1f99b048/transition - application/json; charset=utf-8 null CorrelationId=12dc94e4-1e20-4e1d-94cb-19db20dbed3e TenantId= LegalEntityId=
[20:58:29 INF] Executing endpoint 'Diten.SupplyChainService.Api.Controllers.ShipmentsController.Transition (Diten.SupplyChainService.Api)' CorrelationId=12dc94e4-1e20-4e1d-94cb-19db20dbed3e TenantId= LegalEntityId=
[20:58:29 INF] Route matched with {action = "Transition", controller = "Shipments"}. Executing controller action with signature System.Threading.Tasks.Task`1[Microsoft.AspNetCore.Mvc.IActionResult] Transition(System.Guid, Transition, System.Threading.CancellationToken) on controller Diten.SupplyChainService.Api.Controllers.ShipmentsController (Diten.SupplyChainService.Api). CorrelationId=12dc94e4-1e20-4e1d-94cb-19db20dbed3e TenantId= LegalEntityId=
[20:58:29 INF] Handling TransitionShipmentCommand CorrelationId=12dc94e4-1e20-4e1d-94cb-19db20dbed3e TenantId=00000000-0000-0000-0000-000000000001 LegalEntityId=e5f15d4b-12ba-44d9-9009-6a16014fc4a1
[20:58:29 INF] Executing ObjectResult, writing value of type 'System.Text.Json.Nodes.JsonObject'. CorrelationId=12dc94e4-1e20-4e1d-94cb-19db20dbed3e TenantId= LegalEntityId=
[20:58:29 INF] Executed action Diten.SupplyChainService.Api.Controllers.ShipmentsController.Transition (Diten.SupplyChainService.Api) in 22.0219ms CorrelationId=12dc94e4-1e20-4e1d-94cb-19db20dbed3e TenantId= LegalEntityId=
[20:58:29 INF] Executed endpoint 'Diten.SupplyChainService.Api.Controllers.ShipmentsController.Transition (Diten.SupplyChainService.Api)' CorrelationId=12dc94e4-1e20-4e1d-94cb-19db20dbed3e TenantId= LegalEntityId=
[20:58:29 INF] Request finished HTTP/1.1 POST http://localhost:5061/api/shipment-bundle/shipments/65cc49a9-fbb9-4b58-8cdb-0b4b1f99b048/transition - 200 null application/json; charset=utf-8 25.637ms CorrelationId=12dc94e4-1e20-4e1d-94cb-19db20dbed3e TenantId= LegalEntityId=
