  Determining projects to restore...
  Restored /Users/natig/mvp6-env/q129/v4/build/services/Diten.Building.Blocks/src/Diten.BuildingBlocks.ModuleRegistration.Abstractions/Diten.BuildingBlocks.ModuleRegistration.Abstractions.csproj (in 76 ms).
  Restored /Users/natig/mvp6-env/q129/v4/build/services/Diten.SupplyChainService/src/Diten.SupplyChainService.Domain/Diten.SupplyChainService.Domain.csproj (in 76 ms).
  Restored /Users/natig/mvp6-env/q129/v4/build/services/Diten.Building.Blocks/src/Diten.BuildingBlocks.Eventing/Diten.BuildingBlocks.Eventing.csproj (in 76 ms).
  Restored /Users/natig/mvp6-env/q129/v4/build/services/Diten.SupplyChainService/src/Diten.SupplyChainService.Application/Diten.SupplyChainService.Application.csproj (in 272 ms).
  Restored /Users/natig/mvp6-env/q129/v4/build/services/Diten.SupplyChainService/src/Diten.SupplyChainService.Infrastructure/Diten.SupplyChainService.Infrastructure.csproj (in 272 ms).
  Restored /Users/natig/mvp6-env/q129/v4/build/services/Diten.SupplyChainService/src/Diten.SupplyChainService.Persistence/Diten.SupplyChainService.Persistence.csproj (in 310 ms).
  Restored /Users/natig/mvp6-env/q129/v4/build/services/Diten.SupplyChainService/src/Diten.SupplyChainService.Api/Diten.SupplyChainService.Api.csproj (in 304 ms).
  Restored /Users/natig/mvp6-env/q129/v4/build/services/Diten.SupplyChainService/tests/Diten.SupplyChainService.Tests/Diten.SupplyChainService.Tests.csproj (in 391 ms).
  1 of 9 projects are up-to-date for restore.
  Diten.SupplyChainService.Domain -> /Users/natig/mvp6-env/q129/v4/build/services/Diten.SupplyChainService/src/Diten.SupplyChainService.Domain/bin/Debug/net8.0/Diten.SupplyChainService.Domain.dll
  Diten.SupplyChainService.Application -> /Users/natig/mvp6-env/q129/v4/build/services/Diten.SupplyChainService/src/Diten.SupplyChainService.Application/bin/Debug/net8.0/Diten.SupplyChainService.Application.dll
  Diten.BuildingBlocks.Eventing -> /Users/natig/mvp6-env/q129/v4/build/services/Diten.Building.Blocks/src/Diten.BuildingBlocks.Eventing/bin/Debug/net8.0/Diten.BuildingBlocks.Eventing.dll
  Diten.SupplyChainService.Infrastructure -> /Users/natig/mvp6-env/q129/v4/build/services/Diten.SupplyChainService/src/Diten.SupplyChainService.Infrastructure/bin/Debug/net8.0/Diten.SupplyChainService.Infrastructure.dll
  Diten.SupplyChainService.Persistence -> /Users/natig/mvp6-env/q129/v4/build/services/Diten.SupplyChainService/src/Diten.SupplyChainService.Persistence/bin/Debug/net8.0/Diten.SupplyChainService.Persistence.dll
  Diten.BuildingBlocks.Security.Secrets -> /Users/natig/mvp6-env/q129/v4/build/services/Diten.Building.Blocks/Diten.BuildingBlocks.Security.Secrets/bin/Debug/net8.0/Diten.BuildingBlocks.Security.Secrets.dll
  Diten.BuildingBlocks.ModuleRegistration.Abstractions -> /Users/natig/mvp6-env/q129/v4/build/services/Diten.Building.Blocks/src/Diten.BuildingBlocks.ModuleRegistration.Abstractions/bin/Debug/net8.0/Diten.BuildingBlocks.ModuleRegistration.Abstractions.dll
  Diten.SupplyChainService.Api -> /Users/natig/mvp6-env/q129/v4/build/services/Diten.SupplyChainService/src/Diten.SupplyChainService.Api/bin/Debug/net8.0/Diten.SupplyChainService.Api.dll
  Diten.SupplyChainService.Tests -> /Users/natig/mvp6-env/q129/v4/build/services/Diten.SupplyChainService/tests/Diten.SupplyChainService.Tests/bin/Debug/net8.0/Diten.SupplyChainService.Tests.dll

Build succeeded.
    0 Warning(s)
    0 Error(s)

Time Elapsed 00:00:20.47
