  Determining projects to restore...
CSSM_ModuleLoad(): One or more parameters passed to a function were not valid.
/private/tmp/mvp6-carrier-ui-ver-01/snapshot/services/Diten.Building.Blocks/Diten.BuildingBlocks.Security.Secrets/Diten.BuildingBlocks.Security.Secrets.csproj : warning NU1900: Error occurred while getting package vulnerability data: Unable to load the service index for source https://api.nuget.org/v3/index.json. [/private/tmp/mvp6-carrier-ui-ver-01/snapshot/services/Diten.AuthService/src/Diten.AuthService.Api/Diten.AuthService.Api.csproj]
  Restored /private/tmp/mvp6-carrier-ui-ver-01/snapshot/services/Diten.AuthService/src/Diten.AuthService.Domain/Diten.AuthService.Domain.csproj (in 992 ms).
  Restored /private/tmp/mvp6-carrier-ui-ver-01/snapshot/services/Diten.Platform.Contracts/Diten.Platform.Contracts.csproj (in 1.11 sec).
  Restored /private/tmp/mvp6-carrier-ui-ver-01/snapshot/services/Diten.AuthService/src/Diten.AuthService.Application/Diten.AuthService.Application.csproj (in 1.07 sec).
  Restored /private/tmp/mvp6-carrier-ui-ver-01/snapshot/services/Diten.AuthService/src/Diten.AuthService.Persistence/Diten.AuthService.Persistence.csproj (in 1.36 sec).
  Restored /private/tmp/mvp6-carrier-ui-ver-01/snapshot/services/Diten.AuthService/src/Diten.AuthService.Infrastructure/Diten.AuthService.Infrastructure.csproj (in 1.36 sec).
  Restored /private/tmp/mvp6-carrier-ui-ver-01/snapshot/services/Diten.AuthService/src/Diten.AuthService.Api/Diten.AuthService.Api.csproj (in 1.47 sec).
  3 of 9 projects are up-to-date for restore.
  Diten.AuthService.Domain -> /private/tmp/mvp6-carrier-ui-ver-01/snapshot/services/Diten.AuthService/src/Diten.AuthService.Domain/bin/Debug/net8.0/Diten.AuthService.Domain.dll
  Diten.AuthService.Application -> /private/tmp/mvp6-carrier-ui-ver-01/snapshot/services/Diten.AuthService/src/Diten.AuthService.Application/bin/Debug/net8.0/Diten.AuthService.Application.dll
/private/tmp/mvp6-carrier-ui-ver-01/snapshot/services/Diten.Building.Blocks/Diten.BuildingBlocks.Security.Secrets/Diten.BuildingBlocks.Security.Secrets.csproj : warning NU1900: Error occurred while getting package vulnerability data: Unable to load the service index for source https://api.nuget.org/v3/index.json.
  Diten.BuildingBlocks.Security.Secrets -> /private/tmp/mvp6-carrier-ui-ver-01/snapshot/services/Diten.Building.Blocks/Diten.BuildingBlocks.Security.Secrets/bin/Debug/net8.0/Diten.BuildingBlocks.Security.Secrets.dll
/private/tmp/mvp6-carrier-ui-ver-01/snapshot/services/Diten.AuthService/src/Diten.AuthService.Persistence/DependencyInjection.cs(61,9): warning CS0618: 'MongoClientSettings.GuidRepresentation' is obsolete: 'Configure serializers instead.' [/private/tmp/mvp6-carrier-ui-ver-01/snapshot/services/Diten.AuthService/src/Diten.AuthService.Persistence/Diten.AuthService.Persistence.csproj]
  Diten.AuthService.Persistence -> /private/tmp/mvp6-carrier-ui-ver-01/snapshot/services/Diten.AuthService/src/Diten.AuthService.Persistence/bin/Debug/net8.0/Diten.AuthService.Persistence.dll
  Diten.BuildingBlocks.Eventing -> /private/tmp/mvp6-carrier-ui-ver-01/snapshot/services/Diten.Building.Blocks/src/Diten.BuildingBlocks.Eventing/bin/Debug/net8.0/Diten.BuildingBlocks.Eventing.dll
  Diten.Platform.Contracts -> /private/tmp/mvp6-carrier-ui-ver-01/snapshot/services/Diten.Platform.Contracts/bin/Debug/net8.0/Diten.Platform.Contracts.dll
  Diten.AuthService.Infrastructure -> /private/tmp/mvp6-carrier-ui-ver-01/snapshot/services/Diten.AuthService/src/Diten.AuthService.Infrastructure/bin/Debug/net8.0/Diten.AuthService.Infrastructure.dll
  Diten.Platform.Common -> /private/tmp/mvp6-carrier-ui-ver-01/snapshot/services/Diten.Platform.Common/src/Diten.Platform.Common/bin/Debug/net8.0/Diten.Platform.Common.dll
  Diten.AuthService.Api -> /private/tmp/mvp6-carrier-ui-ver-01/snapshot/services/Diten.AuthService/src/Diten.AuthService.Api/bin/Debug/net8.0/Diten.AuthService.Api.dll

Build succeeded.

/private/tmp/mvp6-carrier-ui-ver-01/snapshot/services/Diten.Building.Blocks/Diten.BuildingBlocks.Security.Secrets/Diten.BuildingBlocks.Security.Secrets.csproj : warning NU1900: Error occurred while getting package vulnerability data: Unable to load the service index for source https://api.nuget.org/v3/index.json. [/private/tmp/mvp6-carrier-ui-ver-01/snapshot/services/Diten.AuthService/src/Diten.AuthService.Api/Diten.AuthService.Api.csproj]
/private/tmp/mvp6-carrier-ui-ver-01/snapshot/services/Diten.Building.Blocks/Diten.BuildingBlocks.Security.Secrets/Diten.BuildingBlocks.Security.Secrets.csproj : warning NU1900: Error occurred while getting package vulnerability data: Unable to load the service index for source https://api.nuget.org/v3/index.json.
/private/tmp/mvp6-carrier-ui-ver-01/snapshot/services/Diten.AuthService/src/Diten.AuthService.Persistence/DependencyInjection.cs(61,9): warning CS0618: 'MongoClientSettings.GuidRepresentation' is obsolete: 'Configure serializers instead.' [/private/tmp/mvp6-carrier-ui-ver-01/snapshot/services/Diten.AuthService/src/Diten.AuthService.Persistence/Diten.AuthService.Persistence.csproj]
    3 Warning(s)
    0 Error(s)

Time Elapsed 00:02:25.51
