Build started 22/09/2026 18:55:17.
Test run for /private/tmp/mvp6-mod0192-core-dev-01/services/Diten.SupplyChainService/tests/Diten.SupplyChainService.Tests/bin/Debug/net8.0/Diten.SupplyChainService.Tests.dll (.NETCoreApp,Version=v8.0)
VSTest version 17.11.1 (arm64)

Starting test execution, please wait...
A total of 1 test files matched the specified pattern.
[xUnit.net 00:00:00.00] xUnit.net VSTest Adapter v2.8.2+699d445a1a (64-bit .NET 8.0.23)
[xUnit.net 00:00:00.09]   Discovering: Diten.SupplyChainService.Tests
[xUnit.net 00:00:00.14]   Discovered:  Diten.SupplyChainService.Tests
[xUnit.net 00:00:00.15]   Starting:    Diten.SupplyChainService.Tests
  Passed Diten.SupplyChainService.Tests.CapacityPlans.CapacityContractTests.Request_does_not_accept_client_scope_or_unknown_fields [23 ms]
  Passed Diten.SupplyChainService.Tests.CapacityPlans.CapacityContractTests.Plan_projection_has_published_wire_keys_and_provenance [11 ms]
  Passed Diten.SupplyChainService.Tests.CapacityPlans.CapacityLifecycleTests.Approved_literal_oracle_only_emits_fixture_result(mode: "Infinite", count: 0) [7 ms]
  Passed Diten.SupplyChainService.Tests.CapacityPlans.CapacityLifecycleTests.Approved_literal_oracle_only_emits_fixture_result(mode: "Finite", count: 1) [2 ms]
  Passed Diten.SupplyChainService.Tests.CapacityPlans.CapacityReplayTests.Fingerprint_uses_decoded_business_body_and_exact_target [13 ms]
  Passed Diten.SupplyChainService.Tests.CapacityPlans.CapacityAtomicityTests.Fixture_mutations_and_fenced_terminal_are_durable_and_single_effect [1 s]
  Passed Diten.SupplyChainService.Tests.CapacityPlans.CapacityConcurrencyTests.Twenty_distinct_keys_produce_one_active_evaluation [475 ms]
  Passed Diten.SupplyChainService.Tests.CapacityPlans.CapacityIsolationTests.Invalid_fixture_and_foreign_or_deleted_scope_create_no_visible_data [431 ms]
  Passed Diten.SupplyChainService.Tests.CapacityPlans.CapacityLeaseTests.Renewal_advances_version_without_attempt_and_rejects_old_terminal [440 ms]
  Passed Diten.SupplyChainService.Tests.CapacityPlans.CapacityRestartTests.Separate_processes_claim_once_and_restart_recovers_after_server_lease_expiry [38 s]
[xUnit.net 00:00:40.83]   Finished:    Diten.SupplyChainService.Tests
  Passed Diten.SupplyChainService.Tests.CapacityPlans.CapacityRestartTests.ChildWorker [2 ms]
Results File: /private/tmp/mvp6-mod0192-core-dev-01/docs/records/audits/2026-09/mvp6-mod0192-restart-harness-rework-01/raw/rework-targeted-v2.trx

Test Run Successful.
Total tests: 11
     Passed: 11
 Total time: 41.3191 Seconds

Build succeeded.
    0 Warning(s)
    0 Error(s)

Time Elapsed 00:00:41.92
