Test run for /Users/natig/Projects/ERP-vNext-recovery/services/Diten.SupplyChainService/tests/Diten.SupplyChainService.Tests/bin/Debug/net8.0/Diten.SupplyChainService.Tests.dll (.NETCoreApp,Version=v8.0)
VSTest version 17.11.1 (arm64)

Starting test execution, please wait...
A total of 1 test files matched the specified pattern.
[xUnit.net 00:02:00.44]     Diten.SupplyChainService.Tests.Loads.LoadAtomicityTests.UnknownCommitResultRetriesAndCommitsExactlyOnce [FAIL]
  Failed Diten.SupplyChainService.Tests.Loads.LoadAtomicityTests.UnknownCommitResultRetriesAndCommitsExactlyOnce [6 s]
  Error Message:
   Assert.Equal() Failure: Values differ
Expected: Created
Actual:   ServiceUnavailable
  Stack Trace:
     at Diten.SupplyChainService.Tests.Loads.LoadAtomicityTests.UnknownCommitResultRetriesAndCommitsExactlyOnce() in /Users/natig/Projects/ERP-vNext-recovery/services/Diten.SupplyChainService/tests/Diten.SupplyChainService.Tests/Loads/LoadAtomicityTests.cs:line 37
   at Diten.SupplyChainService.Tests.Loads.LoadAtomicityTests.UnknownCommitResultRetriesAndCommitsExactlyOnce() in /Users/natig/Projects/ERP-vNext-recovery/services/Diten.SupplyChainService/tests/Diten.SupplyChainService.Tests/Loads/LoadAtomicityTests.cs:line 41
--- End of stack trace from previous location ---
[xUnit.net 00:02:20.03]     Diten.SupplyChainService.Tests.Claims.ClaimReplayTests.Receipt_TwoIndependentTestProcesses_DurableRecovery [FAIL]
  Failed Diten.SupplyChainService.Tests.Claims.ClaimReplayTests.Receipt_TwoIndependentTestProcesses_DurableRecovery [1 ms]
  Error Message:
   System.InvalidOperationException : Explicit write/read restart mode required; exclude from ordinary suite.
  Stack Trace:
     at Diten.SupplyChainService.Tests.Claims.ClaimReplayTests.Receipt_TwoIndependentTestProcesses_DurableRecovery() in /Users/natig/Projects/ERP-vNext-recovery/services/Diten.SupplyChainService/tests/Diten.SupplyChainService.Tests/Claims/ClaimReplayTests.cs:line 46
--- End of stack trace from previous location ---
Data collector 'Blame' message: All tests finished running, Sequence file will not be generated.
Results File: /private/tmp/q216-baseline-variance-01/results/run04/run04.trx

Failed!  - Failed:     2, Passed:   415, Skipped:     0, Total:   417, Duration: 4 m 28 s - Diten.SupplyChainService.Tests.dll (net8.0)
