Test run for /private/tmp/mvp6-mod0187-r14-apply-01-Q7vmHi/source/services/Diten.SupplyChainService/tests/Diten.SupplyChainService.Tests/bin/Release/net8.0/Diten.SupplyChainService.Tests.dll (.NETCoreApp,Version=v8.0)
VSTest version 17.11.1 (arm64)

Starting test execution, please wait...
A total of 1 test files matched the specified pattern.
[xUnit.net 00:00:00.71]     Diten.SupplyChainService.Tests.Carriers.CarrierContractTests.AllLifecyclePairs(from: "Suspended", to: "Retired", expected: 200) [FAIL]
[xUnit.net 00:00:00.72]     Diten.SupplyChainService.Tests.Carriers.CarrierContractTests.AllLifecyclePairs(from: "Retired", to: "Suspended", expected: 422) [FAIL]
[xUnit.net 00:00:00.72]     Diten.SupplyChainService.Tests.Carriers.CarrierContractTests.AllLifecyclePairs(from: "Suspended", to: "Suspended", expected: 422) [FAIL]
[xUnit.net 00:00:00.72]     Diten.SupplyChainService.Tests.Carriers.CarrierContractTests.AllLifecyclePairs(from: "Active", to: "Retired", expected: 200) [FAIL]
[xUnit.net 00:00:00.72]     Diten.SupplyChainService.Tests.Carriers.CarrierContractTests.AllLifecyclePairs(from: "Active", to: "Suspended", expected: 200) [FAIL]
[xUnit.net 00:00:00.73]     Diten.SupplyChainService.Tests.Carriers.CarrierContractTests.AllLifecyclePairs(from: "Retired", to: "Retired", expected: 422) [FAIL]
[xUnit.net 00:00:00.73]     Diten.SupplyChainService.Tests.Carriers.CarrierContractTests.AllLifecyclePairs(from: "Suspended", to: "Active", expected: 200) [FAIL]
[xUnit.net 00:00:00.73]     Diten.SupplyChainService.Tests.Carriers.CarrierContractTests.AllLifecyclePairs(from: "Retired", to: "Active", expected: 422) [FAIL]
  Failed Diten.SupplyChainService.Tests.Carriers.CarrierContractTests.AllLifecyclePairs(from: "Suspended", to: "Retired", expected: 200) [38 ms]
  Error Message:
   System.InvalidOperationException : Isolated Mongo required.
  Stack Trace:
     at Diten.SupplyChainService.Tests.Carriers.CarrierContractTests.get_Connection() in /private/tmp/mvp6-mod0187-r14-apply-01-Q7vmHi/source/services/Diten.SupplyChainService/tests/Diten.SupplyChainService.Tests/Carriers/CarrierContractTests.cs:line 24
   at Diten.SupplyChainService.Tests.Carriers.CarrierContractTests.Factory.get_Settings() in /private/tmp/mvp6-mod0187-r14-apply-01-Q7vmHi/source/services/Diten.SupplyChainService/tests/Diten.SupplyChainService.Tests/Carriers/CarrierContractTests.cs:line 53
   at Diten.SupplyChainService.Tests.Carriers.CarrierContractTests.Factory.<>c.<CreateHost>b__4_0(IConfigurationBuilder c) in /private/tmp/mvp6-mod0187-r14-apply-01-Q7vmHi/source/services/Diten.SupplyChainService/tests/Diten.SupplyChainService.Tests/Carriers/CarrierContractTests.cs:line 56
   at Microsoft.AspNetCore.Mvc.Testing.DeferredHostBuilder.ConfigureHostConfiguration(Action`1 configureDelegate)
   at Diten.SupplyChainService.Tests.Carriers.CarrierContractTests.Factory.CreateHost(IHostBuilder builder) in /private/tmp/mvp6-mod0187-r14-apply-01-Q7vmHi/source/services/Diten.SupplyChainService/tests/Diten.SupplyChainService.Tests/Carriers/CarrierContractTests.cs:line 56
   at Microsoft.AspNetCore.Mvc.Testing.WebApplicationFactory`1.ConfigureHostBuilder(IHostBuilder hostBuilder)
   at Microsoft.AspNetCore.Mvc.Testing.WebApplicationFactory`1.EnsureServer()
   at Microsoft.AspNetCore.Mvc.Testing.WebApplicationFactory`1.CreateDefaultClient(DelegatingHandler[] handlers)
   at Microsoft.AspNetCore.Mvc.Testing.WebApplicationFactory`1.CreateDefaultClient(Uri baseAddress, DelegatingHandler[] handlers)
   at Microsoft.AspNetCore.Mvc.Testing.WebApplicationFactory`1.CreateClient(WebApplicationFactoryClientOptions options)
   at Microsoft.AspNetCore.Mvc.Testing.WebApplicationFactory`1.CreateClient()
   at Diten.SupplyChainService.Tests.Carriers.CarrierContractTests.AllLifecyclePairs(String from, String to, Int32 expected) in /private/tmp/mvp6-mod0187-r14-apply-01-Q7vmHi/source/services/Diten.SupplyChainService/tests/Diten.SupplyChainService.Tests/Carriers/CarrierContractTests.cs:line 131
--- End of stack trace from previous location ---
  Failed Diten.SupplyChainService.Tests.Carriers.CarrierContractTests.AllLifecyclePairs(from: "Retired", to: "Suspended", expected: 422) [4 ms]
  Error Message:
   System.InvalidOperationException : Isolated Mongo required.
  Stack Trace:
     at Diten.SupplyChainService.Tests.Carriers.CarrierContractTests.get_Connection() in /private/tmp/mvp6-mod0187-r14-apply-01-Q7vmHi/source/services/Diten.SupplyChainService/tests/Diten.SupplyChainService.Tests/Carriers/CarrierContractTests.cs:line 24
   at Diten.SupplyChainService.Tests.Carriers.CarrierContractTests.Factory.get_Settings() in /private/tmp/mvp6-mod0187-r14-apply-01-Q7vmHi/source/services/Diten.SupplyChainService/tests/Diten.SupplyChainService.Tests/Carriers/CarrierContractTests.cs:line 53
   at Diten.SupplyChainService.Tests.Carriers.CarrierContractTests.Factory.<>c.<CreateHost>b__4_0(IConfigurationBuilder c) in /private/tmp/mvp6-mod0187-r14-apply-01-Q7vmHi/source/services/Diten.SupplyChainService/tests/Diten.SupplyChainService.Tests/Carriers/CarrierContractTests.cs:line 56
   at Microsoft.AspNetCore.Mvc.Testing.DeferredHostBuilder.ConfigureHostConfiguration(Action`1 configureDelegate)
   at Diten.SupplyChainService.Tests.Carriers.CarrierContractTests.Factory.CreateHost(IHostBuilder builder) in /private/tmp/mvp6-mod0187-r14-apply-01-Q7vmHi/source/services/Diten.SupplyChainService/tests/Diten.SupplyChainService.Tests/Carriers/CarrierContractTests.cs:line 56
   at Microsoft.AspNetCore.Mvc.Testing.WebApplicationFactory`1.ConfigureHostBuilder(IHostBuilder hostBuilder)
   at Microsoft.AspNetCore.Mvc.Testing.WebApplicationFactory`1.EnsureServer()
   at Microsoft.AspNetCore.Mvc.Testing.WebApplicationFactory`1.CreateDefaultClient(DelegatingHandler[] handlers)
   at Microsoft.AspNetCore.Mvc.Testing.WebApplicationFactory`1.CreateDefaultClient(Uri baseAddress, DelegatingHandler[] handlers)
   at Microsoft.AspNetCore.Mvc.Testing.WebApplicationFactory`1.CreateClient(WebApplicationFactoryClientOptions options)
   at Microsoft.AspNetCore.Mvc.Testing.WebApplicationFactory`1.CreateClient()
   at Diten.SupplyChainService.Tests.Carriers.CarrierContractTests.AllLifecyclePairs(String from, String to, Int32 expected) in /private/tmp/mvp6-mod0187-r14-apply-01-Q7vmHi/source/services/Diten.SupplyChainService/tests/Diten.SupplyChainService.Tests/Carriers/CarrierContractTests.cs:line 131
--- End of stack trace from previous location ---
  Failed Diten.SupplyChainService.Tests.Carriers.CarrierContractTests.AllLifecyclePairs(from: "Suspended", to: "Suspended", expected: 422) [1 ms]
  Error Message:
   System.InvalidOperationException : Isolated Mongo required.
  Stack Trace:
     at Diten.SupplyChainService.Tests.Carriers.CarrierContractTests.get_Connection() in /private/tmp/mvp6-mod0187-r14-apply-01-Q7vmHi/source/services/Diten.SupplyChainService/tests/Diten.SupplyChainService.Tests/Carriers/CarrierContractTests.cs:line 24
   at Diten.SupplyChainService.Tests.Carriers.CarrierContractTests.Factory.get_Settings() in /private/tmp/mvp6-mod0187-r14-apply-01-Q7vmHi/source/services/Diten.SupplyChainService/tests/Diten.SupplyChainService.Tests/Carriers/CarrierContractTests.cs:line 53
   at Diten.SupplyChainService.Tests.Carriers.CarrierContractTests.Factory.<>c.<CreateHost>b__4_0(IConfigurationBuilder c) in /private/tmp/mvp6-mod0187-r14-apply-01-Q7vmHi/source/services/Diten.SupplyChainService/tests/Diten.SupplyChainService.Tests/Carriers/CarrierContractTests.cs:line 56
   at Microsoft.AspNetCore.Mvc.Testing.DeferredHostBuilder.ConfigureHostConfiguration(Action`1 configureDelegate)
   at Diten.SupplyChainService.Tests.Carriers.CarrierContractTests.Factory.CreateHost(IHostBuilder builder) in /private/tmp/mvp6-mod0187-r14-apply-01-Q7vmHi/source/services/Diten.SupplyChainService/tests/Diten.SupplyChainService.Tests/Carriers/CarrierContractTests.cs:line 56
   at Microsoft.AspNetCore.Mvc.Testing.WebApplicationFactory`1.ConfigureHostBuilder(IHostBuilder hostBuilder)
   at Microsoft.AspNetCore.Mvc.Testing.WebApplicationFactory`1.EnsureServer()
   at Microsoft.AspNetCore.Mvc.Testing.WebApplicationFactory`1.CreateDefaultClient(DelegatingHandler[] handlers)
   at Microsoft.AspNetCore.Mvc.Testing.WebApplicationFactory`1.CreateDefaultClient(Uri baseAddress, DelegatingHandler[] handlers)
   at Microsoft.AspNetCore.Mvc.Testing.WebApplicationFactory`1.CreateClient(WebApplicationFactoryClientOptions options)
   at Microsoft.AspNetCore.Mvc.Testing.WebApplicationFactory`1.CreateClient()
   at Diten.SupplyChainService.Tests.Carriers.CarrierContractTests.AllLifecyclePairs(String from, String to, Int32 expected) in /private/tmp/mvp6-mod0187-r14-apply-01-Q7vmHi/source/services/Diten.SupplyChainService/tests/Diten.SupplyChainService.Tests/Carriers/CarrierContractTests.cs:line 131
--- End of stack trace from previous location ---
  Failed Diten.SupplyChainService.Tests.Carriers.CarrierContractTests.AllLifecyclePairs(from: "Active", to: "Retired", expected: 200) [1 ms]
  Error Message:
   System.InvalidOperationException : Isolated Mongo required.
  Stack Trace:
     at Diten.SupplyChainService.Tests.Carriers.CarrierContractTests.get_Connection() in /private/tmp/mvp6-mod0187-r14-apply-01-Q7vmHi/source/services/Diten.SupplyChainService/tests/Diten.SupplyChainService.Tests/Carriers/CarrierContractTests.cs:line 24
   at Diten.SupplyChainService.Tests.Carriers.CarrierContractTests.Factory.get_Settings() in /private/tmp/mvp6-mod0187-r14-apply-01-Q7vmHi/source/services/Diten.SupplyChainService/tests/Diten.SupplyChainService.Tests/Carriers/CarrierContractTests.cs:line 53
   at Diten.SupplyChainService.Tests.Carriers.CarrierContractTests.Factory.<>c.<CreateHost>b__4_0(IConfigurationBuilder c) in /private/tmp/mvp6-mod0187-r14-apply-01-Q7vmHi/source/services/Diten.SupplyChainService/tests/Diten.SupplyChainService.Tests/Carriers/CarrierContractTests.cs:line 56
   at Microsoft.AspNetCore.Mvc.Testing.DeferredHostBuilder.ConfigureHostConfiguration(Action`1 configureDelegate)
   at Diten.SupplyChainService.Tests.Carriers.CarrierContractTests.Factory.CreateHost(IHostBuilder builder) in /private/tmp/mvp6-mod0187-r14-apply-01-Q7vmHi/source/services/Diten.SupplyChainService/tests/Diten.SupplyChainService.Tests/Carriers/CarrierContractTests.cs:line 56
   at Microsoft.AspNetCore.Mvc.Testing.WebApplicationFactory`1.ConfigureHostBuilder(IHostBuilder hostBuilder)
   at Microsoft.AspNetCore.Mvc.Testing.WebApplicationFactory`1.EnsureServer()
   at Microsoft.AspNetCore.Mvc.Testing.WebApplicationFactory`1.CreateDefaultClient(DelegatingHandler[] handlers)
   at Microsoft.AspNetCore.Mvc.Testing.WebApplicationFactory`1.CreateDefaultClient(Uri baseAddress, DelegatingHandler[] handlers)
   at Microsoft.AspNetCore.Mvc.Testing.WebApplicationFactory`1.CreateClient(WebApplicationFactoryClientOptions options)
   at Microsoft.AspNetCore.Mvc.Testing.WebApplicationFactory`1.CreateClient()
   at Diten.SupplyChainService.Tests.Carriers.CarrierContractTests.AllLifecyclePairs(String from, String to, Int32 expected) in /private/tmp/mvp6-mod0187-r14-apply-01-Q7vmHi/source/services/Diten.SupplyChainService/tests/Diten.SupplyChainService.Tests/Carriers/CarrierContractTests.cs:line 131
--- End of stack trace from previous location ---
  Failed Diten.SupplyChainService.Tests.Carriers.CarrierContractTests.AllLifecyclePairs(from: "Active", to: "Suspended", expected: 200) [< 1 ms]
  Error Message:
   System.InvalidOperationException : Isolated Mongo required.
  Stack Trace:
     at Diten.SupplyChainService.Tests.Carriers.CarrierContractTests.get_Connection() in /private/tmp/mvp6-mod0187-r14-apply-01-Q7vmHi/source/services/Diten.SupplyChainService/tests/Diten.SupplyChainService.Tests/Carriers/CarrierContractTests.cs:line 24
   at Diten.SupplyChainService.Tests.Carriers.CarrierContractTests.Factory.get_Settings() in /private/tmp/mvp6-mod0187-r14-apply-01-Q7vmHi/source/services/Diten.SupplyChainService/tests/Diten.SupplyChainService.Tests/Carriers/CarrierContractTests.cs:line 53
   at Diten.SupplyChainService.Tests.Carriers.CarrierContractTests.Factory.<>c.<CreateHost>b__4_0(IConfigurationBuilder c) in /private/tmp/mvp6-mod0187-r14-apply-01-Q7vmHi/source/services/Diten.SupplyChainService/tests/Diten.SupplyChainService.Tests/Carriers/CarrierContractTests.cs:line 56
   at Microsoft.AspNetCore.Mvc.Testing.DeferredHostBuilder.ConfigureHostConfiguration(Action`1 configureDelegate)
   at Diten.SupplyChainService.Tests.Carriers.CarrierContractTests.Factory.CreateHost(IHostBuilder builder) in /private/tmp/mvp6-mod0187-r14-apply-01-Q7vmHi/source/services/Diten.SupplyChainService/tests/Diten.SupplyChainService.Tests/Carriers/CarrierContractTests.cs:line 56
   at Microsoft.AspNetCore.Mvc.Testing.WebApplicationFactory`1.ConfigureHostBuilder(IHostBuilder hostBuilder)
   at Microsoft.AspNetCore.Mvc.Testing.WebApplicationFactory`1.EnsureServer()
   at Microsoft.AspNetCore.Mvc.Testing.WebApplicationFactory`1.CreateDefaultClient(DelegatingHandler[] handlers)
   at Microsoft.AspNetCore.Mvc.Testing.WebApplicationFactory`1.CreateDefaultClient(Uri baseAddress, DelegatingHandler[] handlers)
   at Microsoft.AspNetCore.Mvc.Testing.WebApplicationFactory`1.CreateClient(WebApplicationFactoryClientOptions options)
   at Microsoft.AspNetCore.Mvc.Testing.WebApplicationFactory`1.CreateClient()
   at Diten.SupplyChainService.Tests.Carriers.CarrierContractTests.AllLifecyclePairs(String from, String to, Int32 expected) in /private/tmp/mvp6-mod0187-r14-apply-01-Q7vmHi/source/services/Diten.SupplyChainService/tests/Diten.SupplyChainService.Tests/Carriers/CarrierContractTests.cs:line 131
--- End of stack trace from previous location ---
  Failed Diten.SupplyChainService.Tests.Carriers.CarrierContractTests.AllLifecyclePairs(from: "Retired", to: "Retired", expected: 422) [< 1 ms]
  Error Message:
   System.InvalidOperationException : Isolated Mongo required.
  Stack Trace:
     at Diten.SupplyChainService.Tests.Carriers.CarrierContractTests.get_Connection() in /private/tmp/mvp6-mod0187-r14-apply-01-Q7vmHi/source/services/Diten.SupplyChainService/tests/Diten.SupplyChainService.Tests/Carriers/CarrierContractTests.cs:line 24
   at Diten.SupplyChainService.Tests.Carriers.CarrierContractTests.Factory.get_Settings() in /private/tmp/mvp6-mod0187-r14-apply-01-Q7vmHi/source/services/Diten.SupplyChainService/tests/Diten.SupplyChainService.Tests/Carriers/CarrierContractTests.cs:line 53
   at Diten.SupplyChainService.Tests.Carriers.CarrierContractTests.Factory.<>c.<CreateHost>b__4_0(IConfigurationBuilder c) in /private/tmp/mvp6-mod0187-r14-apply-01-Q7vmHi/source/services/Diten.SupplyChainService/tests/Diten.SupplyChainService.Tests/Carriers/CarrierContractTests.cs:line 56
   at Microsoft.AspNetCore.Mvc.Testing.DeferredHostBuilder.ConfigureHostConfiguration(Action`1 configureDelegate)
   at Diten.SupplyChainService.Tests.Carriers.CarrierContractTests.Factory.CreateHost(IHostBuilder builder) in /private/tmp/mvp6-mod0187-r14-apply-01-Q7vmHi/source/services/Diten.SupplyChainService/tests/Diten.SupplyChainService.Tests/Carriers/CarrierContractTests.cs:line 56
   at Microsoft.AspNetCore.Mvc.Testing.WebApplicationFactory`1.ConfigureHostBuilder(IHostBuilder hostBuilder)
   at Microsoft.AspNetCore.Mvc.Testing.WebApplicationFactory`1.EnsureServer()
   at Microsoft.AspNetCore.Mvc.Testing.WebApplicationFactory`1.CreateDefaultClient(DelegatingHandler[] handlers)
   at Microsoft.AspNetCore.Mvc.Testing.WebApplicationFactory`1.CreateDefaultClient(Uri baseAddress, DelegatingHandler[] handlers)
   at Microsoft.AspNetCore.Mvc.Testing.WebApplicationFactory`1.CreateClient(WebApplicationFactoryClientOptions options)
   at Microsoft.AspNetCore.Mvc.Testing.WebApplicationFactory`1.CreateClient()
   at Diten.SupplyChainService.Tests.Carriers.CarrierContractTests.AllLifecyclePairs(String from, String to, Int32 expected) in /private/tmp/mvp6-mod0187-r14-apply-01-Q7vmHi/source/services/Diten.SupplyChainService/tests/Diten.SupplyChainService.Tests/Carriers/CarrierContractTests.cs:line 131
--- End of stack trace from previous location ---
  Failed Diten.SupplyChainService.Tests.Carriers.CarrierContractTests.AllLifecyclePairs(from: "Suspended", to: "Active", expected: 200) [< 1 ms]
  Error Message:
   System.InvalidOperationException : Isolated Mongo required.
  Stack Trace:
     at Diten.SupplyChainService.Tests.Carriers.CarrierContractTests.get_Connection() in /private/tmp/mvp6-mod0187-r14-apply-01-Q7vmHi/source/services/Diten.SupplyChainService/tests/Diten.SupplyChainService.Tests/Carriers/CarrierContractTests.cs:line 24
   at Diten.SupplyChainService.Tests.Carriers.CarrierContractTests.Factory.get_Settings() in /private/tmp/mvp6-mod0187-r14-apply-01-Q7vmHi/source/services/Diten.SupplyChainService/tests/Diten.SupplyChainService.Tests/Carriers/CarrierContractTests.cs:line 53
   at Diten.SupplyChainService.Tests.Carriers.CarrierContractTests.Factory.<>c.<CreateHost>b__4_0(IConfigurationBuilder c) in /private/tmp/mvp6-mod0187-r14-apply-01-Q7vmHi/source/services/Diten.SupplyChainService/tests/Diten.SupplyChainService.Tests/Carriers/CarrierContractTests.cs:line 56
   at Microsoft.AspNetCore.Mvc.Testing.DeferredHostBuilder.ConfigureHostConfiguration(Action`1 configureDelegate)
   at Diten.SupplyChainService.Tests.Carriers.CarrierContractTests.Factory.CreateHost(IHostBuilder builder) in /private/tmp/mvp6-mod0187-r14-apply-01-Q7vmHi/source/services/Diten.SupplyChainService/tests/Diten.SupplyChainService.Tests/Carriers/CarrierContractTests.cs:line 56
   at Microsoft.AspNetCore.Mvc.Testing.WebApplicationFactory`1.ConfigureHostBuilder(IHostBuilder hostBuilder)
   at Microsoft.AspNetCore.Mvc.Testing.WebApplicationFactory`1.EnsureServer()
   at Microsoft.AspNetCore.Mvc.Testing.WebApplicationFactory`1.CreateDefaultClient(DelegatingHandler[] handlers)
   at Microsoft.AspNetCore.Mvc.Testing.WebApplicationFactory`1.CreateDefaultClient(Uri baseAddress, DelegatingHandler[] handlers)
   at Microsoft.AspNetCore.Mvc.Testing.WebApplicationFactory`1.CreateClient(WebApplicationFactoryClientOptions options)
   at Microsoft.AspNetCore.Mvc.Testing.WebApplicationFactory`1.CreateClient()
   at Diten.SupplyChainService.Tests.Carriers.CarrierContractTests.AllLifecyclePairs(String from, String to, Int32 expected) in /private/tmp/mvp6-mod0187-r14-apply-01-Q7vmHi/source/services/Diten.SupplyChainService/tests/Diten.SupplyChainService.Tests/Carriers/CarrierContractTests.cs:line 131
--- End of stack trace from previous location ---
  Failed Diten.SupplyChainService.Tests.Carriers.CarrierContractTests.AllLifecyclePairs(from: "Retired", to: "Active", expected: 422) [< 1 ms]
  Error Message:
   System.InvalidOperationException : Isolated Mongo required.
  Stack Trace:
     at Diten.SupplyChainService.Tests.Carriers.CarrierContractTests.get_Connection() in /private/tmp/mvp6-mod0187-r14-apply-01-Q7vmHi/source/services/Diten.SupplyChainService/tests/Diten.SupplyChainService.Tests/Carriers/CarrierContractTests.cs:line 24
   at Diten.SupplyChainService.Tests.Carriers.CarrierContractTests.Factory.get_Settings() in /private/tmp/mvp6-mod0187-r14-apply-01-Q7vmHi/source/services/Diten.SupplyChainService/tests/Diten.SupplyChainService.Tests/Carriers/CarrierContractTests.cs:line 53
   at Diten.SupplyChainService.Tests.Carriers.CarrierContractTests.Factory.<>c.<CreateHost>b__4_0(IConfigurationBuilder c) in /private/tmp/mvp6-mod0187-r14-apply-01-Q7vmHi/source/services/Diten.SupplyChainService/tests/Diten.SupplyChainService.Tests/Carriers/CarrierContractTests.cs:line 56
   at Microsoft.AspNetCore.Mvc.Testing.DeferredHostBuilder.ConfigureHostConfiguration(Action`1 configureDelegate)
   at Diten.SupplyChainService.Tests.Carriers.CarrierContractTests.Factory.CreateHost(IHostBuilder builder) in /private/tmp/mvp6-mod0187-r14-apply-01-Q7vmHi/source/services/Diten.SupplyChainService/tests/Diten.SupplyChainService.Tests/Carriers/CarrierContractTests.cs:line 56
   at Microsoft.AspNetCore.Mvc.Testing.WebApplicationFactory`1.ConfigureHostBuilder(IHostBuilder hostBuilder)
   at Microsoft.AspNetCore.Mvc.Testing.WebApplicationFactory`1.EnsureServer()
   at Microsoft.AspNetCore.Mvc.Testing.WebApplicationFactory`1.CreateDefaultClient(DelegatingHandler[] handlers)
   at Microsoft.AspNetCore.Mvc.Testing.WebApplicationFactory`1.CreateDefaultClient(Uri baseAddress, DelegatingHandler[] handlers)
   at Microsoft.AspNetCore.Mvc.Testing.WebApplicationFactory`1.CreateClient(WebApplicationFactoryClientOptions options)
   at Microsoft.AspNetCore.Mvc.Testing.WebApplicationFactory`1.CreateClient()
   at Diten.SupplyChainService.Tests.Carriers.CarrierContractTests.AllLifecyclePairs(String from, String to, Int32 expected) in /private/tmp/mvp6-mod0187-r14-apply-01-Q7vmHi/source/services/Diten.SupplyChainService/tests/Diten.SupplyChainService.Tests/Carriers/CarrierContractTests.cs:line 131
--- End of stack trace from previous location ---
[xUnit.net 00:00:00.73]     Diten.SupplyChainService.Tests.Carriers.CarrierContractTests.AllLifecyclePairs(from: "Active", to: "Active", expected: 422) [FAIL]
[xUnit.net 00:00:00.73]     Diten.SupplyChainService.Tests.Carriers.CarrierContractTests.EveryWriteFaultRollsBackCreateAndStatus(phase: "entity") [FAIL]
[xUnit.net 00:00:00.74]     Diten.SupplyChainService.Tests.Carriers.CarrierContractTests.EveryWriteFaultRollsBackCreateAndStatus(phase: "audit") [FAIL]
[xUnit.net 00:00:00.74]     Diten.SupplyChainService.Tests.Carriers.CarrierContractTests.EveryWriteFaultRollsBackCreateAndStatus(phase: "receipt") [FAIL]
[xUnit.net 00:00:00.75]     Diten.SupplyChainService.Tests.Carriers.CarrierContractTests.EveryWriteFaultRollsBackCreateAndStatus(phase: "beforeCommit") [FAIL]
[xUnit.net 00:00:00.75]     Diten.SupplyChainService.Tests.Carriers.CarrierContractTests.OrderedHeaderBodyAndReplayValidation [FAIL]
[xUnit.net 00:00:00.76]     Diten.SupplyChainService.Tests.Carriers.CarrierContractTests.ExactCreateListAndHistoricalReplay [FAIL]
[xUnit.net 00:00:00.76]     Diten.SupplyChainService.Tests.Carriers.CarrierContractTests.SimultaneousReplayAndCodeUniquenessHaveSingleWinners [FAIL]
[xUnit.net 00:00:00.77]     Diten.SupplyChainService.Tests.Carriers.CarrierContractTests.OperationPermissionsAreIndependent(grant: "status.change") [FAIL]
  Failed Diten.SupplyChainService.Tests.Carriers.CarrierContractTests.AllLifecyclePairs(from: "Active", to: "Active", expected: 422) [1 ms]
  Error Message:
   System.InvalidOperationException : Isolated Mongo required.
  Stack Trace:
     at Diten.SupplyChainService.Tests.Carriers.CarrierContractTests.get_Connection() in /private/tmp/mvp6-mod0187-r14-apply-01-Q7vmHi/source/services/Diten.SupplyChainService/tests/Diten.SupplyChainService.Tests/Carriers/CarrierContractTests.cs:line 24
   at Diten.SupplyChainService.Tests.Carriers.CarrierContractTests.Factory.get_Settings() in /private/tmp/mvp6-mod0187-r14-apply-01-Q7vmHi/source/services/Diten.SupplyChainService/tests/Diten.SupplyChainService.Tests/Carriers/CarrierContractTests.cs:line 53
   at Diten.SupplyChainService.Tests.Carriers.CarrierContractTests.Factory.<>c.<CreateHost>b__4_0(IConfigurationBuilder c) in /private/tmp/mvp6-mod0187-r14-apply-01-Q7vmHi/source/services/Diten.SupplyChainService/tests/Diten.SupplyChainService.Tests/Carriers/CarrierContractTests.cs:line 56
   at Microsoft.AspNetCore.Mvc.Testing.DeferredHostBuilder.ConfigureHostConfiguration(Action`1 configureDelegate)
   at Diten.SupplyChainService.Tests.Carriers.CarrierContractTests.Factory.CreateHost(IHostBuilder builder) in /private/tmp/mvp6-mod0187-r14-apply-01-Q7vmHi/source/services/Diten.SupplyChainService/tests/Diten.SupplyChainService.Tests/Carriers/CarrierContractTests.cs:line 56
   at Microsoft.AspNetCore.Mvc.Testing.WebApplicationFactory`1.ConfigureHostBuilder(IHostBuilder hostBuilder)
   at Microsoft.AspNetCore.Mvc.Testing.WebApplicationFactory`1.EnsureServer()
   at Microsoft.AspNetCore.Mvc.Testing.WebApplicationFactory`1.CreateDefaultClient(DelegatingHandler[] handlers)
   at Microsoft.AspNetCore.Mvc.Testing.WebApplicationFactory`1.CreateDefaultClient(Uri baseAddress, DelegatingHandler[] handlers)
   at Microsoft.AspNetCore.Mvc.Testing.WebApplicationFactory`1.CreateClient(WebApplicationFactoryClientOptions options)
   at Microsoft.AspNetCore.Mvc.Testing.WebApplicationFactory`1.CreateClient()
   at Diten.SupplyChainService.Tests.Carriers.CarrierContractTests.AllLifecyclePairs(String from, String to, Int32 expected) in /private/tmp/mvp6-mod0187-r14-apply-01-Q7vmHi/source/services/Diten.SupplyChainService/tests/Diten.SupplyChainService.Tests/Carriers/CarrierContractTests.cs:line 131
--- End of stack trace from previous location ---
  Failed Diten.SupplyChainService.Tests.Carriers.CarrierContractTests.EveryWriteFaultRollsBackCreateAndStatus(phase: "entity") [4 ms]
  Error Message:
   System.InvalidOperationException : Isolated Mongo required.
  Stack Trace:
     at Diten.SupplyChainService.Tests.Carriers.CarrierContractTests.get_Connection() in /private/tmp/mvp6-mod0187-r14-apply-01-Q7vmHi/source/services/Diten.SupplyChainService/tests/Diten.SupplyChainService.Tests/Carriers/CarrierContractTests.cs:line 24
   at Diten.SupplyChainService.Tests.Carriers.CarrierContractTests.Factory.get_Settings() in /private/tmp/mvp6-mod0187-r14-apply-01-Q7vmHi/source/services/Diten.SupplyChainService/tests/Diten.SupplyChainService.Tests/Carriers/CarrierContractTests.cs:line 53
   at Diten.SupplyChainService.Tests.Carriers.CarrierContractTests.Factory.<>c.<CreateHost>b__4_0(IConfigurationBuilder c) in /private/tmp/mvp6-mod0187-r14-apply-01-Q7vmHi/source/services/Diten.SupplyChainService/tests/Diten.SupplyChainService.Tests/Carriers/CarrierContractTests.cs:line 56
   at Microsoft.AspNetCore.Mvc.Testing.DeferredHostBuilder.ConfigureHostConfiguration(Action`1 configureDelegate)
   at Diten.SupplyChainService.Tests.Carriers.CarrierContractTests.Factory.CreateHost(IHostBuilder builder) in /private/tmp/mvp6-mod0187-r14-apply-01-Q7vmHi/source/services/Diten.SupplyChainService/tests/Diten.SupplyChainService.Tests/Carriers/CarrierContractTests.cs:line 56
   at Microsoft.AspNetCore.Mvc.Testing.WebApplicationFactory`1.ConfigureHostBuilder(IHostBuilder hostBuilder)
   at Microsoft.AspNetCore.Mvc.Testing.WebApplicationFactory`1.EnsureServer()
   at Microsoft.AspNetCore.Mvc.Testing.WebApplicationFactory`1.CreateDefaultClient(DelegatingHandler[] handlers)
   at Microsoft.AspNetCore.Mvc.Testing.WebApplicationFactory`1.CreateDefaultClient(Uri baseAddress, DelegatingHandler[] handlers)
   at Microsoft.AspNetCore.Mvc.Testing.WebApplicationFactory`1.CreateClient(WebApplicationFactoryClientOptions options)
   at Microsoft.AspNetCore.Mvc.Testing.WebApplicationFactory`1.CreateClient()
   at Diten.SupplyChainService.Tests.Carriers.CarrierContractTests.EveryWriteFaultRollsBackCreateAndStatus(String phase) in /private/tmp/mvp6-mod0187-r14-apply-01-Q7vmHi/source/services/Diten.SupplyChainService/tests/Diten.SupplyChainService.Tests/Carriers/CarrierContractTests.cs:line 141
--- End of stack trace from previous location ---
  Failed Diten.SupplyChainService.Tests.Carriers.CarrierContractTests.EveryWriteFaultRollsBackCreateAndStatus(phase: "audit") [1 ms]
  Error Message:
   System.InvalidOperationException : Isolated Mongo required.
  Stack Trace:
     at Diten.SupplyChainService.Tests.Carriers.CarrierContractTests.get_Connection() in /private/tmp/mvp6-mod0187-r14-apply-01-Q7vmHi/source/services/Diten.SupplyChainService/tests/Diten.SupplyChainService.Tests/Carriers/CarrierContractTests.cs:line 24
   at Diten.SupplyChainService.Tests.Carriers.CarrierContractTests.Factory.get_Settings() in /private/tmp/mvp6-mod0187-r14-apply-01-Q7vmHi/source/services/Diten.SupplyChainService/tests/Diten.SupplyChainService.Tests/Carriers/CarrierContractTests.cs:line 53
   at Diten.SupplyChainService.Tests.Carriers.CarrierContractTests.Factory.<>c.<CreateHost>b__4_0(IConfigurationBuilder c) in /private/tmp/mvp6-mod0187-r14-apply-01-Q7vmHi/source/services/Diten.SupplyChainService/tests/Diten.SupplyChainService.Tests/Carriers/CarrierContractTests.cs:line 56
   at Microsoft.AspNetCore.Mvc.Testing.DeferredHostBuilder.ConfigureHostConfiguration(Action`1 configureDelegate)
   at Diten.SupplyChainService.Tests.Carriers.CarrierContractTests.Factory.CreateHost(IHostBuilder builder) in /private/tmp/mvp6-mod0187-r14-apply-01-Q7vmHi/source/services/Diten.SupplyChainService/tests/Diten.SupplyChainService.Tests/Carriers/CarrierContractTests.cs:line 56
   at Microsoft.AspNetCore.Mvc.Testing.WebApplicationFactory`1.ConfigureHostBuilder(IHostBuilder hostBuilder)
   at Microsoft.AspNetCore.Mvc.Testing.WebApplicationFactory`1.EnsureServer()
   at Microsoft.AspNetCore.Mvc.Testing.WebApplicationFactory`1.CreateDefaultClient(DelegatingHandler[] handlers)
   at Microsoft.AspNetCore.Mvc.Testing.WebApplicationFactory`1.CreateDefaultClient(Uri baseAddress, DelegatingHandler[] handlers)
   at Microsoft.AspNetCore.Mvc.Testing.WebApplicationFactory`1.CreateClient(WebApplicationFactoryClientOptions options)
   at Microsoft.AspNetCore.Mvc.Testing.WebApplicationFactory`1.CreateClient()
   at Diten.SupplyChainService.Tests.Carriers.CarrierContractTests.EveryWriteFaultRollsBackCreateAndStatus(String phase) in /private/tmp/mvp6-mod0187-r14-apply-01-Q7vmHi/source/services/Diten.SupplyChainService/tests/Diten.SupplyChainService.Tests/Carriers/CarrierContractTests.cs:line 141
--- End of stack trace from previous location ---
  Failed Diten.SupplyChainService.Tests.Carriers.CarrierContractTests.EveryWriteFaultRollsBackCreateAndStatus(phase: "receipt") [< 1 ms]
  Error Message:
   System.InvalidOperationException : Isolated Mongo required.
  Stack Trace:
     at Diten.SupplyChainService.Tests.Carriers.CarrierContractTests.get_Connection() in /private/tmp/mvp6-mod0187-r14-apply-01-Q7vmHi/source/services/Diten.SupplyChainService/tests/Diten.SupplyChainService.Tests/Carriers/CarrierContractTests.cs:line 24
   at Diten.SupplyChainService.Tests.Carriers.CarrierContractTests.Factory.get_Settings() in /private/tmp/mvp6-mod0187-r14-apply-01-Q7vmHi/source/services/Diten.SupplyChainService/tests/Diten.SupplyChainService.Tests/Carriers/CarrierContractTests.cs:line 53
   at Diten.SupplyChainService.Tests.Carriers.CarrierContractTests.Factory.<>c.<CreateHost>b__4_0(IConfigurationBuilder c) in /private/tmp/mvp6-mod0187-r14-apply-01-Q7vmHi/source/services/Diten.SupplyChainService/tests/Diten.SupplyChainService.Tests/Carriers/CarrierContractTests.cs:line 56
   at Microsoft.AspNetCore.Mvc.Testing.DeferredHostBuilder.ConfigureHostConfiguration(Action`1 configureDelegate)
   at Diten.SupplyChainService.Tests.Carriers.CarrierContractTests.Factory.CreateHost(IHostBuilder builder) in /private/tmp/mvp6-mod0187-r14-apply-01-Q7vmHi/source/services/Diten.SupplyChainService/tests/Diten.SupplyChainService.Tests/Carriers/CarrierContractTests.cs:line 56
   at Microsoft.AspNetCore.Mvc.Testing.WebApplicationFactory`1.ConfigureHostBuilder(IHostBuilder hostBuilder)
   at Microsoft.AspNetCore.Mvc.Testing.WebApplicationFactory`1.EnsureServer()
   at Microsoft.AspNetCore.Mvc.Testing.WebApplicationFactory`1.CreateDefaultClient(DelegatingHandler[] handlers)
   at Microsoft.AspNetCore.Mvc.Testing.WebApplicationFactory`1.CreateDefaultClient(Uri baseAddress, DelegatingHandler[] handlers)
   at Microsoft.AspNetCore.Mvc.Testing.WebApplicationFactory`1.CreateClient(WebApplicationFactoryClientOptions options)
   at Microsoft.AspNetCore.Mvc.Testing.WebApplicationFactory`1.CreateClient()
   at Diten.SupplyChainService.Tests.Carriers.CarrierContractTests.EveryWriteFaultRollsBackCreateAndStatus(String phase) in /private/tmp/mvp6-mod0187-r14-apply-01-Q7vmHi/source/services/Diten.SupplyChainService/tests/Diten.SupplyChainService.Tests/Carriers/CarrierContractTests.cs:line 141
--- End of stack trace from previous location ---
  Failed Diten.SupplyChainService.Tests.Carriers.CarrierContractTests.EveryWriteFaultRollsBackCreateAndStatus(phase: "beforeCommit") [1 ms]
  Error Message:
   System.InvalidOperationException : Isolated Mongo required.
  Stack Trace:
     at Diten.SupplyChainService.Tests.Carriers.CarrierContractTests.get_Connection() in /private/tmp/mvp6-mod0187-r14-apply-01-Q7vmHi/source/services/Diten.SupplyChainService/tests/Diten.SupplyChainService.Tests/Carriers/CarrierContractTests.cs:line 24
   at Diten.SupplyChainService.Tests.Carriers.CarrierContractTests.Factory.get_Settings() in /private/tmp/mvp6-mod0187-r14-apply-01-Q7vmHi/source/services/Diten.SupplyChainService/tests/Diten.SupplyChainService.Tests/Carriers/CarrierContractTests.cs:line 53
   at Diten.SupplyChainService.Tests.Carriers.CarrierContractTests.Factory.<>c.<CreateHost>b__4_0(IConfigurationBuilder c) in /private/tmp/mvp6-mod0187-r14-apply-01-Q7vmHi/source/services/Diten.SupplyChainService/tests/Diten.SupplyChainService.Tests/Carriers/CarrierContractTests.cs:line 56
   at Microsoft.AspNetCore.Mvc.Testing.DeferredHostBuilder.ConfigureHostConfiguration(Action`1 configureDelegate)
   at Diten.SupplyChainService.Tests.Carriers.CarrierContractTests.Factory.CreateHost(IHostBuilder builder) in /private/tmp/mvp6-mod0187-r14-apply-01-Q7vmHi/source/services/Diten.SupplyChainService/tests/Diten.SupplyChainService.Tests/Carriers/CarrierContractTests.cs:line 56
   at Microsoft.AspNetCore.Mvc.Testing.WebApplicationFactory`1.ConfigureHostBuilder(IHostBuilder hostBuilder)
   at Microsoft.AspNetCore.Mvc.Testing.WebApplicationFactory`1.EnsureServer()
   at Microsoft.AspNetCore.Mvc.Testing.WebApplicationFactory`1.CreateDefaultClient(DelegatingHandler[] handlers)
   at Microsoft.AspNetCore.Mvc.Testing.WebApplicationFactory`1.CreateDefaultClient(Uri baseAddress, DelegatingHandler[] handlers)
   at Microsoft.AspNetCore.Mvc.Testing.WebApplicationFactory`1.CreateClient(WebApplicationFactoryClientOptions options)
   at Microsoft.AspNetCore.Mvc.Testing.WebApplicationFactory`1.CreateClient()
   at Diten.SupplyChainService.Tests.Carriers.CarrierContractTests.EveryWriteFaultRollsBackCreateAndStatus(String phase) in /private/tmp/mvp6-mod0187-r14-apply-01-Q7vmHi/source/services/Diten.SupplyChainService/tests/Diten.SupplyChainService.Tests/Carriers/CarrierContractTests.cs:line 141
--- End of stack trace from previous location ---
  Failed Diten.SupplyChainService.Tests.Carriers.CarrierContractTests.OrderedHeaderBodyAndReplayValidation [7 ms]
  Error Message:
   System.InvalidOperationException : Isolated Mongo required.
  Stack Trace:
     at Diten.SupplyChainService.Tests.Carriers.CarrierContractTests.get_Connection() in /private/tmp/mvp6-mod0187-r14-apply-01-Q7vmHi/source/services/Diten.SupplyChainService/tests/Diten.SupplyChainService.Tests/Carriers/CarrierContractTests.cs:line 24
   at Diten.SupplyChainService.Tests.Carriers.CarrierContractTests.Factory.get_Settings() in /private/tmp/mvp6-mod0187-r14-apply-01-Q7vmHi/source/services/Diten.SupplyChainService/tests/Diten.SupplyChainService.Tests/Carriers/CarrierContractTests.cs:line 53
   at Diten.SupplyChainService.Tests.Carriers.CarrierContractTests.Factory.<>c.<CreateHost>b__4_0(IConfigurationBuilder c) in /private/tmp/mvp6-mod0187-r14-apply-01-Q7vmHi/source/services/Diten.SupplyChainService/tests/Diten.SupplyChainService.Tests/Carriers/CarrierContractTests.cs:line 56
   at Microsoft.AspNetCore.Mvc.Testing.DeferredHostBuilder.ConfigureHostConfiguration(Action`1 configureDelegate)
   at Diten.SupplyChainService.Tests.Carriers.CarrierContractTests.Factory.CreateHost(IHostBuilder builder) in /private/tmp/mvp6-mod0187-r14-apply-01-Q7vmHi/source/services/Diten.SupplyChainService/tests/Diten.SupplyChainService.Tests/Carriers/CarrierContractTests.cs:line 56
   at Microsoft.AspNetCore.Mvc.Testing.WebApplicationFactory`1.ConfigureHostBuilder(IHostBuilder hostBuilder)
   at Microsoft.AspNetCore.Mvc.Testing.WebApplicationFactory`1.EnsureServer()
   at Microsoft.AspNetCore.Mvc.Testing.WebApplicationFactory`1.CreateDefaultClient(DelegatingHandler[] handlers)
   at Microsoft.AspNetCore.Mvc.Testing.WebApplicationFactory`1.CreateDefaultClient(Uri baseAddress, DelegatingHandler[] handlers)
   at Microsoft.AspNetCore.Mvc.Testing.WebApplicationFactory`1.CreateClient(WebApplicationFactoryClientOptions options)
   at Microsoft.AspNetCore.Mvc.Testing.WebApplicationFactory`1.CreateClient()
   at Diten.SupplyChainService.Tests.Carriers.CarrierContractTests.OrderedHeaderBodyAndReplayValidation() in /private/tmp/mvp6-mod0187-r14-apply-01-Q7vmHi/source/services/Diten.SupplyChainService/tests/Diten.SupplyChainService.Tests/Carriers/CarrierContractTests.cs:line 201
--- End of stack trace from previous location ---
  Failed Diten.SupplyChainService.Tests.Carriers.CarrierContractTests.ExactCreateListAndHistoricalReplay [9 ms]
  Error Message:
   System.InvalidOperationException : Isolated Mongo required.
  Stack Trace:
     at Diten.SupplyChainService.Tests.Carriers.CarrierContractTests.get_Connection() in /private/tmp/mvp6-mod0187-r14-apply-01-Q7vmHi/source/services/Diten.SupplyChainService/tests/Diten.SupplyChainService.Tests/Carriers/CarrierContractTests.cs:line 24
   at Diten.SupplyChainService.Tests.Carriers.CarrierContractTests.Factory.get_Settings() in /private/tmp/mvp6-mod0187-r14-apply-01-Q7vmHi/source/services/Diten.SupplyChainService/tests/Diten.SupplyChainService.Tests/Carriers/CarrierContractTests.cs:line 53
   at Diten.SupplyChainService.Tests.Carriers.CarrierContractTests.Factory.<>c.<CreateHost>b__4_0(IConfigurationBuilder c) in /private/tmp/mvp6-mod0187-r14-apply-01-Q7vmHi/source/services/Diten.SupplyChainService/tests/Diten.SupplyChainService.Tests/Carriers/CarrierContractTests.cs:line 56
   at Microsoft.AspNetCore.Mvc.Testing.DeferredHostBuilder.ConfigureHostConfiguration(Action`1 configureDelegate)
   at Diten.SupplyChainService.Tests.Carriers.CarrierContractTests.Factory.CreateHost(IHostBuilder builder) in /private/tmp/mvp6-mod0187-r14-apply-01-Q7vmHi/source/services/Diten.SupplyChainService/tests/Diten.SupplyChainService.Tests/Carriers/CarrierContractTests.cs:line 56
   at Microsoft.AspNetCore.Mvc.Testing.WebApplicationFactory`1.ConfigureHostBuilder(IHostBuilder hostBuilder)
   at Microsoft.AspNetCore.Mvc.Testing.WebApplicationFactory`1.EnsureServer()
   at Microsoft.AspNetCore.Mvc.Testing.WebApplicationFactory`1.CreateDefaultClient(DelegatingHandler[] handlers)
   at Microsoft.AspNetCore.Mvc.Testing.WebApplicationFactory`1.CreateDefaultClient(Uri baseAddress, DelegatingHandler[] handlers)
   at Microsoft.AspNetCore.Mvc.Testing.WebApplicationFactory`1.CreateClient(WebApplicationFactoryClientOptions options)
   at Microsoft.AspNetCore.Mvc.Testing.WebApplicationFactory`1.CreateClient()
   at Diten.SupplyChainService.Tests.Carriers.CarrierContractTests.ExactCreateListAndHistoricalReplay() in /private/tmp/mvp6-mod0187-r14-apply-01-Q7vmHi/source/services/Diten.SupplyChainService/tests/Diten.SupplyChainService.Tests/Carriers/CarrierContractTests.cs:line 110
--- End of stack trace from previous location ---
  Failed Diten.SupplyChainService.Tests.Carriers.CarrierContractTests.SimultaneousReplayAndCodeUniquenessHaveSingleWinners [5 ms]
  Error Message:
   System.InvalidOperationException : Isolated Mongo required.
  Stack Trace:
     at Diten.SupplyChainService.Tests.Carriers.CarrierContractTests.get_Connection() in /private/tmp/mvp6-mod0187-r14-apply-01-Q7vmHi/source/services/Diten.SupplyChainService/tests/Diten.SupplyChainService.Tests/Carriers/CarrierContractTests.cs:line 24
   at Diten.SupplyChainService.Tests.Carriers.CarrierContractTests.Factory.get_Settings() in /private/tmp/mvp6-mod0187-r14-apply-01-Q7vmHi/source/services/Diten.SupplyChainService/tests/Diten.SupplyChainService.Tests/Carriers/CarrierContractTests.cs:line 53
   at Diten.SupplyChainService.Tests.Carriers.CarrierContractTests.Factory.<>c.<CreateHost>b__4_0(IConfigurationBuilder c) in /private/tmp/mvp6-mod0187-r14-apply-01-Q7vmHi/source/services/Diten.SupplyChainService/tests/Diten.SupplyChainService.Tests/Carriers/CarrierContractTests.cs:line 56
   at Microsoft.AspNetCore.Mvc.Testing.DeferredHostBuilder.ConfigureHostConfiguration(Action`1 configureDelegate)
   at Diten.SupplyChainService.Tests.Carriers.CarrierContractTests.Factory.CreateHost(IHostBuilder builder) in /private/tmp/mvp6-mod0187-r14-apply-01-Q7vmHi/source/services/Diten.SupplyChainService/tests/Diten.SupplyChainService.Tests/Carriers/CarrierContractTests.cs:line 56
   at Microsoft.AspNetCore.Mvc.Testing.WebApplicationFactory`1.ConfigureHostBuilder(IHostBuilder hostBuilder)
   at Microsoft.AspNetCore.Mvc.Testing.WebApplicationFactory`1.EnsureServer()
   at Microsoft.AspNetCore.Mvc.Testing.WebApplicationFactory`1.CreateDefaultClient(DelegatingHandler[] handlers)
   at Microsoft.AspNetCore.Mvc.Testing.WebApplicationFactory`1.CreateDefaultClient(Uri baseAddress, DelegatingHandler[] handlers)
   at Microsoft.AspNetCore.Mvc.Testing.WebApplicationFactory`1.CreateClient(WebApplicationFactoryClientOptions options)
   at Microsoft.AspNetCore.Mvc.Testing.WebApplicationFactory`1.CreateClient()
   at Diten.SupplyChainService.Tests.Carriers.CarrierContractTests.SimultaneousReplayAndCodeUniquenessHaveSingleWinners() in /private/tmp/mvp6-mod0187-r14-apply-01-Q7vmHi/source/services/Diten.SupplyChainService/tests/Diten.SupplyChainService.Tests/Carriers/CarrierContractTests.cs:line 160
--- End of stack trace from previous location ---
  Failed Diten.SupplyChainService.Tests.Carriers.CarrierContractTests.OperationPermissionsAreIndependent(grant: "status.change") [3 ms]
  Error Message:
   System.InvalidOperationException : Isolated Mongo required.
  Stack Trace:
     at Diten.SupplyChainService.Tests.Carriers.CarrierContractTests.get_Connection() in /private/tmp/mvp6-mod0187-r14-apply-01-Q7vmHi/source/services/Diten.SupplyChainService/tests/Diten.SupplyChainService.Tests/Carriers/CarrierContractTests.cs:line 24
   at Diten.SupplyChainService.Tests.Carriers.CarrierContractTests.Factory.get_Settings() in /private/tmp/mvp6-mod0187-r14-apply-01-Q7vmHi/source/services/Diten.SupplyChainService/tests/Diten.SupplyChainService.Tests/Carriers/CarrierContractTests.cs:line 53
   at Diten.SupplyChainService.Tests.Carriers.CarrierContractTests.Factory.<>c.<CreateHost>b__4_0(IConfigurationBuilder c) in /private/tmp/mvp6-mod0187-r14-apply-01-Q7vmHi/source/services/Diten.SupplyChainService/tests/Diten.SupplyChainService.Tests/Carriers/CarrierContractTests.cs:line 56
   at Microsoft.AspNetCore.Mvc.Testing.DeferredHostBuilder.ConfigureHostConfiguration(Action`1 configureDelegate)
   at Diten.SupplyChainService.Tests.Carriers.CarrierContractTests.Factory.CreateHost(IHostBuilder builder) in /private/tmp/mvp6-mod0187-r14-apply-01-Q7vmHi/source/services/Diten.SupplyChainService/tests/Diten.SupplyChainService.Tests/Carriers/CarrierContractTests.cs:line 56
   at Microsoft.AspNetCore.Mvc.Testing.WebApplicationFactory`1.ConfigureHostBuilder(IHostBuilder hostBuilder)
   at Microsoft.AspNetCore.Mvc.Testing.WebApplicationFactory`1.EnsureServer()
   at Microsoft.AspNetCore.Mvc.Testing.WebApplicationFactory`1.CreateDefaultClient(DelegatingHandler[] handlers)
   at Microsoft.AspNetCore.Mvc.Testing.WebApplicationFactory`1.CreateDefaultClient(Uri baseAddress, DelegatingHandler[] handlers)
   at Microsoft.AspNetCore.Mvc.Testing.WebApplicationFactory`1.CreateClient(WebApplicationFactoryClientOptions options)
   at Microsoft.AspNetCore.Mvc.Testing.WebApplicationFactory`1.CreateClient()
   at Diten.SupplyChainService.Tests.Carriers.CarrierContractTests.OperationPermissionsAreIndependent(String grant) in /private/tmp/mvp6-mod0187-r14-apply-01-Q7vmHi/source/services/Diten.SupplyChainService/tests/Diten.SupplyChainService.Tests/Carriers/CarrierContractTests.cs:line 193
--- End of stack trace from previous location ---
[xUnit.net 00:00:00.80]     Diten.SupplyChainService.Tests.Carriers.CarrierContractTests.OperationPermissionsAreIndependent(grant: "read") [FAIL]
[xUnit.net 00:00:00.81]     Diten.SupplyChainService.Tests.Carriers.CarrierContractTests.OperationPermissionsAreIndependent(grant: "create") [FAIL]
[xUnit.net 00:00:00.81]     Diten.SupplyChainService.Tests.Carriers.CarrierContractTests.BarrierSynchronizedDistinctTargetsEqualValidSerialHistory [FAIL]
[xUnit.net 00:00:00.81]     Diten.SupplyChainService.Tests.Carriers.CarrierContractTests.CanonicalFingerprintPreservesModeOrderDuplicatesAndStrings [FAIL]
[xUnit.net 00:00:00.82]     Diten.SupplyChainService.Tests.Carriers.CarrierContractTests.AfterCommitFailureRecoversByReceipt(unknown: True) [FAIL]
[xUnit.net 00:00:00.82]     Diten.SupplyChainService.Tests.Carriers.CarrierContractTests.AfterCommitFailureRecoversByReceipt(unknown: False) [FAIL]
[xUnit.net 00:00:00.82]     Diten.SupplyChainService.Tests.Carriers.CarrierContractTests.IndexCreationFailureIsNotIgnored [FAIL]
[xUnit.net 00:00:00.82]     Diten.SupplyChainService.Tests.Carriers.CarrierContractTests.ValidationStagesOneThroughFiveDoNotCallRepository [FAIL]
[xUnit.net 00:00:00.84]     Diten.SupplyChainService.Tests.Carriers.CarrierContractTests.HeaderBoundariesNilCorrelationAndSchemaStrings [FAIL]
  Failed Diten.SupplyChainService.Tests.Carriers.CarrierContractTests.OperationPermissionsAreIndependent(grant: "read") [1 ms]
  Error Message:
   System.InvalidOperationException : Isolated Mongo required.
  Stack Trace:
     at Diten.SupplyChainService.Tests.Carriers.CarrierContractTests.get_Connection() in /private/tmp/mvp6-mod0187-r14-apply-01-Q7vmHi/source/services/Diten.SupplyChainService/tests/Diten.SupplyChainService.Tests/Carriers/CarrierContractTests.cs:line 24
   at Diten.SupplyChainService.Tests.Carriers.CarrierContractTests.Factory.get_Settings() in /private/tmp/mvp6-mod0187-r14-apply-01-Q7vmHi/source/services/Diten.SupplyChainService/tests/Diten.SupplyChainService.Tests/Carriers/CarrierContractTests.cs:line 53
   at Diten.SupplyChainService.Tests.Carriers.CarrierContractTests.Factory.<>c.<CreateHost>b__4_0(IConfigurationBuilder c) in /private/tmp/mvp6-mod0187-r14-apply-01-Q7vmHi/source/services/Diten.SupplyChainService/tests/Diten.SupplyChainService.Tests/Carriers/CarrierContractTests.cs:line 56
   at Microsoft.AspNetCore.Mvc.Testing.DeferredHostBuilder.ConfigureHostConfiguration(Action`1 configureDelegate)
   at Diten.SupplyChainService.Tests.Carriers.CarrierContractTests.Factory.CreateHost(IHostBuilder builder) in /private/tmp/mvp6-mod0187-r14-apply-01-Q7vmHi/source/services/Diten.SupplyChainService/tests/Diten.SupplyChainService.Tests/Carriers/CarrierContractTests.cs:line 56
   at Microsoft.AspNetCore.Mvc.Testing.WebApplicationFactory`1.ConfigureHostBuilder(IHostBuilder hostBuilder)
   at Microsoft.AspNetCore.Mvc.Testing.WebApplicationFactory`1.EnsureServer()
   at Microsoft.AspNetCore.Mvc.Testing.WebApplicationFactory`1.CreateDefaultClient(DelegatingHandler[] handlers)
   at Microsoft.AspNetCore.Mvc.Testing.WebApplicationFactory`1.CreateDefaultClient(Uri baseAddress, DelegatingHandler[] handlers)
   at Microsoft.AspNetCore.Mvc.Testing.WebApplicationFactory`1.CreateClient(WebApplicationFactoryClientOptions options)
   at Microsoft.AspNetCore.Mvc.Testing.WebApplicationFactory`1.CreateClient()
   at Diten.SupplyChainService.Tests.Carriers.CarrierContractTests.OperationPermissionsAreIndependent(String grant) in /private/tmp/mvp6-mod0187-r14-apply-01-Q7vmHi/source/services/Diten.SupplyChainService/tests/Diten.SupplyChainService.Tests/Carriers/CarrierContractTests.cs:line 193
--- End of stack trace from previous location ---
  Failed Diten.SupplyChainService.Tests.Carriers.CarrierContractTests.OperationPermissionsAreIndependent(grant: "create") [2 ms]
  Error Message:
   System.InvalidOperationException : Isolated Mongo required.
  Stack Trace:
     at Diten.SupplyChainService.Tests.Carriers.CarrierContractTests.get_Connection() in /private/tmp/mvp6-mod0187-r14-apply-01-Q7vmHi/source/services/Diten.SupplyChainService/tests/Diten.SupplyChainService.Tests/Carriers/CarrierContractTests.cs:line 24
   at Diten.SupplyChainService.Tests.Carriers.CarrierContractTests.Factory.get_Settings() in /private/tmp/mvp6-mod0187-r14-apply-01-Q7vmHi/source/services/Diten.SupplyChainService/tests/Diten.SupplyChainService.Tests/Carriers/CarrierContractTests.cs:line 53
   at Diten.SupplyChainService.Tests.Carriers.CarrierContractTests.Factory.<>c.<CreateHost>b__4_0(IConfigurationBuilder c) in /private/tmp/mvp6-mod0187-r14-apply-01-Q7vmHi/source/services/Diten.SupplyChainService/tests/Diten.SupplyChainService.Tests/Carriers/CarrierContractTests.cs:line 56
   at Microsoft.AspNetCore.Mvc.Testing.DeferredHostBuilder.ConfigureHostConfiguration(Action`1 configureDelegate)
   at Diten.SupplyChainService.Tests.Carriers.CarrierContractTests.Factory.CreateHost(IHostBuilder builder) in /private/tmp/mvp6-mod0187-r14-apply-01-Q7vmHi/source/services/Diten.SupplyChainService/tests/Diten.SupplyChainService.Tests/Carriers/CarrierContractTests.cs:line 56
   at Microsoft.AspNetCore.Mvc.Testing.WebApplicationFactory`1.ConfigureHostBuilder(IHostBuilder hostBuilder)
   at Microsoft.AspNetCore.Mvc.Testing.WebApplicationFactory`1.EnsureServer()
   at Microsoft.AspNetCore.Mvc.Testing.WebApplicationFactory`1.CreateDefaultClient(DelegatingHandler[] handlers)
   at Microsoft.AspNetCore.Mvc.Testing.WebApplicationFactory`1.CreateDefaultClient(Uri baseAddress, DelegatingHandler[] handlers)
   at Microsoft.AspNetCore.Mvc.Testing.WebApplicationFactory`1.CreateClient(WebApplicationFactoryClientOptions options)
   at Microsoft.AspNetCore.Mvc.Testing.WebApplicationFactory`1.CreateClient()
   at Diten.SupplyChainService.Tests.Carriers.CarrierContractTests.OperationPermissionsAreIndependent(String grant) in /private/tmp/mvp6-mod0187-r14-apply-01-Q7vmHi/source/services/Diten.SupplyChainService/tests/Diten.SupplyChainService.Tests/Carriers/CarrierContractTests.cs:line 193
--- End of stack trace from previous location ---
  Failed Diten.SupplyChainService.Tests.Carriers.CarrierContractTests.BarrierSynchronizedDistinctTargetsEqualValidSerialHistory [8 ms]
  Error Message:
   System.InvalidOperationException : Isolated Mongo required.
  Stack Trace:
     at Diten.SupplyChainService.Tests.Carriers.CarrierContractTests.get_Connection() in /private/tmp/mvp6-mod0187-r14-apply-01-Q7vmHi/source/services/Diten.SupplyChainService/tests/Diten.SupplyChainService.Tests/Carriers/CarrierContractTests.cs:line 24
   at Diten.SupplyChainService.Tests.Carriers.CarrierContractTests.Factory.get_Settings() in /private/tmp/mvp6-mod0187-r14-apply-01-Q7vmHi/source/services/Diten.SupplyChainService/tests/Diten.SupplyChainService.Tests/Carriers/CarrierContractTests.cs:line 53
   at Diten.SupplyChainService.Tests.Carriers.CarrierContractTests.Factory.<>c.<CreateHost>b__4_0(IConfigurationBuilder c) in /private/tmp/mvp6-mod0187-r14-apply-01-Q7vmHi/source/services/Diten.SupplyChainService/tests/Diten.SupplyChainService.Tests/Carriers/CarrierContractTests.cs:line 56
   at Microsoft.AspNetCore.Mvc.Testing.DeferredHostBuilder.ConfigureHostConfiguration(Action`1 configureDelegate)
   at Diten.SupplyChainService.Tests.Carriers.CarrierContractTests.Factory.CreateHost(IHostBuilder builder) in /private/tmp/mvp6-mod0187-r14-apply-01-Q7vmHi/source/services/Diten.SupplyChainService/tests/Diten.SupplyChainService.Tests/Carriers/CarrierContractTests.cs:line 56
   at Microsoft.AspNetCore.Mvc.Testing.WebApplicationFactory`1.ConfigureHostBuilder(IHostBuilder hostBuilder)
   at Microsoft.AspNetCore.Mvc.Testing.WebApplicationFactory`1.EnsureServer()
   at Microsoft.AspNetCore.Mvc.Testing.WebApplicationFactory`1.CreateDefaultClient(DelegatingHandler[] handlers)
   at Microsoft.AspNetCore.Mvc.Testing.WebApplicationFactory`1.CreateDefaultClient(Uri baseAddress, DelegatingHandler[] handlers)
   at Microsoft.AspNetCore.Mvc.Testing.WebApplicationFactory`1.CreateClient(WebApplicationFactoryClientOptions options)
   at Microsoft.AspNetCore.Mvc.Testing.WebApplicationFactory`1.CreateClient()
   at Diten.SupplyChainService.Tests.Carriers.CarrierContractTests.BarrierSynchronizedDistinctTargetsEqualValidSerialHistory() in /private/tmp/mvp6-mod0187-r14-apply-01-Q7vmHi/source/services/Diten.SupplyChainService/tests/Diten.SupplyChainService.Tests/Carriers/CarrierContractTests.cs:line 292
--- End of stack trace from previous location ---
  Failed Diten.SupplyChainService.Tests.Carriers.CarrierContractTests.CanonicalFingerprintPreservesModeOrderDuplicatesAndStrings [7 ms]
  Error Message:
   System.InvalidOperationException : Isolated Mongo required.
  Stack Trace:
     at Diten.SupplyChainService.Tests.Carriers.CarrierContractTests.get_Connection() in /private/tmp/mvp6-mod0187-r14-apply-01-Q7vmHi/source/services/Diten.SupplyChainService/tests/Diten.SupplyChainService.Tests/Carriers/CarrierContractTests.cs:line 24
   at Diten.SupplyChainService.Tests.Carriers.CarrierContractTests.Factory.get_Settings() in /private/tmp/mvp6-mod0187-r14-apply-01-Q7vmHi/source/services/Diten.SupplyChainService/tests/Diten.SupplyChainService.Tests/Carriers/CarrierContractTests.cs:line 53
   at Diten.SupplyChainService.Tests.Carriers.CarrierContractTests.Factory.<>c.<CreateHost>b__4_0(IConfigurationBuilder c) in /private/tmp/mvp6-mod0187-r14-apply-01-Q7vmHi/source/services/Diten.SupplyChainService/tests/Diten.SupplyChainService.Tests/Carriers/CarrierContractTests.cs:line 56
   at Microsoft.AspNetCore.Mvc.Testing.DeferredHostBuilder.ConfigureHostConfiguration(Action`1 configureDelegate)
   at Diten.SupplyChainService.Tests.Carriers.CarrierContractTests.Factory.CreateHost(IHostBuilder builder) in /private/tmp/mvp6-mod0187-r14-apply-01-Q7vmHi/source/services/Diten.SupplyChainService/tests/Diten.SupplyChainService.Tests/Carriers/CarrierContractTests.cs:line 56
   at Microsoft.AspNetCore.Mvc.Testing.WebApplicationFactory`1.ConfigureHostBuilder(IHostBuilder hostBuilder)
   at Microsoft.AspNetCore.Mvc.Testing.WebApplicationFactory`1.EnsureServer()
   at Microsoft.AspNetCore.Mvc.Testing.WebApplicationFactory`1.CreateDefaultClient(DelegatingHandler[] handlers)
   at Microsoft.AspNetCore.Mvc.Testing.WebApplicationFactory`1.CreateDefaultClient(Uri baseAddress, DelegatingHandler[] handlers)
   at Microsoft.AspNetCore.Mvc.Testing.WebApplicationFactory`1.CreateClient(WebApplicationFactoryClientOptions options)
   at Microsoft.AspNetCore.Mvc.Testing.WebApplicationFactory`1.CreateClient()
   at Diten.SupplyChainService.Tests.Carriers.CarrierContractTests.CanonicalFingerprintPreservesModeOrderDuplicatesAndStrings() in /private/tmp/mvp6-mod0187-r14-apply-01-Q7vmHi/source/services/Diten.SupplyChainService/tests/Diten.SupplyChainService.Tests/Carriers/CarrierContractTests.cs:line 247
--- End of stack trace from previous location ---
  Failed Diten.SupplyChainService.Tests.Carriers.CarrierContractTests.AfterCommitFailureRecoversByReceipt(unknown: True) [3 ms]
  Error Message:
   System.InvalidOperationException : Isolated Mongo required.
  Stack Trace:
     at Diten.SupplyChainService.Tests.Carriers.CarrierContractTests.get_Connection() in /private/tmp/mvp6-mod0187-r14-apply-01-Q7vmHi/source/services/Diten.SupplyChainService/tests/Diten.SupplyChainService.Tests/Carriers/CarrierContractTests.cs:line 24
   at Diten.SupplyChainService.Tests.Carriers.CarrierContractTests.Factory.get_Settings() in /private/tmp/mvp6-mod0187-r14-apply-01-Q7vmHi/source/services/Diten.SupplyChainService/tests/Diten.SupplyChainService.Tests/Carriers/CarrierContractTests.cs:line 53
   at Diten.SupplyChainService.Tests.Carriers.CarrierContractTests.Factory.<>c.<CreateHost>b__4_0(IConfigurationBuilder c) in /private/tmp/mvp6-mod0187-r14-apply-01-Q7vmHi/source/services/Diten.SupplyChainService/tests/Diten.SupplyChainService.Tests/Carriers/CarrierContractTests.cs:line 56
   at Microsoft.AspNetCore.Mvc.Testing.DeferredHostBuilder.ConfigureHostConfiguration(Action`1 configureDelegate)
   at Diten.SupplyChainService.Tests.Carriers.CarrierContractTests.Factory.CreateHost(IHostBuilder builder) in /private/tmp/mvp6-mod0187-r14-apply-01-Q7vmHi/source/services/Diten.SupplyChainService/tests/Diten.SupplyChainService.Tests/Carriers/CarrierContractTests.cs:line 56
   at Microsoft.AspNetCore.Mvc.Testing.WebApplicationFactory`1.ConfigureHostBuilder(IHostBuilder hostBuilder)
   at Microsoft.AspNetCore.Mvc.Testing.WebApplicationFactory`1.EnsureServer()
   at Microsoft.AspNetCore.Mvc.Testing.WebApplicationFactory`1.CreateDefaultClient(DelegatingHandler[] handlers)
   at Microsoft.AspNetCore.Mvc.Testing.WebApplicationFactory`1.CreateDefaultClient(Uri baseAddress, DelegatingHandler[] handlers)
   at Microsoft.AspNetCore.Mvc.Testing.WebApplicationFactory`1.CreateClient(WebApplicationFactoryClientOptions options)
   at Microsoft.AspNetCore.Mvc.Testing.WebApplicationFactory`1.CreateClient()
   at Diten.SupplyChainService.Tests.Carriers.CarrierContractTests.AfterCommitFailureRecoversByReceipt(Boolean unknown) in /private/tmp/mvp6-mod0187-r14-apply-01-Q7vmHi/source/services/Diten.SupplyChainService/tests/Diten.SupplyChainService.Tests/Carriers/CarrierContractTests.cs:line 152
--- End of stack trace from previous location ---
  Failed Diten.SupplyChainService.Tests.Carriers.CarrierContractTests.AfterCommitFailureRecoversByReceipt(unknown: False) [1 ms]
  Error Message:
   System.InvalidOperationException : Isolated Mongo required.
  Stack Trace:
     at Diten.SupplyChainService.Tests.Carriers.CarrierContractTests.get_Connection() in /private/tmp/mvp6-mod0187-r14-apply-01-Q7vmHi/source/services/Diten.SupplyChainService/tests/Diten.SupplyChainService.Tests/Carriers/CarrierContractTests.cs:line 24
   at Diten.SupplyChainService.Tests.Carriers.CarrierContractTests.Factory.get_Settings() in /private/tmp/mvp6-mod0187-r14-apply-01-Q7vmHi/source/services/Diten.SupplyChainService/tests/Diten.SupplyChainService.Tests/Carriers/CarrierContractTests.cs:line 53
   at Diten.SupplyChainService.Tests.Carriers.CarrierContractTests.Factory.<>c.<CreateHost>b__4_0(IConfigurationBuilder c) in /private/tmp/mvp6-mod0187-r14-apply-01-Q7vmHi/source/services/Diten.SupplyChainService/tests/Diten.SupplyChainService.Tests/Carriers/CarrierContractTests.cs:line 56
   at Microsoft.AspNetCore.Mvc.Testing.DeferredHostBuilder.ConfigureHostConfiguration(Action`1 configureDelegate)
   at Diten.SupplyChainService.Tests.Carriers.CarrierContractTests.Factory.CreateHost(IHostBuilder builder) in /private/tmp/mvp6-mod0187-r14-apply-01-Q7vmHi/source/services/Diten.SupplyChainService/tests/Diten.SupplyChainService.Tests/Carriers/CarrierContractTests.cs:line 56
   at Microsoft.AspNetCore.Mvc.Testing.WebApplicationFactory`1.ConfigureHostBuilder(IHostBuilder hostBuilder)
   at Microsoft.AspNetCore.Mvc.Testing.WebApplicationFactory`1.EnsureServer()
   at Microsoft.AspNetCore.Mvc.Testing.WebApplicationFactory`1.CreateDefaultClient(DelegatingHandler[] handlers)
   at Microsoft.AspNetCore.Mvc.Testing.WebApplicationFactory`1.CreateDefaultClient(Uri baseAddress, DelegatingHandler[] handlers)
   at Microsoft.AspNetCore.Mvc.Testing.WebApplicationFactory`1.CreateClient(WebApplicationFactoryClientOptions options)
   at Microsoft.AspNetCore.Mvc.Testing.WebApplicationFactory`1.CreateClient()
   at Diten.SupplyChainService.Tests.Carriers.CarrierContractTests.AfterCommitFailureRecoversByReceipt(Boolean unknown) in /private/tmp/mvp6-mod0187-r14-apply-01-Q7vmHi/source/services/Diten.SupplyChainService/tests/Diten.SupplyChainService.Tests/Carriers/CarrierContractTests.cs:line 152
--- End of stack trace from previous location ---
  Failed Diten.SupplyChainService.Tests.Carriers.CarrierContractTests.IndexCreationFailureIsNotIgnored [10 ms]
  Error Message:
   System.InvalidOperationException : Isolated Mongo required.
  Stack Trace:
     at Diten.SupplyChainService.Tests.Carriers.CarrierContractTests.get_Connection() in /private/tmp/mvp6-mod0187-r14-apply-01-Q7vmHi/source/services/Diten.SupplyChainService/tests/Diten.SupplyChainService.Tests/Carriers/CarrierContractTests.cs:line 24
   at Diten.SupplyChainService.Tests.Carriers.CarrierContractTests.Factory.get_Settings() in /private/tmp/mvp6-mod0187-r14-apply-01-Q7vmHi/source/services/Diten.SupplyChainService/tests/Diten.SupplyChainService.Tests/Carriers/CarrierContractTests.cs:line 53
   at Diten.SupplyChainService.Tests.Carriers.CarrierContractTests.Factory.<>c.<CreateHost>b__4_0(IConfigurationBuilder c) in /private/tmp/mvp6-mod0187-r14-apply-01-Q7vmHi/source/services/Diten.SupplyChainService/tests/Diten.SupplyChainService.Tests/Carriers/CarrierContractTests.cs:line 56
   at Microsoft.AspNetCore.Mvc.Testing.DeferredHostBuilder.ConfigureHostConfiguration(Action`1 configureDelegate)
   at Diten.SupplyChainService.Tests.Carriers.CarrierContractTests.Factory.CreateHost(IHostBuilder builder) in /private/tmp/mvp6-mod0187-r14-apply-01-Q7vmHi/source/services/Diten.SupplyChainService/tests/Diten.SupplyChainService.Tests/Carriers/CarrierContractTests.cs:line 56
   at Microsoft.AspNetCore.Mvc.Testing.WebApplicationFactory`1.ConfigureHostBuilder(IHostBuilder hostBuilder)
   at Microsoft.AspNetCore.Mvc.Testing.WebApplicationFactory`1.EnsureServer()
   at Microsoft.AspNetCore.Mvc.Testing.WebApplicationFactory`1.CreateDefaultClient(DelegatingHandler[] handlers)
   at Microsoft.AspNetCore.Mvc.Testing.WebApplicationFactory`1.CreateDefaultClient(Uri baseAddress, DelegatingHandler[] handlers)
   at Microsoft.AspNetCore.Mvc.Testing.WebApplicationFactory`1.CreateClient(WebApplicationFactoryClientOptions options)
   at Microsoft.AspNetCore.Mvc.Testing.WebApplicationFactory`1.CreateClient()
   at Diten.SupplyChainService.Tests.Carriers.CarrierContractTests.IndexCreationFailureIsNotIgnored() in /private/tmp/mvp6-mod0187-r14-apply-01-Q7vmHi/source/services/Diten.SupplyChainService/tests/Diten.SupplyChainService.Tests/Carriers/CarrierContractTests.cs:line 283
--- End of stack trace from previous location ---
  Failed Diten.SupplyChainService.Tests.Carriers.CarrierContractTests.ValidationStagesOneThroughFiveDoNotCallRepository [7 ms]
  Error Message:
   System.InvalidOperationException : Isolated Mongo required.
  Stack Trace:
     at Diten.SupplyChainService.Tests.Carriers.CarrierContractTests.get_Connection() in /private/tmp/mvp6-mod0187-r14-apply-01-Q7vmHi/source/services/Diten.SupplyChainService/tests/Diten.SupplyChainService.Tests/Carriers/CarrierContractTests.cs:line 24
   at Diten.SupplyChainService.Tests.Carriers.CarrierContractTests.Factory.get_Settings() in /private/tmp/mvp6-mod0187-r14-apply-01-Q7vmHi/source/services/Diten.SupplyChainService/tests/Diten.SupplyChainService.Tests/Carriers/CarrierContractTests.cs:line 53
   at Diten.SupplyChainService.Tests.Carriers.CarrierContractTests.Factory.<>c.<CreateHost>b__4_0(IConfigurationBuilder c) in /private/tmp/mvp6-mod0187-r14-apply-01-Q7vmHi/source/services/Diten.SupplyChainService/tests/Diten.SupplyChainService.Tests/Carriers/CarrierContractTests.cs:line 56
   at Microsoft.AspNetCore.Mvc.Testing.DeferredHostBuilder.ConfigureHostConfiguration(Action`1 configureDelegate)
   at Diten.SupplyChainService.Tests.Carriers.CarrierContractTests.Factory.CreateHost(IHostBuilder builder) in /private/tmp/mvp6-mod0187-r14-apply-01-Q7vmHi/source/services/Diten.SupplyChainService/tests/Diten.SupplyChainService.Tests/Carriers/CarrierContractTests.cs:line 56
   at Microsoft.AspNetCore.Mvc.Testing.WebApplicationFactory`1.ConfigureHostBuilder(IHostBuilder hostBuilder)
   at Microsoft.AspNetCore.Mvc.Testing.WebApplicationFactory`1.EnsureServer()
   at Microsoft.AspNetCore.Mvc.Testing.WebApplicationFactory`1.CreateDefaultClient(DelegatingHandler[] handlers)
   at Microsoft.AspNetCore.Mvc.Testing.WebApplicationFactory`1.CreateDefaultClient(Uri baseAddress, DelegatingHandler[] handlers)
   at Microsoft.AspNetCore.Mvc.Testing.WebApplicationFactory`1.CreateClient(WebApplicationFactoryClientOptions options)
   at Microsoft.AspNetCore.Mvc.Testing.WebApplicationFactory`1.CreateClient()
   at Diten.SupplyChainService.Tests.Carriers.CarrierContractTests.ValidationStagesOneThroughFiveDoNotCallRepository() in /private/tmp/mvp6-mod0187-r14-apply-01-Q7vmHi/source/services/Diten.SupplyChainService/tests/Diten.SupplyChainService.Tests/Carriers/CarrierContractTests.cs:line 308
--- End of stack trace from previous location ---
  Failed Diten.SupplyChainService.Tests.Carriers.CarrierContractTests.HeaderBoundariesNilCorrelationAndSchemaStrings [12 ms]
  Error Message:
   System.InvalidOperationException : Isolated Mongo required.
  Stack Trace:
     at Diten.SupplyChainService.Tests.Carriers.CarrierContractTests.get_Connection() in /private/tmp/mvp6-mod0187-r14-apply-01-Q7vmHi/source/services/Diten.SupplyChainService/tests/Diten.SupplyChainService.Tests/Carriers/CarrierContractTests.cs:line 24
   at Diten.SupplyChainService.Tests.Carriers.CarrierContractTests.Factory.get_Settings() in /private/tmp/mvp6-mod0187-r14-apply-01-Q7vmHi/source/services/Diten.SupplyChainService/tests/Diten.SupplyChainService.Tests/Carriers/CarrierContractTests.cs:line 53
   at Diten.SupplyChainService.Tests.Carriers.CarrierContractTests.Factory.<>c.<CreateHost>b__4_0(IConfigurationBuilder c) in /private/tmp/mvp6-mod0187-r14-apply-01-Q7vmHi/source/services/Diten.SupplyChainService/tests/Diten.SupplyChainService.Tests/Carriers/CarrierContractTests.cs:line 56
   at Microsoft.AspNetCore.Mvc.Testing.DeferredHostBuilder.ConfigureHostConfiguration(Action`1 configureDelegate)
   at Diten.SupplyChainService.Tests.Carriers.CarrierContractTests.Factory.CreateHost(IHostBuilder builder) in /private/tmp/mvp6-mod0187-r14-apply-01-Q7vmHi/source/services/Diten.SupplyChainService/tests/Diten.SupplyChainService.Tests/Carriers/CarrierContractTests.cs:line 56
   at Microsoft.AspNetCore.Mvc.Testing.WebApplicationFactory`1.ConfigureHostBuilder(IHostBuilder hostBuilder)
   at Microsoft.AspNetCore.Mvc.Testing.WebApplicationFactory`1.EnsureServer()
   at Microsoft.AspNetCore.Mvc.Testing.WebApplicationFactory`1.CreateDefaultClient(DelegatingHandler[] handlers)
   at Microsoft.AspNetCore.Mvc.Testing.WebApplicationFactory`1.CreateDefaultClient(Uri baseAddress, DelegatingHandler[] handlers)
   at Microsoft.AspNetCore.Mvc.Testing.WebApplicationFactory`1.CreateClient(WebApplicationFactoryClientOptions options)
   at Microsoft.AspNetCore.Mvc.Testing.WebApplicationFactory`1.CreateClient()
   at Diten.SupplyChainService.Tests.Carriers.CarrierContractTests.HeaderBoundariesNilCorrelationAndSchemaStrings() in /private/tmp/mvp6-mod0187-r14-apply-01-Q7vmHi/source/services/Diten.SupplyChainService/tests/Diten.SupplyChainService.Tests/Carriers/CarrierContractTests.cs:line 216
--- End of stack trace from previous location ---
[xUnit.net 00:00:00.85]     Diten.SupplyChainService.Tests.Carriers.CarrierContractTests.SignedDuplicateJsonContextMemberIsRejected [FAIL]
[xUnit.net 00:00:00.86]     Diten.SupplyChainService.Tests.Carriers.CarrierContractTests.StatusReplayFingerprintAndDeletedHistoricalReceipt [FAIL]
[xUnit.net 00:00:00.86]     Diten.SupplyChainService.Tests.Carriers.CarrierContractTests.DuplicateClaimsFailClosed(claim: "sub") [FAIL]
[xUnit.net 00:00:00.87]     Diten.SupplyChainService.Tests.Carriers.CarrierContractTests.DuplicateClaimsFailClosed(claim: "legal_entity_id") [FAIL]
[xUnit.net 00:00:00.87]     Diten.SupplyChainService.Tests.Carriers.CarrierContractTests.DuplicateClaimsFailClosed(claim: "tenant_id") [FAIL]
[xUnit.net 00:00:00.88]     Diten.SupplyChainService.Tests.Carriers.CarrierContractTests.ConcurrentDifferentPayloadUsesFirstCommittedReceipt [FAIL]
[xUnit.net 00:00:00.89]     Diten.SupplyChainService.Tests.Carriers.CarrierContractTests.TwoByTwoScopesDeletedReservationsAndReceiptVisibility [FAIL]
[xUnit.net 00:00:01.17]     Diten.SupplyChainService.Tests.Loads.LoadIsolationTests.ScopeQueryKeysAreRejectedAfterOneDecodeAndUnknownKeysRemainIgnored [FAIL]
[xUnit.net 00:00:01.25]     Diten.SupplyChainService.Tests.Loads.LoadIsolationTests.TwoTenantsByTwoLegalEntitiesCanReuseIdsWithoutCrossScopeVisibility [FAIL]
  Failed Diten.SupplyChainService.Tests.Carriers.CarrierContractTests.SignedDuplicateJsonContextMemberIsRejected [13 ms]
  Error Message:
   System.InvalidOperationException : Isolated Mongo required.
  Stack Trace:
     at Diten.SupplyChainService.Tests.Carriers.CarrierContractTests.get_Connection() in /private/tmp/mvp6-mod0187-r14-apply-01-Q7vmHi/source/services/Diten.SupplyChainService/tests/Diten.SupplyChainService.Tests/Carriers/CarrierContractTests.cs:line 24
   at Diten.SupplyChainService.Tests.Carriers.CarrierContractTests.Factory.get_Settings() in /private/tmp/mvp6-mod0187-r14-apply-01-Q7vmHi/source/services/Diten.SupplyChainService/tests/Diten.SupplyChainService.Tests/Carriers/CarrierContractTests.cs:line 53
   at Diten.SupplyChainService.Tests.Carriers.CarrierContractTests.Factory.<>c.<CreateHost>b__4_0(IConfigurationBuilder c) in /private/tmp/mvp6-mod0187-r14-apply-01-Q7vmHi/source/services/Diten.SupplyChainService/tests/Diten.SupplyChainService.Tests/Carriers/CarrierContractTests.cs:line 56
   at Microsoft.AspNetCore.Mvc.Testing.DeferredHostBuilder.ConfigureHostConfiguration(Action`1 configureDelegate)
   at Diten.SupplyChainService.Tests.Carriers.CarrierContractTests.Factory.CreateHost(IHostBuilder builder) in /private/tmp/mvp6-mod0187-r14-apply-01-Q7vmHi/source/services/Diten.SupplyChainService/tests/Diten.SupplyChainService.Tests/Carriers/CarrierContractTests.cs:line 56
   at Microsoft.AspNetCore.Mvc.Testing.WebApplicationFactory`1.ConfigureHostBuilder(IHostBuilder hostBuilder)
   at Microsoft.AspNetCore.Mvc.Testing.WebApplicationFactory`1.EnsureServer()
   at Microsoft.AspNetCore.Mvc.Testing.WebApplicationFactory`1.CreateDefaultClient(DelegatingHandler[] handlers)
   at Microsoft.AspNetCore.Mvc.Testing.WebApplicationFactory`1.CreateDefaultClient(Uri baseAddress, DelegatingHandler[] handlers)
   at Microsoft.AspNetCore.Mvc.Testing.WebApplicationFactory`1.CreateClient(WebApplicationFactoryClientOptions options)
   at Microsoft.AspNetCore.Mvc.Testing.WebApplicationFactory`1.CreateClient()
   at Diten.SupplyChainService.Tests.Carriers.CarrierContractTests.SignedDuplicateJsonContextMemberIsRejected() in /private/tmp/mvp6-mod0187-r14-apply-01-Q7vmHi/source/services/Diten.SupplyChainService/tests/Diten.SupplyChainService.Tests/Carriers/CarrierContractTests.cs:line 259
--- End of stack trace from previous location ---
  Failed Diten.SupplyChainService.Tests.Carriers.CarrierContractTests.StatusReplayFingerprintAndDeletedHistoricalReceipt [8 ms]
  Error Message:
   System.InvalidOperationException : Isolated Mongo required.
  Stack Trace:
     at Diten.SupplyChainService.Tests.Carriers.CarrierContractTests.get_Connection() in /private/tmp/mvp6-mod0187-r14-apply-01-Q7vmHi/source/services/Diten.SupplyChainService/tests/Diten.SupplyChainService.Tests/Carriers/CarrierContractTests.cs:line 24
   at Diten.SupplyChainService.Tests.Carriers.CarrierContractTests.Factory.get_Settings() in /private/tmp/mvp6-mod0187-r14-apply-01-Q7vmHi/source/services/Diten.SupplyChainService/tests/Diten.SupplyChainService.Tests/Carriers/CarrierContractTests.cs:line 53
   at Diten.SupplyChainService.Tests.Carriers.CarrierContractTests.Factory.<>c.<CreateHost>b__4_0(IConfigurationBuilder c) in /private/tmp/mvp6-mod0187-r14-apply-01-Q7vmHi/source/services/Diten.SupplyChainService/tests/Diten.SupplyChainService.Tests/Carriers/CarrierContractTests.cs:line 56
   at Microsoft.AspNetCore.Mvc.Testing.DeferredHostBuilder.ConfigureHostConfiguration(Action`1 configureDelegate)
   at Diten.SupplyChainService.Tests.Carriers.CarrierContractTests.Factory.CreateHost(IHostBuilder builder) in /private/tmp/mvp6-mod0187-r14-apply-01-Q7vmHi/source/services/Diten.SupplyChainService/tests/Diten.SupplyChainService.Tests/Carriers/CarrierContractTests.cs:line 56
   at Microsoft.AspNetCore.Mvc.Testing.WebApplicationFactory`1.ConfigureHostBuilder(IHostBuilder hostBuilder)
   at Microsoft.AspNetCore.Mvc.Testing.WebApplicationFactory`1.EnsureServer()
   at Microsoft.AspNetCore.Mvc.Testing.WebApplicationFactory`1.CreateDefaultClient(DelegatingHandler[] handlers)
   at Microsoft.AspNetCore.Mvc.Testing.WebApplicationFactory`1.CreateDefaultClient(Uri baseAddress, DelegatingHandler[] handlers)
   at Microsoft.AspNetCore.Mvc.Testing.WebApplicationFactory`1.CreateClient(WebApplicationFactoryClientOptions options)
   at Microsoft.AspNetCore.Mvc.Testing.WebApplicationFactory`1.CreateClient()
   at Diten.SupplyChainService.Tests.Carriers.CarrierContractTests.StatusReplayFingerprintAndDeletedHistoricalReceipt() in /private/tmp/mvp6-mod0187-r14-apply-01-Q7vmHi/source/services/Diten.SupplyChainService/tests/Diten.SupplyChainService.Tests/Carriers/CarrierContractTests.cs:line 233
--- End of stack trace from previous location ---
  Failed Diten.SupplyChainService.Tests.Carriers.CarrierContractTests.DuplicateClaimsFailClosed(claim: "sub") [4 ms]
  Error Message:
   System.InvalidOperationException : Isolated Mongo required.
  Stack Trace:
     at Diten.SupplyChainService.Tests.Carriers.CarrierContractTests.get_Connection() in /private/tmp/mvp6-mod0187-r14-apply-01-Q7vmHi/source/services/Diten.SupplyChainService/tests/Diten.SupplyChainService.Tests/Carriers/CarrierContractTests.cs:line 24
   at Diten.SupplyChainService.Tests.Carriers.CarrierContractTests.Factory.get_Settings() in /private/tmp/mvp6-mod0187-r14-apply-01-Q7vmHi/source/services/Diten.SupplyChainService/tests/Diten.SupplyChainService.Tests/Carriers/CarrierContractTests.cs:line 53
   at Diten.SupplyChainService.Tests.Carriers.CarrierContractTests.Factory.<>c.<CreateHost>b__4_0(IConfigurationBuilder c) in /private/tmp/mvp6-mod0187-r14-apply-01-Q7vmHi/source/services/Diten.SupplyChainService/tests/Diten.SupplyChainService.Tests/Carriers/CarrierContractTests.cs:line 56
   at Microsoft.AspNetCore.Mvc.Testing.DeferredHostBuilder.ConfigureHostConfiguration(Action`1 configureDelegate)
   at Diten.SupplyChainService.Tests.Carriers.CarrierContractTests.Factory.CreateHost(IHostBuilder builder) in /private/tmp/mvp6-mod0187-r14-apply-01-Q7vmHi/source/services/Diten.SupplyChainService/tests/Diten.SupplyChainService.Tests/Carriers/CarrierContractTests.cs:line 56
   at Microsoft.AspNetCore.Mvc.Testing.WebApplicationFactory`1.ConfigureHostBuilder(IHostBuilder hostBuilder)
   at Microsoft.AspNetCore.Mvc.Testing.WebApplicationFactory`1.EnsureServer()
   at Microsoft.AspNetCore.Mvc.Testing.WebApplicationFactory`1.CreateDefaultClient(DelegatingHandler[] handlers)
   at Microsoft.AspNetCore.Mvc.Testing.WebApplicationFactory`1.CreateDefaultClient(Uri baseAddress, DelegatingHandler[] handlers)
   at Microsoft.AspNetCore.Mvc.Testing.WebApplicationFactory`1.CreateClient(WebApplicationFactoryClientOptions options)
   at Microsoft.AspNetCore.Mvc.Testing.WebApplicationFactory`1.CreateClient()
   at Diten.SupplyChainService.Tests.Carriers.CarrierContractTests.DuplicateClaimsFailClosed(String claim) in /private/tmp/mvp6-mod0187-r14-apply-01-Q7vmHi/source/services/Diten.SupplyChainService/tests/Diten.SupplyChainService.Tests/Carriers/CarrierContractTests.cs:line 187
--- End of stack trace from previous location ---
  Failed Diten.SupplyChainService.Tests.Carriers.CarrierContractTests.DuplicateClaimsFailClosed(claim: "legal_entity_id") [4 ms]
  Error Message:
   System.InvalidOperationException : Isolated Mongo required.
  Stack Trace:
     at Diten.SupplyChainService.Tests.Carriers.CarrierContractTests.get_Connection() in /private/tmp/mvp6-mod0187-r14-apply-01-Q7vmHi/source/services/Diten.SupplyChainService/tests/Diten.SupplyChainService.Tests/Carriers/CarrierContractTests.cs:line 24
   at Diten.SupplyChainService.Tests.Carriers.CarrierContractTests.Factory.get_Settings() in /private/tmp/mvp6-mod0187-r14-apply-01-Q7vmHi/source/services/Diten.SupplyChainService/tests/Diten.SupplyChainService.Tests/Carriers/CarrierContractTests.cs:line 53
   at Diten.SupplyChainService.Tests.Carriers.CarrierContractTests.Factory.<>c.<CreateHost>b__4_0(IConfigurationBuilder c) in /private/tmp/mvp6-mod0187-r14-apply-01-Q7vmHi/source/services/Diten.SupplyChainService/tests/Diten.SupplyChainService.Tests/Carriers/CarrierContractTests.cs:line 56
   at Microsoft.AspNetCore.Mvc.Testing.DeferredHostBuilder.ConfigureHostConfiguration(Action`1 configureDelegate)
   at Diten.SupplyChainService.Tests.Carriers.CarrierContractTests.Factory.CreateHost(IHostBuilder builder) in /private/tmp/mvp6-mod0187-r14-apply-01-Q7vmHi/source/services/Diten.SupplyChainService/tests/Diten.SupplyChainService.Tests/Carriers/CarrierContractTests.cs:line 56
   at Microsoft.AspNetCore.Mvc.Testing.WebApplicationFactory`1.ConfigureHostBuilder(IHostBuilder hostBuilder)
   at Microsoft.AspNetCore.Mvc.Testing.WebApplicationFactory`1.EnsureServer()
   at Microsoft.AspNetCore.Mvc.Testing.WebApplicationFactory`1.CreateDefaultClient(DelegatingHandler[] handlers)
   at Microsoft.AspNetCore.Mvc.Testing.WebApplicationFactory`1.CreateDefaultClient(Uri baseAddress, DelegatingHandler[] handlers)
   at Microsoft.AspNetCore.Mvc.Testing.WebApplicationFactory`1.CreateClient(WebApplicationFactoryClientOptions options)
   at Microsoft.AspNetCore.Mvc.Testing.WebApplicationFactory`1.CreateClient()
   at Diten.SupplyChainService.Tests.Carriers.CarrierContractTests.DuplicateClaimsFailClosed(String claim) in /private/tmp/mvp6-mod0187-r14-apply-01-Q7vmHi/source/services/Diten.SupplyChainService/tests/Diten.SupplyChainService.Tests/Carriers/CarrierContractTests.cs:line 187
--- End of stack trace from previous location ---
  Failed Diten.SupplyChainService.Tests.Carriers.CarrierContractTests.DuplicateClaimsFailClosed(claim: "tenant_id") [< 1 ms]
  Error Message:
   System.InvalidOperationException : Isolated Mongo required.
  Stack Trace:
     at Diten.SupplyChainService.Tests.Carriers.CarrierContractTests.get_Connection() in /private/tmp/mvp6-mod0187-r14-apply-01-Q7vmHi/source/services/Diten.SupplyChainService/tests/Diten.SupplyChainService.Tests/Carriers/CarrierContractTests.cs:line 24
   at Diten.SupplyChainService.Tests.Carriers.CarrierContractTests.Factory.get_Settings() in /private/tmp/mvp6-mod0187-r14-apply-01-Q7vmHi/source/services/Diten.SupplyChainService/tests/Diten.SupplyChainService.Tests/Carriers/CarrierContractTests.cs:line 53
   at Diten.SupplyChainService.Tests.Carriers.CarrierContractTests.Factory.<>c.<CreateHost>b__4_0(IConfigurationBuilder c) in /private/tmp/mvp6-mod0187-r14-apply-01-Q7vmHi/source/services/Diten.SupplyChainService/tests/Diten.SupplyChainService.Tests/Carriers/CarrierContractTests.cs:line 56
   at Microsoft.AspNetCore.Mvc.Testing.DeferredHostBuilder.ConfigureHostConfiguration(Action`1 configureDelegate)
   at Diten.SupplyChainService.Tests.Carriers.CarrierContractTests.Factory.CreateHost(IHostBuilder builder) in /private/tmp/mvp6-mod0187-r14-apply-01-Q7vmHi/source/services/Diten.SupplyChainService/tests/Diten.SupplyChainService.Tests/Carriers/CarrierContractTests.cs:line 56
   at Microsoft.AspNetCore.Mvc.Testing.WebApplicationFactory`1.ConfigureHostBuilder(IHostBuilder hostBuilder)
   at Microsoft.AspNetCore.Mvc.Testing.WebApplicationFactory`1.EnsureServer()
   at Microsoft.AspNetCore.Mvc.Testing.WebApplicationFactory`1.CreateDefaultClient(DelegatingHandler[] handlers)
   at Microsoft.AspNetCore.Mvc.Testing.WebApplicationFactory`1.CreateDefaultClient(Uri baseAddress, DelegatingHandler[] handlers)
   at Microsoft.AspNetCore.Mvc.Testing.WebApplicationFactory`1.CreateClient(WebApplicationFactoryClientOptions options)
   at Microsoft.AspNetCore.Mvc.Testing.WebApplicationFactory`1.CreateClient()
   at Diten.SupplyChainService.Tests.Carriers.CarrierContractTests.DuplicateClaimsFailClosed(String claim) in /private/tmp/mvp6-mod0187-r14-apply-01-Q7vmHi/source/services/Diten.SupplyChainService/tests/Diten.SupplyChainService.Tests/Carriers/CarrierContractTests.cs:line 187
--- End of stack trace from previous location ---
  Failed Diten.SupplyChainService.Tests.Carriers.CarrierContractTests.ConcurrentDifferentPayloadUsesFirstCommittedReceipt [4 ms]
  Error Message:
   System.InvalidOperationException : Isolated Mongo required.
  Stack Trace:
     at Diten.SupplyChainService.Tests.Carriers.CarrierContractTests.get_Connection() in /private/tmp/mvp6-mod0187-r14-apply-01-Q7vmHi/source/services/Diten.SupplyChainService/tests/Diten.SupplyChainService.Tests/Carriers/CarrierContractTests.cs:line 24
   at Diten.SupplyChainService.Tests.Carriers.CarrierContractTests.Factory.get_Settings() in /private/tmp/mvp6-mod0187-r14-apply-01-Q7vmHi/source/services/Diten.SupplyChainService/tests/Diten.SupplyChainService.Tests/Carriers/CarrierContractTests.cs:line 53
   at Diten.SupplyChainService.Tests.Carriers.CarrierContractTests.Factory.<>c.<CreateHost>b__4_0(IConfigurationBuilder c) in /private/tmp/mvp6-mod0187-r14-apply-01-Q7vmHi/source/services/Diten.SupplyChainService/tests/Diten.SupplyChainService.Tests/Carriers/CarrierContractTests.cs:line 56
   at Microsoft.AspNetCore.Mvc.Testing.DeferredHostBuilder.ConfigureHostConfiguration(Action`1 configureDelegate)
   at Diten.SupplyChainService.Tests.Carriers.CarrierContractTests.Factory.CreateHost(IHostBuilder builder) in /private/tmp/mvp6-mod0187-r14-apply-01-Q7vmHi/source/services/Diten.SupplyChainService/tests/Diten.SupplyChainService.Tests/Carriers/CarrierContractTests.cs:line 56
   at Microsoft.AspNetCore.Mvc.Testing.WebApplicationFactory`1.ConfigureHostBuilder(IHostBuilder hostBuilder)
   at Microsoft.AspNetCore.Mvc.Testing.WebApplicationFactory`1.EnsureServer()
   at Microsoft.AspNetCore.Mvc.Testing.WebApplicationFactory`1.CreateDefaultClient(DelegatingHandler[] handlers)
   at Microsoft.AspNetCore.Mvc.Testing.WebApplicationFactory`1.CreateDefaultClient(Uri baseAddress, DelegatingHandler[] handlers)
   at Microsoft.AspNetCore.Mvc.Testing.WebApplicationFactory`1.CreateClient(WebApplicationFactoryClientOptions options)
   at Microsoft.AspNetCore.Mvc.Testing.WebApplicationFactory`1.CreateClient()
   at Diten.SupplyChainService.Tests.Carriers.CarrierContractTests.ConcurrentDifferentPayloadUsesFirstCommittedReceipt() in /private/tmp/mvp6-mod0187-r14-apply-01-Q7vmHi/source/services/Diten.SupplyChainService/tests/Diten.SupplyChainService.Tests/Carriers/CarrierContractTests.cs:line 275
--- End of stack trace from previous location ---
  Failed Diten.SupplyChainService.Tests.Carriers.CarrierContractTests.TwoByTwoScopesDeletedReservationsAndReceiptVisibility [13 ms]
  Error Message:
   System.InvalidOperationException : Isolated Mongo required.
  Stack Trace:
     at Diten.SupplyChainService.Tests.Carriers.CarrierContractTests.get_Connection() in /private/tmp/mvp6-mod0187-r14-apply-01-Q7vmHi/source/services/Diten.SupplyChainService/tests/Diten.SupplyChainService.Tests/Carriers/CarrierContractTests.cs:line 24
   at Diten.SupplyChainService.Tests.Carriers.CarrierContractTests.Factory.get_Settings() in /private/tmp/mvp6-mod0187-r14-apply-01-Q7vmHi/source/services/Diten.SupplyChainService/tests/Diten.SupplyChainService.Tests/Carriers/CarrierContractTests.cs:line 53
   at Diten.SupplyChainService.Tests.Carriers.CarrierContractTests.Factory.<>c.<CreateHost>b__4_0(IConfigurationBuilder c) in /private/tmp/mvp6-mod0187-r14-apply-01-Q7vmHi/source/services/Diten.SupplyChainService/tests/Diten.SupplyChainService.Tests/Carriers/CarrierContractTests.cs:line 56
   at Microsoft.AspNetCore.Mvc.Testing.DeferredHostBuilder.ConfigureHostConfiguration(Action`1 configureDelegate)
   at Diten.SupplyChainService.Tests.Carriers.CarrierContractTests.Factory.CreateHost(IHostBuilder builder) in /private/tmp/mvp6-mod0187-r14-apply-01-Q7vmHi/source/services/Diten.SupplyChainService/tests/Diten.SupplyChainService.Tests/Carriers/CarrierContractTests.cs:line 56
   at Microsoft.AspNetCore.Mvc.Testing.WebApplicationFactory`1.ConfigureHostBuilder(IHostBuilder hostBuilder)
   at Microsoft.AspNetCore.Mvc.Testing.WebApplicationFactory`1.EnsureServer()
   at Microsoft.AspNetCore.Mvc.Testing.WebApplicationFactory`1.CreateDefaultClient(DelegatingHandler[] handlers)
   at Microsoft.AspNetCore.Mvc.Testing.WebApplicationFactory`1.CreateDefaultClient(Uri baseAddress, DelegatingHandler[] handlers)
   at Microsoft.AspNetCore.Mvc.Testing.WebApplicationFactory`1.CreateClient(WebApplicationFactoryClientOptions options)
   at Microsoft.AspNetCore.Mvc.Testing.WebApplicationFactory`1.CreateClient()
   at Diten.SupplyChainService.Tests.Carriers.CarrierContractTests.TwoByTwoScopesDeletedReservationsAndReceiptVisibility() in /private/tmp/mvp6-mod0187-r14-apply-01-Q7vmHi/source/services/Diten.SupplyChainService/tests/Diten.SupplyChainService.Tests/Carriers/CarrierContractTests.cs:line 172
--- End of stack trace from previous location ---
  Failed Diten.SupplyChainService.Tests.Loads.LoadIsolationTests.ScopeQueryKeysAreRejectedAfterOneDecodeAndUnknownKeysRemainIgnored [271 ms]
  Error Message:
   System.InvalidOperationException : Set MOD0185_TEST_MONGO to an isolated replica set.
  Stack Trace:
     at Diten.SupplyChainService.Tests.Loads.LoadTestFactory.get_Connection() in /private/tmp/mvp6-mod0187-r14-apply-01-Q7vmHi/source/services/Diten.SupplyChainService/tests/Diten.SupplyChainService.Tests/Loads/LoadContractTests.cs:line 54
   at Diten.SupplyChainService.Tests.Loads.LoadTestFactory.Settings(String referenceUrl) in /private/tmp/mvp6-mod0187-r14-apply-01-Q7vmHi/source/services/Diten.SupplyChainService/tests/Diten.SupplyChainService.Tests/Loads/LoadContractTests.cs:line 55
   at Diten.SupplyChainService.Tests.Loads.LoadTestFactory.<CreateHost>b__8_0(IConfigurationBuilder c) in /private/tmp/mvp6-mod0187-r14-apply-01-Q7vmHi/source/services/Diten.SupplyChainService/tests/Diten.SupplyChainService.Tests/Loads/LoadContractTests.cs:line 65
   at Microsoft.AspNetCore.Mvc.Testing.DeferredHostBuilder.ConfigureHostConfiguration(Action`1 configureDelegate)
   at Diten.SupplyChainService.Tests.Loads.LoadTestFactory.CreateHost(IHostBuilder builder) in /private/tmp/mvp6-mod0187-r14-apply-01-Q7vmHi/source/services/Diten.SupplyChainService/tests/Diten.SupplyChainService.Tests/Loads/LoadContractTests.cs:line 65
   at Microsoft.AspNetCore.Mvc.Testing.WebApplicationFactory`1.ConfigureHostBuilder(IHostBuilder hostBuilder)
   at Microsoft.AspNetCore.Mvc.Testing.WebApplicationFactory`1.EnsureServer()
   at Microsoft.AspNetCore.Mvc.Testing.WebApplicationFactory`1.CreateDefaultClient(DelegatingHandler[] handlers)
   at Microsoft.AspNetCore.Mvc.Testing.WebApplicationFactory`1.CreateDefaultClient(Uri baseAddress, DelegatingHandler[] handlers)
   at Microsoft.AspNetCore.Mvc.Testing.WebApplicationFactory`1.CreateClient(WebApplicationFactoryClientOptions options)
   at Microsoft.AspNetCore.Mvc.Testing.WebApplicationFactory`1.CreateClient()
   at Diten.SupplyChainService.Tests.Loads.LoadTestContext..ctor() in /private/tmp/mvp6-mod0187-r14-apply-01-Q7vmHi/source/services/Diten.SupplyChainService/tests/Diten.SupplyChainService.Tests/Loads/LoadContractTests.cs:line 125
   at Diten.SupplyChainService.Tests.Loads.LoadIsolationTests.ScopeQueryKeysAreRejectedAfterOneDecodeAndUnknownKeysRemainIgnored() in /private/tmp/mvp6-mod0187-r14-apply-01-Q7vmHi/source/services/Diten.SupplyChainService/tests/Diten.SupplyChainService.Tests/Loads/LoadIsolationTests.cs:line 83
--- End of stack trace from previous location ---
  Failed Diten.SupplyChainService.Tests.Loads.LoadIsolationTests.TwoTenantsByTwoLegalEntitiesCanReuseIdsWithoutCrossScopeVisibility [86 ms]
  Error Message:
   System.InvalidOperationException : Set MOD0185_TEST_MONGO to an isolated replica set.
  Stack Trace:
     at Diten.SupplyChainService.Tests.Loads.LoadTestFactory.get_Connection() in /private/tmp/mvp6-mod0187-r14-apply-01-Q7vmHi/source/services/Diten.SupplyChainService/tests/Diten.SupplyChainService.Tests/Loads/LoadContractTests.cs:line 54
   at Diten.SupplyChainService.Tests.Loads.LoadTestFactory.Settings(String referenceUrl) in /private/tmp/mvp6-mod0187-r14-apply-01-Q7vmHi/source/services/Diten.SupplyChainService/tests/Diten.SupplyChainService.Tests/Loads/LoadContractTests.cs:line 55
   at Diten.SupplyChainService.Tests.Loads.LoadTestFactory.<CreateHost>b__8_0(IConfigurationBuilder c) in /private/tmp/mvp6-mod0187-r14-apply-01-Q7vmHi/source/services/Diten.SupplyChainService/tests/Diten.SupplyChainService.Tests/Loads/LoadContractTests.cs:line 65
   at Microsoft.AspNetCore.Mvc.Testing.DeferredHostBuilder.ConfigureHostConfiguration(Action`1 configureDelegate)
   at Diten.SupplyChainService.Tests.Loads.LoadTestFactory.CreateHost(IHostBuilder builder) in /private/tmp/mvp6-mod0187-r14-apply-01-Q7vmHi/source/services/Diten.SupplyChainService/tests/Diten.SupplyChainService.Tests/Loads/LoadContractTests.cs:line 65
   at Microsoft.AspNetCore.Mvc.Testing.WebApplicationFactory`1.ConfigureHostBuilder(IHostBuilder hostBuilder)
   at Microsoft.AspNetCore.Mvc.Testing.WebApplicationFactory`1.EnsureServer()
   at Microsoft.AspNetCore.Mvc.Testing.WebApplicationFactory`1.CreateDefaultClient(DelegatingHandler[] handlers)
   at Microsoft.AspNetCore.Mvc.Testing.WebApplicationFactory`1.CreateDefaultClient(Uri baseAddress, DelegatingHandler[] handlers)
   at Microsoft.AspNetCore.Mvc.Testing.WebApplicationFactory`1.CreateClient(WebApplicationFactoryClientOptions options)
   at Microsoft.AspNetCore.Mvc.Testing.WebApplicationFactory`1.CreateClient()
   at Diten.SupplyChainService.Tests.Loads.LoadTestContext..ctor() in /private/tmp/mvp6-mod0187-r14-apply-01-Q7vmHi/source/services/Diten.SupplyChainService/tests/Diten.SupplyChainService.Tests/Loads/LoadContractTests.cs:line 125
   at Diten.SupplyChainService.Tests.Loads.LoadIsolationTests.TwoTenantsByTwoLegalEntitiesCanReuseIdsWithoutCrossScopeVisibility() in /private/tmp/mvp6-mod0187-r14-apply-01-Q7vmHi/source/services/Diten.SupplyChainService/tests/Diten.SupplyChainService.Tests/Loads/LoadIsolationTests.cs:line 16
--- End of stack trace from previous location ---
[xUnit.net 00:00:01.33]     Diten.SupplyChainService.Tests.Loads.LoadIsolationTests.PermissionScopesAndTrustedHeaderMismatchFailBeforePersistence [FAIL]
[xUnit.net 00:00:01.40]     Diten.SupplyChainService.Tests.Loads.LoadIsolationTests.AuthenticationAndPostAuthDuplicateSignedClaimsHaveDistinctOutcomes [FAIL]
  Failed Diten.SupplyChainService.Tests.Loads.LoadIsolationTests.PermissionScopesAndTrustedHeaderMismatchFailBeforePersistence [73 ms]
  Error Message:
   System.InvalidOperationException : Set MOD0185_TEST_MONGO to an isolated replica set.
  Stack Trace:
     at Diten.SupplyChainService.Tests.Loads.LoadTestFactory.get_Connection() in /private/tmp/mvp6-mod0187-r14-apply-01-Q7vmHi/source/services/Diten.SupplyChainService/tests/Diten.SupplyChainService.Tests/Loads/LoadContractTests.cs:line 54
   at Diten.SupplyChainService.Tests.Loads.LoadTestFactory.Settings(String referenceUrl) in /private/tmp/mvp6-mod0187-r14-apply-01-Q7vmHi/source/services/Diten.SupplyChainService/tests/Diten.SupplyChainService.Tests/Loads/LoadContractTests.cs:line 55
   at Diten.SupplyChainService.Tests.Loads.LoadTestFactory.<CreateHost>b__8_0(IConfigurationBuilder c) in /private/tmp/mvp6-mod0187-r14-apply-01-Q7vmHi/source/services/Diten.SupplyChainService/tests/Diten.SupplyChainService.Tests/Loads/LoadContractTests.cs:line 65
   at Microsoft.AspNetCore.Mvc.Testing.DeferredHostBuilder.ConfigureHostConfiguration(Action`1 configureDelegate)
   at Diten.SupplyChainService.Tests.Loads.LoadTestFactory.CreateHost(IHostBuilder builder) in /private/tmp/mvp6-mod0187-r14-apply-01-Q7vmHi/source/services/Diten.SupplyChainService/tests/Diten.SupplyChainService.Tests/Loads/LoadContractTests.cs:line 65
   at Microsoft.AspNetCore.Mvc.Testing.WebApplicationFactory`1.ConfigureHostBuilder(IHostBuilder hostBuilder)
   at Microsoft.AspNetCore.Mvc.Testing.WebApplicationFactory`1.EnsureServer()
   at Microsoft.AspNetCore.Mvc.Testing.WebApplicationFactory`1.CreateDefaultClient(DelegatingHandler[] handlers)
   at Microsoft.AspNetCore.Mvc.Testing.WebApplicationFactory`1.CreateDefaultClient(Uri baseAddress, DelegatingHandler[] handlers)
   at Microsoft.AspNetCore.Mvc.Testing.WebApplicationFactory`1.CreateClient(WebApplicationFactoryClientOptions options)
   at Microsoft.AspNetCore.Mvc.Testing.WebApplicationFactory`1.CreateClient()
   at Diten.SupplyChainService.Tests.Loads.LoadTestContext..ctor() in /private/tmp/mvp6-mod0187-r14-apply-01-Q7vmHi/source/services/Diten.SupplyChainService/tests/Diten.SupplyChainService.Tests/Loads/LoadContractTests.cs:line 125
   at Diten.SupplyChainService.Tests.Loads.LoadIsolationTests.PermissionScopesAndTrustedHeaderMismatchFailBeforePersistence() in /private/tmp/mvp6-mod0187-r14-apply-01-Q7vmHi/source/services/Diten.SupplyChainService/tests/Diten.SupplyChainService.Tests/Loads/LoadIsolationTests.cs:line 41
--- End of stack trace from previous location ---
  Failed Diten.SupplyChainService.Tests.Loads.LoadIsolationTests.AuthenticationAndPostAuthDuplicateSignedClaimsHaveDistinctOutcomes [72 ms]
  Error Message:
   System.InvalidOperationException : Set MOD0185_TEST_MONGO to an isolated replica set.
  Stack Trace:
     at Diten.SupplyChainService.Tests.Loads.LoadTestFactory.get_Connection() in /private/tmp/mvp6-mod0187-r14-apply-01-Q7vmHi/source/services/Diten.SupplyChainService/tests/Diten.SupplyChainService.Tests/Loads/LoadContractTests.cs:line 54
   at Diten.SupplyChainService.Tests.Loads.LoadTestFactory.Settings(String referenceUrl) in /private/tmp/mvp6-mod0187-r14-apply-01-Q7vmHi/source/services/Diten.SupplyChainService/tests/Diten.SupplyChainService.Tests/Loads/LoadContractTests.cs:line 55
   at Diten.SupplyChainService.Tests.Loads.LoadTestFactory.<CreateHost>b__8_0(IConfigurationBuilder c) in /private/tmp/mvp6-mod0187-r14-apply-01-Q7vmHi/source/services/Diten.SupplyChainService/tests/Diten.SupplyChainService.Tests/Loads/LoadContractTests.cs:line 65
   at Microsoft.AspNetCore.Mvc.Testing.DeferredHostBuilder.ConfigureHostConfiguration(Action`1 configureDelegate)
   at Diten.SupplyChainService.Tests.Loads.LoadTestFactory.CreateHost(IHostBuilder builder) in /private/tmp/mvp6-mod0187-r14-apply-01-Q7vmHi/source/services/Diten.SupplyChainService/tests/Diten.SupplyChainService.Tests/Loads/LoadContractTests.cs:line 65
   at Microsoft.AspNetCore.Mvc.Testing.WebApplicationFactory`1.ConfigureHostBuilder(IHostBuilder hostBuilder)
   at Microsoft.AspNetCore.Mvc.Testing.WebApplicationFactory`1.EnsureServer()
   at Microsoft.AspNetCore.Mvc.Testing.WebApplicationFactory`1.CreateDefaultClient(DelegatingHandler[] handlers)
   at Microsoft.AspNetCore.Mvc.Testing.WebApplicationFactory`1.CreateDefaultClient(Uri baseAddress, DelegatingHandler[] handlers)
   at Microsoft.AspNetCore.Mvc.Testing.WebApplicationFactory`1.CreateClient(WebApplicationFactoryClientOptions options)
   at Microsoft.AspNetCore.Mvc.Testing.WebApplicationFactory`1.CreateClient()
   at Diten.SupplyChainService.Tests.Loads.LoadTestContext..ctor() in /private/tmp/mvp6-mod0187-r14-apply-01-Q7vmHi/source/services/Diten.SupplyChainService/tests/Diten.SupplyChainService.Tests/Loads/LoadContractTests.cs:line 125
   at Diten.SupplyChainService.Tests.Loads.LoadIsolationTests.AuthenticationAndPostAuthDuplicateSignedClaimsHaveDistinctOutcomes() in /private/tmp/mvp6-mod0187-r14-apply-01-Q7vmHi/source/services/Diten.SupplyChainService/tests/Diten.SupplyChainService.Tests/Loads/LoadIsolationTests.cs:line 66
--- End of stack trace from previous location ---

Failed!  - Failed:    37, Passed:    41, Skipped:     0, Total:    78, Duration: 2 s - Diten.SupplyChainService.Tests.dll (net8.0)
