[02:22:23 INF] User profile is available. Using '/Users/natig/.aspnet/DataProtection-Keys' as key repository; keys will not be encrypted at rest.
[02:22:24 WRN] Shipment outbox transport is not registered. Durable events remain pending; integration is held.
[02:22:24 INF] Now listening on: http://127.0.0.1:5061
[02:22:24 INF] Application started. Press Ctrl+C to shut down.
[02:22:24 INF] Hosting environment: Development
[02:22:24 INF] Content root path: /Users/natig/Projects/ERP-vNext-recovery/services/Diten.SupplyChainService/src/Diten.SupplyChainService.Api
[02:22:25 INF] Request starting HTTP/1.1 GET http://localhost:5061/health - null null
[02:22:25 INF] Executing endpoint 'HTTP: GET /health'
[02:22:25 INF] Setting HTTP status code 200.
[02:22:25 INF] Writing value of type '<>f__AnonymousType2`4' as Json.
[02:22:25 INF] Executed endpoint 'HTTP: GET /health'
[02:22:25 INF] Request finished HTTP/1.1 GET http://localhost:5061/health - 200 null application/json; charset=utf-8 49.8101ms
[02:22:25 INF] Request starting HTTP/1.1 POST http://localhost:5061/api/shipment-bundle/shipments - application/json 385
[02:22:25 INF] Executing endpoint 'Diten.SupplyChainService.Api.Controllers.ShipmentsController.Create (Diten.SupplyChainService.Api)'
[02:22:25 INF] Route matched with {action = "Create", controller = "Shipments"}. Executing controller action with signature System.Threading.Tasks.Task`1[Microsoft.AspNetCore.Mvc.IActionResult] Create(Create, System.Threading.CancellationToken) on controller Diten.SupplyChainService.Api.Controllers.ShipmentsController (Diten.SupplyChainService.Api).
[02:22:25 INF] Handling CreateShipmentCommand
[02:22:25 INF] Executing ObjectResult, writing value of type 'System.Text.Json.Nodes.JsonObject'.
[02:22:25 INF] Executed action Diten.SupplyChainService.Api.Controllers.ShipmentsController.Create (Diten.SupplyChainService.Api) in 188.0275ms
[02:22:25 INF] Executed endpoint 'Diten.SupplyChainService.Api.Controllers.ShipmentsController.Create (Diten.SupplyChainService.Api)'
[02:22:25 INF] Request finished HTTP/1.1 POST http://localhost:5061/api/shipment-bundle/shipments - 201 null application/json; charset=utf-8 239.7969ms
[02:22:25 INF] Request starting HTTP/1.1 POST http://localhost:5061/api/shipment-bundle/shipments/81051df4-40ff-43d4-b7c3-1e7128ad0f11/transition - application/json 86
[02:22:25 INF] Executing endpoint 'Diten.SupplyChainService.Api.Controllers.ShipmentsController.Transition (Diten.SupplyChainService.Api)'
[02:22:25 INF] Route matched with {action = "Transition", controller = "Shipments"}. Executing controller action with signature System.Threading.Tasks.Task`1[Microsoft.AspNetCore.Mvc.IActionResult] Transition(System.Guid, Transition, System.Threading.CancellationToken) on controller Diten.SupplyChainService.Api.Controllers.ShipmentsController (Diten.SupplyChainService.Api).
[02:22:25 INF] Handling TransitionShipmentCommand
[02:22:25 INF] Executing ObjectResult, writing value of type 'System.Text.Json.Nodes.JsonObject'.
[02:22:25 INF] Executed action Diten.SupplyChainService.Api.Controllers.ShipmentsController.Transition (Diten.SupplyChainService.Api) in 75.7025ms
[02:22:25 INF] Executed endpoint 'Diten.SupplyChainService.Api.Controllers.ShipmentsController.Transition (Diten.SupplyChainService.Api)'
[02:22:25 INF] Request finished HTTP/1.1 POST http://localhost:5061/api/shipment-bundle/shipments/81051df4-40ff-43d4-b7c3-1e7128ad0f11/transition - 200 null application/json; charset=utf-8 82.6176ms
[02:22:25 INF] Request starting HTTP/1.1 POST http://localhost:5061/api/shipment-bundle/shipments/81051df4-40ff-43d4-b7c3-1e7128ad0f11/transition - application/json 89
[02:22:25 INF] Executing endpoint 'Diten.SupplyChainService.Api.Controllers.ShipmentsController.Transition (Diten.SupplyChainService.Api)'
[02:22:25 INF] Route matched with {action = "Transition", controller = "Shipments"}. Executing controller action with signature System.Threading.Tasks.Task`1[Microsoft.AspNetCore.Mvc.IActionResult] Transition(System.Guid, Transition, System.Threading.CancellationToken) on controller Diten.SupplyChainService.Api.Controllers.ShipmentsController (Diten.SupplyChainService.Api).
[02:22:25 INF] Handling TransitionShipmentCommand
[02:22:25 INF] Executing ObjectResult, writing value of type 'System.Text.Json.Nodes.JsonObject'.
[02:22:25 INF] Executed action Diten.SupplyChainService.Api.Controllers.ShipmentsController.Transition (Diten.SupplyChainService.Api) in 12.3802ms
[02:22:25 INF] Executed endpoint 'Diten.SupplyChainService.Api.Controllers.ShipmentsController.Transition (Diten.SupplyChainService.Api)'
[02:22:25 INF] Request finished HTTP/1.1 POST http://localhost:5061/api/shipment-bundle/shipments/81051df4-40ff-43d4-b7c3-1e7128ad0f11/transition - 200 null application/json; charset=utf-8 14.392ms
[02:22:25 INF] Request starting HTTP/1.1 POST http://localhost:5061/api/shipment-bundle/shipments/81051df4-40ff-43d4-b7c3-1e7128ad0f11/pod - application/json 145
[02:22:25 INF] Executing endpoint 'Diten.SupplyChainService.Api.Controllers.ShipmentsController.Pod (Diten.SupplyChainService.Api)'
[02:22:25 INF] Route matched with {action = "Pod", controller = "Shipments"}. Executing controller action with signature System.Threading.Tasks.Task`1[Microsoft.AspNetCore.Mvc.IActionResult] Pod(System.Guid, Pod, System.Threading.CancellationToken) on controller Diten.SupplyChainService.Api.Controllers.ShipmentsController (Diten.SupplyChainService.Api).
[02:22:25 INF] Handling CapturePodCommand
[02:22:25 INF] Executing ObjectResult, writing value of type 'System.Text.Json.Nodes.JsonObject'.
[02:22:25 INF] Executed action Diten.SupplyChainService.Api.Controllers.ShipmentsController.Pod (Diten.SupplyChainService.Api) in 26.0738ms
[02:22:25 INF] Executed endpoint 'Diten.SupplyChainService.Api.Controllers.ShipmentsController.Pod (Diten.SupplyChainService.Api)'
[02:22:25 INF] Request finished HTTP/1.1 POST http://localhost:5061/api/shipment-bundle/shipments/81051df4-40ff-43d4-b7c3-1e7128ad0f11/pod - 201 null application/json; charset=utf-8 29.2597ms
[02:22:28 INF] Application is shutting down...
