Test run for /private/tmp/mvp6-guard-payload-path-r2/checkout/tests/architecture/TenantArchitecture.ArchitectureTests/bin/Debug/net8.0/TenantArchitecture.ArchitectureTests.dll (.NETCoreApp,Version=v8.0)
VSTest version 17.11.1 (arm64)

Starting test execution, please wait...
A total of 1 test files matched the specified pattern.
[xUnit.net 00:00:04.54]     TenantArchitecture.ArchitectureTests.MongoTestDatabaseGuardTests.NoTestCreatesItsOwnDatabasePerRun [FAIL]
  Failed TenantArchitecture.ArchitectureTests.MongoTestDatabaseGuardTests.NoTestCreatesItsOwnDatabasePerRun [1 s]
  Error Message:
   a Mongo test named its database with a fresh Guid — share one database and isolate by TenantId, or add the file to KnownPerRunDatabase with a reason:
services/Diten.Platform/tests/Diten.Platform.Application.Tests/Audit/PpmAuditRetentionPolicySeedMongoTests.cs
services/Diten.Platform/tests/Diten.Platform.Application.Tests/Persistence/DisposableStandaloneMongo.cs
  Stack Trace:
     at TenantArchitecture.ArchitectureTests.MongoTestDatabaseGuardTests.NoTestCreatesItsOwnDatabasePerRun() in /private/tmp/mvp6-guard-payload-path-r2/checkout/tests/architecture/TenantArchitecture.ArchitectureTests/MongoTestDatabaseGuardTests.cs:line 126
   at System.RuntimeMethodHandle.InvokeMethod(Object target, Void** arguments, Signature sig, Boolean isConstructor)
   at System.Reflection.MethodBaseInvoker.InvokeWithNoArgs(Object obj, BindingFlags invokeAttr)
[xUnit.net 00:00:04.88]     TenantArchitecture.ArchitectureTests.JwtClockSkewGuardTests.NoProductionValidatorWritesItsOwnClockSkew [FAIL]
[xUnit.net 00:00:05.66]     TenantArchitecture.ArchitectureTests.DocsPathGuardTests.NoCodeFilePointsIntoDocsOutsideTheFiveFolders [FAIL]
  Failed TenantArchitecture.ArchitectureTests.JwtClockSkewGuardTests.NoProductionValidatorWritesItsOwnClockSkew [4 s]
  Error Message:
   a JWT validator wrote its own ClockSkew instead of using JwtValidationDefaults.ClockSkew — that is BL-296 coming back: the same token judged differently by two services, 30 seconds wide and invisible from the symptom. Use the shared constant; if the value itself is wrong, change it in services/Diten.Building.Blocks/Diten.BuildingBlocks.Security.Secrets/JwtValidationDefaults.cs so every service moves together:
services/Diten.HumanCapitalService/src/Diten.HumanCapitalService.Api/Program.cs
services/Diten.TalentEcosystemService/src/Diten.TalentEcosystemService.Api/Program.cs
  Stack Trace:
     at TenantArchitecture.ArchitectureTests.JwtClockSkewGuardTests.NoProductionValidatorWritesItsOwnClockSkew() in /private/tmp/mvp6-guard-payload-path-r2/checkout/tests/architecture/TenantArchitecture.ArchitectureTests/JwtClockSkewGuardTests.cs:line 76
   at System.RuntimeMethodHandle.InvokeMethod(Object target, Void** arguments, Signature sig, Boolean isConstructor)
   at System.Reflection.MethodBaseInvoker.InvokeWithNoArgs(Object obj, BindingFlags invokeAttr)
  Failed TenantArchitecture.ArchitectureTests.DocsPathGuardTests.NoCodeFilePointsIntoDocsOutsideTheFiveFolders [2 ms]
  Error Message:
   Assert.Equal() Failure: Strings differ
           ↓ (pos 0)
Expected: "DOCS_PATH_OWNER_DECISION"
Actual:   "SYNTHETIC_TEST_ONLY"
           ↑ (pos 0)
  Stack Trace:
     at TenantArchitecture.ArchitectureTests.DocsPathGuardTests.ReadAuthority(String root, Boolean syntheticFixture) in /private/tmp/mvp6-guard-payload-path-r2/checkout/tests/architecture/TenantArchitecture.ArchitectureTests/DocsPathGuardTests.cs:line 216
   at TenantArchitecture.ArchitectureTests.DocsPathGuardTests.VerifyRoot(String root, Boolean syntheticFixture) in /private/tmp/mvp6-guard-payload-path-r2/checkout/tests/architecture/TenantArchitecture.ArchitectureTests/DocsPathGuardTests.cs:line 95
   at TenantArchitecture.ArchitectureTests.DocsPathGuardTests.NoCodeFilePointsIntoDocsOutsideTheFiveFolders() in /private/tmp/mvp6-guard-payload-path-r2/checkout/tests/architecture/TenantArchitecture.ArchitectureTests/DocsPathGuardTests.cs:line 90
   at System.RuntimeMethodHandle.InvokeMethod(Object target, Void** arguments, Signature sig, Boolean isConstructor)
   at System.Reflection.MethodBaseInvoker.InvokeWithNoArgs(Object obj, BindingFlags invokeAttr)
[xUnit.net 00:00:07.93]     TenantArchitecture.ArchitectureTests.JwtClockSkewGuardTests.EveryLifetimeValidatingFileDeclaresTheSharedSkew [FAIL]
  Failed TenantArchitecture.ArchitectureTests.JwtClockSkewGuardTests.EveryLifetimeValidatingFileDeclaresTheSharedSkew [3 s]
  Error Message:
   this file validates token lifetime but never names JwtValidationDefaults.ClockSkew. With no ClockSkew set, Microsoft.IdentityModel applies its own default of FIVE MINUTES — silently looser than every other validator in this system:
services/Diten.HumanCapitalService/src/Diten.HumanCapitalService.Api/Program.cs
services/Diten.TalentEcosystemService/src/Diten.TalentEcosystemService.Api/Program.cs
  Stack Trace:
     at TenantArchitecture.ArchitectureTests.JwtClockSkewGuardTests.EveryLifetimeValidatingFileDeclaresTheSharedSkew() in /private/tmp/mvp6-guard-payload-path-r2/checkout/tests/architecture/TenantArchitecture.ArchitectureTests/JwtClockSkewGuardTests.cs:line 93
   at System.RuntimeMethodHandle.InvokeMethod(Object target, Void** arguments, Signature sig, Boolean isConstructor)
   at System.Reflection.MethodBaseInvoker.InvokeWithNoArgs(Object obj, BindingFlags invokeAttr)
Results File: /private/tmp/mvp6-guard-payload-path-r2/checkout/tests/architecture/TenantArchitecture.ArchitectureTests/TestResults/r2-full-authorized.trx

Failed!  - Failed:     4, Passed:    54, Skipped:     0, Total:    58, Duration: 9 s - TenantArchitecture.ArchitectureTests.dll (net8.0)
