  Determining projects to restore...
CSSM_ModuleLoad(): One or more parameters passed to a function were not valid.
/private/tmp/mvp6-guard-payload-path-r2/checkout/tests/architecture/TenantArchitecture.ArchitectureTests/TenantArchitecture.ArchitectureTests.csproj : warning NU1900: Error occurred while getting package vulnerability data: Unable to load the service index for source https://api.nuget.org/v3/index.json.
  Restored /private/tmp/mvp6-guard-payload-path-r2/checkout/tests/architecture/TenantArchitecture.ArchitectureTests/TenantArchitecture.ArchitectureTests.csproj (in 6.05 sec).
/private/tmp/mvp6-guard-payload-path-r2/checkout/tests/architecture/TenantArchitecture.ArchitectureTests/TenantArchitecture.ArchitectureTests.csproj : warning NU1900: Error occurred while getting package vulnerability data: Unable to load the service index for source https://api.nuget.org/v3/index.json.
  TenantArchitecture.ArchitectureTests -> /private/tmp/mvp6-guard-payload-path-r2/checkout/tests/architecture/TenantArchitecture.ArchitectureTests/bin/Debug/net8.0/TenantArchitecture.ArchitectureTests.dll
Test run for /private/tmp/mvp6-guard-payload-path-r2/checkout/tests/architecture/TenantArchitecture.ArchitectureTests/bin/Debug/net8.0/TenantArchitecture.ArchitectureTests.dll (.NETCoreApp,Version=v8.0)
VSTest version 17.11.1 (arm64)

Starting test execution, please wait...
A total of 1 test files matched the specified pattern.
System.Net.Sockets.SocketException (13): Permission denied
   at System.Net.Sockets.Socket.DoBind(EndPoint endPointSnapshot, SocketAddress socketAddress)
   at System.Net.Sockets.Socket.Bind(EndPoint localEP)
   at System.Net.Sockets.TcpListener.Start(Int32 backlog)
   at Microsoft.VisualStudio.TestPlatform.CommunicationUtilities.SocketServer.Start(String endPoint) in /_/src/Microsoft.TestPlatform.CommunicationUtilities/SocketServer.cs:line 65
   at Microsoft.VisualStudio.TestPlatform.CommunicationUtilities.TestRequestSender.InitializeCommunication() in /_/src/Microsoft.TestPlatform.CommunicationUtilities/TestRequestSender.cs:line 168
   at Microsoft.VisualStudio.TestPlatform.CrossPlatEngine.Client.ProxyOperationManager.SetupChannel(IEnumerable`1 sources, String runSettings) in /_/src/Microsoft.TestPlatform.CrossPlatEngine/Client/ProxyOperationManager.cs:line 204
   at Microsoft.VisualStudio.TestPlatform.CrossPlatEngine.Client.ProxyExecutionManager.InitializeTestRun(TestRunCriteria testRunCriteria, IInternalTestRunEventsHandler eventHandler) in /_/src/Microsoft.TestPlatform.CrossPlatEngine/Client/ProxyExecutionManager.cs:line 182
Results File: /private/tmp/mvp6-guard-payload-path-r2/checkout/tests/architecture/TenantArchitecture.ArchitectureTests/TestResults/r2-full.trx

Test Run Aborted.
