  Determining projects to restore...
  Restored /Users/natig/mvp6-env/claims/services/Diten.Building.Blocks/src/Diten.BuildingBlocks.ModuleRegistration.Abstractions/Diten.BuildingBlocks.ModuleRegistration.Abstractions.csproj (in 65 ms).
  Restored /Users/natig/mvp6-env/claims/services/Diten.SupplyChainService/src/Diten.SupplyChainService.Domain/Diten.SupplyChainService.Domain.csproj (in 65 ms).
  Restored /Users/natig/mvp6-env/claims/services/Diten.Building.Blocks/src/Diten.BuildingBlocks.Eventing/Diten.BuildingBlocks.Eventing.csproj (in 65 ms).
  Restored /Users/natig/mvp6-env/claims/services/Diten.SupplyChainService/src/Diten.SupplyChainService.Application/Diten.SupplyChainService.Application.csproj (in 732 ms).
  Restored /Users/natig/mvp6-env/claims/services/Diten.SupplyChainService/src/Diten.SupplyChainService.Infrastructure/Diten.SupplyChainService.Infrastructure.csproj (in 732 ms).
  Restored /Users/natig/mvp6-env/claims/services/Diten.Building.Blocks/Diten.BuildingBlocks.Security.Secrets/Diten.BuildingBlocks.Security.Secrets.csproj (in 749 ms).
  Restored /Users/natig/mvp6-env/claims/services/Diten.SupplyChainService/src/Diten.SupplyChainService.Persistence/Diten.SupplyChainService.Persistence.csproj (in 767 ms).
  Restored /Users/natig/mvp6-env/claims/services/Diten.SupplyChainService/src/Diten.SupplyChainService.Api/Diten.SupplyChainService.Api.csproj (in 767 ms).
  Diten.BuildingBlocks.ModuleRegistration.Abstractions -> /Users/natig/mvp6-env/claims/services/Diten.Building.Blocks/src/Diten.BuildingBlocks.ModuleRegistration.Abstractions/bin/Debug/net8.0/Diten.BuildingBlocks.ModuleRegistration.Abstractions.dll
  Diten.BuildingBlocks.Security.Secrets -> /Users/natig/mvp6-env/claims/services/Diten.Building.Blocks/Diten.BuildingBlocks.Security.Secrets/bin/Debug/net8.0/Diten.BuildingBlocks.Security.Secrets.dll
  Diten.SupplyChainService.Domain -> /Users/natig/mvp6-env/claims/services/Diten.SupplyChainService/src/Diten.SupplyChainService.Domain/bin/Debug/net8.0/Diten.SupplyChainService.Domain.dll
  Diten.BuildingBlocks.Eventing -> /Users/natig/mvp6-env/claims/services/Diten.Building.Blocks/src/Diten.BuildingBlocks.Eventing/bin/Debug/net8.0/Diten.BuildingBlocks.Eventing.dll
  Diten.SupplyChainService.Application -> /Users/natig/mvp6-env/claims/services/Diten.SupplyChainService/src/Diten.SupplyChainService.Application/bin/Debug/net8.0/Diten.SupplyChainService.Application.dll
  Diten.SupplyChainService.Infrastructure -> /Users/natig/mvp6-env/claims/services/Diten.SupplyChainService/src/Diten.SupplyChainService.Infrastructure/bin/Debug/net8.0/Diten.SupplyChainService.Infrastructure.dll
  Diten.SupplyChainService.Persistence -> /Users/natig/mvp6-env/claims/services/Diten.SupplyChainService/src/Diten.SupplyChainService.Persistence/bin/Debug/net8.0/Diten.SupplyChainService.Persistence.dll
  Diten.SupplyChainService.Api -> /Users/natig/mvp6-env/claims/services/Diten.SupplyChainService/src/Diten.SupplyChainService.Api/bin/Debug/net8.0/Diten.SupplyChainService.Api.dll

Build succeeded.
    0 Warning(s)
    0 Error(s)

Time Elapsed 00:00:17.41
