Test run for /private/tmp/mvp6-mod0186-r01-independent-ver-01/source/services/Diten.SupplyChainService/tests/Diten.SupplyChainService.Tests/bin/Release/net8.0/Diten.SupplyChainService.Tests.dll (.NETCoreApp,Version=v8.0)
VSTest version 18.0.1 (arm64)

Starting test execution, please wait...
A total of 1 test files matched the specified pattern.
[xUnit.net 00:00:00.00] xUnit.net VSTest Adapter v2.8.2+699d445a1a (64-bit .NET 10.0.2)
[xUnit.net 00:00:00.13]   Discovering: Diten.SupplyChainService.Tests
[xUnit.net 00:00:00.27]   Discovered:  Diten.SupplyChainService.Tests
[xUnit.net 00:00:00.28]   Starting:    Diten.SupplyChainService.Tests
[xUnit.net 00:00:00.39]     Diten.SupplyChainService.Tests.Returns.ReturnReferenceTests.ProducerShipmentRootInvalid500_MapsToReturnsRootInvalid [FAIL]
[xUnit.net 00:00:00.39]       Assert.Equal() Failure: Values differ
[xUnit.net 00:00:00.39]       Expected: 502
[xUnit.net 00:00:00.39]       Actual:   503
[xUnit.net 00:00:00.39]       Stack Trace:
[xUnit.net 00:00:00.40]         /private/tmp/mvp6-mod0186-r01-independent-ver-01/source/services/Diten.SupplyChainService/tests/Diten.SupplyChainService.Tests/Returns/ReturnReferenceTests.cs(41,0): at Diten.SupplyChainService.Tests.Returns.ReturnReferenceTests.ProducerShipmentRootInvalid500_MapsToReturnsRootInvalid()
[xUnit.net 00:00:00.40]         --- End of stack trace from previous location ---
[xUnit.net 00:00:00.41]   Finished:    Diten.SupplyChainService.Tests
  Failed Diten.SupplyChainService.Tests.Returns.ReturnReferenceTests.ProducerShipmentRootInvalid500_MapsToReturnsRootInvalid [33 ms]
  Error Message:
   Assert.Equal() Failure: Values differ
Expected: 502
Actual:   503
  Stack Trace:
     at Diten.SupplyChainService.Tests.Returns.ReturnReferenceTests.ProducerShipmentRootInvalid500_MapsToReturnsRootInvalid() in /private/tmp/mvp6-mod0186-r01-independent-ver-01/source/services/Diten.SupplyChainService/tests/Diten.SupplyChainService.Tests/Returns/ReturnReferenceTests.cs:line 41
--- End of stack trace from previous location ---

Test Run Failed.
Total tests: 1
     Failed: 1
 Total time: 1.1986 Seconds
