  Diten.SupplyChainService.Domain -> /private/tmp/mvp6-mod0186-r01-rework-01/services/Diten.SupplyChainService/src/Diten.SupplyChainService.Domain/bin/Release/net8.0/Diten.SupplyChainService.Domain.dll
  Diten.SupplyChainService.Application -> /private/tmp/mvp6-mod0186-r01-rework-01/services/Diten.SupplyChainService/src/Diten.SupplyChainService.Application/bin/Release/net8.0/Diten.SupplyChainService.Application.dll
  Diten.BuildingBlocks.Eventing -> /private/tmp/mvp6-mod0186-r01-rework-01/services/Diten.Building.Blocks/src/Diten.BuildingBlocks.Eventing/bin/Release/net8.0/Diten.BuildingBlocks.Eventing.dll
  Diten.SupplyChainService.Persistence -> /private/tmp/mvp6-mod0186-r01-rework-01/services/Diten.SupplyChainService/src/Diten.SupplyChainService.Persistence/bin/Release/net8.0/Diten.SupplyChainService.Persistence.dll
  Diten.SupplyChainService.Infrastructure -> /private/tmp/mvp6-mod0186-r01-rework-01/services/Diten.SupplyChainService/src/Diten.SupplyChainService.Infrastructure/bin/Release/net8.0/Diten.SupplyChainService.Infrastructure.dll
  Diten.BuildingBlocks.Security.Secrets -> /private/tmp/mvp6-mod0186-r01-rework-01/services/Diten.Building.Blocks/Diten.BuildingBlocks.Security.Secrets/bin/Release/net8.0/Diten.BuildingBlocks.Security.Secrets.dll
  Diten.SupplyChainService.Api -> /private/tmp/mvp6-mod0186-r01-rework-01/services/Diten.SupplyChainService/src/Diten.SupplyChainService.Api/bin/Release/net8.0/Diten.SupplyChainService.Api.dll
  Diten.SupplyChainService.Tests -> /private/tmp/mvp6-mod0186-r01-rework-01/services/Diten.SupplyChainService/tests/Diten.SupplyChainService.Tests/bin/Release/net8.0/Diten.SupplyChainService.Tests.dll
Test run for /private/tmp/mvp6-mod0186-r01-rework-01/services/Diten.SupplyChainService/tests/Diten.SupplyChainService.Tests/bin/Release/net8.0/Diten.SupplyChainService.Tests.dll (.NETCoreApp,Version=v8.0)
VSTest version 18.0.1 (arm64)

Starting test execution, please wait...
A total of 1 test files matched the specified pattern.
[xUnit.net 00:00:00.00] xUnit.net VSTest Adapter v2.8.2+699d445a1a (64-bit .NET 10.0.2)
[xUnit.net 00:00:00.16]   Discovering: Diten.SupplyChainService.Tests
[xUnit.net 00:00:00.33]   Discovered:  Diten.SupplyChainService.Tests
[xUnit.net 00:00:00.34]   Starting:    Diten.SupplyChainService.Tests
[xUnit.net 00:00:00.48]     Diten.SupplyChainService.Tests.Returns.ReturnReferenceTests.ProducerShipmentRootInvalid500_MapsToReturnsRootInvalid [FAIL]
[xUnit.net 00:00:00.48]       Assert.Equal() Failure: Values differ
[xUnit.net 00:00:00.48]       Expected: 502
[xUnit.net 00:00:00.48]       Actual:   503
[xUnit.net 00:00:00.48]       Stack Trace:
[xUnit.net 00:00:00.49]         /private/tmp/mvp6-mod0186-r01-rework-01/services/Diten.SupplyChainService/tests/Diten.SupplyChainService.Tests/Returns/ReturnReferenceTests.cs(41,0): at Diten.SupplyChainService.Tests.Returns.ReturnReferenceTests.ProducerShipmentRootInvalid500_MapsToReturnsRootInvalid()
[xUnit.net 00:00:00.49]         --- End of stack trace from previous location ---
[xUnit.net 00:00:00.50]   Finished:    Diten.SupplyChainService.Tests
  Failed Diten.SupplyChainService.Tests.Returns.ReturnReferenceTests.ProducerShipmentRootInvalid500_MapsToReturnsRootInvalid [41 ms]
  Error Message:
   Assert.Equal() Failure: Values differ
Expected: 502
Actual:   503
  Stack Trace:
     at Diten.SupplyChainService.Tests.Returns.ReturnReferenceTests.ProducerShipmentRootInvalid500_MapsToReturnsRootInvalid() in /private/tmp/mvp6-mod0186-r01-rework-01/services/Diten.SupplyChainService/tests/Diten.SupplyChainService.Tests/Returns/ReturnReferenceTests.cs:line 41
--- End of stack trace from previous location ---

Test Run Failed.
Total tests: 1
     Failed: 1
 Total time: 1.5056 Seconds
