dotnet watch ❌ Exited with error code -1
dotnet watch ⌚ File changed: C:\Users\user\Desktop\ERP-vNext\services\Diten.CrmService\src\Diten.CrmService.Api\Controllers\CRM\ContactAvailabilityController.cs
dotnet watch ❌ Exited with error code -1
dotnet watch ⌚ File changed: C:\Users\user\Desktop\ERP-vNext\services\Diten.CrmService\src\Diten.CrmService.Api\Controllers\CRM\ContactAvailabilityController.cs
dotnet watch ❌ Exited with error code -1
dotnet watch ⌚ File changed: C:\Users\user\Desktop\ERP-vNext\services\Diten.CrmService\src\Diten.CrmService.Api\Controllers\CRM\ContactAvailabilityController.cs
dotnet watch ❌ Exited with error code -1
dotnet watch ⌚ File changed: C:\Users\user\Desktop\ERP-vNext\services\Diten.CrmService\src\Diten.CrmService.Application\Features\ContactAvailability\Handlers\ContactAvailabilityQueryHandlers.cs
dotnet watch ❌ Exited with error code -1
dotnet watch ⌚ File changed: C:\Users\user\Desktop\ERP-vNext\services\Diten.CrmService\src\Diten.CrmService.Application\Features\Territory\Contract\TerritoryContractDto.cs
dotnet watch ❌ Exited with error code -1
dotnet watch ⏳ Waiting for a file to change before restarting ...
dotnet watch ❌ Exited with error code -1
dotnet watch ⌚ File changed: C:\Users\user\Desktop\ERP-vNext\services\Diten.CrmService\src\Diten.CrmService.Persistence\DependencyInjection.cs
dotnet watch ❌ Exited with error code -1
dotnet watch ⌚ File changed: C:\Users\user\Desktop\ERP-vNext\services\Diten.CrmService\src\Diten.CrmService.Persistence\DependencyInjection.cs
dotnet watch ❌ Exited with error code -1
dotnet watch ⌚ File changed: C:\Users\user\Desktop\ERP-vNext\services\Diten.CrmService\src\Diten.CrmService.Persistence\DependencyInjection.cs

Derleme başarısız oldu. Derleme hatalarını düzeltip yeniden çalıştırın.
dotnet watch ❌ Exited with error code 1
dotnet watch ⏳ Waiting for a file to change before restarting ...

Derleme başarısız oldu. Derleme hatalarını düzeltip yeniden çalıştırın.
dotnet watch ❌ Exited with error code 1
dotnet watch ⏳ Waiting for a file to change before restarting ...
