C:\Users\user\Desktop\ERP-vNext\services\Diten.MdmService\src\Diten.MdmService.Api\Properties\launchSettings.json içindeki başlatma ayarları kullanılıyor...
info: Microsoft.AspNetCore.DataProtection.KeyManagement.XmlKeyManager[63]
      User profile is available. Using 'C:\Users\user\AppData\Local\ASP.NET\DataProtection-Keys' as key repository and Windows DPAPI to encrypt keys at rest.
info: Microsoft.Hosting.Lifetime[14]
      Now listening on: http://localhost:5059
info: Microsoft.Hosting.Lifetime[0]
      Application started. Press Ctrl+C to shut down.
info: Microsoft.Hosting.Lifetime[0]
      Hosting environment: Development
info: Microsoft.Hosting.Lifetime[0]
      Content root path: C:\Users\user\Desktop\ERP-vNext\services\Diten.MdmService\src\Diten.MdmService.Api
info: Microsoft.AspNetCore.Hosting.Diagnostics[1]
      Request starting HTTP/1.1 GET http://localhost:5059/swagger/index.html - - -
info: Microsoft.AspNetCore.Hosting.Diagnostics[2]
      Request finished HTTP/1.1 GET http://localhost:5059/swagger/index.html - 200 - text/html;charset=utf-8 314.1752ms
info: Microsoft.AspNetCore.Hosting.Diagnostics[1]
      Request starting HTTP/1.1 GET http://localhost:5059/_framework/aspnetcore-browser-refresh.js - - -
info: Microsoft.AspNetCore.Hosting.Diagnostics[2]
      Request finished HTTP/1.1 GET http://localhost:5059/_framework/aspnetcore-browser-refresh.js - 200 16481 application/javascript;+charset=utf-8 4.3596ms
info: Microsoft.AspNetCore.Hosting.Diagnostics[1]
      Request starting HTTP/1.1 GET http://localhost:5059/swagger/v1/swagger.json - - -
info: Microsoft.AspNetCore.Hosting.Diagnostics[2]
      Request finished HTTP/1.1 GET http://localhost:5059/swagger/v1/swagger.json - 200 - application/json;charset=utf-8 313.1576ms
info: Microsoft.AspNetCore.Hosting.Diagnostics[1]
      Request starting HTTP/1.1 GET http://localhost:5059/api/legal-entities - - -
info: Microsoft.AspNetCore.Routing.EndpointMiddleware[0]
      Executing endpoint 'Diten.MdmService.Api.Controllers.LegalEntitiesController.GetAll (Diten.MdmService.Api)'
info: Microsoft.AspNetCore.Mvc.Infrastructure.ControllerActionInvoker[102]
      Route matched with {action = "GetAll", controller = "LegalEntities"}. Executing controller action with signature System.Threading.Tasks.Task`1[Microsoft.AspNetCore.Mvc.IActionResult] GetAll(Diten.MdmService.Application.Features.LegalEntity.Queries.GetLegalEntitiesQuery, System.Threading.CancellationToken) on controller Diten.MdmService.Api.Controllers.LegalEntitiesController (Diten.MdmService.Api).
info: Diten.MdmService.Application.Behaviors.LoggingBehavior[0]
      Handling GetLegalEntitiesQuery
info: Diten.MdmService.Application.Behaviors.LoggingBehavior[0]
      Handled GetLegalEntitiesQuery
info: Microsoft.AspNetCore.Mvc.Infrastructure.ObjectResultExecutor[1]
      Executing OkObjectResult, writing value of type 'Diten.Shared.Core.Response`1[[System.Collections.Generic.IReadOnlyList`1[[Diten.MdmService.Application.Features.LegalEntity.LegalEntityDetailDto, Diten.MdmService.Application, Version=1.0.0.0, Culture=neutral, PublicKeyToken=null]], System.Private.CoreLib, Version=8.0.0.0, Culture=neutral, PublicKeyToken=7cec85d7bea7798e]]'.
info: Microsoft.AspNetCore.Mvc.Infrastructure.ControllerActionInvoker[105]
      Executed action Diten.MdmService.Api.Controllers.LegalEntitiesController.GetAll (Diten.MdmService.Api) in 300.8365ms
info: Microsoft.AspNetCore.Routing.EndpointMiddleware[1]
      Executed endpoint 'Diten.MdmService.Api.Controllers.LegalEntitiesController.GetAll (Diten.MdmService.Api)'
info: Microsoft.AspNetCore.Hosting.Diagnostics[2]
      Request finished HTTP/1.1 GET http://localhost:5059/api/legal-entities - 200 - application/json;+charset=utf-8 489.2491ms
info: Microsoft.AspNetCore.Hosting.Diagnostics[1]
      Request starting HTTP/1.1 GET http://localhost:5059/api/legal-entities - - -
info: Microsoft.AspNetCore.Routing.EndpointMiddleware[0]
      Executing endpoint 'Diten.MdmService.Api.Controllers.LegalEntitiesController.GetAll (Diten.MdmService.Api)'
info: Microsoft.AspNetCore.Mvc.Infrastructure.ControllerActionInvoker[102]
      Route matched with {action = "GetAll", controller = "LegalEntities"}. Executing controller action with signature System.Threading.Tasks.Task`1[Microsoft.AspNetCore.Mvc.IActionResult] GetAll(Diten.MdmService.Application.Features.LegalEntity.Queries.GetLegalEntitiesQuery, System.Threading.CancellationToken) on controller Diten.MdmService.Api.Controllers.LegalEntitiesController (Diten.MdmService.Api).
info: Diten.MdmService.Application.Behaviors.LoggingBehavior[0]
      Handling GetLegalEntitiesQuery
info: Diten.MdmService.Application.Behaviors.LoggingBehavior[0]
      Handled GetLegalEntitiesQuery
info: Microsoft.AspNetCore.Mvc.Infrastructure.ObjectResultExecutor[1]
      Executing OkObjectResult, writing value of type 'Diten.Shared.Core.Response`1[[System.Collections.Generic.IReadOnlyList`1[[Diten.MdmService.Application.Features.LegalEntity.LegalEntityDetailDto, Diten.MdmService.Application, Version=1.0.0.0, Culture=neutral, PublicKeyToken=null]], System.Private.CoreLib, Version=8.0.0.0, Culture=neutral, PublicKeyToken=7cec85d7bea7798e]]'.
info: Microsoft.AspNetCore.Mvc.Infrastructure.ControllerActionInvoker[105]
      Executed action Diten.MdmService.Api.Controllers.LegalEntitiesController.GetAll (Diten.MdmService.Api) in 11.2016ms
info: Microsoft.AspNetCore.Routing.EndpointMiddleware[1]
      Executed endpoint 'Diten.MdmService.Api.Controllers.LegalEntitiesController.GetAll (Diten.MdmService.Api)'
info: Microsoft.AspNetCore.Hosting.Diagnostics[2]
      Request finished HTTP/1.1 GET http://localhost:5059/api/legal-entities - 200 - application/json;+charset=utf-8 18.9274ms
info: Microsoft.AspNetCore.Hosting.Diagnostics[1]
      Request starting HTTP/1.1 GET http://localhost:5059/api/legal-entities - - -
info: Microsoft.AspNetCore.Routing.EndpointMiddleware[0]
      Executing endpoint 'Diten.MdmService.Api.Controllers.LegalEntitiesController.GetAll (Diten.MdmService.Api)'
info: Microsoft.AspNetCore.Mvc.Infrastructure.ControllerActionInvoker[102]
      Route matched with {action = "GetAll", controller = "LegalEntities"}. Executing controller action with signature System.Threading.Tasks.Task`1[Microsoft.AspNetCore.Mvc.IActionResult] GetAll(Diten.MdmService.Application.Features.LegalEntity.Queries.GetLegalEntitiesQuery, System.Threading.CancellationToken) on controller Diten.MdmService.Api.Controllers.LegalEntitiesController (Diten.MdmService.Api).
info: Diten.MdmService.Application.Behaviors.LoggingBehavior[0]
      Handling GetLegalEntitiesQuery
info: Diten.MdmService.Application.Behaviors.LoggingBehavior[0]
      Handled GetLegalEntitiesQuery
info: Microsoft.AspNetCore.Mvc.Infrastructure.ObjectResultExecutor[1]
      Executing OkObjectResult, writing value of type 'Diten.Shared.Core.Response`1[[System.Collections.Generic.IReadOnlyList`1[[Diten.MdmService.Application.Features.LegalEntity.LegalEntityDetailDto, Diten.MdmService.Application, Version=1.0.0.0, Culture=neutral, PublicKeyToken=null]], System.Private.CoreLib, Version=8.0.0.0, Culture=neutral, PublicKeyToken=7cec85d7bea7798e]]'.
info: Microsoft.AspNetCore.Mvc.Infrastructure.ControllerActionInvoker[105]
      Executed action Diten.MdmService.Api.Controllers.LegalEntitiesController.GetAll (Diten.MdmService.Api) in 10.6449ms
info: Microsoft.AspNetCore.Routing.EndpointMiddleware[1]
      Executed endpoint 'Diten.MdmService.Api.Controllers.LegalEntitiesController.GetAll (Diten.MdmService.Api)'
info: Microsoft.AspNetCore.Hosting.Diagnostics[2]
      Request finished HTTP/1.1 GET http://localhost:5059/api/legal-entities - 200 - application/json;+charset=utf-8 19.2477ms
info: Microsoft.AspNetCore.Hosting.Diagnostics[1]
      Request starting HTTP/1.1 GET http://localhost:5059/api/legal-entities - - -
info: Microsoft.AspNetCore.Routing.EndpointMiddleware[0]
      Executing endpoint 'Diten.MdmService.Api.Controllers.LegalEntitiesController.GetAll (Diten.MdmService.Api)'
info: Microsoft.AspNetCore.Mvc.Infrastructure.ControllerActionInvoker[102]
      Route matched with {action = "GetAll", controller = "LegalEntities"}. Executing controller action with signature System.Threading.Tasks.Task`1[Microsoft.AspNetCore.Mvc.IActionResult] GetAll(Diten.MdmService.Application.Features.LegalEntity.Queries.GetLegalEntitiesQuery, System.Threading.CancellationToken) on controller Diten.MdmService.Api.Controllers.LegalEntitiesController (Diten.MdmService.Api).
info: Diten.MdmService.Application.Behaviors.LoggingBehavior[0]
      Handling GetLegalEntitiesQuery
info: Diten.MdmService.Application.Behaviors.LoggingBehavior[0]
      Handled GetLegalEntitiesQuery
info: Microsoft.AspNetCore.Mvc.Infrastructure.ObjectResultExecutor[1]
      Executing OkObjectResult, writing value of type 'Diten.Shared.Core.Response`1[[System.Collections.Generic.IReadOnlyList`1[[Diten.MdmService.Application.Features.LegalEntity.LegalEntityDetailDto, Diten.MdmService.Application, Version=1.0.0.0, Culture=neutral, PublicKeyToken=null]], System.Private.CoreLib, Version=8.0.0.0, Culture=neutral, PublicKeyToken=7cec85d7bea7798e]]'.
info: Microsoft.AspNetCore.Mvc.Infrastructure.ControllerActionInvoker[105]
      Executed action Diten.MdmService.Api.Controllers.LegalEntitiesController.GetAll (Diten.MdmService.Api) in 4.7514ms
info: Microsoft.AspNetCore.Routing.EndpointMiddleware[1]
      Executed endpoint 'Diten.MdmService.Api.Controllers.LegalEntitiesController.GetAll (Diten.MdmService.Api)'
info: Microsoft.AspNetCore.Hosting.Diagnostics[2]
      Request finished HTTP/1.1 GET http://localhost:5059/api/legal-entities - 200 - application/json;+charset=utf-8 6.5332ms
info: Microsoft.AspNetCore.Hosting.Diagnostics[1]
      Request starting HTTP/1.1 GET http://localhost:5059/api/legal-entities - - -
info: Microsoft.AspNetCore.Routing.EndpointMiddleware[0]
      Executing endpoint 'Diten.MdmService.Api.Controllers.LegalEntitiesController.GetAll (Diten.MdmService.Api)'
info: Microsoft.AspNetCore.Mvc.Infrastructure.ControllerActionInvoker[102]
      Route matched with {action = "GetAll", controller = "LegalEntities"}. Executing controller action with signature System.Threading.Tasks.Task`1[Microsoft.AspNetCore.Mvc.IActionResult] GetAll(Diten.MdmService.Application.Features.LegalEntity.Queries.GetLegalEntitiesQuery, System.Threading.CancellationToken) on controller Diten.MdmService.Api.Controllers.LegalEntitiesController (Diten.MdmService.Api).
info: Diten.MdmService.Application.Behaviors.LoggingBehavior[0]
      Handling GetLegalEntitiesQuery
info: Microsoft.AspNetCore.Hosting.Diagnostics[1]
      Request starting HTTP/1.1 GET http://localhost:5059/api/legal-entities - - -
info: Microsoft.AspNetCore.Routing.EndpointMiddleware[0]
      Executing endpoint 'Diten.MdmService.Api.Controllers.LegalEntitiesController.GetAll (Diten.MdmService.Api)'
info: Microsoft.AspNetCore.Mvc.Infrastructure.ControllerActionInvoker[102]
      Route matched with {action = "GetAll", controller = "LegalEntities"}. Executing controller action with signature System.Threading.Tasks.Task`1[Microsoft.AspNetCore.Mvc.IActionResult] GetAll(Diten.MdmService.Application.Features.LegalEntity.Queries.GetLegalEntitiesQuery, System.Threading.CancellationToken) on controller Diten.MdmService.Api.Controllers.LegalEntitiesController (Diten.MdmService.Api).
info: Diten.MdmService.Application.Behaviors.LoggingBehavior[0]
      Handling GetLegalEntitiesQuery
info: Diten.MdmService.Application.Behaviors.LoggingBehavior[0]
      Handled GetLegalEntitiesQuery
info: Microsoft.AspNetCore.Mvc.Infrastructure.ObjectResultExecutor[1]
      Executing OkObjectResult, writing value of type 'Diten.Shared.Core.Response`1[[System.Collections.Generic.IReadOnlyList`1[[Diten.MdmService.Application.Features.LegalEntity.LegalEntityDetailDto, Diten.MdmService.Application, Version=1.0.0.0, Culture=neutral, PublicKeyToken=null]], System.Private.CoreLib, Version=8.0.0.0, Culture=neutral, PublicKeyToken=7cec85d7bea7798e]]'.
info: Microsoft.AspNetCore.Mvc.Infrastructure.ControllerActionInvoker[105]
      Executed action Diten.MdmService.Api.Controllers.LegalEntitiesController.GetAll (Diten.MdmService.Api) in 6.7721ms
info: Microsoft.AspNetCore.Routing.EndpointMiddleware[1]
      Executed endpoint 'Diten.MdmService.Api.Controllers.LegalEntitiesController.GetAll (Diten.MdmService.Api)'
info: Microsoft.AspNetCore.Hosting.Diagnostics[2]
      Request finished HTTP/1.1 GET http://localhost:5059/api/legal-entities - 200 - application/json;+charset=utf-8 8.1964ms
info: Diten.MdmService.Application.Behaviors.LoggingBehavior[0]
      Handled GetLegalEntitiesQuery
info: Microsoft.AspNetCore.Mvc.Infrastructure.ObjectResultExecutor[1]
      Executing OkObjectResult, writing value of type 'Diten.Shared.Core.Response`1[[System.Collections.Generic.IReadOnlyList`1[[Diten.MdmService.Application.Features.LegalEntity.LegalEntityDetailDto, Diten.MdmService.Application, Version=1.0.0.0, Culture=neutral, PublicKeyToken=null]], System.Private.CoreLib, Version=8.0.0.0, Culture=neutral, PublicKeyToken=7cec85d7bea7798e]]'.
info: Microsoft.AspNetCore.Mvc.Infrastructure.ControllerActionInvoker[105]
      Executed action Diten.MdmService.Api.Controllers.LegalEntitiesController.GetAll (Diten.MdmService.Api) in 10.3398ms
info: Microsoft.AspNetCore.Routing.EndpointMiddleware[1]
      Executed endpoint 'Diten.MdmService.Api.Controllers.LegalEntitiesController.GetAll (Diten.MdmService.Api)'
info: Microsoft.AspNetCore.Hosting.Diagnostics[2]
      Request finished HTTP/1.1 GET http://localhost:5059/api/legal-entities - 200 - application/json;+charset=utf-8 11.8335ms
info: Microsoft.AspNetCore.Hosting.Diagnostics[1]
      Request starting HTTP/1.1 GET http://localhost:5059/api/legal-entities - - -
info: Microsoft.AspNetCore.Routing.EndpointMiddleware[0]
      Executing endpoint 'Diten.MdmService.Api.Controllers.LegalEntitiesController.GetAll (Diten.MdmService.Api)'
info: Microsoft.AspNetCore.Mvc.Infrastructure.ControllerActionInvoker[102]
      Route matched with {action = "GetAll", controller = "LegalEntities"}. Executing controller action with signature System.Threading.Tasks.Task`1[Microsoft.AspNetCore.Mvc.IActionResult] GetAll(Diten.MdmService.Application.Features.LegalEntity.Queries.GetLegalEntitiesQuery, System.Threading.CancellationToken) on controller Diten.MdmService.Api.Controllers.LegalEntitiesController (Diten.MdmService.Api).
info: Diten.MdmService.Application.Behaviors.LoggingBehavior[0]
      Handling GetLegalEntitiesQuery
info: Diten.MdmService.Application.Behaviors.LoggingBehavior[0]
      Handled GetLegalEntitiesQuery
info: Microsoft.AspNetCore.Mvc.Infrastructure.ObjectResultExecutor[1]
      Executing OkObjectResult, writing value of type 'Diten.Shared.Core.Response`1[[System.Collections.Generic.IReadOnlyList`1[[Diten.MdmService.Application.Features.LegalEntity.LegalEntityDetailDto, Diten.MdmService.Application, Version=1.0.0.0, Culture=neutral, PublicKeyToken=null]], System.Private.CoreLib, Version=8.0.0.0, Culture=neutral, PublicKeyToken=7cec85d7bea7798e]]'.
info: Microsoft.AspNetCore.Mvc.Infrastructure.ControllerActionInvoker[105]
      Executed action Diten.MdmService.Api.Controllers.LegalEntitiesController.GetAll (Diten.MdmService.Api) in 6.178ms
info: Microsoft.AspNetCore.Routing.EndpointMiddleware[1]
      Executed endpoint 'Diten.MdmService.Api.Controllers.LegalEntitiesController.GetAll (Diten.MdmService.Api)'
info: Microsoft.AspNetCore.Hosting.Diagnostics[2]
      Request finished HTTP/1.1 GET http://localhost:5059/api/legal-entities - 200 - application/json;+charset=utf-8 8.1063ms
info: Microsoft.AspNetCore.Hosting.Diagnostics[1]
      Request starting HTTP/1.1 GET http://localhost:5059/api/legal-entities - - -
info: Microsoft.AspNetCore.Hosting.Diagnostics[1]
      Request starting HTTP/1.1 GET http://localhost:5059/api/legal-entities - - -
info: Microsoft.AspNetCore.Routing.EndpointMiddleware[0]
      Executing endpoint 'Diten.MdmService.Api.Controllers.LegalEntitiesController.GetAll (Diten.MdmService.Api)'
info: Microsoft.AspNetCore.Routing.EndpointMiddleware[0]
      Executing endpoint 'Diten.MdmService.Api.Controllers.LegalEntitiesController.GetAll (Diten.MdmService.Api)'
info: Microsoft.AspNetCore.Mvc.Infrastructure.ControllerActionInvoker[102]
      Route matched with {action = "GetAll", controller = "LegalEntities"}. Executing controller action with signature System.Threading.Tasks.Task`1[Microsoft.AspNetCore.Mvc.IActionResult] GetAll(Diten.MdmService.Application.Features.LegalEntity.Queries.GetLegalEntitiesQuery, System.Threading.CancellationToken) on controller Diten.MdmService.Api.Controllers.LegalEntitiesController (Diten.MdmService.Api).
info: Microsoft.AspNetCore.Mvc.Infrastructure.ControllerActionInvoker[102]
      Route matched with {action = "GetAll", controller = "LegalEntities"}. Executing controller action with signature System.Threading.Tasks.Task`1[Microsoft.AspNetCore.Mvc.IActionResult] GetAll(Diten.MdmService.Application.Features.LegalEntity.Queries.GetLegalEntitiesQuery, System.Threading.CancellationToken) on controller Diten.MdmService.Api.Controllers.LegalEntitiesController (Diten.MdmService.Api).
info: Diten.MdmService.Application.Behaviors.LoggingBehavior[0]
      Handling GetLegalEntitiesQuery
info: Diten.MdmService.Application.Behaviors.LoggingBehavior[0]
      Handling GetLegalEntitiesQuery
info: Diten.MdmService.Application.Behaviors.LoggingBehavior[0]
      Handled GetLegalEntitiesQuery
info: Diten.MdmService.Application.Behaviors.LoggingBehavior[0]
      Handled GetLegalEntitiesQuery
info: Microsoft.AspNetCore.Mvc.Infrastructure.ObjectResultExecutor[1]
      Executing OkObjectResult, writing value of type 'Diten.Shared.Core.Response`1[[System.Collections.Generic.IReadOnlyList`1[[Diten.MdmService.Application.Features.LegalEntity.LegalEntityDetailDto, Diten.MdmService.Application, Version=1.0.0.0, Culture=neutral, PublicKeyToken=null]], System.Private.CoreLib, Version=8.0.0.0, Culture=neutral, PublicKeyToken=7cec85d7bea7798e]]'.
info: Microsoft.AspNetCore.Mvc.Infrastructure.ObjectResultExecutor[1]
      Executing OkObjectResult, writing value of type 'Diten.Shared.Core.Response`1[[System.Collections.Generic.IReadOnlyList`1[[Diten.MdmService.Application.Features.LegalEntity.LegalEntityDetailDto, Diten.MdmService.Application, Version=1.0.0.0, Culture=neutral, PublicKeyToken=null]], System.Private.CoreLib, Version=8.0.0.0, Culture=neutral, PublicKeyToken=7cec85d7bea7798e]]'.
info: Microsoft.AspNetCore.Mvc.Infrastructure.ControllerActionInvoker[105]
      Executed action Diten.MdmService.Api.Controllers.LegalEntitiesController.GetAll (Diten.MdmService.Api) in 4.0567ms
info: Microsoft.AspNetCore.Mvc.Infrastructure.ControllerActionInvoker[105]
      Executed action Diten.MdmService.Api.Controllers.LegalEntitiesController.GetAll (Diten.MdmService.Api) in 4.0573ms
info: Microsoft.AspNetCore.Routing.EndpointMiddleware[1]
      Executed endpoint 'Diten.MdmService.Api.Controllers.LegalEntitiesController.GetAll (Diten.MdmService.Api)'
info: Microsoft.AspNetCore.Routing.EndpointMiddleware[1]
      Executed endpoint 'Diten.MdmService.Api.Controllers.LegalEntitiesController.GetAll (Diten.MdmService.Api)'
info: Microsoft.AspNetCore.Hosting.Diagnostics[2]
      Request finished HTTP/1.1 GET http://localhost:5059/api/legal-entities - 200 - application/json;+charset=utf-8 5.1143ms
info: Microsoft.AspNetCore.Hosting.Diagnostics[2]
      Request finished HTTP/1.1 GET http://localhost:5059/api/legal-entities - 200 - application/json;+charset=utf-8 5.3166ms
info: Microsoft.AspNetCore.Hosting.Diagnostics[1]
      Request starting HTTP/1.1 GET http://localhost:5059/api/legal-entities - - -
info: Microsoft.AspNetCore.Routing.EndpointMiddleware[0]
      Executing endpoint 'Diten.MdmService.Api.Controllers.LegalEntitiesController.GetAll (Diten.MdmService.Api)'
info: Microsoft.AspNetCore.Mvc.Infrastructure.ControllerActionInvoker[102]
      Route matched with {action = "GetAll", controller = "LegalEntities"}. Executing controller action with signature System.Threading.Tasks.Task`1[Microsoft.AspNetCore.Mvc.IActionResult] GetAll(Diten.MdmService.Application.Features.LegalEntity.Queries.GetLegalEntitiesQuery, System.Threading.CancellationToken) on controller Diten.MdmService.Api.Controllers.LegalEntitiesController (Diten.MdmService.Api).
info: Diten.MdmService.Application.Behaviors.LoggingBehavior[0]
      Handling GetLegalEntitiesQuery
info: Diten.MdmService.Application.Behaviors.LoggingBehavior[0]
      Handled GetLegalEntitiesQuery
info: Microsoft.AspNetCore.Mvc.Infrastructure.ObjectResultExecutor[1]
      Executing OkObjectResult, writing value of type 'Diten.Shared.Core.Response`1[[System.Collections.Generic.IReadOnlyList`1[[Diten.MdmService.Application.Features.LegalEntity.LegalEntityDetailDto, Diten.MdmService.Application, Version=1.0.0.0, Culture=neutral, PublicKeyToken=null]], System.Private.CoreLib, Version=8.0.0.0, Culture=neutral, PublicKeyToken=7cec85d7bea7798e]]'.
info: Microsoft.AspNetCore.Mvc.Infrastructure.ControllerActionInvoker[105]
      Executed action Diten.MdmService.Api.Controllers.LegalEntitiesController.GetAll (Diten.MdmService.Api) in 3.7148ms
info: Microsoft.AspNetCore.Routing.EndpointMiddleware[1]
      Executed endpoint 'Diten.MdmService.Api.Controllers.LegalEntitiesController.GetAll (Diten.MdmService.Api)'
info: Microsoft.AspNetCore.Hosting.Diagnostics[2]
      Request finished HTTP/1.1 GET http://localhost:5059/api/legal-entities - 200 - application/json;+charset=utf-8 5.0467ms
info: Microsoft.AspNetCore.Hosting.Diagnostics[1]
      Request starting HTTP/1.1 GET http://localhost:5059/api/legal-entities - - -
info: Microsoft.AspNetCore.Routing.EndpointMiddleware[0]
      Executing endpoint 'Diten.MdmService.Api.Controllers.LegalEntitiesController.GetAll (Diten.MdmService.Api)'
info: Microsoft.AspNetCore.Mvc.Infrastructure.ControllerActionInvoker[102]
      Route matched with {action = "GetAll", controller = "LegalEntities"}. Executing controller action with signature System.Threading.Tasks.Task`1[Microsoft.AspNetCore.Mvc.IActionResult] GetAll(Diten.MdmService.Application.Features.LegalEntity.Queries.GetLegalEntitiesQuery, System.Threading.CancellationToken) on controller Diten.MdmService.Api.Controllers.LegalEntitiesController (Diten.MdmService.Api).
info: Diten.MdmService.Application.Behaviors.LoggingBehavior[0]
      Handling GetLegalEntitiesQuery
info: Microsoft.AspNetCore.Hosting.Diagnostics[1]
      Request starting HTTP/1.1 GET http://localhost:5059/api/legal-entities - - -
info: Microsoft.AspNetCore.Routing.EndpointMiddleware[0]
      Executing endpoint 'Diten.MdmService.Api.Controllers.LegalEntitiesController.GetAll (Diten.MdmService.Api)'
info: Microsoft.AspNetCore.Mvc.Infrastructure.ControllerActionInvoker[102]
      Route matched with {action = "GetAll", controller = "LegalEntities"}. Executing controller action with signature System.Threading.Tasks.Task`1[Microsoft.AspNetCore.Mvc.IActionResult] GetAll(Diten.MdmService.Application.Features.LegalEntity.Queries.GetLegalEntitiesQuery, System.Threading.CancellationToken) on controller Diten.MdmService.Api.Controllers.LegalEntitiesController (Diten.MdmService.Api).
info: Diten.MdmService.Application.Behaviors.LoggingBehavior[0]
      Handling GetLegalEntitiesQuery
info: Diten.MdmService.Application.Behaviors.LoggingBehavior[0]
      Handled GetLegalEntitiesQuery
info: Microsoft.AspNetCore.Mvc.Infrastructure.ObjectResultExecutor[1]
      Executing OkObjectResult, writing value of type 'Diten.Shared.Core.Response`1[[System.Collections.Generic.IReadOnlyList`1[[Diten.MdmService.Application.Features.LegalEntity.LegalEntityDetailDto, Diten.MdmService.Application, Version=1.0.0.0, Culture=neutral, PublicKeyToken=null]], System.Private.CoreLib, Version=8.0.0.0, Culture=neutral, PublicKeyToken=7cec85d7bea7798e]]'.
info: Microsoft.AspNetCore.Mvc.Infrastructure.ControllerActionInvoker[105]
      Executed action Diten.MdmService.Api.Controllers.LegalEntitiesController.GetAll (Diten.MdmService.Api) in 5.26ms
info: Microsoft.AspNetCore.Routing.EndpointMiddleware[1]
      Executed endpoint 'Diten.MdmService.Api.Controllers.LegalEntitiesController.GetAll (Diten.MdmService.Api)'
info: Microsoft.AspNetCore.Hosting.Diagnostics[2]
      Request finished HTTP/1.1 GET http://localhost:5059/api/legal-entities - 200 - application/json;+charset=utf-8 6.7539ms
info: Diten.MdmService.Application.Behaviors.LoggingBehavior[0]
      Handled GetLegalEntitiesQuery
info: Microsoft.AspNetCore.Mvc.Infrastructure.ObjectResultExecutor[1]
      Executing OkObjectResult, writing value of type 'Diten.Shared.Core.Response`1[[System.Collections.Generic.IReadOnlyList`1[[Diten.MdmService.Application.Features.LegalEntity.LegalEntityDetailDto, Diten.MdmService.Application, Version=1.0.0.0, Culture=neutral, PublicKeyToken=null]], System.Private.CoreLib, Version=8.0.0.0, Culture=neutral, PublicKeyToken=7cec85d7bea7798e]]'.
info: Microsoft.AspNetCore.Mvc.Infrastructure.ControllerActionInvoker[105]
      Executed action Diten.MdmService.Api.Controllers.LegalEntitiesController.GetAll (Diten.MdmService.Api) in 6.5229ms
info: Microsoft.AspNetCore.Routing.EndpointMiddleware[1]
      Executed endpoint 'Diten.MdmService.Api.Controllers.LegalEntitiesController.GetAll (Diten.MdmService.Api)'
info: Microsoft.AspNetCore.Hosting.Diagnostics[2]
      Request finished HTTP/1.1 GET http://localhost:5059/api/legal-entities - 200 - application/json;+charset=utf-8 7.7447ms
info: Microsoft.AspNetCore.Hosting.Diagnostics[1]
      Request starting HTTP/1.1 GET http://localhost:5059/api/legal-entities - - -
info: Microsoft.AspNetCore.Routing.EndpointMiddleware[0]
      Executing endpoint 'Diten.MdmService.Api.Controllers.LegalEntitiesController.GetAll (Diten.MdmService.Api)'
info: Microsoft.AspNetCore.Mvc.Infrastructure.ControllerActionInvoker[102]
      Route matched with {action = "GetAll", controller = "LegalEntities"}. Executing controller action with signature System.Threading.Tasks.Task`1[Microsoft.AspNetCore.Mvc.IActionResult] GetAll(Diten.MdmService.Application.Features.LegalEntity.Queries.GetLegalEntitiesQuery, System.Threading.CancellationToken) on controller Diten.MdmService.Api.Controllers.LegalEntitiesController (Diten.MdmService.Api).
info: Diten.MdmService.Application.Behaviors.LoggingBehavior[0]
      Handling GetLegalEntitiesQuery
info: Diten.MdmService.Application.Behaviors.LoggingBehavior[0]
      Handled GetLegalEntitiesQuery
info: Microsoft.AspNetCore.Mvc.Infrastructure.ObjectResultExecutor[1]
      Executing OkObjectResult, writing value of type 'Diten.Shared.Core.Response`1[[System.Collections.Generic.IReadOnlyList`1[[Diten.MdmService.Application.Features.LegalEntity.LegalEntityDetailDto, Diten.MdmService.Application, Version=1.0.0.0, Culture=neutral, PublicKeyToken=null]], System.Private.CoreLib, Version=8.0.0.0, Culture=neutral, PublicKeyToken=7cec85d7bea7798e]]'.
info: Microsoft.AspNetCore.Mvc.Infrastructure.ControllerActionInvoker[105]
      Executed action Diten.MdmService.Api.Controllers.LegalEntitiesController.GetAll (Diten.MdmService.Api) in 4.3828ms
info: Microsoft.AspNetCore.Routing.EndpointMiddleware[1]
      Executed endpoint 'Diten.MdmService.Api.Controllers.LegalEntitiesController.GetAll (Diten.MdmService.Api)'
info: Microsoft.AspNetCore.Hosting.Diagnostics[2]
      Request finished HTTP/1.1 GET http://localhost:5059/api/legal-entities - 200 - application/json;+charset=utf-8 5.8523ms
