services\Diten.Platform\src\Diten.Platform.API\Properties\launchSettings.json içindeki başlatma ayarları kullanılıyor...
Derleniyor...
dbug: Microsoft.Extensions.Hosting.Internal.Host[1]
      Hosting starting
info: Microsoft.AspNetCore.DataProtection.KeyManagement.XmlKeyManager[63]
      User profile is available. Using 'C:\Users\user\AppData\Local\ASP.NET\DataProtection-Keys' as key repository and Windows DPAPI to encrypt keys at rest.
info: Microsoft.Hosting.Lifetime[14]
      Now listening on: http://localhost:5057
info: Microsoft.Hosting.Lifetime[0]
      Application started. Press Ctrl+C to shut down.
info: Microsoft.Hosting.Lifetime[0]
      Hosting environment: Development
info: Microsoft.Hosting.Lifetime[0]
      Content root path: C:\Users\user\Desktop\ERP-vNext\services\Diten.Platform\src\Diten.Platform.API
dbug: Microsoft.Extensions.Hosting.Internal.Host[2]
      Hosting started
info: Microsoft.AspNetCore.Hosting.Diagnostics[1]
      Request starting HTTP/1.1 GET http://localhost:5057/api/internal/platform-administrators/status?email=admin%40diten.com - - -
info: Microsoft.AspNetCore.Routing.EndpointMiddleware[0]
      Executing endpoint 'Diten.Platform.API.Controllers.Internal.InternalPlatformAdministratorsController.GetStatus (Diten.Platform.API)'
info: Microsoft.AspNetCore.Mvc.Infrastructure.ControllerActionInvoker[102]
      Route matched with {action = "GetStatus", controller = "InternalPlatformAdministrators"}. Executing controller action with signature System.Threading.Tasks.Task`1[Microsoft.AspNetCore.Mvc.IActionResult] GetStatus(System.String, System.Threading.CancellationToken) on controller Diten.Platform.API.Controllers.Internal.InternalPlatformAdministratorsController (Diten.Platform.API).
info: Microsoft.AspNetCore.Mvc.Infrastructure.ObjectResultExecutor[1]
      Executing OkObjectResult, writing value of type 'Diten.Platform.Application.Common.Response`1[[Diten.Platform.API.Controllers.Internal.InternalPlatformAdministratorsController+PlatformAdministratorStatusDto, Diten.Platform.API, Version=1.0.0.0, Culture=neutral, PublicKeyToken=null]]'.
info: Microsoft.AspNetCore.Mvc.Infrastructure.ControllerActionInvoker[105]
      Executed action Diten.Platform.API.Controllers.Internal.InternalPlatformAdministratorsController.GetStatus (Diten.Platform.API) in 48.2924ms
info: Microsoft.AspNetCore.Routing.EndpointMiddleware[1]
      Executed endpoint 'Diten.Platform.API.Controllers.Internal.InternalPlatformAdministratorsController.GetStatus (Diten.Platform.API)'
info: Microsoft.AspNetCore.Hosting.Diagnostics[2]
      Request finished HTTP/1.1 GET http://localhost:5057/api/internal/platform-administrators/status?email=admin%40diten.com - 200 - application/json;+charset=utf-8 118.2133ms
info: Microsoft.AspNetCore.Hosting.Diagnostics[1]
      Request starting HTTP/1.1 GET http://localhost:5057/api/internal/platform-administrators/status?email=admin%40diten.com - - -
info: Microsoft.AspNetCore.Routing.EndpointMiddleware[0]
      Executing endpoint 'Diten.Platform.API.Controllers.Internal.InternalPlatformAdministratorsController.GetStatus (Diten.Platform.API)'
info: Microsoft.AspNetCore.Mvc.Infrastructure.ControllerActionInvoker[102]
      Route matched with {action = "GetStatus", controller = "InternalPlatformAdministrators"}. Executing controller action with signature System.Threading.Tasks.Task`1[Microsoft.AspNetCore.Mvc.IActionResult] GetStatus(System.String, System.Threading.CancellationToken) on controller Diten.Platform.API.Controllers.Internal.InternalPlatformAdministratorsController (Diten.Platform.API).
info: Microsoft.AspNetCore.Mvc.Infrastructure.ObjectResultExecutor[1]
      Executing OkObjectResult, writing value of type 'Diten.Platform.Application.Common.Response`1[[Diten.Platform.API.Controllers.Internal.InternalPlatformAdministratorsController+PlatformAdministratorStatusDto, Diten.Platform.API, Version=1.0.0.0, Culture=neutral, PublicKeyToken=null]]'.
info: Microsoft.AspNetCore.Mvc.Infrastructure.ControllerActionInvoker[105]
      Executed action Diten.Platform.API.Controllers.Internal.InternalPlatformAdministratorsController.GetStatus (Diten.Platform.API) in 3.2871ms
info: Microsoft.AspNetCore.Routing.EndpointMiddleware[1]
      Executed endpoint 'Diten.Platform.API.Controllers.Internal.InternalPlatformAdministratorsController.GetStatus (Diten.Platform.API)'
info: Microsoft.AspNetCore.Hosting.Diagnostics[2]
      Request finished HTTP/1.1 GET http://localhost:5057/api/internal/platform-administrators/status?email=admin%40diten.com - 200 - application/json;+charset=utf-8 7.5114ms
info: Microsoft.AspNetCore.Hosting.Diagnostics[1]
      Request starting HTTP/1.1 POST http://localhost:5057/api/internal/platform-administrators/accept-login - application/json;+charset=utf-8 -
info: Microsoft.AspNetCore.Routing.EndpointMiddleware[0]
      Executing endpoint 'Diten.Platform.API.Controllers.Internal.InternalPlatformAdministratorsController.AcceptLogin (Diten.Platform.API)'
info: Microsoft.AspNetCore.Mvc.Infrastructure.ControllerActionInvoker[102]
      Route matched with {action = "AcceptLogin", controller = "InternalPlatformAdministrators"}. Executing controller action with signature System.Threading.Tasks.Task`1[Microsoft.AspNetCore.Mvc.IActionResult] AcceptLogin(PlatformAdministratorLoginAcceptedRequest, System.Threading.CancellationToken) on controller Diten.Platform.API.Controllers.Internal.InternalPlatformAdministratorsController (Diten.Platform.API).
info: Microsoft.AspNetCore.Mvc.StatusCodeResult[1]
      Executing StatusCodeResult, setting HTTP status code 204
info: Microsoft.AspNetCore.Mvc.Infrastructure.ControllerActionInvoker[105]
      Executed action Diten.Platform.API.Controllers.Internal.InternalPlatformAdministratorsController.AcceptLogin (Diten.Platform.API) in 18.7952ms
info: Microsoft.AspNetCore.Routing.EndpointMiddleware[1]
      Executed endpoint 'Diten.Platform.API.Controllers.Internal.InternalPlatformAdministratorsController.AcceptLogin (Diten.Platform.API)'
info: Microsoft.AspNetCore.Hosting.Diagnostics[2]
      Request finished HTTP/1.1 POST http://localhost:5057/api/internal/platform-administrators/accept-login - 204 - - 25.5846ms
info: Microsoft.AspNetCore.Hosting.Diagnostics[1]
      Request starting HTTP/1.1 GET http://localhost:5057/api/internal/platform-administrators/status?email=admin%40diten.com - - -
info: Microsoft.AspNetCore.Routing.EndpointMiddleware[0]
      Executing endpoint 'Diten.Platform.API.Controllers.Internal.InternalPlatformAdministratorsController.GetStatus (Diten.Platform.API)'
info: Microsoft.AspNetCore.Mvc.Infrastructure.ControllerActionInvoker[102]
      Route matched with {action = "GetStatus", controller = "InternalPlatformAdministrators"}. Executing controller action with signature System.Threading.Tasks.Task`1[Microsoft.AspNetCore.Mvc.IActionResult] GetStatus(System.String, System.Threading.CancellationToken) on controller Diten.Platform.API.Controllers.Internal.InternalPlatformAdministratorsController (Diten.Platform.API).
info: Microsoft.AspNetCore.Mvc.Infrastructure.ObjectResultExecutor[1]
      Executing OkObjectResult, writing value of type 'Diten.Platform.Application.Common.Response`1[[Diten.Platform.API.Controllers.Internal.InternalPlatformAdministratorsController+PlatformAdministratorStatusDto, Diten.Platform.API, Version=1.0.0.0, Culture=neutral, PublicKeyToken=null]]'.
info: Microsoft.AspNetCore.Mvc.Infrastructure.ControllerActionInvoker[105]
      Executed action Diten.Platform.API.Controllers.Internal.InternalPlatformAdministratorsController.GetStatus (Diten.Platform.API) in 2.22ms
info: Microsoft.AspNetCore.Routing.EndpointMiddleware[1]
      Executed endpoint 'Diten.Platform.API.Controllers.Internal.InternalPlatformAdministratorsController.GetStatus (Diten.Platform.API)'
info: Microsoft.AspNetCore.Hosting.Diagnostics[2]
      Request finished HTTP/1.1 GET http://localhost:5057/api/internal/platform-administrators/status?email=admin%40diten.com - 200 - application/json;+charset=utf-8 2.7241ms
info: Microsoft.AspNetCore.Hosting.Diagnostics[1]
      Request starting HTTP/1.1 POST http://localhost:5057/api/internal/platform-administrators/accept-login - application/json;+charset=utf-8 -
info: Microsoft.AspNetCore.Routing.EndpointMiddleware[0]
      Executing endpoint 'Diten.Platform.API.Controllers.Internal.InternalPlatformAdministratorsController.AcceptLogin (Diten.Platform.API)'
info: Microsoft.AspNetCore.Mvc.Infrastructure.ControllerActionInvoker[102]
      Route matched with {action = "AcceptLogin", controller = "InternalPlatformAdministrators"}. Executing controller action with signature System.Threading.Tasks.Task`1[Microsoft.AspNetCore.Mvc.IActionResult] AcceptLogin(PlatformAdministratorLoginAcceptedRequest, System.Threading.CancellationToken) on controller Diten.Platform.API.Controllers.Internal.InternalPlatformAdministratorsController (Diten.Platform.API).
info: Microsoft.AspNetCore.Mvc.StatusCodeResult[1]
      Executing StatusCodeResult, setting HTTP status code 204
info: Microsoft.AspNetCore.Mvc.Infrastructure.ControllerActionInvoker[105]
      Executed action Diten.Platform.API.Controllers.Internal.InternalPlatformAdministratorsController.AcceptLogin (Diten.Platform.API) in 2.117ms
info: Microsoft.AspNetCore.Routing.EndpointMiddleware[1]
      Executed endpoint 'Diten.Platform.API.Controllers.Internal.InternalPlatformAdministratorsController.AcceptLogin (Diten.Platform.API)'
info: Microsoft.AspNetCore.Hosting.Diagnostics[2]
      Request finished HTTP/1.1 POST http://localhost:5057/api/internal/platform-administrators/accept-login - 204 - - 2.5618ms
info: Microsoft.AspNetCore.Hosting.Diagnostics[1]
      Request starting HTTP/1.1 GET http://localhost:5057/api/internal/platform-administrators/status?email=admin%40diten.com - - -
info: Microsoft.AspNetCore.Routing.EndpointMiddleware[0]
      Executing endpoint 'Diten.Platform.API.Controllers.Internal.InternalPlatformAdministratorsController.GetStatus (Diten.Platform.API)'
info: Microsoft.AspNetCore.Mvc.Infrastructure.ControllerActionInvoker[102]
      Route matched with {action = "GetStatus", controller = "InternalPlatformAdministrators"}. Executing controller action with signature System.Threading.Tasks.Task`1[Microsoft.AspNetCore.Mvc.IActionResult] GetStatus(System.String, System.Threading.CancellationToken) on controller Diten.Platform.API.Controllers.Internal.InternalPlatformAdministratorsController (Diten.Platform.API).
info: Microsoft.AspNetCore.Mvc.Infrastructure.ObjectResultExecutor[1]
      Executing OkObjectResult, writing value of type 'Diten.Platform.Application.Common.Response`1[[Diten.Platform.API.Controllers.Internal.InternalPlatformAdministratorsController+PlatformAdministratorStatusDto, Diten.Platform.API, Version=1.0.0.0, Culture=neutral, PublicKeyToken=null]]'.
info: Microsoft.AspNetCore.Mvc.Infrastructure.ControllerActionInvoker[105]
      Executed action Diten.Platform.API.Controllers.Internal.InternalPlatformAdministratorsController.GetStatus (Diten.Platform.API) in 2.021ms
info: Microsoft.AspNetCore.Routing.EndpointMiddleware[1]
      Executed endpoint 'Diten.Platform.API.Controllers.Internal.InternalPlatformAdministratorsController.GetStatus (Diten.Platform.API)'
info: Microsoft.AspNetCore.Hosting.Diagnostics[2]
      Request finished HTTP/1.1 GET http://localhost:5057/api/internal/platform-administrators/status?email=admin%40diten.com - 200 - application/json;+charset=utf-8 2.4465ms
info: Microsoft.AspNetCore.Hosting.Diagnostics[1]
      Request starting HTTP/1.1 POST http://localhost:5057/api/internal/platform-administrators/accept-login - application/json;+charset=utf-8 -
info: Microsoft.AspNetCore.Routing.EndpointMiddleware[0]
      Executing endpoint 'Diten.Platform.API.Controllers.Internal.InternalPlatformAdministratorsController.AcceptLogin (Diten.Platform.API)'
info: Microsoft.AspNetCore.Mvc.Infrastructure.ControllerActionInvoker[102]
      Route matched with {action = "AcceptLogin", controller = "InternalPlatformAdministrators"}. Executing controller action with signature System.Threading.Tasks.Task`1[Microsoft.AspNetCore.Mvc.IActionResult] AcceptLogin(PlatformAdministratorLoginAcceptedRequest, System.Threading.CancellationToken) on controller Diten.Platform.API.Controllers.Internal.InternalPlatformAdministratorsController (Diten.Platform.API).
info: Microsoft.AspNetCore.Mvc.StatusCodeResult[1]
      Executing StatusCodeResult, setting HTTP status code 204
info: Microsoft.AspNetCore.Mvc.Infrastructure.ControllerActionInvoker[105]
      Executed action Diten.Platform.API.Controllers.Internal.InternalPlatformAdministratorsController.AcceptLogin (Diten.Platform.API) in 2.0279ms
info: Microsoft.AspNetCore.Routing.EndpointMiddleware[1]
      Executed endpoint 'Diten.Platform.API.Controllers.Internal.InternalPlatformAdministratorsController.AcceptLogin (Diten.Platform.API)'
info: Microsoft.AspNetCore.Hosting.Diagnostics[2]
      Request finished HTTP/1.1 POST http://localhost:5057/api/internal/platform-administrators/accept-login - 204 - - 2.4726ms
info: Microsoft.AspNetCore.Hosting.Diagnostics[1]
      Request starting HTTP/1.1 GET http://localhost:5057/api/internal/platform-administrators/status?email=admin%40diten.com - - -
info: Microsoft.AspNetCore.Routing.EndpointMiddleware[0]
      Executing endpoint 'Diten.Platform.API.Controllers.Internal.InternalPlatformAdministratorsController.GetStatus (Diten.Platform.API)'
info: Microsoft.AspNetCore.Mvc.Infrastructure.ControllerActionInvoker[102]
      Route matched with {action = "GetStatus", controller = "InternalPlatformAdministrators"}. Executing controller action with signature System.Threading.Tasks.Task`1[Microsoft.AspNetCore.Mvc.IActionResult] GetStatus(System.String, System.Threading.CancellationToken) on controller Diten.Platform.API.Controllers.Internal.InternalPlatformAdministratorsController (Diten.Platform.API).
info: Microsoft.AspNetCore.Mvc.Infrastructure.ObjectResultExecutor[1]
      Executing OkObjectResult, writing value of type 'Diten.Platform.Application.Common.Response`1[[Diten.Platform.API.Controllers.Internal.InternalPlatformAdministratorsController+PlatformAdministratorStatusDto, Diten.Platform.API, Version=1.0.0.0, Culture=neutral, PublicKeyToken=null]]'.
info: Microsoft.AspNetCore.Mvc.Infrastructure.ControllerActionInvoker[105]
      Executed action Diten.Platform.API.Controllers.Internal.InternalPlatformAdministratorsController.GetStatus (Diten.Platform.API) in 1.9463ms
info: Microsoft.AspNetCore.Routing.EndpointMiddleware[1]
      Executed endpoint 'Diten.Platform.API.Controllers.Internal.InternalPlatformAdministratorsController.GetStatus (Diten.Platform.API)'
info: Microsoft.AspNetCore.Hosting.Diagnostics[2]
      Request finished HTTP/1.1 GET http://localhost:5057/api/internal/platform-administrators/status?email=admin%40diten.com - 200 - application/json;+charset=utf-8 2.3906ms
info: Microsoft.AspNetCore.Hosting.Diagnostics[1]
      Request starting HTTP/1.1 POST http://localhost:5057/api/internal/platform-administrators/accept-login - application/json;+charset=utf-8 -
info: Microsoft.AspNetCore.Routing.EndpointMiddleware[0]
      Executing endpoint 'Diten.Platform.API.Controllers.Internal.InternalPlatformAdministratorsController.AcceptLogin (Diten.Platform.API)'
info: Microsoft.AspNetCore.Mvc.Infrastructure.ControllerActionInvoker[102]
      Route matched with {action = "AcceptLogin", controller = "InternalPlatformAdministrators"}. Executing controller action with signature System.Threading.Tasks.Task`1[Microsoft.AspNetCore.Mvc.IActionResult] AcceptLogin(PlatformAdministratorLoginAcceptedRequest, System.Threading.CancellationToken) on controller Diten.Platform.API.Controllers.Internal.InternalPlatformAdministratorsController (Diten.Platform.API).
info: Microsoft.AspNetCore.Mvc.StatusCodeResult[1]
      Executing StatusCodeResult, setting HTTP status code 204
info: Microsoft.AspNetCore.Mvc.Infrastructure.ControllerActionInvoker[105]
      Executed action Diten.Platform.API.Controllers.Internal.InternalPlatformAdministratorsController.AcceptLogin (Diten.Platform.API) in 2.4764ms
info: Microsoft.AspNetCore.Routing.EndpointMiddleware[1]
      Executed endpoint 'Diten.Platform.API.Controllers.Internal.InternalPlatformAdministratorsController.AcceptLogin (Diten.Platform.API)'
info: Microsoft.AspNetCore.Hosting.Diagnostics[2]
      Request finished HTTP/1.1 POST http://localhost:5057/api/internal/platform-administrators/accept-login - 204 - - 2.9747ms
info: Microsoft.AspNetCore.Hosting.Diagnostics[1]
      Request starting HTTP/1.1 GET http://localhost:5057/api/internal/platform-administrators/status?email=admin%40diten.com - - -
info: Microsoft.AspNetCore.Routing.EndpointMiddleware[0]
      Executing endpoint 'Diten.Platform.API.Controllers.Internal.InternalPlatformAdministratorsController.GetStatus (Diten.Platform.API)'
info: Microsoft.AspNetCore.Mvc.Infrastructure.ControllerActionInvoker[102]
      Route matched with {action = "GetStatus", controller = "InternalPlatformAdministrators"}. Executing controller action with signature System.Threading.Tasks.Task`1[Microsoft.AspNetCore.Mvc.IActionResult] GetStatus(System.String, System.Threading.CancellationToken) on controller Diten.Platform.API.Controllers.Internal.InternalPlatformAdministratorsController (Diten.Platform.API).
info: Microsoft.AspNetCore.Mvc.Infrastructure.ObjectResultExecutor[1]
      Executing OkObjectResult, writing value of type 'Diten.Platform.Application.Common.Response`1[[Diten.Platform.API.Controllers.Internal.InternalPlatformAdministratorsController+PlatformAdministratorStatusDto, Diten.Platform.API, Version=1.0.0.0, Culture=neutral, PublicKeyToken=null]]'.
info: Microsoft.AspNetCore.Mvc.Infrastructure.ControllerActionInvoker[105]
      Executed action Diten.Platform.API.Controllers.Internal.InternalPlatformAdministratorsController.GetStatus (Diten.Platform.API) in 2.039ms
info: Microsoft.AspNetCore.Routing.EndpointMiddleware[1]
      Executed endpoint 'Diten.Platform.API.Controllers.Internal.InternalPlatformAdministratorsController.GetStatus (Diten.Platform.API)'
info: Microsoft.AspNetCore.Hosting.Diagnostics[2]
      Request finished HTTP/1.1 GET http://localhost:5057/api/internal/platform-administrators/status?email=admin%40diten.com - 200 - application/json;+charset=utf-8 2.4547ms
info: Microsoft.AspNetCore.Hosting.Diagnostics[1]
      Request starting HTTP/1.1 POST http://localhost:5057/api/internal/platform-administrators/accept-login - application/json;+charset=utf-8 -
info: Microsoft.AspNetCore.Routing.EndpointMiddleware[0]
      Executing endpoint 'Diten.Platform.API.Controllers.Internal.InternalPlatformAdministratorsController.AcceptLogin (Diten.Platform.API)'
info: Microsoft.AspNetCore.Mvc.Infrastructure.ControllerActionInvoker[102]
      Route matched with {action = "AcceptLogin", controller = "InternalPlatformAdministrators"}. Executing controller action with signature System.Threading.Tasks.Task`1[Microsoft.AspNetCore.Mvc.IActionResult] AcceptLogin(PlatformAdministratorLoginAcceptedRequest, System.Threading.CancellationToken) on controller Diten.Platform.API.Controllers.Internal.InternalPlatformAdministratorsController (Diten.Platform.API).
info: Microsoft.AspNetCore.Mvc.StatusCodeResult[1]
      Executing StatusCodeResult, setting HTTP status code 204
info: Microsoft.AspNetCore.Mvc.Infrastructure.ControllerActionInvoker[105]
      Executed action Diten.Platform.API.Controllers.Internal.InternalPlatformAdministratorsController.AcceptLogin (Diten.Platform.API) in 1.8491ms
info: Microsoft.AspNetCore.Routing.EndpointMiddleware[1]
      Executed endpoint 'Diten.Platform.API.Controllers.Internal.InternalPlatformAdministratorsController.AcceptLogin (Diten.Platform.API)'
info: Microsoft.AspNetCore.Hosting.Diagnostics[2]
      Request finished HTTP/1.1 POST http://localhost:5057/api/internal/platform-administrators/accept-login - 204 - - 2.3360ms
info: Microsoft.AspNetCore.Hosting.Diagnostics[1]
      Request starting HTTP/1.1 GET http://localhost:5057/api/platform/administrators/stats - - -
info: Microsoft.AspNetCore.Routing.EndpointMiddleware[0]
      Executing endpoint 'Diten.Platform.API.Controllers.Platform.AdministratorsController.GetStats (Diten.Platform.API)'
info: Microsoft.AspNetCore.Mvc.Infrastructure.ControllerActionInvoker[102]
      Route matched with {action = "GetStats", controller = "Administrators"}. Executing controller action with signature System.Threading.Tasks.Task`1[Microsoft.AspNetCore.Mvc.IActionResult] GetStats(System.Threading.CancellationToken) on controller Diten.Platform.API.Controllers.Platform.AdministratorsController (Diten.Platform.API).
info: Diten.Platform.Application.Contracts.Behaviors.LoggingBehavior[0]
      Starting GetPlatformAdministratorStatsQuery at 05/14/2026 05:50:47
info: Diten.Platform.Application.Contracts.Behaviors.PerformanceBehavior[0]
      Request GetPlatformAdministratorStatsQuery completed in 26 ms
info: Diten.Platform.Application.Contracts.Behaviors.LoggingBehavior[0]
      Completed GetPlatformAdministratorStatsQuery in 29ms
info: Microsoft.AspNetCore.Mvc.Infrastructure.ObjectResultExecutor[1]
      Executing OkObjectResult, writing value of type 'Diten.Platform.Application.Common.Response`1[[Diten.Platform.Application.Features.PlatformAdministrators.PlatformAdministratorStatsDto, Diten.Platform.Application, Version=1.0.0.0, Culture=neutral, PublicKeyToken=null]]'.
info: Microsoft.AspNetCore.Mvc.Infrastructure.ControllerActionInvoker[105]
      Executed action Diten.Platform.API.Controllers.Platform.AdministratorsController.GetStats (Diten.Platform.API) in 47.0418ms
info: Microsoft.AspNetCore.Routing.EndpointMiddleware[1]
      Executed endpoint 'Diten.Platform.API.Controllers.Platform.AdministratorsController.GetStats (Diten.Platform.API)'
info: Microsoft.AspNetCore.Hosting.Diagnostics[2]
      Request finished HTTP/1.1 GET http://localhost:5057/api/platform/administrators/stats - 200 - application/json;+charset=utf-8 104.6481ms
info: Microsoft.AspNetCore.Hosting.Diagnostics[1]
      Request starting HTTP/1.1 GET http://localhost:5057/api/admin/tenants?page=1&pageSize=1 - - -
info: Microsoft.AspNetCore.Routing.EndpointMiddleware[0]
      Executing endpoint 'Diten.Platform.API.Controllers.Admin.TenantsController.GetTenants (Diten.Platform.API)'
info: Microsoft.AspNetCore.Mvc.Infrastructure.ControllerActionInvoker[102]
      Route matched with {action = "GetTenants", controller = "Tenants"}. Executing controller action with signature System.Threading.Tasks.Task`1[Microsoft.AspNetCore.Mvc.IActionResult] GetTenants(System.String, System.String, System.String, Int32, Int32, System.String, System.Threading.CancellationToken) on controller Diten.Platform.API.Controllers.Admin.TenantsController (Diten.Platform.API).
info: Diten.Platform.Application.Contracts.Behaviors.LoggingBehavior[0]
      Starting GetTenantsQuery at 05/14/2026 05:50:48
warn: LuckyPennySoftware.AutoMapper.License[0]
      You do not have a valid license key for the Lucky Penny software AutoMapper. This is allowed for development and testing scenarios. If you are running in production you are required to have a licensed version. Please visit https://luckypennysoftware.com to obtain a valid license.
info: Diten.Platform.Application.Contracts.Behaviors.PerformanceBehavior[0]
      Request GetTenantsQuery completed in 140 ms
info: Diten.Platform.Application.Contracts.Behaviors.LoggingBehavior[0]
      Completed GetTenantsQuery in 140ms
info: Microsoft.AspNetCore.Mvc.Infrastructure.ObjectResultExecutor[1]
      Executing OkObjectResult, writing value of type 'Diten.Platform.Application.Common.Response`1[[Diten.Platform.Application.Features.Tenants.PagedResult`1[[Diten.Platform.Application.Features.Tenants.TenantListItemDto, Diten.Platform.Application, Version=1.0.0.0, Culture=neutral, PublicKeyToken=null]], Diten.Platform.Application, Version=1.0.0.0, Culture=neutral, PublicKeyToken=null]]'.
info: Microsoft.AspNetCore.Mvc.Infrastructure.ControllerActionInvoker[105]
      Executed action Diten.Platform.API.Controllers.Admin.TenantsController.GetTenants (Diten.Platform.API) in 196.8206ms
info: Microsoft.AspNetCore.Routing.EndpointMiddleware[1]
      Executed endpoint 'Diten.Platform.API.Controllers.Admin.TenantsController.GetTenants (Diten.Platform.API)'
info: Microsoft.AspNetCore.Hosting.Diagnostics[2]
      Request finished HTTP/1.1 GET http://localhost:5057/api/admin/tenants?page=1&pageSize=1 - 200 - application/json;+charset=utf-8 202.9216ms
info: Microsoft.AspNetCore.Hosting.Diagnostics[1]
      Request starting HTTP/1.1 GET http://localhost:5057/api/internal/platform-administrators/status?email=admin%40diten.com - - -
info: Microsoft.AspNetCore.Routing.EndpointMiddleware[0]
      Executing endpoint 'Diten.Platform.API.Controllers.Internal.InternalPlatformAdministratorsController.GetStatus (Diten.Platform.API)'
info: Microsoft.AspNetCore.Mvc.Infrastructure.ControllerActionInvoker[102]
      Route matched with {action = "GetStatus", controller = "InternalPlatformAdministrators"}. Executing controller action with signature System.Threading.Tasks.Task`1[Microsoft.AspNetCore.Mvc.IActionResult] GetStatus(System.String, System.Threading.CancellationToken) on controller Diten.Platform.API.Controllers.Internal.InternalPlatformAdministratorsController (Diten.Platform.API).
info: Microsoft.AspNetCore.Mvc.Infrastructure.ObjectResultExecutor[1]
      Executing OkObjectResult, writing value of type 'Diten.Platform.Application.Common.Response`1[[Diten.Platform.API.Controllers.Internal.InternalPlatformAdministratorsController+PlatformAdministratorStatusDto, Diten.Platform.API, Version=1.0.0.0, Culture=neutral, PublicKeyToken=null]]'.
info: Microsoft.AspNetCore.Mvc.Infrastructure.ControllerActionInvoker[105]
      Executed action Diten.Platform.API.Controllers.Internal.InternalPlatformAdministratorsController.GetStatus (Diten.Platform.API) in 2.0793ms
info: Microsoft.AspNetCore.Routing.EndpointMiddleware[1]
      Executed endpoint 'Diten.Platform.API.Controllers.Internal.InternalPlatformAdministratorsController.GetStatus (Diten.Platform.API)'
info: Microsoft.AspNetCore.Hosting.Diagnostics[2]
      Request finished HTTP/1.1 GET http://localhost:5057/api/internal/platform-administrators/status?email=admin%40diten.com - 200 - application/json;+charset=utf-8 2.4737ms
info: Microsoft.AspNetCore.Hosting.Diagnostics[1]
      Request starting HTTP/1.1 POST http://localhost:5057/api/internal/platform-administrators/accept-login - application/json;+charset=utf-8 -
info: Microsoft.AspNetCore.Routing.EndpointMiddleware[0]
      Executing endpoint 'Diten.Platform.API.Controllers.Internal.InternalPlatformAdministratorsController.AcceptLogin (Diten.Platform.API)'
info: Microsoft.AspNetCore.Mvc.Infrastructure.ControllerActionInvoker[102]
      Route matched with {action = "AcceptLogin", controller = "InternalPlatformAdministrators"}. Executing controller action with signature System.Threading.Tasks.Task`1[Microsoft.AspNetCore.Mvc.IActionResult] AcceptLogin(PlatformAdministratorLoginAcceptedRequest, System.Threading.CancellationToken) on controller Diten.Platform.API.Controllers.Internal.InternalPlatformAdministratorsController (Diten.Platform.API).
info: Microsoft.AspNetCore.Mvc.StatusCodeResult[1]
      Executing StatusCodeResult, setting HTTP status code 204
info: Microsoft.AspNetCore.Mvc.Infrastructure.ControllerActionInvoker[105]
      Executed action Diten.Platform.API.Controllers.Internal.InternalPlatformAdministratorsController.AcceptLogin (Diten.Platform.API) in 1.8076ms
info: Microsoft.AspNetCore.Routing.EndpointMiddleware[1]
      Executed endpoint 'Diten.Platform.API.Controllers.Internal.InternalPlatformAdministratorsController.AcceptLogin (Diten.Platform.API)'
info: Microsoft.AspNetCore.Hosting.Diagnostics[2]
      Request finished HTTP/1.1 POST http://localhost:5057/api/internal/platform-administrators/accept-login - 204 - - 2.1757ms
info: Microsoft.AspNetCore.Hosting.Diagnostics[1]
      Request starting HTTP/1.1 GET http://localhost:5057/api/platform/administrators/stats - - -
info: Microsoft.AspNetCore.Routing.EndpointMiddleware[0]
      Executing endpoint 'Diten.Platform.API.Controllers.Platform.AdministratorsController.GetStats (Diten.Platform.API)'
info: Microsoft.AspNetCore.Mvc.Infrastructure.ControllerActionInvoker[102]
      Route matched with {action = "GetStats", controller = "Administrators"}. Executing controller action with signature System.Threading.Tasks.Task`1[Microsoft.AspNetCore.Mvc.IActionResult] GetStats(System.Threading.CancellationToken) on controller Diten.Platform.API.Controllers.Platform.AdministratorsController (Diten.Platform.API).
info: Diten.Platform.Application.Contracts.Behaviors.LoggingBehavior[0]
      Starting GetPlatformAdministratorStatsQuery at 05/14/2026 05:50:59
info: Diten.Platform.Application.Contracts.Behaviors.PerformanceBehavior[0]
      Request GetPlatformAdministratorStatsQuery completed in 4 ms
info: Diten.Platform.Application.Contracts.Behaviors.LoggingBehavior[0]
      Completed GetPlatformAdministratorStatsQuery in 5ms
info: Microsoft.AspNetCore.Mvc.Infrastructure.ObjectResultExecutor[1]
      Executing OkObjectResult, writing value of type 'Diten.Platform.Application.Common.Response`1[[Diten.Platform.Application.Features.PlatformAdministrators.PlatformAdministratorStatsDto, Diten.Platform.Application, Version=1.0.0.0, Culture=neutral, PublicKeyToken=null]]'.
info: Microsoft.AspNetCore.Mvc.Infrastructure.ControllerActionInvoker[105]
      Executed action Diten.Platform.API.Controllers.Platform.AdministratorsController.GetStats (Diten.Platform.API) in 8.3461ms
info: Microsoft.AspNetCore.Routing.EndpointMiddleware[1]
      Executed endpoint 'Diten.Platform.API.Controllers.Platform.AdministratorsController.GetStats (Diten.Platform.API)'
info: Microsoft.AspNetCore.Hosting.Diagnostics[2]
      Request finished HTTP/1.1 GET http://localhost:5057/api/platform/administrators/stats - 200 - application/json;+charset=utf-8 12.6648ms
info: Microsoft.AspNetCore.Hosting.Diagnostics[1]
      Request starting HTTP/1.1 GET http://localhost:5057/api/admin/tenants?page=1&pageSize=1 - - -
info: Microsoft.AspNetCore.Routing.EndpointMiddleware[0]
      Executing endpoint 'Diten.Platform.API.Controllers.Admin.TenantsController.GetTenants (Diten.Platform.API)'
info: Microsoft.AspNetCore.Mvc.Infrastructure.ControllerActionInvoker[102]
      Route matched with {action = "GetTenants", controller = "Tenants"}. Executing controller action with signature System.Threading.Tasks.Task`1[Microsoft.AspNetCore.Mvc.IActionResult] GetTenants(System.String, System.String, System.String, Int32, Int32, System.String, System.Threading.CancellationToken) on controller Diten.Platform.API.Controllers.Admin.TenantsController (Diten.Platform.API).
info: Diten.Platform.Application.Contracts.Behaviors.LoggingBehavior[0]
      Starting GetTenantsQuery at 05/14/2026 05:50:59
info: Diten.Platform.Application.Contracts.Behaviors.PerformanceBehavior[0]
      Request GetTenantsQuery completed in 3 ms
info: Diten.Platform.Application.Contracts.Behaviors.LoggingBehavior[0]
      Completed GetTenantsQuery in 3ms
info: Microsoft.AspNetCore.Mvc.Infrastructure.ObjectResultExecutor[1]
      Executing OkObjectResult, writing value of type 'Diten.Platform.Application.Common.Response`1[[Diten.Platform.Application.Features.Tenants.PagedResult`1[[Diten.Platform.Application.Features.Tenants.TenantListItemDto, Diten.Platform.Application, Version=1.0.0.0, Culture=neutral, PublicKeyToken=null]], Diten.Platform.Application, Version=1.0.0.0, Culture=neutral, PublicKeyToken=null]]'.
info: Microsoft.AspNetCore.Mvc.Infrastructure.ControllerActionInvoker[105]
      Executed action Diten.Platform.API.Controllers.Admin.TenantsController.GetTenants (Diten.Platform.API) in 5.9492ms
info: Microsoft.AspNetCore.Routing.EndpointMiddleware[1]
      Executed endpoint 'Diten.Platform.API.Controllers.Admin.TenantsController.GetTenants (Diten.Platform.API)'
info: Microsoft.AspNetCore.Hosting.Diagnostics[2]
      Request finished HTTP/1.1 GET http://localhost:5057/api/admin/tenants?page=1&pageSize=1 - 200 - application/json;+charset=utf-8 6.6648ms
