C:\Users\user\Desktop\ERP-vNext\services\Diten.Platform\src\Diten.Platform.API\Properties\launchSettings.json içindeki başlatma ayarları kullanılıyor...
dbug: Microsoft.Extensions.Hosting.Internal.Host[1]
      Hosting starting
info: Microsoft.AspNetCore.DataProtection.KeyManagement.XmlKeyManager[63]
      User profile is available. Using 'C:\Users\user\AppData\Local\ASP.NET\DataProtection-Keys' as key repository and Windows DPAPI to encrypt keys at rest.
info: Microsoft.Hosting.Lifetime[14]
      Now listening on: http://localhost:5057
info: Microsoft.Hosting.Lifetime[0]
      Application started. Press Ctrl+C to shut down.
info: Microsoft.Hosting.Lifetime[0]
      Hosting environment: Development
info: Microsoft.Hosting.Lifetime[0]
      Content root path: C:\Users\user\Desktop\ERP-vNext\services\Diten.Platform\src\Diten.Platform.API
dbug: Microsoft.Extensions.Hosting.Internal.Host[2]
      Hosting started
info: Microsoft.AspNetCore.Hosting.Diagnostics[1]
      Request starting HTTP/1.1 GET http://localhost:5057/api/internal/platform-administrators/status?email=admin%40diten.com - - -
info: Microsoft.AspNetCore.Routing.EndpointMiddleware[0]
      Executing endpoint 'Diten.Platform.API.Controllers.Internal.InternalPlatformAdministratorsController.GetStatus (Diten.Platform.API)'
info: Microsoft.AspNetCore.Mvc.Infrastructure.ControllerActionInvoker[102]
      Route matched with {action = "GetStatus", controller = "InternalPlatformAdministrators"}. Executing controller action with signature System.Threading.Tasks.Task`1[Microsoft.AspNetCore.Mvc.IActionResult] GetStatus(System.String, System.Threading.CancellationToken) on controller Diten.Platform.API.Controllers.Internal.InternalPlatformAdministratorsController (Diten.Platform.API).
warn: Diten.Platform.API.Controllers.Internal.InternalPlatformAdministratorsController[0]
      Internal platform administrator status request rejected. Email=admin@diten.com CorrelationId=0HNLH47AJRECR:00000001
info: Microsoft.AspNetCore.Mvc.Infrastructure.ObjectResultExecutor[1]
      Executing UnauthorizedObjectResult, writing value of type 'Diten.Platform.Application.Common.Response`1[[Diten.Platform.API.Controllers.Internal.InternalPlatformAdministratorsController+PlatformAdministratorStatusDto, Diten.Platform.API, Version=1.0.0.0, Culture=neutral, PublicKeyToken=null]]'.
info: Microsoft.AspNetCore.Mvc.Infrastructure.ControllerActionInvoker[105]
      Executed action Diten.Platform.API.Controllers.Internal.InternalPlatformAdministratorsController.GetStatus (Diten.Platform.API) in 51.704ms
info: Microsoft.AspNetCore.Routing.EndpointMiddleware[1]
      Executed endpoint 'Diten.Platform.API.Controllers.Internal.InternalPlatformAdministratorsController.GetStatus (Diten.Platform.API)'
info: Microsoft.AspNetCore.Hosting.Diagnostics[2]
      Request finished HTTP/1.1 GET http://localhost:5057/api/internal/platform-administrators/status?email=admin%40diten.com - 401 - application/json;+charset=utf-8 140.6643ms
info: Microsoft.AspNetCore.Hosting.Diagnostics[1]
      Request starting HTTP/1.1 GET http://localhost:5057/api/internal/platform-administrators/status?email=admin%40diten.com - - -
info: Microsoft.AspNetCore.Routing.EndpointMiddleware[0]
      Executing endpoint 'Diten.Platform.API.Controllers.Internal.InternalPlatformAdministratorsController.GetStatus (Diten.Platform.API)'
info: Microsoft.AspNetCore.Mvc.Infrastructure.ControllerActionInvoker[102]
      Route matched with {action = "GetStatus", controller = "InternalPlatformAdministrators"}. Executing controller action with signature System.Threading.Tasks.Task`1[Microsoft.AspNetCore.Mvc.IActionResult] GetStatus(System.String, System.Threading.CancellationToken) on controller Diten.Platform.API.Controllers.Internal.InternalPlatformAdministratorsController (Diten.Platform.API).
info: Microsoft.AspNetCore.Mvc.Infrastructure.ObjectResultExecutor[1]
      Executing OkObjectResult, writing value of type 'Diten.Platform.Application.Common.Response`1[[Diten.Platform.API.Controllers.Internal.InternalPlatformAdministratorsController+PlatformAdministratorStatusDto, Diten.Platform.API, Version=1.0.0.0, Culture=neutral, PublicKeyToken=null]]'.
info: Microsoft.AspNetCore.Mvc.Infrastructure.ControllerActionInvoker[105]
      Executed action Diten.Platform.API.Controllers.Internal.InternalPlatformAdministratorsController.GetStatus (Diten.Platform.API) in 9.1479ms
info: Microsoft.AspNetCore.Routing.EndpointMiddleware[1]
      Executed endpoint 'Diten.Platform.API.Controllers.Internal.InternalPlatformAdministratorsController.GetStatus (Diten.Platform.API)'
info: Microsoft.AspNetCore.Hosting.Diagnostics[2]
      Request finished HTTP/1.1 GET http://localhost:5057/api/internal/platform-administrators/status?email=admin%40diten.com - 200 - application/json;+charset=utf-8 14.6716ms
info: Microsoft.AspNetCore.Hosting.Diagnostics[1]
      Request starting HTTP/1.1 GET http://localhost:5057/api/internal/platform-administrators/status?email=admin%40diten.com - - -
info: Microsoft.AspNetCore.Routing.EndpointMiddleware[0]
      Executing endpoint 'Diten.Platform.API.Controllers.Internal.InternalPlatformAdministratorsController.GetStatus (Diten.Platform.API)'
info: Microsoft.AspNetCore.Mvc.Infrastructure.ControllerActionInvoker[102]
      Route matched with {action = "GetStatus", controller = "InternalPlatformAdministrators"}. Executing controller action with signature System.Threading.Tasks.Task`1[Microsoft.AspNetCore.Mvc.IActionResult] GetStatus(System.String, System.Threading.CancellationToken) on controller Diten.Platform.API.Controllers.Internal.InternalPlatformAdministratorsController (Diten.Platform.API).
info: Microsoft.AspNetCore.Mvc.Infrastructure.ObjectResultExecutor[1]
      Executing OkObjectResult, writing value of type 'Diten.Platform.Application.Common.Response`1[[Diten.Platform.API.Controllers.Internal.InternalPlatformAdministratorsController+PlatformAdministratorStatusDto, Diten.Platform.API, Version=1.0.0.0, Culture=neutral, PublicKeyToken=null]]'.
info: Microsoft.AspNetCore.Mvc.Infrastructure.ControllerActionInvoker[105]
      Executed action Diten.Platform.API.Controllers.Internal.InternalPlatformAdministratorsController.GetStatus (Diten.Platform.API) in 4.0862ms
info: Microsoft.AspNetCore.Routing.EndpointMiddleware[1]
      Executed endpoint 'Diten.Platform.API.Controllers.Internal.InternalPlatformAdministratorsController.GetStatus (Diten.Platform.API)'
info: Microsoft.AspNetCore.Hosting.Diagnostics[2]
      Request finished HTTP/1.1 GET http://localhost:5057/api/internal/platform-administrators/status?email=admin%40diten.com - 200 - application/json;+charset=utf-8 7.0355ms
info: Microsoft.AspNetCore.Hosting.Diagnostics[1]
      Request starting HTTP/1.1 POST http://localhost:5057/api/internal/platform-administrators/accept-login - application/json;+charset=utf-8 -
info: Microsoft.AspNetCore.Routing.EndpointMiddleware[0]
      Executing endpoint 'Diten.Platform.API.Controllers.Internal.InternalPlatformAdministratorsController.AcceptLogin (Diten.Platform.API)'
info: Microsoft.AspNetCore.Mvc.Infrastructure.ControllerActionInvoker[102]
      Route matched with {action = "AcceptLogin", controller = "InternalPlatformAdministrators"}. Executing controller action with signature System.Threading.Tasks.Task`1[Microsoft.AspNetCore.Mvc.IActionResult] AcceptLogin(PlatformAdministratorLoginAcceptedRequest, System.Threading.CancellationToken) on controller Diten.Platform.API.Controllers.Internal.InternalPlatformAdministratorsController (Diten.Platform.API).
info: Microsoft.AspNetCore.Mvc.StatusCodeResult[1]
      Executing StatusCodeResult, setting HTTP status code 204
info: Microsoft.AspNetCore.Mvc.Infrastructure.ControllerActionInvoker[105]
      Executed action Diten.Platform.API.Controllers.Internal.InternalPlatformAdministratorsController.AcceptLogin (Diten.Platform.API) in 18.3991ms
info: Microsoft.AspNetCore.Routing.EndpointMiddleware[1]
      Executed endpoint 'Diten.Platform.API.Controllers.Internal.InternalPlatformAdministratorsController.AcceptLogin (Diten.Platform.API)'
info: Microsoft.AspNetCore.Hosting.Diagnostics[2]
      Request finished HTTP/1.1 POST http://localhost:5057/api/internal/platform-administrators/accept-login - 204 - - 22.5312ms
info: Microsoft.AspNetCore.Hosting.Diagnostics[1]
      Request starting HTTP/1.1 GET http://localhost:5057/api/personalization/views?moduleKey=Platform&pageKey=Tenants - - -
info: Microsoft.AspNetCore.Cors.Infrastructure.CorsService[4]
      CORS policy execution successful.
info: Microsoft.AspNetCore.Routing.EndpointMiddleware[0]
      Executing endpoint 'Diten.Platform.API.Controllers.SavedViewsController.GetViews (Diten.Platform.API)'
info: Microsoft.AspNetCore.Mvc.Infrastructure.ControllerActionInvoker[102]
      Route matched with {action = "GetViews", controller = "SavedViews"}. Executing controller action with signature System.Threading.Tasks.Task`1[Microsoft.AspNetCore.Mvc.IActionResult] GetViews(System.String, System.String) on controller Diten.Platform.API.Controllers.SavedViewsController (Diten.Platform.API).
info: Diten.Platform.Application.Contracts.Behaviors.LoggingBehavior[0]
      Starting GetSavedViewsQuery at 05/13/2026 19:00:40
info: Diten.Platform.Application.Contracts.Behaviors.PerformanceBehavior[0]
      Request GetSavedViewsQuery completed in 12 ms
info: Diten.Platform.Application.Contracts.Behaviors.LoggingBehavior[0]
      Completed GetSavedViewsQuery in 15ms
info: Microsoft.AspNetCore.Mvc.Infrastructure.ObjectResultExecutor[1]
      Executing OkObjectResult, writing value of type 'System.Collections.Generic.List`1[[Diten.Platform.Application.Models.SavedViewModel, Diten.Platform.Application, Version=1.0.0.0, Culture=neutral, PublicKeyToken=null]]'.
info: Microsoft.AspNetCore.Mvc.Infrastructure.ControllerActionInvoker[105]
      Executed action Diten.Platform.API.Controllers.SavedViewsController.GetViews (Diten.Platform.API) in 64.2394ms
info: Microsoft.AspNetCore.Routing.EndpointMiddleware[1]
      Executed endpoint 'Diten.Platform.API.Controllers.SavedViewsController.GetViews (Diten.Platform.API)'
info: Microsoft.AspNetCore.Hosting.Diagnostics[2]
      Request finished HTTP/1.1 GET http://localhost:5057/api/personalization/views?moduleKey=Platform&pageKey=Tenants - 200 - application/json;+charset=utf-8 142.0747ms
info: Microsoft.AspNetCore.Hosting.Diagnostics[1]
      Request starting HTTP/1.1 GET http://localhost:5057/api/personalization/views?moduleKey=Platform&pageKey=Administrators - - -
info: Microsoft.AspNetCore.Cors.Infrastructure.CorsService[4]
      CORS policy execution successful.
info: Microsoft.AspNetCore.Routing.EndpointMiddleware[0]
      Executing endpoint 'Diten.Platform.API.Controllers.SavedViewsController.GetViews (Diten.Platform.API)'
info: Microsoft.AspNetCore.Mvc.Infrastructure.ControllerActionInvoker[102]
      Route matched with {action = "GetViews", controller = "SavedViews"}. Executing controller action with signature System.Threading.Tasks.Task`1[Microsoft.AspNetCore.Mvc.IActionResult] GetViews(System.String, System.String) on controller Diten.Platform.API.Controllers.SavedViewsController (Diten.Platform.API).
info: Diten.Platform.Application.Contracts.Behaviors.LoggingBehavior[0]
      Starting GetSavedViewsQuery at 05/13/2026 19:00:49
info: Diten.Platform.Application.Contracts.Behaviors.PerformanceBehavior[0]
      Request GetSavedViewsQuery completed in 2 ms
info: Diten.Platform.Application.Contracts.Behaviors.LoggingBehavior[0]
      Completed GetSavedViewsQuery in 2ms
info: Microsoft.AspNetCore.Mvc.Infrastructure.ObjectResultExecutor[1]
      Executing OkObjectResult, writing value of type 'System.Collections.Generic.List`1[[Diten.Platform.Application.Models.SavedViewModel, Diten.Platform.Application, Version=1.0.0.0, Culture=neutral, PublicKeyToken=null]]'.
info: Microsoft.AspNetCore.Mvc.Infrastructure.ControllerActionInvoker[105]
      Executed action Diten.Platform.API.Controllers.SavedViewsController.GetViews (Diten.Platform.API) in 4.7533ms
info: Microsoft.AspNetCore.Routing.EndpointMiddleware[1]
      Executed endpoint 'Diten.Platform.API.Controllers.SavedViewsController.GetViews (Diten.Platform.API)'
info: Microsoft.AspNetCore.Hosting.Diagnostics[2]
      Request finished HTTP/1.1 GET http://localhost:5057/api/personalization/views?moduleKey=Platform&pageKey=Administrators - 200 - application/json;+charset=utf-8 7.8920ms
info: Microsoft.AspNetCore.Hosting.Diagnostics[1]
      Request starting HTTP/1.1 GET http://localhost:5057/api/internal/platform-administrators/status?email=admin%40diten.com - - -
info: Microsoft.AspNetCore.Routing.EndpointMiddleware[0]
      Executing endpoint 'Diten.Platform.API.Controllers.Internal.InternalPlatformAdministratorsController.GetStatus (Diten.Platform.API)'
info: Microsoft.AspNetCore.Mvc.Infrastructure.ControllerActionInvoker[102]
      Route matched with {action = "GetStatus", controller = "InternalPlatformAdministrators"}. Executing controller action with signature System.Threading.Tasks.Task`1[Microsoft.AspNetCore.Mvc.IActionResult] GetStatus(System.String, System.Threading.CancellationToken) on controller Diten.Platform.API.Controllers.Internal.InternalPlatformAdministratorsController (Diten.Platform.API).
info: Microsoft.AspNetCore.Mvc.Infrastructure.ObjectResultExecutor[1]
      Executing OkObjectResult, writing value of type 'Diten.Platform.Application.Common.Response`1[[Diten.Platform.API.Controllers.Internal.InternalPlatformAdministratorsController+PlatformAdministratorStatusDto, Diten.Platform.API, Version=1.0.0.0, Culture=neutral, PublicKeyToken=null]]'.
info: Microsoft.AspNetCore.Mvc.Infrastructure.ControllerActionInvoker[105]
      Executed action Diten.Platform.API.Controllers.Internal.InternalPlatformAdministratorsController.GetStatus (Diten.Platform.API) in 7.8348ms
info: Microsoft.AspNetCore.Routing.EndpointMiddleware[1]
      Executed endpoint 'Diten.Platform.API.Controllers.Internal.InternalPlatformAdministratorsController.GetStatus (Diten.Platform.API)'
info: Microsoft.AspNetCore.Hosting.Diagnostics[2]
      Request finished HTTP/1.1 GET http://localhost:5057/api/internal/platform-administrators/status?email=admin%40diten.com - 200 - application/json;+charset=utf-8 8.4388ms
info: Microsoft.AspNetCore.Hosting.Diagnostics[1]
      Request starting HTTP/1.1 POST http://localhost:5057/api/internal/platform-administrators/accept-login - application/json;+charset=utf-8 -
info: Microsoft.AspNetCore.Routing.EndpointMiddleware[0]
      Executing endpoint 'Diten.Platform.API.Controllers.Internal.InternalPlatformAdministratorsController.AcceptLogin (Diten.Platform.API)'
info: Microsoft.AspNetCore.Mvc.Infrastructure.ControllerActionInvoker[102]
      Route matched with {action = "AcceptLogin", controller = "InternalPlatformAdministrators"}. Executing controller action with signature System.Threading.Tasks.Task`1[Microsoft.AspNetCore.Mvc.IActionResult] AcceptLogin(PlatformAdministratorLoginAcceptedRequest, System.Threading.CancellationToken) on controller Diten.Platform.API.Controllers.Internal.InternalPlatformAdministratorsController (Diten.Platform.API).
info: Microsoft.AspNetCore.Mvc.StatusCodeResult[1]
      Executing StatusCodeResult, setting HTTP status code 204
info: Microsoft.AspNetCore.Mvc.Infrastructure.ControllerActionInvoker[105]
      Executed action Diten.Platform.API.Controllers.Internal.InternalPlatformAdministratorsController.AcceptLogin (Diten.Platform.API) in 2.2822ms
info: Microsoft.AspNetCore.Routing.EndpointMiddleware[1]
      Executed endpoint 'Diten.Platform.API.Controllers.Internal.InternalPlatformAdministratorsController.AcceptLogin (Diten.Platform.API)'
info: Microsoft.AspNetCore.Hosting.Diagnostics[2]
      Request finished HTTP/1.1 POST http://localhost:5057/api/internal/platform-administrators/accept-login - 204 - - 2.6962ms
info: Microsoft.AspNetCore.Hosting.Diagnostics[1]
      Request starting HTTP/1.1 GET http://localhost:5057/api/personalization/views?moduleKey=Platform&pageKey=Tenants - - -
info: Microsoft.AspNetCore.Cors.Infrastructure.CorsService[4]
      CORS policy execution successful.
info: Microsoft.AspNetCore.Routing.EndpointMiddleware[0]
      Executing endpoint 'Diten.Platform.API.Controllers.SavedViewsController.GetViews (Diten.Platform.API)'
info: Microsoft.AspNetCore.Mvc.Infrastructure.ControllerActionInvoker[102]
      Route matched with {action = "GetViews", controller = "SavedViews"}. Executing controller action with signature System.Threading.Tasks.Task`1[Microsoft.AspNetCore.Mvc.IActionResult] GetViews(System.String, System.String) on controller Diten.Platform.API.Controllers.SavedViewsController (Diten.Platform.API).
info: Diten.Platform.Application.Contracts.Behaviors.LoggingBehavior[0]
      Starting GetSavedViewsQuery at 05/13/2026 19:15:06
info: Diten.Platform.Application.Contracts.Behaviors.PerformanceBehavior[0]
      Request GetSavedViewsQuery completed in 2 ms
info: Diten.Platform.Application.Contracts.Behaviors.LoggingBehavior[0]
      Completed GetSavedViewsQuery in 2ms
info: Microsoft.AspNetCore.Mvc.Infrastructure.ObjectResultExecutor[1]
      Executing OkObjectResult, writing value of type 'System.Collections.Generic.List`1[[Diten.Platform.Application.Models.SavedViewModel, Diten.Platform.Application, Version=1.0.0.0, Culture=neutral, PublicKeyToken=null]]'.
info: Microsoft.AspNetCore.Mvc.Infrastructure.ControllerActionInvoker[105]
      Executed action Diten.Platform.API.Controllers.SavedViewsController.GetViews (Diten.Platform.API) in 4.8883ms
info: Microsoft.AspNetCore.Routing.EndpointMiddleware[1]
      Executed endpoint 'Diten.Platform.API.Controllers.SavedViewsController.GetViews (Diten.Platform.API)'
info: Microsoft.AspNetCore.Hosting.Diagnostics[2]
      Request finished HTTP/1.1 GET http://localhost:5057/api/personalization/views?moduleKey=Platform&pageKey=Tenants - 200 - application/json;+charset=utf-8 6.5002ms
info: Microsoft.AspNetCore.Hosting.Diagnostics[1]
      Request starting HTTP/1.1 GET http://localhost:5057/api/personalization/views?moduleKey=Platform&pageKey=Administrators - - -
info: Microsoft.AspNetCore.Cors.Infrastructure.CorsService[4]
      CORS policy execution successful.
info: Microsoft.AspNetCore.Routing.EndpointMiddleware[0]
      Executing endpoint 'Diten.Platform.API.Controllers.SavedViewsController.GetViews (Diten.Platform.API)'
info: Microsoft.AspNetCore.Mvc.Infrastructure.ControllerActionInvoker[102]
      Route matched with {action = "GetViews", controller = "SavedViews"}. Executing controller action with signature System.Threading.Tasks.Task`1[Microsoft.AspNetCore.Mvc.IActionResult] GetViews(System.String, System.String) on controller Diten.Platform.API.Controllers.SavedViewsController (Diten.Platform.API).
info: Diten.Platform.Application.Contracts.Behaviors.LoggingBehavior[0]
      Starting GetSavedViewsQuery at 05/13/2026 19:15:11
info: Diten.Platform.Application.Contracts.Behaviors.PerformanceBehavior[0]
      Request GetSavedViewsQuery completed in 2 ms
info: Diten.Platform.Application.Contracts.Behaviors.LoggingBehavior[0]
      Completed GetSavedViewsQuery in 2ms
info: Microsoft.AspNetCore.Mvc.Infrastructure.ObjectResultExecutor[1]
      Executing OkObjectResult, writing value of type 'System.Collections.Generic.List`1[[Diten.Platform.Application.Models.SavedViewModel, Diten.Platform.Application, Version=1.0.0.0, Culture=neutral, PublicKeyToken=null]]'.
info: Microsoft.AspNetCore.Mvc.Infrastructure.ControllerActionInvoker[105]
      Executed action Diten.Platform.API.Controllers.SavedViewsController.GetViews (Diten.Platform.API) in 3.4401ms
info: Microsoft.AspNetCore.Routing.EndpointMiddleware[1]
      Executed endpoint 'Diten.Platform.API.Controllers.SavedViewsController.GetViews (Diten.Platform.API)'
info: Microsoft.AspNetCore.Hosting.Diagnostics[2]
      Request finished HTTP/1.1 GET http://localhost:5057/api/personalization/views?moduleKey=Platform&pageKey=Administrators - 200 - application/json;+charset=utf-8 4.3806ms
info: Microsoft.AspNetCore.Hosting.Diagnostics[1]
      Request starting HTTP/1.1 GET http://localhost:5057/api/internal/platform-administrators/status?email=admin%40diten.com - - -
info: Microsoft.AspNetCore.Routing.EndpointMiddleware[0]
      Executing endpoint 'Diten.Platform.API.Controllers.Internal.InternalPlatformAdministratorsController.GetStatus (Diten.Platform.API)'
info: Microsoft.AspNetCore.Mvc.Infrastructure.ControllerActionInvoker[102]
      Route matched with {action = "GetStatus", controller = "InternalPlatformAdministrators"}. Executing controller action with signature System.Threading.Tasks.Task`1[Microsoft.AspNetCore.Mvc.IActionResult] GetStatus(System.String, System.Threading.CancellationToken) on controller Diten.Platform.API.Controllers.Internal.InternalPlatformAdministratorsController (Diten.Platform.API).
info: Microsoft.AspNetCore.Mvc.Infrastructure.ObjectResultExecutor[1]
      Executing OkObjectResult, writing value of type 'Diten.Platform.Application.Common.Response`1[[Diten.Platform.API.Controllers.Internal.InternalPlatformAdministratorsController+PlatformAdministratorStatusDto, Diten.Platform.API, Version=1.0.0.0, Culture=neutral, PublicKeyToken=null]]'.
info: Microsoft.AspNetCore.Mvc.Infrastructure.ControllerActionInvoker[105]
      Executed action Diten.Platform.API.Controllers.Internal.InternalPlatformAdministratorsController.GetStatus (Diten.Platform.API) in 2.3136ms
info: Microsoft.AspNetCore.Routing.EndpointMiddleware[1]
      Executed endpoint 'Diten.Platform.API.Controllers.Internal.InternalPlatformAdministratorsController.GetStatus (Diten.Platform.API)'
info: Microsoft.AspNetCore.Hosting.Diagnostics[2]
      Request finished HTTP/1.1 GET http://localhost:5057/api/internal/platform-administrators/status?email=admin%40diten.com - 200 - application/json;+charset=utf-8 2.8849ms
info: Microsoft.AspNetCore.Hosting.Diagnostics[1]
      Request starting HTTP/1.1 POST http://localhost:5057/api/internal/platform-administrators/accept-login - application/json;+charset=utf-8 -
info: Microsoft.AspNetCore.Routing.EndpointMiddleware[0]
      Executing endpoint 'Diten.Platform.API.Controllers.Internal.InternalPlatformAdministratorsController.AcceptLogin (Diten.Platform.API)'
info: Microsoft.AspNetCore.Mvc.Infrastructure.ControllerActionInvoker[102]
      Route matched with {action = "AcceptLogin", controller = "InternalPlatformAdministrators"}. Executing controller action with signature System.Threading.Tasks.Task`1[Microsoft.AspNetCore.Mvc.IActionResult] AcceptLogin(PlatformAdministratorLoginAcceptedRequest, System.Threading.CancellationToken) on controller Diten.Platform.API.Controllers.Internal.InternalPlatformAdministratorsController (Diten.Platform.API).
info: Microsoft.AspNetCore.Mvc.StatusCodeResult[1]
      Executing StatusCodeResult, setting HTTP status code 204
info: Microsoft.AspNetCore.Mvc.Infrastructure.ControllerActionInvoker[105]
      Executed action Diten.Platform.API.Controllers.Internal.InternalPlatformAdministratorsController.AcceptLogin (Diten.Platform.API) in 1.7326ms
info: Microsoft.AspNetCore.Routing.EndpointMiddleware[1]
      Executed endpoint 'Diten.Platform.API.Controllers.Internal.InternalPlatformAdministratorsController.AcceptLogin (Diten.Platform.API)'
info: Microsoft.AspNetCore.Hosting.Diagnostics[2]
      Request finished HTTP/1.1 POST http://localhost:5057/api/internal/platform-administrators/accept-login - 204 - - 2.1774ms
info: Microsoft.AspNetCore.Hosting.Diagnostics[1]
      Request starting HTTP/1.1 GET http://localhost:5057/api/personalization/views?moduleKey=Platform&pageKey=Tenants - - -
info: Microsoft.AspNetCore.Cors.Infrastructure.CorsService[4]
      CORS policy execution successful.
info: Microsoft.AspNetCore.Routing.EndpointMiddleware[0]
      Executing endpoint 'Diten.Platform.API.Controllers.SavedViewsController.GetViews (Diten.Platform.API)'
info: Microsoft.AspNetCore.Mvc.Infrastructure.ControllerActionInvoker[102]
      Route matched with {action = "GetViews", controller = "SavedViews"}. Executing controller action with signature System.Threading.Tasks.Task`1[Microsoft.AspNetCore.Mvc.IActionResult] GetViews(System.String, System.String) on controller Diten.Platform.API.Controllers.SavedViewsController (Diten.Platform.API).
info: Diten.Platform.Application.Contracts.Behaviors.LoggingBehavior[0]
      Starting GetSavedViewsQuery at 05/13/2026 19:17:34
info: Diten.Platform.Application.Contracts.Behaviors.PerformanceBehavior[0]
      Request GetSavedViewsQuery completed in 1 ms
info: Diten.Platform.Application.Contracts.Behaviors.LoggingBehavior[0]
      Completed GetSavedViewsQuery in 1ms
info: Microsoft.AspNetCore.Mvc.Infrastructure.ObjectResultExecutor[1]
      Executing OkObjectResult, writing value of type 'System.Collections.Generic.List`1[[Diten.Platform.Application.Models.SavedViewModel, Diten.Platform.Application, Version=1.0.0.0, Culture=neutral, PublicKeyToken=null]]'.
info: Microsoft.AspNetCore.Mvc.Infrastructure.ControllerActionInvoker[105]
      Executed action Diten.Platform.API.Controllers.SavedViewsController.GetViews (Diten.Platform.API) in 2.5244ms
info: Microsoft.AspNetCore.Routing.EndpointMiddleware[1]
      Executed endpoint 'Diten.Platform.API.Controllers.SavedViewsController.GetViews (Diten.Platform.API)'
info: Microsoft.AspNetCore.Hosting.Diagnostics[2]
      Request finished HTTP/1.1 GET http://localhost:5057/api/personalization/views?moduleKey=Platform&pageKey=Tenants - 200 - application/json;+charset=utf-8 3.4527ms
info: Microsoft.AspNetCore.Hosting.Diagnostics[1]
      Request starting HTTP/1.1 GET http://localhost:5057/api/personalization/views?moduleKey=Platform&pageKey=Administrators - - -
info: Microsoft.AspNetCore.Cors.Infrastructure.CorsService[4]
      CORS policy execution successful.
info: Microsoft.AspNetCore.Routing.EndpointMiddleware[0]
      Executing endpoint 'Diten.Platform.API.Controllers.SavedViewsController.GetViews (Diten.Platform.API)'
info: Microsoft.AspNetCore.Mvc.Infrastructure.ControllerActionInvoker[102]
      Route matched with {action = "GetViews", controller = "SavedViews"}. Executing controller action with signature System.Threading.Tasks.Task`1[Microsoft.AspNetCore.Mvc.IActionResult] GetViews(System.String, System.String) on controller Diten.Platform.API.Controllers.SavedViewsController (Diten.Platform.API).
info: Diten.Platform.Application.Contracts.Behaviors.LoggingBehavior[0]
      Starting GetSavedViewsQuery at 05/13/2026 19:18:58
info: Diten.Platform.Application.Contracts.Behaviors.PerformanceBehavior[0]
      Request GetSavedViewsQuery completed in 2 ms
info: Diten.Platform.Application.Contracts.Behaviors.LoggingBehavior[0]
      Completed GetSavedViewsQuery in 2ms
info: Microsoft.AspNetCore.Mvc.Infrastructure.ObjectResultExecutor[1]
      Executing OkObjectResult, writing value of type 'System.Collections.Generic.List`1[[Diten.Platform.Application.Models.SavedViewModel, Diten.Platform.Application, Version=1.0.0.0, Culture=neutral, PublicKeyToken=null]]'.
info: Microsoft.AspNetCore.Mvc.Infrastructure.ControllerActionInvoker[105]
      Executed action Diten.Platform.API.Controllers.SavedViewsController.GetViews (Diten.Platform.API) in 3.3187ms
info: Microsoft.AspNetCore.Routing.EndpointMiddleware[1]
      Executed endpoint 'Diten.Platform.API.Controllers.SavedViewsController.GetViews (Diten.Platform.API)'
info: Microsoft.AspNetCore.Hosting.Diagnostics[2]
      Request finished HTTP/1.1 GET http://localhost:5057/api/personalization/views?moduleKey=Platform&pageKey=Administrators - 200 - application/json;+charset=utf-8 4.2724ms
info: Microsoft.AspNetCore.Hosting.Diagnostics[1]
      Request starting HTTP/1.1 GET http://localhost:5057/api/personalization/views?moduleKey=Platform&pageKey=Tenants - - -
info: Microsoft.AspNetCore.Cors.Infrastructure.CorsService[4]
      CORS policy execution successful.
info: Microsoft.AspNetCore.Routing.EndpointMiddleware[0]
      Executing endpoint 'Diten.Platform.API.Controllers.SavedViewsController.GetViews (Diten.Platform.API)'
info: Microsoft.AspNetCore.Mvc.Infrastructure.ControllerActionInvoker[102]
      Route matched with {action = "GetViews", controller = "SavedViews"}. Executing controller action with signature System.Threading.Tasks.Task`1[Microsoft.AspNetCore.Mvc.IActionResult] GetViews(System.String, System.String) on controller Diten.Platform.API.Controllers.SavedViewsController (Diten.Platform.API).
info: Diten.Platform.Application.Contracts.Behaviors.LoggingBehavior[0]
      Starting GetSavedViewsQuery at 05/13/2026 19:22:32
info: Diten.Platform.Application.Contracts.Behaviors.PerformanceBehavior[0]
      Request GetSavedViewsQuery completed in 2 ms
info: Diten.Platform.Application.Contracts.Behaviors.LoggingBehavior[0]
      Completed GetSavedViewsQuery in 2ms
info: Microsoft.AspNetCore.Mvc.Infrastructure.ObjectResultExecutor[1]
      Executing OkObjectResult, writing value of type 'System.Collections.Generic.List`1[[Diten.Platform.Application.Models.SavedViewModel, Diten.Platform.Application, Version=1.0.0.0, Culture=neutral, PublicKeyToken=null]]'.
info: Microsoft.AspNetCore.Mvc.Infrastructure.ControllerActionInvoker[105]
      Executed action Diten.Platform.API.Controllers.SavedViewsController.GetViews (Diten.Platform.API) in 4.0639ms
info: Microsoft.AspNetCore.Routing.EndpointMiddleware[1]
      Executed endpoint 'Diten.Platform.API.Controllers.SavedViewsController.GetViews (Diten.Platform.API)'
info: Microsoft.AspNetCore.Hosting.Diagnostics[2]
      Request finished HTTP/1.1 GET http://localhost:5057/api/personalization/views?moduleKey=Platform&pageKey=Tenants - 200 - application/json;+charset=utf-8 5.7947ms
info: Microsoft.AspNetCore.Hosting.Diagnostics[1]
      Request starting HTTP/1.1 GET http://localhost:5057/api/personalization/views?moduleKey=Platform&pageKey=Administrators - - -
info: Microsoft.AspNetCore.Cors.Infrastructure.CorsService[4]
      CORS policy execution successful.
info: Microsoft.AspNetCore.Routing.EndpointMiddleware[0]
      Executing endpoint 'Diten.Platform.API.Controllers.SavedViewsController.GetViews (Diten.Platform.API)'
info: Microsoft.AspNetCore.Mvc.Infrastructure.ControllerActionInvoker[102]
      Route matched with {action = "GetViews", controller = "SavedViews"}. Executing controller action with signature System.Threading.Tasks.Task`1[Microsoft.AspNetCore.Mvc.IActionResult] GetViews(System.String, System.String) on controller Diten.Platform.API.Controllers.SavedViewsController (Diten.Platform.API).
info: Diten.Platform.Application.Contracts.Behaviors.LoggingBehavior[0]
      Starting GetSavedViewsQuery at 05/13/2026 19:22:32
info: Diten.Platform.Application.Contracts.Behaviors.PerformanceBehavior[0]
      Request GetSavedViewsQuery completed in 3 ms
info: Diten.Platform.Application.Contracts.Behaviors.LoggingBehavior[0]
      Completed GetSavedViewsQuery in 3ms
info: Microsoft.AspNetCore.Mvc.Infrastructure.ObjectResultExecutor[1]
      Executing OkObjectResult, writing value of type 'System.Collections.Generic.List`1[[Diten.Platform.Application.Models.SavedViewModel, Diten.Platform.Application, Version=1.0.0.0, Culture=neutral, PublicKeyToken=null]]'.
info: Microsoft.AspNetCore.Mvc.Infrastructure.ControllerActionInvoker[105]
      Executed action Diten.Platform.API.Controllers.SavedViewsController.GetViews (Diten.Platform.API) in 4.9275ms
info: Microsoft.AspNetCore.Routing.EndpointMiddleware[1]
      Executed endpoint 'Diten.Platform.API.Controllers.SavedViewsController.GetViews (Diten.Platform.API)'
info: Microsoft.AspNetCore.Hosting.Diagnostics[2]
      Request finished HTTP/1.1 GET http://localhost:5057/api/personalization/views?moduleKey=Platform&pageKey=Administrators - 200 - application/json;+charset=utf-8 6.3559ms
info: Microsoft.AspNetCore.Hosting.Diagnostics[1]
      Request starting HTTP/1.1 GET http://localhost:5057/api/personalization/views?moduleKey=Platform&pageKey=Administrators - - -
info: Microsoft.AspNetCore.Cors.Infrastructure.CorsService[4]
      CORS policy execution successful.
info: Microsoft.AspNetCore.Routing.EndpointMiddleware[0]
      Executing endpoint 'Diten.Platform.API.Controllers.SavedViewsController.GetViews (Diten.Platform.API)'
info: Microsoft.AspNetCore.Mvc.Infrastructure.ControllerActionInvoker[102]
      Route matched with {action = "GetViews", controller = "SavedViews"}. Executing controller action with signature System.Threading.Tasks.Task`1[Microsoft.AspNetCore.Mvc.IActionResult] GetViews(System.String, System.String) on controller Diten.Platform.API.Controllers.SavedViewsController (Diten.Platform.API).
info: Diten.Platform.Application.Contracts.Behaviors.LoggingBehavior[0]
      Starting GetSavedViewsQuery at 05/13/2026 19:22:37
info: Diten.Platform.Application.Contracts.Behaviors.PerformanceBehavior[0]
      Request GetSavedViewsQuery completed in 2 ms
info: Diten.Platform.Application.Contracts.Behaviors.LoggingBehavior[0]
      Completed GetSavedViewsQuery in 2ms
info: Microsoft.AspNetCore.Mvc.Infrastructure.ObjectResultExecutor[1]
      Executing OkObjectResult, writing value of type 'System.Collections.Generic.List`1[[Diten.Platform.Application.Models.SavedViewModel, Diten.Platform.Application, Version=1.0.0.0, Culture=neutral, PublicKeyToken=null]]'.
info: Microsoft.AspNetCore.Mvc.Infrastructure.ControllerActionInvoker[105]
      Executed action Diten.Platform.API.Controllers.SavedViewsController.GetViews (Diten.Platform.API) in 4.506ms
info: Microsoft.AspNetCore.Routing.EndpointMiddleware[1]
      Executed endpoint 'Diten.Platform.API.Controllers.SavedViewsController.GetViews (Diten.Platform.API)'
info: Microsoft.AspNetCore.Hosting.Diagnostics[2]
      Request finished HTTP/1.1 GET http://localhost:5057/api/personalization/views?moduleKey=Platform&pageKey=Administrators - 200 - application/json;+charset=utf-8 6.2949ms
info: Microsoft.AspNetCore.Hosting.Diagnostics[1]
      Request starting HTTP/1.1 GET http://localhost:5057/api/personalization/views?moduleKey=Platform&pageKey=Administrators - - -
info: Microsoft.AspNetCore.Cors.Infrastructure.CorsService[4]
      CORS policy execution successful.
info: Microsoft.AspNetCore.Routing.EndpointMiddleware[0]
      Executing endpoint 'Diten.Platform.API.Controllers.SavedViewsController.GetViews (Diten.Platform.API)'
info: Microsoft.AspNetCore.Mvc.Infrastructure.ControllerActionInvoker[102]
      Route matched with {action = "GetViews", controller = "SavedViews"}. Executing controller action with signature System.Threading.Tasks.Task`1[Microsoft.AspNetCore.Mvc.IActionResult] GetViews(System.String, System.String) on controller Diten.Platform.API.Controllers.SavedViewsController (Diten.Platform.API).
info: Diten.Platform.Application.Contracts.Behaviors.LoggingBehavior[0]
      Starting GetSavedViewsQuery at 05/13/2026 19:23:38
info: Diten.Platform.Application.Contracts.Behaviors.PerformanceBehavior[0]
      Request GetSavedViewsQuery completed in 4 ms
info: Diten.Platform.Application.Contracts.Behaviors.LoggingBehavior[0]
      Completed GetSavedViewsQuery in 4ms
info: Microsoft.AspNetCore.Mvc.Infrastructure.ObjectResultExecutor[1]
      Executing OkObjectResult, writing value of type 'System.Collections.Generic.List`1[[Diten.Platform.Application.Models.SavedViewModel, Diten.Platform.Application, Version=1.0.0.0, Culture=neutral, PublicKeyToken=null]]'.
info: Microsoft.AspNetCore.Mvc.Infrastructure.ControllerActionInvoker[105]
      Executed action Diten.Platform.API.Controllers.SavedViewsController.GetViews (Diten.Platform.API) in 5.4561ms
info: Microsoft.AspNetCore.Routing.EndpointMiddleware[1]
      Executed endpoint 'Diten.Platform.API.Controllers.SavedViewsController.GetViews (Diten.Platform.API)'
info: Microsoft.AspNetCore.Hosting.Diagnostics[2]
      Request finished HTTP/1.1 GET http://localhost:5057/api/personalization/views?moduleKey=Platform&pageKey=Administrators - 200 - application/json;+charset=utf-8 7.4640ms
info: Microsoft.AspNetCore.Hosting.Diagnostics[1]
      Request starting HTTP/1.1 GET http://localhost:5057/api/personalization/views?moduleKey=Platform&pageKey=Tenants - - -
info: Microsoft.AspNetCore.Cors.Infrastructure.CorsService[4]
      CORS policy execution successful.
info: Microsoft.AspNetCore.Routing.EndpointMiddleware[0]
      Executing endpoint 'Diten.Platform.API.Controllers.SavedViewsController.GetViews (Diten.Platform.API)'
info: Microsoft.AspNetCore.Mvc.Infrastructure.ControllerActionInvoker[102]
      Route matched with {action = "GetViews", controller = "SavedViews"}. Executing controller action with signature System.Threading.Tasks.Task`1[Microsoft.AspNetCore.Mvc.IActionResult] GetViews(System.String, System.String) on controller Diten.Platform.API.Controllers.SavedViewsController (Diten.Platform.API).
info: Diten.Platform.Application.Contracts.Behaviors.LoggingBehavior[0]
      Starting GetSavedViewsQuery at 05/13/2026 19:23:49
info: Diten.Platform.Application.Contracts.Behaviors.PerformanceBehavior[0]
      Request GetSavedViewsQuery completed in 2 ms
info: Diten.Platform.Application.Contracts.Behaviors.LoggingBehavior[0]
      Completed GetSavedViewsQuery in 2ms
info: Microsoft.AspNetCore.Mvc.Infrastructure.ObjectResultExecutor[1]
      Executing OkObjectResult, writing value of type 'System.Collections.Generic.List`1[[Diten.Platform.Application.Models.SavedViewModel, Diten.Platform.Application, Version=1.0.0.0, Culture=neutral, PublicKeyToken=null]]'.
info: Microsoft.AspNetCore.Mvc.Infrastructure.ControllerActionInvoker[105]
      Executed action Diten.Platform.API.Controllers.SavedViewsController.GetViews (Diten.Platform.API) in 2.8773ms
info: Microsoft.AspNetCore.Routing.EndpointMiddleware[1]
      Executed endpoint 'Diten.Platform.API.Controllers.SavedViewsController.GetViews (Diten.Platform.API)'
info: Microsoft.AspNetCore.Hosting.Diagnostics[2]
      Request finished HTTP/1.1 GET http://localhost:5057/api/personalization/views?moduleKey=Platform&pageKey=Tenants - 200 - application/json;+charset=utf-8 4.1438ms
info: Microsoft.AspNetCore.Hosting.Diagnostics[1]
      Request starting HTTP/1.1 GET http://localhost:5057/api/internal/platform-administrators/status?email=admin%40diten.com - - -
info: Microsoft.AspNetCore.Routing.EndpointMiddleware[0]
      Executing endpoint 'Diten.Platform.API.Controllers.Internal.InternalPlatformAdministratorsController.GetStatus (Diten.Platform.API)'
info: Microsoft.AspNetCore.Mvc.Infrastructure.ControllerActionInvoker[102]
      Route matched with {action = "GetStatus", controller = "InternalPlatformAdministrators"}. Executing controller action with signature System.Threading.Tasks.Task`1[Microsoft.AspNetCore.Mvc.IActionResult] GetStatus(System.String, System.Threading.CancellationToken) on controller Diten.Platform.API.Controllers.Internal.InternalPlatformAdministratorsController (Diten.Platform.API).
info: Microsoft.AspNetCore.Mvc.Infrastructure.ObjectResultExecutor[1]
      Executing OkObjectResult, writing value of type 'Diten.Platform.Application.Common.Response`1[[Diten.Platform.API.Controllers.Internal.InternalPlatformAdministratorsController+PlatformAdministratorStatusDto, Diten.Platform.API, Version=1.0.0.0, Culture=neutral, PublicKeyToken=null]]'.
info: Microsoft.AspNetCore.Mvc.Infrastructure.ControllerActionInvoker[105]
      Executed action Diten.Platform.API.Controllers.Internal.InternalPlatformAdministratorsController.GetStatus (Diten.Platform.API) in 11.2792ms
info: Microsoft.AspNetCore.Routing.EndpointMiddleware[1]
      Executed endpoint 'Diten.Platform.API.Controllers.Internal.InternalPlatformAdministratorsController.GetStatus (Diten.Platform.API)'
info: Microsoft.AspNetCore.Hosting.Diagnostics[2]
      Request finished HTTP/1.1 GET http://localhost:5057/api/internal/platform-administrators/status?email=admin%40diten.com - 200 - application/json;+charset=utf-8 12.1958ms
info: Microsoft.AspNetCore.Hosting.Diagnostics[1]
      Request starting HTTP/1.1 POST http://localhost:5057/api/internal/platform-administrators/accept-login - application/json;+charset=utf-8 -
info: Microsoft.AspNetCore.Routing.EndpointMiddleware[0]
      Executing endpoint 'Diten.Platform.API.Controllers.Internal.InternalPlatformAdministratorsController.AcceptLogin (Diten.Platform.API)'
info: Microsoft.AspNetCore.Mvc.Infrastructure.ControllerActionInvoker[102]
      Route matched with {action = "AcceptLogin", controller = "InternalPlatformAdministrators"}. Executing controller action with signature System.Threading.Tasks.Task`1[Microsoft.AspNetCore.Mvc.IActionResult] AcceptLogin(PlatformAdministratorLoginAcceptedRequest, System.Threading.CancellationToken) on controller Diten.Platform.API.Controllers.Internal.InternalPlatformAdministratorsController (Diten.Platform.API).
info: Microsoft.AspNetCore.Mvc.StatusCodeResult[1]
      Executing StatusCodeResult, setting HTTP status code 204
info: Microsoft.AspNetCore.Mvc.Infrastructure.ControllerActionInvoker[105]
      Executed action Diten.Platform.API.Controllers.Internal.InternalPlatformAdministratorsController.AcceptLogin (Diten.Platform.API) in 4.0929ms
info: Microsoft.AspNetCore.Routing.EndpointMiddleware[1]
      Executed endpoint 'Diten.Platform.API.Controllers.Internal.InternalPlatformAdministratorsController.AcceptLogin (Diten.Platform.API)'
info: Microsoft.AspNetCore.Hosting.Diagnostics[2]
      Request finished HTTP/1.1 POST http://localhost:5057/api/internal/platform-administrators/accept-login - 204 - - 5.1707ms
info: Microsoft.AspNetCore.Hosting.Diagnostics[1]
      Request starting HTTP/1.1 GET http://localhost:5057/api/personalization/views?moduleKey=Platform&pageKey=Tenants - - -
info: Microsoft.AspNetCore.Cors.Infrastructure.CorsService[4]
      CORS policy execution successful.
info: Microsoft.AspNetCore.Routing.EndpointMiddleware[0]
      Executing endpoint 'Diten.Platform.API.Controllers.SavedViewsController.GetViews (Diten.Platform.API)'
info: Microsoft.AspNetCore.Mvc.Infrastructure.ControllerActionInvoker[102]
      Route matched with {action = "GetViews", controller = "SavedViews"}. Executing controller action with signature System.Threading.Tasks.Task`1[Microsoft.AspNetCore.Mvc.IActionResult] GetViews(System.String, System.String) on controller Diten.Platform.API.Controllers.SavedViewsController (Diten.Platform.API).
info: Diten.Platform.Application.Contracts.Behaviors.LoggingBehavior[0]
      Starting GetSavedViewsQuery at 05/13/2026 19:24:00
info: Diten.Platform.Application.Contracts.Behaviors.PerformanceBehavior[0]
      Request GetSavedViewsQuery completed in 2 ms
info: Diten.Platform.Application.Contracts.Behaviors.LoggingBehavior[0]
      Completed GetSavedViewsQuery in 2ms
info: Microsoft.AspNetCore.Mvc.Infrastructure.ObjectResultExecutor[1]
      Executing OkObjectResult, writing value of type 'System.Collections.Generic.List`1[[Diten.Platform.Application.Models.SavedViewModel, Diten.Platform.Application, Version=1.0.0.0, Culture=neutral, PublicKeyToken=null]]'.
info: Microsoft.AspNetCore.Mvc.Infrastructure.ControllerActionInvoker[105]
      Executed action Diten.Platform.API.Controllers.SavedViewsController.GetViews (Diten.Platform.API) in 3.0672ms
info: Microsoft.AspNetCore.Routing.EndpointMiddleware[1]
      Executed endpoint 'Diten.Platform.API.Controllers.SavedViewsController.GetViews (Diten.Platform.API)'
info: Microsoft.AspNetCore.Hosting.Diagnostics[2]
      Request finished HTTP/1.1 GET http://localhost:5057/api/personalization/views?moduleKey=Platform&pageKey=Tenants - 200 - application/json;+charset=utf-8 4.0569ms
info: Microsoft.AspNetCore.Hosting.Diagnostics[1]
      Request starting HTTP/1.1 GET http://localhost:5057/api/internal/platform-administrators/status?email=admin%40diten.com - - -
info: Microsoft.AspNetCore.Routing.EndpointMiddleware[0]
      Executing endpoint 'Diten.Platform.API.Controllers.Internal.InternalPlatformAdministratorsController.GetStatus (Diten.Platform.API)'
info: Microsoft.AspNetCore.Mvc.Infrastructure.ControllerActionInvoker[102]
      Route matched with {action = "GetStatus", controller = "InternalPlatformAdministrators"}. Executing controller action with signature System.Threading.Tasks.Task`1[Microsoft.AspNetCore.Mvc.IActionResult] GetStatus(System.String, System.Threading.CancellationToken) on controller Diten.Platform.API.Controllers.Internal.InternalPlatformAdministratorsController (Diten.Platform.API).
info: Microsoft.AspNetCore.Mvc.Infrastructure.ObjectResultExecutor[1]
      Executing OkObjectResult, writing value of type 'Diten.Platform.Application.Common.Response`1[[Diten.Platform.API.Controllers.Internal.InternalPlatformAdministratorsController+PlatformAdministratorStatusDto, Diten.Platform.API, Version=1.0.0.0, Culture=neutral, PublicKeyToken=null]]'.
info: Microsoft.AspNetCore.Mvc.Infrastructure.ControllerActionInvoker[105]
      Executed action Diten.Platform.API.Controllers.Internal.InternalPlatformAdministratorsController.GetStatus (Diten.Platform.API) in 3.3154ms
info: Microsoft.AspNetCore.Routing.EndpointMiddleware[1]
      Executed endpoint 'Diten.Platform.API.Controllers.Internal.InternalPlatformAdministratorsController.GetStatus (Diten.Platform.API)'
info: Microsoft.AspNetCore.Hosting.Diagnostics[2]
      Request finished HTTP/1.1 GET http://localhost:5057/api/internal/platform-administrators/status?email=admin%40diten.com - 200 - application/json;+charset=utf-8 3.8848ms
info: Microsoft.AspNetCore.Hosting.Diagnostics[1]
      Request starting HTTP/1.1 POST http://localhost:5057/api/internal/platform-administrators/accept-login - application/json;+charset=utf-8 -
info: Microsoft.AspNetCore.Routing.EndpointMiddleware[0]
      Executing endpoint 'Diten.Platform.API.Controllers.Internal.InternalPlatformAdministratorsController.AcceptLogin (Diten.Platform.API)'
info: Microsoft.AspNetCore.Mvc.Infrastructure.ControllerActionInvoker[102]
      Route matched with {action = "AcceptLogin", controller = "InternalPlatformAdministrators"}. Executing controller action with signature System.Threading.Tasks.Task`1[Microsoft.AspNetCore.Mvc.IActionResult] AcceptLogin(PlatformAdministratorLoginAcceptedRequest, System.Threading.CancellationToken) on controller Diten.Platform.API.Controllers.Internal.InternalPlatformAdministratorsController (Diten.Platform.API).
info: Microsoft.AspNetCore.Mvc.StatusCodeResult[1]
      Executing StatusCodeResult, setting HTTP status code 204
info: Microsoft.AspNetCore.Mvc.Infrastructure.ControllerActionInvoker[105]
      Executed action Diten.Platform.API.Controllers.Internal.InternalPlatformAdministratorsController.AcceptLogin (Diten.Platform.API) in 1.7594ms
info: Microsoft.AspNetCore.Routing.EndpointMiddleware[1]
      Executed endpoint 'Diten.Platform.API.Controllers.Internal.InternalPlatformAdministratorsController.AcceptLogin (Diten.Platform.API)'
info: Microsoft.AspNetCore.Hosting.Diagnostics[2]
      Request finished HTTP/1.1 POST http://localhost:5057/api/internal/platform-administrators/accept-login - 204 - - 2.1897ms
info: Microsoft.AspNetCore.Hosting.Diagnostics[1]
      Request starting HTTP/1.1 GET http://localhost:5057/api/personalization/views?moduleKey=Platform&pageKey=Tenants - - -
info: Microsoft.AspNetCore.Cors.Infrastructure.CorsService[4]
      CORS policy execution successful.
info: Microsoft.AspNetCore.Routing.EndpointMiddleware[0]
      Executing endpoint 'Diten.Platform.API.Controllers.SavedViewsController.GetViews (Diten.Platform.API)'
info: Microsoft.AspNetCore.Mvc.Infrastructure.ControllerActionInvoker[102]
      Route matched with {action = "GetViews", controller = "SavedViews"}. Executing controller action with signature System.Threading.Tasks.Task`1[Microsoft.AspNetCore.Mvc.IActionResult] GetViews(System.String, System.String) on controller Diten.Platform.API.Controllers.SavedViewsController (Diten.Platform.API).
info: Diten.Platform.Application.Contracts.Behaviors.LoggingBehavior[0]
      Starting GetSavedViewsQuery at 05/13/2026 19:31:17
info: Diten.Platform.Application.Contracts.Behaviors.PerformanceBehavior[0]
      Request GetSavedViewsQuery completed in 1 ms
info: Diten.Platform.Application.Contracts.Behaviors.LoggingBehavior[0]
      Completed GetSavedViewsQuery in 1ms
info: Microsoft.AspNetCore.Mvc.Infrastructure.ObjectResultExecutor[1]
      Executing OkObjectResult, writing value of type 'System.Collections.Generic.List`1[[Diten.Platform.Application.Models.SavedViewModel, Diten.Platform.Application, Version=1.0.0.0, Culture=neutral, PublicKeyToken=null]]'.
info: Microsoft.AspNetCore.Mvc.Infrastructure.ControllerActionInvoker[105]
      Executed action Diten.Platform.API.Controllers.SavedViewsController.GetViews (Diten.Platform.API) in 2.5005ms
info: Microsoft.AspNetCore.Routing.EndpointMiddleware[1]
      Executed endpoint 'Diten.Platform.API.Controllers.SavedViewsController.GetViews (Diten.Platform.API)'
info: Microsoft.AspNetCore.Hosting.Diagnostics[2]
      Request finished HTTP/1.1 GET http://localhost:5057/api/personalization/views?moduleKey=Platform&pageKey=Tenants - 200 - application/json;+charset=utf-8 3.3678ms
info: Microsoft.AspNetCore.Hosting.Diagnostics[1]
      Request starting HTTP/1.1 GET http://localhost:5057/api/personalization/views?moduleKey=Platform&pageKey=Administrators - - -
info: Microsoft.AspNetCore.Cors.Infrastructure.CorsService[4]
      CORS policy execution successful.
info: Microsoft.AspNetCore.Routing.EndpointMiddleware[0]
      Executing endpoint 'Diten.Platform.API.Controllers.SavedViewsController.GetViews (Diten.Platform.API)'
info: Microsoft.AspNetCore.Mvc.Infrastructure.ControllerActionInvoker[102]
      Route matched with {action = "GetViews", controller = "SavedViews"}. Executing controller action with signature System.Threading.Tasks.Task`1[Microsoft.AspNetCore.Mvc.IActionResult] GetViews(System.String, System.String) on controller Diten.Platform.API.Controllers.SavedViewsController (Diten.Platform.API).
info: Diten.Platform.Application.Contracts.Behaviors.LoggingBehavior[0]
      Starting GetSavedViewsQuery at 05/13/2026 19:31:21
info: Diten.Platform.Application.Contracts.Behaviors.PerformanceBehavior[0]
      Request GetSavedViewsQuery completed in 2 ms
info: Diten.Platform.Application.Contracts.Behaviors.LoggingBehavior[0]
      Completed GetSavedViewsQuery in 2ms
info: Microsoft.AspNetCore.Mvc.Infrastructure.ObjectResultExecutor[1]
      Executing OkObjectResult, writing value of type 'System.Collections.Generic.List`1[[Diten.Platform.Application.Models.SavedViewModel, Diten.Platform.Application, Version=1.0.0.0, Culture=neutral, PublicKeyToken=null]]'.
info: Microsoft.AspNetCore.Mvc.Infrastructure.ControllerActionInvoker[105]
      Executed action Diten.Platform.API.Controllers.SavedViewsController.GetViews (Diten.Platform.API) in 2.8063ms
info: Microsoft.AspNetCore.Routing.EndpointMiddleware[1]
      Executed endpoint 'Diten.Platform.API.Controllers.SavedViewsController.GetViews (Diten.Platform.API)'
info: Microsoft.AspNetCore.Hosting.Diagnostics[2]
      Request finished HTTP/1.1 GET http://localhost:5057/api/personalization/views?moduleKey=Platform&pageKey=Administrators - 200 - application/json;+charset=utf-8 3.5767ms
info: Microsoft.AspNetCore.Hosting.Diagnostics[1]
      Request starting HTTP/1.1 GET http://localhost:5057/api/personalization/views?moduleKey=Platform&pageKey=Tenants - - -
info: Microsoft.AspNetCore.Cors.Infrastructure.CorsService[4]
      CORS policy execution successful.
info: Microsoft.AspNetCore.Routing.EndpointMiddleware[0]
      Executing endpoint 'Diten.Platform.API.Controllers.SavedViewsController.GetViews (Diten.Platform.API)'
info: Microsoft.AspNetCore.Mvc.Infrastructure.ControllerActionInvoker[102]
      Route matched with {action = "GetViews", controller = "SavedViews"}. Executing controller action with signature System.Threading.Tasks.Task`1[Microsoft.AspNetCore.Mvc.IActionResult] GetViews(System.String, System.String) on controller Diten.Platform.API.Controllers.SavedViewsController (Diten.Platform.API).
info: Diten.Platform.Application.Contracts.Behaviors.LoggingBehavior[0]
      Starting GetSavedViewsQuery at 05/13/2026 19:32:30
info: Diten.Platform.Application.Contracts.Behaviors.PerformanceBehavior[0]
      Request GetSavedViewsQuery completed in 1 ms
info: Diten.Platform.Application.Contracts.Behaviors.LoggingBehavior[0]
      Completed GetSavedViewsQuery in 1ms
info: Microsoft.AspNetCore.Mvc.Infrastructure.ObjectResultExecutor[1]
      Executing OkObjectResult, writing value of type 'System.Collections.Generic.List`1[[Diten.Platform.Application.Models.SavedViewModel, Diten.Platform.Application, Version=1.0.0.0, Culture=neutral, PublicKeyToken=null]]'.
info: Microsoft.AspNetCore.Mvc.Infrastructure.ControllerActionInvoker[105]
      Executed action Diten.Platform.API.Controllers.SavedViewsController.GetViews (Diten.Platform.API) in 2.2801ms
info: Microsoft.AspNetCore.Routing.EndpointMiddleware[1]
      Executed endpoint 'Diten.Platform.API.Controllers.SavedViewsController.GetViews (Diten.Platform.API)'
info: Microsoft.AspNetCore.Hosting.Diagnostics[2]
      Request finished HTTP/1.1 GET http://localhost:5057/api/personalization/views?moduleKey=Platform&pageKey=Tenants - 200 - application/json;+charset=utf-8 3.1017ms
info: Microsoft.AspNetCore.Hosting.Diagnostics[1]
      Request starting HTTP/1.1 GET http://localhost:5057/api/personalization/views?moduleKey=Platform&pageKey=Tenants - - -
info: Microsoft.AspNetCore.Cors.Infrastructure.CorsService[4]
      CORS policy execution successful.
info: Microsoft.AspNetCore.Routing.EndpointMiddleware[0]
      Executing endpoint 'Diten.Platform.API.Controllers.SavedViewsController.GetViews (Diten.Platform.API)'
info: Microsoft.AspNetCore.Mvc.Infrastructure.ControllerActionInvoker[102]
      Route matched with {action = "GetViews", controller = "SavedViews"}. Executing controller action with signature System.Threading.Tasks.Task`1[Microsoft.AspNetCore.Mvc.IActionResult] GetViews(System.String, System.String) on controller Diten.Platform.API.Controllers.SavedViewsController (Diten.Platform.API).
info: Diten.Platform.Application.Contracts.Behaviors.LoggingBehavior[0]
      Starting GetSavedViewsQuery at 05/13/2026 19:36:55
info: Diten.Platform.Application.Contracts.Behaviors.PerformanceBehavior[0]
      Request GetSavedViewsQuery completed in 2 ms
info: Diten.Platform.Application.Contracts.Behaviors.LoggingBehavior[0]
      Completed GetSavedViewsQuery in 2ms
info: Microsoft.AspNetCore.Mvc.Infrastructure.ObjectResultExecutor[1]
      Executing OkObjectResult, writing value of type 'System.Collections.Generic.List`1[[Diten.Platform.Application.Models.SavedViewModel, Diten.Platform.Application, Version=1.0.0.0, Culture=neutral, PublicKeyToken=null]]'.
info: Microsoft.AspNetCore.Mvc.Infrastructure.ControllerActionInvoker[105]
      Executed action Diten.Platform.API.Controllers.SavedViewsController.GetViews (Diten.Platform.API) in 3.4725ms
info: Microsoft.AspNetCore.Routing.EndpointMiddleware[1]
      Executed endpoint 'Diten.Platform.API.Controllers.SavedViewsController.GetViews (Diten.Platform.API)'
info: Microsoft.AspNetCore.Hosting.Diagnostics[2]
      Request finished HTTP/1.1 GET http://localhost:5057/api/personalization/views?moduleKey=Platform&pageKey=Tenants - 200 - application/json;+charset=utf-8 5.2398ms
