C:\Users\user\Desktop\ERP-vNext\frontend\Diten.Web\Properties\launchSettings.json içindeki başlatma ayarları kullanılıyor...
info: Microsoft.Hosting.Lifetime[14]
      Now listening on: http://localhost:5001
info: Microsoft.Hosting.Lifetime[0]
      Application started. Press Ctrl+C to shut down.
info: Microsoft.Hosting.Lifetime[0]
      Hosting environment: Development
info: Microsoft.Hosting.Lifetime[0]
      Content root path: C:\Users\user\Desktop\ERP-vNext\frontend\Diten.Web
info: System.Net.Http.HttpClient.IAuthGateway.LogicalHandler[100]
      Start processing HTTP request POST http://localhost:5000/api/platform-auth/login
info: System.Net.Http.HttpClient.IAuthGateway.ClientHandler[100]
      Sending HTTP request POST http://localhost:5000/api/platform-auth/login
info: System.Net.Http.HttpClient.IAuthGateway.ClientHandler[101]
      Received HTTP response headers after 1440.6634ms - 200
info: System.Net.Http.HttpClient.IAuthGateway.LogicalHandler[101]
      End processing HTTP request after 1457.1966ms - 200
info: System.Net.Http.HttpClient.Default.LogicalHandler[100]
      Start processing HTTP request GET http://localhost:5000/api/admin/tenants?page=1&pageSize=200&sort=-createdAt&_=1778697949232
info: System.Net.Http.HttpClient.Default.ClientHandler[100]
      Sending HTTP request GET http://localhost:5000/api/admin/tenants?page=1&pageSize=200&sort=-createdAt&_=1778697949232
info: System.Net.Http.HttpClient.Default.ClientHandler[101]
      Received HTTP response headers after 46.7081ms - 403
info: System.Net.Http.HttpClient.Default.LogicalHandler[101]
      End processing HTTP request after 46.9476ms - 403
info: System.Net.Http.HttpClient.Default.LogicalHandler[100]
      Start processing HTTP request GET http://localhost:5000/api/admin/tenants?page=1&pageSize=200&sort=-createdAt&_=1778697983627
info: System.Net.Http.HttpClient.Default.ClientHandler[100]
      Sending HTTP request GET http://localhost:5000/api/admin/tenants?page=1&pageSize=200&sort=-createdAt&_=1778697983627
info: System.Net.Http.HttpClient.Default.ClientHandler[101]
      Received HTTP response headers after 6.7652ms - 403
info: System.Net.Http.HttpClient.Default.LogicalHandler[101]
      End processing HTTP request after 6.9543ms - 403
info: System.Net.Http.HttpClient.IAuthGateway.LogicalHandler[100]
      Start processing HTTP request POST http://localhost:5000/api/auth/logout
info: System.Net.Http.HttpClient.IAuthGateway.ClientHandler[100]
      Sending HTTP request POST http://localhost:5000/api/auth/logout
info: System.Net.Http.HttpClient.IAuthGateway.ClientHandler[101]
      Received HTTP response headers after 62.9713ms - 401
info: System.Net.Http.HttpClient.IAuthGateway.LogicalHandler[101]
      End processing HTTP request after 63.0844ms - 401
info: System.Net.Http.HttpClient.IAuthGateway.LogicalHandler[100]
      Start processing HTTP request POST http://localhost:5000/api/platform-auth/login
info: System.Net.Http.HttpClient.IAuthGateway.ClientHandler[100]
      Sending HTTP request POST http://localhost:5000/api/platform-auth/login
info: System.Net.Http.HttpClient.IAuthGateway.ClientHandler[101]
      Received HTTP response headers after 353.8884ms - 200
info: System.Net.Http.HttpClient.IAuthGateway.LogicalHandler[101]
      End processing HTTP request after 354.0215ms - 200
info: System.Net.Http.HttpClient.Default.LogicalHandler[100]
      Start processing HTTP request GET http://localhost:5000/api/admin/tenants?page=1&pageSize=200&sort=-createdAt&_=1778698006067
info: System.Net.Http.HttpClient.Default.ClientHandler[100]
      Sending HTTP request GET http://localhost:5000/api/admin/tenants?page=1&pageSize=200&sort=-createdAt&_=1778698006067
info: System.Net.Http.HttpClient.Default.ClientHandler[101]
      Received HTTP response headers after 6.4968ms - 403
info: System.Net.Http.HttpClient.Default.LogicalHandler[101]
      End processing HTTP request after 6.6495ms - 403
info: System.Net.Http.HttpClient.Default.LogicalHandler[100]
      Start processing HTTP request GET http://localhost:5000/api/platform/administrators/stats
info: System.Net.Http.HttpClient.Default.ClientHandler[100]
      Sending HTTP request GET http://localhost:5000/api/platform/administrators/stats
info: System.Net.Http.HttpClient.Default.ClientHandler[101]
      Received HTTP response headers after 18.9731ms - 403
info: System.Net.Http.HttpClient.Default.LogicalHandler[101]
      End processing HTTP request after 19.2746ms - 403
info: System.Net.Http.HttpClient.Default.LogicalHandler[100]
      Start processing HTTP request GET http://localhost:5000/api/platform/administrators?page=1&pageSize=10&sort=displayName%3Aasc
info: System.Net.Http.HttpClient.Default.ClientHandler[100]
      Sending HTTP request GET http://localhost:5000/api/platform/administrators?page=1&pageSize=10&sort=displayName%3Aasc
info: System.Net.Http.HttpClient.Default.ClientHandler[101]
      Received HTTP response headers after 38.0381ms - 403
info: System.Net.Http.HttpClient.Default.LogicalHandler[101]
      End processing HTTP request after 38.6832ms - 403
info: System.Net.Http.HttpClient.Default.LogicalHandler[100]
      Start processing HTTP request GET http://localhost:5000/api/platform/administrators/stats
info: System.Net.Http.HttpClient.Default.ClientHandler[100]
      Sending HTTP request GET http://localhost:5000/api/platform/administrators/stats
info: System.Net.Http.HttpClient.Default.ClientHandler[101]
      Received HTTP response headers after 13.9439ms - 403
info: System.Net.Http.HttpClient.Default.LogicalHandler[101]
      End processing HTTP request after 14.318ms - 403
info: System.Net.Http.HttpClient.Default.LogicalHandler[100]
      Start processing HTTP request GET http://localhost:5000/api/platform/administrators?page=1&pageSize=10&sort=displayName%3Aasc
info: System.Net.Http.HttpClient.Default.ClientHandler[100]
      Sending HTTP request GET http://localhost:5000/api/platform/administrators?page=1&pageSize=10&sort=displayName%3Aasc
info: System.Net.Http.HttpClient.Default.ClientHandler[101]
      Received HTTP response headers after 7.2674ms - 403
info: System.Net.Http.HttpClient.Default.LogicalHandler[101]
      End processing HTTP request after 7.6462ms - 403
info: System.Net.Http.HttpClient.Default.LogicalHandler[100]
      Start processing HTTP request GET http://localhost:5000/api/platform/administrators/stats
info: System.Net.Http.HttpClient.Default.ClientHandler[100]
      Sending HTTP request GET http://localhost:5000/api/platform/administrators/stats
info: System.Net.Http.HttpClient.Default.ClientHandler[101]
      Received HTTP response headers after 26.4225ms - 403
info: System.Net.Http.HttpClient.Default.LogicalHandler[101]
      End processing HTTP request after 26.9647ms - 403
info: System.Net.Http.HttpClient.Default.LogicalHandler[100]
      Start processing HTTP request GET http://localhost:5000/api/platform/administrators/stats
info: System.Net.Http.HttpClient.Default.ClientHandler[100]
      Sending HTTP request GET http://localhost:5000/api/platform/administrators/stats
info: System.Net.Http.HttpClient.Default.ClientHandler[101]
      Received HTTP response headers after 8.5455ms - 403
info: System.Net.Http.HttpClient.Default.LogicalHandler[101]
      End processing HTTP request after 8.8221ms - 403
info: System.Net.Http.HttpClient.Default.LogicalHandler[100]
      Start processing HTTP request GET http://localhost:5000/api/platform/administrators?page=1&pageSize=10&sort=displayName%3Aasc
info: System.Net.Http.HttpClient.Default.ClientHandler[100]
      Sending HTTP request GET http://localhost:5000/api/platform/administrators?page=1&pageSize=10&sort=displayName%3Aasc
info: System.Net.Http.HttpClient.Default.ClientHandler[101]
      Received HTTP response headers after 11.8391ms - 403
info: System.Net.Http.HttpClient.Default.LogicalHandler[101]
      End processing HTTP request after 11.9975ms - 403
info: System.Net.Http.HttpClient.Default.LogicalHandler[100]
      Start processing HTTP request GET http://localhost:5000/api/platform/administrators/stats
info: System.Net.Http.HttpClient.Default.ClientHandler[100]
      Sending HTTP request GET http://localhost:5000/api/platform/administrators/stats
info: System.Net.Http.HttpClient.Default.ClientHandler[101]
      Received HTTP response headers after 9.5879ms - 403
info: System.Net.Http.HttpClient.Default.LogicalHandler[101]
      End processing HTTP request after 9.7603ms - 403
info: System.Net.Http.HttpClient.Default.LogicalHandler[100]
      Start processing HTTP request GET http://localhost:5000/api/platform/administrators?page=1&pageSize=10&sort=displayName%3Aasc
info: System.Net.Http.HttpClient.Default.ClientHandler[100]
      Sending HTTP request GET http://localhost:5000/api/platform/administrators?page=1&pageSize=10&sort=displayName%3Aasc
info: System.Net.Http.HttpClient.Default.ClientHandler[101]
      Received HTTP response headers after 5.8001ms - 403
info: System.Net.Http.HttpClient.Default.LogicalHandler[101]
      End processing HTTP request after 5.9556ms - 403
info: System.Net.Http.HttpClient.Default.LogicalHandler[100]
      Start processing HTTP request GET http://localhost:5000/api/platform/administrators/stats
info: System.Net.Http.HttpClient.Default.ClientHandler[100]
      Sending HTTP request GET http://localhost:5000/api/platform/administrators/stats
info: System.Net.Http.HttpClient.Default.ClientHandler[101]
      Received HTTP response headers after 12.4925ms - 403
info: System.Net.Http.HttpClient.Default.LogicalHandler[101]
      End processing HTTP request after 12.6711ms - 403
info: System.Net.Http.HttpClient.Default.LogicalHandler[100]
      Start processing HTTP request GET http://localhost:5000/api/platform/administrators/stats
info: System.Net.Http.HttpClient.Default.ClientHandler[100]
      Sending HTTP request GET http://localhost:5000/api/platform/administrators/stats
info: System.Net.Http.HttpClient.Default.ClientHandler[101]
      Received HTTP response headers after 18.4135ms - 403
info: System.Net.Http.HttpClient.Default.LogicalHandler[101]
      End processing HTTP request after 18.7566ms - 403
info: System.Net.Http.HttpClient.Default.LogicalHandler[100]
      Start processing HTTP request GET http://localhost:5000/api/platform/administrators?page=1&pageSize=10&sort=displayName%3Aasc
info: System.Net.Http.HttpClient.Default.ClientHandler[100]
      Sending HTTP request GET http://localhost:5000/api/platform/administrators?page=1&pageSize=10&sort=displayName%3Aasc
info: System.Net.Http.HttpClient.Default.ClientHandler[101]
      Received HTTP response headers after 9.6835ms - 403
info: System.Net.Http.HttpClient.Default.LogicalHandler[101]
      End processing HTTP request after 10.1018ms - 403
info: System.Net.Http.HttpClient.Default.LogicalHandler[100]
      Start processing HTTP request GET http://localhost:5000/api/platform/administrators/stats
info: System.Net.Http.HttpClient.Default.ClientHandler[100]
      Sending HTTP request GET http://localhost:5000/api/platform/administrators/stats
info: System.Net.Http.HttpClient.Default.ClientHandler[101]
      Received HTTP response headers after 13.8406ms - 403
info: System.Net.Http.HttpClient.Default.LogicalHandler[101]
      End processing HTTP request after 14.0106ms - 403
info: System.Net.Http.HttpClient.Default.LogicalHandler[100]
      Start processing HTTP request GET http://localhost:5000/api/platform/administrators?page=1&pageSize=10&sort=displayName%3Aasc
info: System.Net.Http.HttpClient.Default.ClientHandler[100]
      Sending HTTP request GET http://localhost:5000/api/platform/administrators?page=1&pageSize=10&sort=displayName%3Aasc
info: System.Net.Http.HttpClient.Default.ClientHandler[101]
      Received HTTP response headers after 10.9952ms - 403
info: System.Net.Http.HttpClient.Default.LogicalHandler[101]
      End processing HTTP request after 11.1139ms - 403
info: System.Net.Http.HttpClient.Default.LogicalHandler[100]
      Start processing HTTP request GET http://localhost:5000/api/platform/administrators/stats
info: System.Net.Http.HttpClient.Default.ClientHandler[100]
      Sending HTTP request GET http://localhost:5000/api/platform/administrators/stats
info: System.Net.Http.HttpClient.Default.ClientHandler[101]
      Received HTTP response headers after 10.6197ms - 403
info: System.Net.Http.HttpClient.Default.LogicalHandler[101]
      End processing HTTP request after 10.748ms - 403
info: System.Net.Http.HttpClient.Default.LogicalHandler[100]
      Start processing HTTP request GET http://localhost:5000/api/platform/administrators/stats
info: System.Net.Http.HttpClient.Default.ClientHandler[100]
      Sending HTTP request GET http://localhost:5000/api/platform/administrators/stats
info: System.Net.Http.HttpClient.Default.ClientHandler[101]
      Received HTTP response headers after 8.4893ms - 403
info: System.Net.Http.HttpClient.Default.LogicalHandler[101]
      End processing HTTP request after 8.6041ms - 403
info: System.Net.Http.HttpClient.Default.LogicalHandler[100]
      Start processing HTTP request GET http://localhost:5000/api/platform/administrators?page=1&pageSize=10&sort=displayName%3Aasc
info: System.Net.Http.HttpClient.Default.ClientHandler[100]
      Sending HTTP request GET http://localhost:5000/api/platform/administrators?page=1&pageSize=10&sort=displayName%3Aasc
info: System.Net.Http.HttpClient.Default.ClientHandler[101]
      Received HTTP response headers after 5.5694ms - 403
info: System.Net.Http.HttpClient.Default.LogicalHandler[101]
      End processing HTTP request after 5.6806ms - 403
info: System.Net.Http.HttpClient.Default.LogicalHandler[100]
      Start processing HTTP request GET http://localhost:5000/api/platform/administrators/stats
info: System.Net.Http.HttpClient.Default.ClientHandler[100]
      Sending HTTP request GET http://localhost:5000/api/platform/administrators/stats
info: System.Net.Http.HttpClient.Default.ClientHandler[101]
      Received HTTP response headers after 8.8064ms - 403
info: System.Net.Http.HttpClient.Default.LogicalHandler[101]
      End processing HTTP request after 9.0863ms - 403
info: System.Net.Http.HttpClient.Default.LogicalHandler[100]
      Start processing HTTP request GET http://localhost:5000/api/platform/administrators?page=1&pageSize=10&sort=displayName%3Aasc
info: System.Net.Http.HttpClient.Default.ClientHandler[100]
      Sending HTTP request GET http://localhost:5000/api/platform/administrators?page=1&pageSize=10&sort=displayName%3Aasc
info: System.Net.Http.HttpClient.Default.ClientHandler[101]
      Received HTTP response headers after 5.5707ms - 403
info: System.Net.Http.HttpClient.Default.LogicalHandler[101]
      End processing HTTP request after 5.7351ms - 403
info: System.Net.Http.HttpClient.Default.LogicalHandler[100]
      Start processing HTTP request GET http://localhost:5000/api/platform/administrators/stats
info: System.Net.Http.HttpClient.Default.ClientHandler[100]
      Sending HTTP request GET http://localhost:5000/api/platform/administrators/stats
info: System.Net.Http.HttpClient.Default.ClientHandler[101]
      Received HTTP response headers after 18.8107ms - 403
info: System.Net.Http.HttpClient.Default.LogicalHandler[101]
      End processing HTTP request after 18.9764ms - 403
info: System.Net.Http.HttpClient.Default.LogicalHandler[100]
      Start processing HTTP request GET http://localhost:5000/api/platform/administrators/stats
info: System.Net.Http.HttpClient.Default.ClientHandler[100]
      Sending HTTP request GET http://localhost:5000/api/platform/administrators/stats
info: System.Net.Http.HttpClient.Default.ClientHandler[101]
      Received HTTP response headers after 5.4068ms - 403
info: System.Net.Http.HttpClient.Default.LogicalHandler[101]
      End processing HTTP request after 5.585ms - 403
info: System.Net.Http.HttpClient.Default.LogicalHandler[100]
      Start processing HTTP request GET http://localhost:5000/api/platform/administrators?page=1&pageSize=10&sort=displayName%3Aasc
info: System.Net.Http.HttpClient.Default.ClientHandler[100]
      Sending HTTP request GET http://localhost:5000/api/platform/administrators?page=1&pageSize=10&sort=displayName%3Aasc
info: System.Net.Http.HttpClient.Default.ClientHandler[101]
      Received HTTP response headers after 7.8345ms - 403
info: System.Net.Http.HttpClient.Default.LogicalHandler[101]
      End processing HTTP request after 7.9313ms - 403
info: System.Net.Http.HttpClient.Default.LogicalHandler[100]
      Start processing HTTP request GET http://localhost:5000/api/platform/administrators/stats
info: System.Net.Http.HttpClient.Default.ClientHandler[100]
      Sending HTTP request GET http://localhost:5000/api/platform/administrators/stats
info: System.Net.Http.HttpClient.Default.ClientHandler[101]
      Received HTTP response headers after 9.221ms - 403
info: System.Net.Http.HttpClient.Default.LogicalHandler[101]
      End processing HTTP request after 9.4655ms - 403
info: System.Net.Http.HttpClient.Default.LogicalHandler[100]
      Start processing HTTP request GET http://localhost:5000/api/platform/administrators?page=1&pageSize=10&sort=displayName%3Aasc
info: System.Net.Http.HttpClient.Default.ClientHandler[100]
      Sending HTTP request GET http://localhost:5000/api/platform/administrators?page=1&pageSize=10&sort=displayName%3Aasc
info: System.Net.Http.HttpClient.Default.ClientHandler[101]
      Received HTTP response headers after 7.9054ms - 403
info: System.Net.Http.HttpClient.Default.LogicalHandler[101]
      End processing HTTP request after 8.0597ms - 403
info: System.Net.Http.HttpClient.Default.LogicalHandler[100]
      Start processing HTTP request GET http://localhost:5000/api/platform/administrators/stats
info: System.Net.Http.HttpClient.Default.ClientHandler[100]
      Sending HTTP request GET http://localhost:5000/api/platform/administrators/stats
info: System.Net.Http.HttpClient.Default.ClientHandler[101]
      Received HTTP response headers after 8.0885ms - 403
info: System.Net.Http.HttpClient.Default.LogicalHandler[101]
      End processing HTTP request after 8.2081ms - 403
info: System.Net.Http.HttpClient.IAuthGateway.LogicalHandler[100]
      Start processing HTTP request POST http://localhost:5000/api/auth/logout
info: System.Net.Http.HttpClient.IAuthGateway.ClientHandler[100]
      Sending HTTP request POST http://localhost:5000/api/auth/logout
info: System.Net.Http.HttpClient.IAuthGateway.ClientHandler[101]
      Received HTTP response headers after 29.2581ms - 401
info: System.Net.Http.HttpClient.IAuthGateway.LogicalHandler[101]
      End processing HTTP request after 29.3294ms - 401
info: System.Net.Http.HttpClient.IAuthGateway.LogicalHandler[100]
      Start processing HTTP request POST http://localhost:5000/api/platform-auth/login
info: System.Net.Http.HttpClient.IAuthGateway.ClientHandler[100]
      Sending HTTP request POST http://localhost:5000/api/platform-auth/login
info: System.Net.Http.HttpClient.IAuthGateway.ClientHandler[101]
      Received HTTP response headers after 389.3133ms - 200
info: System.Net.Http.HttpClient.IAuthGateway.LogicalHandler[101]
      End processing HTTP request after 389.3588ms - 200
info: System.Net.Http.HttpClient.Default.LogicalHandler[100]
      Start processing HTTP request GET http://localhost:5000/api/admin/tenants?page=1&pageSize=200&sort=-createdAt&_=1778698285893
info: System.Net.Http.HttpClient.Default.ClientHandler[100]
      Sending HTTP request GET http://localhost:5000/api/admin/tenants?page=1&pageSize=200&sort=-createdAt&_=1778698285893
info: System.Net.Http.HttpClient.Default.ClientHandler[101]
      Received HTTP response headers after 8.3852ms - 403
info: System.Net.Http.HttpClient.Default.LogicalHandler[101]
      End processing HTTP request after 8.461ms - 403
info: System.Net.Http.HttpClient.Default.LogicalHandler[100]
      Start processing HTTP request GET http://localhost:5000/api/platform/administrators/stats
info: System.Net.Http.HttpClient.Default.ClientHandler[100]
      Sending HTTP request GET http://localhost:5000/api/platform/administrators/stats
info: System.Net.Http.HttpClient.Default.ClientHandler[101]
      Received HTTP response headers after 8.1588ms - 403
info: System.Net.Http.HttpClient.Default.LogicalHandler[101]
      End processing HTTP request after 8.2377ms - 403
info: System.Net.Http.HttpClient.Default.LogicalHandler[100]
      Start processing HTTP request GET http://localhost:5000/api/platform/administrators?page=1&pageSize=10&sort=displayName%3Aasc
info: System.Net.Http.HttpClient.Default.ClientHandler[100]
      Sending HTTP request GET http://localhost:5000/api/platform/administrators?page=1&pageSize=10&sort=displayName%3Aasc
info: System.Net.Http.HttpClient.Default.ClientHandler[101]
      Received HTTP response headers after 8.4013ms - 403
info: System.Net.Http.HttpClient.Default.LogicalHandler[101]
      End processing HTTP request after 8.4583ms - 403
info: System.Net.Http.HttpClient.Default.LogicalHandler[100]
      Start processing HTTP request GET http://localhost:5000/api/platform/administrators/stats
info: System.Net.Http.HttpClient.Default.ClientHandler[100]
      Sending HTTP request GET http://localhost:5000/api/platform/administrators/stats
info: System.Net.Http.HttpClient.Default.ClientHandler[101]
      Received HTTP response headers after 12.4613ms - 403
info: System.Net.Http.HttpClient.Default.LogicalHandler[101]
      End processing HTTP request after 12.5762ms - 403
info: System.Net.Http.HttpClient.Default.LogicalHandler[100]
      Start processing HTTP request GET http://localhost:5000/api/platform/administrators?page=1&pageSize=10&sort=displayName%3Aasc
info: System.Net.Http.HttpClient.Default.ClientHandler[100]
      Sending HTTP request GET http://localhost:5000/api/platform/administrators?page=1&pageSize=10&sort=displayName%3Aasc
info: System.Net.Http.HttpClient.Default.ClientHandler[101]
      Received HTTP response headers after 7.3269ms - 403
info: System.Net.Http.HttpClient.Default.LogicalHandler[101]
      End processing HTTP request after 7.3998ms - 403
info: System.Net.Http.HttpClient.Default.LogicalHandler[100]
      Start processing HTTP request GET http://localhost:5000/api/platform/administrators/stats
info: System.Net.Http.HttpClient.Default.ClientHandler[100]
      Sending HTTP request GET http://localhost:5000/api/platform/administrators/stats
info: System.Net.Http.HttpClient.Default.ClientHandler[101]
      Received HTTP response headers after 8.9114ms - 403
info: System.Net.Http.HttpClient.Default.LogicalHandler[101]
      End processing HTTP request after 8.9904ms - 403
info: System.Net.Http.HttpClient.Default.LogicalHandler[100]
      Start processing HTTP request GET http://localhost:5000/api/platform/administrators/stats
info: System.Net.Http.HttpClient.Default.ClientHandler[100]
      Sending HTTP request GET http://localhost:5000/api/platform/administrators/stats
info: System.Net.Http.HttpClient.Default.ClientHandler[101]
      Received HTTP response headers after 5.2405ms - 403
info: System.Net.Http.HttpClient.Default.LogicalHandler[101]
      End processing HTTP request after 5.3056ms - 403
info: System.Net.Http.HttpClient.Default.LogicalHandler[100]
      Start processing HTTP request GET http://localhost:5000/api/platform/administrators?page=1&pageSize=10&sort=displayName%3Aasc
info: System.Net.Http.HttpClient.Default.ClientHandler[100]
      Sending HTTP request GET http://localhost:5000/api/platform/administrators?page=1&pageSize=10&sort=displayName%3Aasc
info: System.Net.Http.HttpClient.Default.ClientHandler[101]
      Received HTTP response headers after 8.508ms - 403
info: System.Net.Http.HttpClient.Default.LogicalHandler[101]
      End processing HTTP request after 8.572ms - 403
info: System.Net.Http.HttpClient.Default.LogicalHandler[100]
      Start processing HTTP request GET http://localhost:5000/api/platform/administrators/stats
info: System.Net.Http.HttpClient.Default.ClientHandler[100]
      Sending HTTP request GET http://localhost:5000/api/platform/administrators/stats
info: System.Net.Http.HttpClient.Default.ClientHandler[101]
      Received HTTP response headers after 8.0416ms - 403
info: System.Net.Http.HttpClient.Default.LogicalHandler[101]
      End processing HTTP request after 8.1069ms - 403
info: System.Net.Http.HttpClient.Default.LogicalHandler[100]
      Start processing HTTP request GET http://localhost:5000/api/platform/administrators?page=1&pageSize=10&sort=displayName%3Aasc
info: System.Net.Http.HttpClient.Default.ClientHandler[100]
      Sending HTTP request GET http://localhost:5000/api/platform/administrators?page=1&pageSize=10&sort=displayName%3Aasc
info: System.Net.Http.HttpClient.Default.ClientHandler[101]
      Received HTTP response headers after 9.8343ms - 403
info: System.Net.Http.HttpClient.Default.LogicalHandler[101]
      End processing HTTP request after 9.9312ms - 403
info: System.Net.Http.HttpClient.Default.LogicalHandler[100]
      Start processing HTTP request GET http://localhost:5000/api/platform/administrators/stats
info: System.Net.Http.HttpClient.Default.ClientHandler[100]
      Sending HTTP request GET http://localhost:5000/api/platform/administrators/stats
info: System.Net.Http.HttpClient.Default.ClientHandler[101]
      Received HTTP response headers after 8.9293ms - 403
info: System.Net.Http.HttpClient.Default.LogicalHandler[101]
      End processing HTTP request after 9.0086ms - 403
info: System.Net.Http.HttpClient.IAuthGateway.LogicalHandler[100]
      Start processing HTTP request POST http://localhost:5000/api/auth/logout
info: System.Net.Http.HttpClient.IAuthGateway.ClientHandler[100]
      Sending HTTP request POST http://localhost:5000/api/auth/logout
info: System.Net.Http.HttpClient.IAuthGateway.ClientHandler[101]
      Received HTTP response headers after 26.9625ms - 401
info: System.Net.Http.HttpClient.IAuthGateway.LogicalHandler[101]
      End processing HTTP request after 27.0239ms - 401
info: System.Net.Http.HttpClient.IAuthGateway.LogicalHandler[100]
      Start processing HTTP request POST http://localhost:5000/api/platform-auth/login
info: System.Net.Http.HttpClient.IAuthGateway.ClientHandler[100]
      Sending HTTP request POST http://localhost:5000/api/platform-auth/login
info: System.Net.Http.HttpClient.IAuthGateway.ClientHandler[101]
      Received HTTP response headers after 379.74ms - 200
info: System.Net.Http.HttpClient.IAuthGateway.LogicalHandler[101]
      End processing HTTP request after 379.8066ms - 200
info: System.Net.Http.HttpClient.Default.LogicalHandler[100]
      Start processing HTTP request GET http://localhost:5000/api/admin/tenants?page=1&pageSize=200&sort=-createdAt&_=1778698361894
info: System.Net.Http.HttpClient.Default.ClientHandler[100]
      Sending HTTP request GET http://localhost:5000/api/admin/tenants?page=1&pageSize=200&sort=-createdAt&_=1778698361894
info: System.Net.Http.HttpClient.Default.ClientHandler[101]
      Received HTTP response headers after 8.2108ms - 403
info: System.Net.Http.HttpClient.Default.LogicalHandler[101]
      End processing HTTP request after 8.2773ms - 403
info: System.Net.Http.HttpClient.Default.LogicalHandler[100]
      Start processing HTTP request GET http://localhost:5000/api/admin/tenants?page=1&pageSize=200&sort=-createdAt&_=1778698587594
info: System.Net.Http.HttpClient.Default.ClientHandler[100]
      Sending HTTP request GET http://localhost:5000/api/admin/tenants?page=1&pageSize=200&sort=-createdAt&_=1778698587594
info: System.Net.Http.HttpClient.Default.ClientHandler[101]
      Received HTTP response headers after 13.1798ms - 403
info: System.Net.Http.HttpClient.Default.LogicalHandler[101]
      End processing HTTP request after 13.2731ms - 403
info: System.Net.Http.HttpClient.Default.LogicalHandler[100]
      Start processing HTTP request GET http://localhost:5000/api/platform/module-catalog/stats
info: System.Net.Http.HttpClient.Default.ClientHandler[100]
      Sending HTTP request GET http://localhost:5000/api/platform/module-catalog/stats
info: System.Net.Http.HttpClient.Default.ClientHandler[101]
      Received HTTP response headers after 8.2678ms - 403
info: System.Net.Http.HttpClient.Default.LogicalHandler[101]
      End processing HTTP request after 8.3563ms - 403
info: System.Net.Http.HttpClient.Default.LogicalHandler[100]
      Start processing HTTP request GET http://localhost:5000/api/platform/module-catalog?page=1&pageSize=10&sort=moduleCode%3Aasc
info: System.Net.Http.HttpClient.Default.ClientHandler[100]
      Sending HTTP request GET http://localhost:5000/api/platform/module-catalog?page=1&pageSize=10&sort=moduleCode%3Aasc
info: System.Net.Http.HttpClient.Default.ClientHandler[101]
      Received HTTP response headers after 9.3873ms - 403
info: System.Net.Http.HttpClient.Default.LogicalHandler[101]
      End processing HTTP request after 9.5086ms - 403
info: System.Net.Http.HttpClient.Default.LogicalHandler[100]
      Start processing HTTP request GET http://localhost:5000/api/platform/module-catalog/stats
info: System.Net.Http.HttpClient.Default.ClientHandler[100]
      Sending HTTP request GET http://localhost:5000/api/platform/module-catalog/stats
info: System.Net.Http.HttpClient.Default.ClientHandler[101]
      Received HTTP response headers after 6.328ms - 403
info: System.Net.Http.HttpClient.Default.LogicalHandler[101]
      End processing HTTP request after 6.3978ms - 403
info: System.Net.Http.HttpClient.Default.LogicalHandler[100]
      Start processing HTTP request GET http://localhost:5000/api/platform/module-catalog?page=1&pageSize=200&sort=domain
info: System.Net.Http.HttpClient.Default.ClientHandler[100]
      Sending HTTP request GET http://localhost:5000/api/platform/module-catalog?page=1&pageSize=200&sort=domain
info: System.Net.Http.HttpClient.Default.ClientHandler[101]
      Received HTTP response headers after 8.2427ms - 403
info: System.Net.Http.HttpClient.Default.LogicalHandler[101]
      End processing HTTP request after 8.3501ms - 403
info: System.Net.Http.HttpClient.Default.LogicalHandler[100]
      Start processing HTTP request GET http://localhost:5000/api/platform/module-catalog?page=1&pageSize=10&sort=moduleCode%3Aasc
info: System.Net.Http.HttpClient.Default.ClientHandler[100]
      Sending HTTP request GET http://localhost:5000/api/platform/module-catalog?page=1&pageSize=10&sort=moduleCode%3Aasc
info: System.Net.Http.HttpClient.Default.ClientHandler[101]
      Received HTTP response headers after 7.807ms - 403
info: System.Net.Http.HttpClient.Default.LogicalHandler[101]
      End processing HTTP request after 7.8857ms - 403
info: System.Net.Http.HttpClient.Default.LogicalHandler[100]
      Start processing HTTP request GET http://localhost:5000/api/platform/module-catalog/stats
info: System.Net.Http.HttpClient.Default.ClientHandler[100]
      Sending HTTP request GET http://localhost:5000/api/platform/module-catalog/stats
info: System.Net.Http.HttpClient.Default.ClientHandler[101]
      Received HTTP response headers after 7.5484ms - 403
info: System.Net.Http.HttpClient.Default.LogicalHandler[101]
      End processing HTTP request after 7.6231ms - 403
info: System.Net.Http.HttpClient.Default.LogicalHandler[100]
      Start processing HTTP request GET http://localhost:5000/api/platform/administrators/stats
info: System.Net.Http.HttpClient.Default.ClientHandler[100]
      Sending HTTP request GET http://localhost:5000/api/platform/administrators/stats
info: System.Net.Http.HttpClient.Default.ClientHandler[101]
      Received HTTP response headers after 8.5819ms - 403
info: System.Net.Http.HttpClient.Default.LogicalHandler[101]
      End processing HTTP request after 8.6632ms - 403
info: System.Net.Http.HttpClient.Default.LogicalHandler[100]
      Start processing HTTP request GET http://localhost:5000/api/platform/administrators?page=1&pageSize=10&sort=displayName%3Aasc
info: System.Net.Http.HttpClient.Default.ClientHandler[100]
      Sending HTTP request GET http://localhost:5000/api/platform/administrators?page=1&pageSize=10&sort=displayName%3Aasc
info: System.Net.Http.HttpClient.Default.ClientHandler[101]
      Received HTTP response headers after 5.9768ms - 403
info: System.Net.Http.HttpClient.Default.LogicalHandler[101]
      End processing HTTP request after 6.0819ms - 403
info: System.Net.Http.HttpClient.Default.LogicalHandler[100]
      Start processing HTTP request GET http://localhost:5000/api/platform/administrators/stats
info: System.Net.Http.HttpClient.Default.ClientHandler[100]
      Sending HTTP request GET http://localhost:5000/api/platform/administrators/stats
info: System.Net.Http.HttpClient.Default.ClientHandler[101]
      Received HTTP response headers after 7.0517ms - 403
info: System.Net.Http.HttpClient.Default.LogicalHandler[101]
      End processing HTTP request after 7.1167ms - 403
info: System.Net.Http.HttpClient.Default.LogicalHandler[100]
      Start processing HTTP request GET http://localhost:5000/api/platform/administrators?page=1&pageSize=10&sort=displayName%3Aasc
info: System.Net.Http.HttpClient.Default.ClientHandler[100]
      Sending HTTP request GET http://localhost:5000/api/platform/administrators?page=1&pageSize=10&sort=displayName%3Aasc
info: System.Net.Http.HttpClient.Default.ClientHandler[101]
      Received HTTP response headers after 8.785ms - 403
info: System.Net.Http.HttpClient.Default.LogicalHandler[101]
      End processing HTTP request after 8.8702ms - 403
info: System.Net.Http.HttpClient.Default.LogicalHandler[100]
      Start processing HTTP request GET http://localhost:5000/api/platform/administrators/stats
info: System.Net.Http.HttpClient.Default.ClientHandler[100]
      Sending HTTP request GET http://localhost:5000/api/platform/administrators/stats
info: System.Net.Http.HttpClient.Default.ClientHandler[101]
      Received HTTP response headers after 7.8062ms - 403
info: System.Net.Http.HttpClient.Default.LogicalHandler[101]
      End processing HTTP request after 7.8733ms - 403
info: System.Net.Http.HttpClient.Default.LogicalHandler[100]
      Start processing HTTP request GET http://localhost:5000/api/platform/interface-registry/interfaces
info: System.Net.Http.HttpClient.Default.LogicalHandler[100]
      Start processing HTTP request GET http://localhost:5000/api/platform/interface-registry/discovery-batches
info: System.Net.Http.HttpClient.Default.ClientHandler[100]
      Sending HTTP request GET http://localhost:5000/api/platform/interface-registry/interfaces
info: System.Net.Http.HttpClient.Default.ClientHandler[100]
      Sending HTTP request GET http://localhost:5000/api/platform/interface-registry/discovery-batches
info: System.Net.Http.HttpClient.Default.ClientHandler[101]
      Received HTTP response headers after 12.7851ms - 403
info: System.Net.Http.HttpClient.Default.LogicalHandler[101]
      End processing HTTP request after 12.8671ms - 403
info: System.Net.Http.HttpClient.Default.ClientHandler[101]
      Received HTTP response headers after 14.1286ms - 403
info: System.Net.Http.HttpClient.Default.LogicalHandler[101]
      End processing HTTP request after 14.2068ms - 403
info: System.Net.Http.HttpClient.Default.LogicalHandler[100]
      Start processing HTTP request GET http://localhost:5000/api/platform/subscription-plans/summary
info: System.Net.Http.HttpClient.Default.ClientHandler[100]
      Sending HTTP request GET http://localhost:5000/api/platform/subscription-plans/summary
info: System.Net.Http.HttpClient.Default.ClientHandler[101]
      Received HTTP response headers after 7.3966ms - 403
info: System.Net.Http.HttpClient.Default.LogicalHandler[101]
      End processing HTTP request after 7.4517ms - 403
info: System.Net.Http.HttpClient.Default.LogicalHandler[100]
      Start processing HTTP request GET http://localhost:5000/api/platform/subscription-plans/active
info: System.Net.Http.HttpClient.Default.LogicalHandler[100]
      Start processing HTTP request GET http://localhost:5000/api/platform/feature-categories
info: System.Net.Http.HttpClient.Default.ClientHandler[100]
      Sending HTTP request GET http://localhost:5000/api/platform/feature-categories
info: System.Net.Http.HttpClient.Default.ClientHandler[100]
      Sending HTTP request GET http://localhost:5000/api/platform/subscription-plans/active
info: System.Net.Http.HttpClient.Default.ClientHandler[101]
      Received HTTP response headers after 6.8143ms - 403
info: System.Net.Http.HttpClient.Default.LogicalHandler[101]
      End processing HTTP request after 6.8738ms - 403
info: System.Net.Http.HttpClient.Default.ClientHandler[101]
      Received HTTP response headers after 6.9228ms - 403
info: System.Net.Http.HttpClient.Default.LogicalHandler[101]
      End processing HTTP request after 6.9715ms - 403
info: System.Net.Http.HttpClient.Default.LogicalHandler[100]
      Start processing HTTP request GET http://localhost:5000/api/admin/tenants?page=1&pageSize=200&sort=-createdAt&_=1778698610112
info: System.Net.Http.HttpClient.Default.ClientHandler[100]
      Sending HTTP request GET http://localhost:5000/api/admin/tenants?page=1&pageSize=200&sort=-createdAt&_=1778698610112
info: System.Net.Http.HttpClient.Default.ClientHandler[101]
      Received HTTP response headers after 9.5596ms - 403
info: System.Net.Http.HttpClient.Default.LogicalHandler[101]
      End processing HTTP request after 9.6579ms - 403
info: System.Net.Http.HttpClient.IAuthGateway.LogicalHandler[100]
      Start processing HTTP request POST http://localhost:5000/api/platform-auth/login
info: System.Net.Http.HttpClient.IAuthGateway.ClientHandler[100]
      Sending HTTP request POST http://localhost:5000/api/platform-auth/login
info: System.Net.Http.HttpClient.IAuthGateway.ClientHandler[101]
      Received HTTP response headers after 379.5025ms - 200
info: System.Net.Http.HttpClient.IAuthGateway.LogicalHandler[101]
      End processing HTTP request after 379.6024ms - 200
info: System.Net.Http.HttpClient.Default.LogicalHandler[100]
      Start processing HTTP request GET http://localhost:5000/api/admin/tenants?page=1&pageSize=200&sort=-createdAt&_=1778698839478
info: System.Net.Http.HttpClient.Default.ClientHandler[100]
      Sending HTTP request GET http://localhost:5000/api/admin/tenants?page=1&pageSize=200&sort=-createdAt&_=1778698839478
info: System.Net.Http.HttpClient.Default.ClientHandler[101]
      Received HTTP response headers after 10.5298ms - 403
info: System.Net.Http.HttpClient.Default.LogicalHandler[101]
      End processing HTTP request after 10.5995ms - 403
info: System.Net.Http.HttpClient.Default.LogicalHandler[100]
      Start processing HTTP request GET http://localhost:5000/api/platform/administrators/stats
info: System.Net.Http.HttpClient.Default.ClientHandler[100]
      Sending HTTP request GET http://localhost:5000/api/platform/administrators/stats
info: System.Net.Http.HttpClient.Default.ClientHandler[101]
      Received HTTP response headers after 6.9868ms - 403
info: System.Net.Http.HttpClient.Default.LogicalHandler[101]
      End processing HTTP request after 7.0468ms - 403
info: System.Net.Http.HttpClient.Default.LogicalHandler[100]
      Start processing HTTP request GET http://localhost:5000/api/platform/administrators?page=1&pageSize=10&sort=displayName%3Aasc
info: System.Net.Http.HttpClient.Default.ClientHandler[100]
      Sending HTTP request GET http://localhost:5000/api/platform/administrators?page=1&pageSize=10&sort=displayName%3Aasc
info: System.Net.Http.HttpClient.Default.ClientHandler[101]
      Received HTTP response headers after 7.4493ms - 403
info: System.Net.Http.HttpClient.Default.LogicalHandler[101]
      End processing HTTP request after 7.5061ms - 403
info: System.Net.Http.HttpClient.Default.LogicalHandler[100]
      Start processing HTTP request GET http://localhost:5000/api/platform/administrators/stats
info: System.Net.Http.HttpClient.Default.ClientHandler[100]
      Sending HTTP request GET http://localhost:5000/api/platform/administrators/stats
info: System.Net.Http.HttpClient.Default.ClientHandler[101]
      Received HTTP response headers after 6.3043ms - 403
info: System.Net.Http.HttpClient.Default.LogicalHandler[101]
      End processing HTTP request after 6.3907ms - 403
info: System.Net.Http.HttpClient.Default.LogicalHandler[100]
      Start processing HTTP request GET http://localhost:5000/api/platform/administrators?page=1&pageSize=10&sort=displayName%3Aasc
info: System.Net.Http.HttpClient.Default.ClientHandler[100]
      Sending HTTP request GET http://localhost:5000/api/platform/administrators?page=1&pageSize=10&sort=displayName%3Aasc
info: System.Net.Http.HttpClient.Default.ClientHandler[101]
      Received HTTP response headers after 6.3743ms - 403
info: System.Net.Http.HttpClient.Default.LogicalHandler[101]
      End processing HTTP request after 6.4236ms - 403
info: System.Net.Http.HttpClient.Default.LogicalHandler[100]
      Start processing HTTP request GET http://localhost:5000/api/platform/administrators/stats
info: System.Net.Http.HttpClient.Default.ClientHandler[100]
      Sending HTTP request GET http://localhost:5000/api/platform/administrators/stats
info: System.Net.Http.HttpClient.Default.ClientHandler[101]
      Received HTTP response headers after 6.9522ms - 403
info: System.Net.Http.HttpClient.Default.LogicalHandler[101]
      End processing HTTP request after 7.0111ms - 403
info: System.Net.Http.HttpClient.Default.LogicalHandler[100]
      Start processing HTTP request POST http://localhost:5000/api/platform/administrators
info: System.Net.Http.HttpClient.Default.ClientHandler[100]
      Sending HTTP request POST http://localhost:5000/api/platform/administrators
info: System.Net.Http.HttpClient.Default.ClientHandler[101]
      Received HTTP response headers after 12.2351ms - 403
info: System.Net.Http.HttpClient.Default.LogicalHandler[101]
      End processing HTTP request after 12.2978ms - 403
info: System.Net.Http.HttpClient.Default.LogicalHandler[100]
      Start processing HTTP request POST http://localhost:5000/api/platform/administrators
info: System.Net.Http.HttpClient.Default.ClientHandler[100]
      Sending HTTP request POST http://localhost:5000/api/platform/administrators
info: System.Net.Http.HttpClient.Default.ClientHandler[101]
      Received HTTP response headers after 8.507ms - 403
info: System.Net.Http.HttpClient.Default.LogicalHandler[101]
      End processing HTTP request after 8.562ms - 403
info: System.Net.Http.HttpClient.IAuthGateway.LogicalHandler[100]
      Start processing HTTP request POST http://localhost:5000/api/platform-auth/login
info: System.Net.Http.HttpClient.IAuthGateway.ClientHandler[100]
      Sending HTTP request POST http://localhost:5000/api/platform-auth/login
info: System.Net.Http.HttpClient.IAuthGateway.ClientHandler[101]
      Received HTTP response headers after 361.6218ms - 200
info: System.Net.Http.HttpClient.IAuthGateway.LogicalHandler[101]
      End processing HTTP request after 361.6869ms - 200
info: System.Net.Http.HttpClient.Default.LogicalHandler[100]
      Start processing HTTP request GET http://localhost:5000/api/admin/tenants?page=1&pageSize=200&sort=-createdAt&_=1778699706457
info: System.Net.Http.HttpClient.Default.ClientHandler[100]
      Sending HTTP request GET http://localhost:5000/api/admin/tenants?page=1&pageSize=200&sort=-createdAt&_=1778699706457
info: System.Net.Http.HttpClient.Default.ClientHandler[101]
      Received HTTP response headers after 11.619ms - 403
info: System.Net.Http.HttpClient.Default.LogicalHandler[101]
      End processing HTTP request after 11.8074ms - 403
info: System.Net.Http.HttpClient.Default.LogicalHandler[100]
      Start processing HTTP request GET http://localhost:5000/api/platform/administrators/stats
info: System.Net.Http.HttpClient.Default.ClientHandler[100]
      Sending HTTP request GET http://localhost:5000/api/platform/administrators/stats
info: System.Net.Http.HttpClient.Default.ClientHandler[101]
      Received HTTP response headers after 6.9932ms - 403
info: System.Net.Http.HttpClient.Default.LogicalHandler[101]
      End processing HTTP request after 7.0606ms - 403
info: System.Net.Http.HttpClient.Default.LogicalHandler[100]
      Start processing HTTP request GET http://localhost:5000/api/platform/administrators?page=1&pageSize=10&sort=displayName%3Aasc
info: System.Net.Http.HttpClient.Default.ClientHandler[100]
      Sending HTTP request GET http://localhost:5000/api/platform/administrators?page=1&pageSize=10&sort=displayName%3Aasc
info: System.Net.Http.HttpClient.Default.ClientHandler[101]
      Received HTTP response headers after 7.6993ms - 403
info: System.Net.Http.HttpClient.Default.LogicalHandler[101]
      End processing HTTP request after 7.7463ms - 403
info: System.Net.Http.HttpClient.Default.LogicalHandler[100]
      Start processing HTTP request GET http://localhost:5000/api/platform/administrators/stats
info: System.Net.Http.HttpClient.Default.ClientHandler[100]
      Sending HTTP request GET http://localhost:5000/api/platform/administrators/stats
info: System.Net.Http.HttpClient.Default.ClientHandler[101]
      Received HTTP response headers after 6.6658ms - 403
info: System.Net.Http.HttpClient.Default.LogicalHandler[101]
      End processing HTTP request after 6.7234ms - 403
info: System.Net.Http.HttpClient.Default.LogicalHandler[100]
      Start processing HTTP request GET http://localhost:5000/api/platform/administrators?page=1&pageSize=10&sort=displayName%3Aasc
info: System.Net.Http.HttpClient.Default.ClientHandler[100]
      Sending HTTP request GET http://localhost:5000/api/platform/administrators?page=1&pageSize=10&sort=displayName%3Aasc
info: System.Net.Http.HttpClient.Default.ClientHandler[101]
      Received HTTP response headers after 6.9671ms - 403
info: System.Net.Http.HttpClient.Default.LogicalHandler[101]
      End processing HTTP request after 7.0368ms - 403
info: System.Net.Http.HttpClient.Default.LogicalHandler[100]
      Start processing HTTP request GET http://localhost:5000/api/platform/administrators/stats
info: System.Net.Http.HttpClient.Default.ClientHandler[100]
      Sending HTTP request GET http://localhost:5000/api/platform/administrators/stats
info: System.Net.Http.HttpClient.Default.ClientHandler[101]
      Received HTTP response headers after 5.9299ms - 403
info: System.Net.Http.HttpClient.Default.LogicalHandler[101]
      End processing HTTP request after 5.9777ms - 403
info: System.Net.Http.HttpClient.IAuthGateway.LogicalHandler[100]
      Start processing HTTP request POST http://localhost:5000/api/platform-auth/login
info: System.Net.Http.HttpClient.IAuthGateway.ClientHandler[100]
      Sending HTTP request POST http://localhost:5000/api/platform-auth/login
info: System.Net.Http.HttpClient.IAuthGateway.ClientHandler[101]
      Received HTTP response headers after 340.081ms - 200
info: System.Net.Http.HttpClient.IAuthGateway.LogicalHandler[101]
      End processing HTTP request after 340.1931ms - 200
info: System.Net.Http.HttpClient.Default.LogicalHandler[100]
      Start processing HTTP request GET http://localhost:5000/api/admin/tenants?page=1&pageSize=200&sort=-createdAt&_=1778699854592
info: System.Net.Http.HttpClient.Default.ClientHandler[100]
      Sending HTTP request GET http://localhost:5000/api/admin/tenants?page=1&pageSize=200&sort=-createdAt&_=1778699854592
info: System.Net.Http.HttpClient.Default.ClientHandler[101]
      Received HTTP response headers after 10.7144ms - 403
info: System.Net.Http.HttpClient.Default.LogicalHandler[101]
      End processing HTTP request after 10.786ms - 403
info: System.Net.Http.HttpClient.Default.LogicalHandler[100]
      Start processing HTTP request GET http://localhost:5000/api/platform/administrators/stats
info: System.Net.Http.HttpClient.Default.ClientHandler[100]
      Sending HTTP request GET http://localhost:5000/api/platform/administrators/stats
info: System.Net.Http.HttpClient.Default.ClientHandler[101]
      Received HTTP response headers after 8.1763ms - 403
info: System.Net.Http.HttpClient.Default.LogicalHandler[101]
      End processing HTTP request after 8.2436ms - 403
info: System.Net.Http.HttpClient.Default.LogicalHandler[100]
      Start processing HTTP request GET http://localhost:5000/api/platform/administrators?page=1&pageSize=10&sort=displayName%3Aasc
info: System.Net.Http.HttpClient.Default.ClientHandler[100]
      Sending HTTP request GET http://localhost:5000/api/platform/administrators?page=1&pageSize=10&sort=displayName%3Aasc
info: System.Net.Http.HttpClient.Default.ClientHandler[101]
      Received HTTP response headers after 7.2122ms - 403
info: System.Net.Http.HttpClient.Default.LogicalHandler[101]
      End processing HTTP request after 7.268ms - 403
info: System.Net.Http.HttpClient.Default.LogicalHandler[100]
      Start processing HTTP request GET http://localhost:5000/api/platform/administrators/stats
info: System.Net.Http.HttpClient.Default.ClientHandler[100]
      Sending HTTP request GET http://localhost:5000/api/platform/administrators/stats
info: System.Net.Http.HttpClient.Default.ClientHandler[101]
      Received HTTP response headers after 7.867ms - 403
info: System.Net.Http.HttpClient.Default.LogicalHandler[101]
      End processing HTTP request after 7.9251ms - 403
info: System.Net.Http.HttpClient.Default.LogicalHandler[100]
      Start processing HTTP request GET http://localhost:5000/api/platform/administrators?page=1&pageSize=10&sort=displayName%3Aasc
info: System.Net.Http.HttpClient.Default.ClientHandler[100]
      Sending HTTP request GET http://localhost:5000/api/platform/administrators?page=1&pageSize=10&sort=displayName%3Aasc
info: System.Net.Http.HttpClient.Default.ClientHandler[101]
      Received HTTP response headers after 6.9527ms - 403
info: System.Net.Http.HttpClient.Default.LogicalHandler[101]
      End processing HTTP request after 7.0189ms - 403
info: System.Net.Http.HttpClient.Default.LogicalHandler[100]
      Start processing HTTP request GET http://localhost:5000/api/platform/administrators/stats
info: System.Net.Http.HttpClient.Default.ClientHandler[100]
      Sending HTTP request GET http://localhost:5000/api/platform/administrators/stats
info: System.Net.Http.HttpClient.Default.ClientHandler[101]
      Received HTTP response headers after 6.1041ms - 403
info: System.Net.Http.HttpClient.Default.LogicalHandler[101]
      End processing HTTP request after 6.1556ms - 403
info: System.Net.Http.HttpClient.Default.LogicalHandler[100]
      Start processing HTTP request GET http://localhost:5000/api/platform/administrators/stats
info: System.Net.Http.HttpClient.Default.ClientHandler[100]
      Sending HTTP request GET http://localhost:5000/api/platform/administrators/stats
info: System.Net.Http.HttpClient.Default.ClientHandler[101]
      Received HTTP response headers after 14.6655ms - 403
info: System.Net.Http.HttpClient.Default.LogicalHandler[101]
      End processing HTTP request after 14.7647ms - 403
info: System.Net.Http.HttpClient.Default.LogicalHandler[100]
      Start processing HTTP request GET http://localhost:5000/api/admin/tenants?page=1&pageSize=200&sort=-createdAt&_=1778700151782
info: System.Net.Http.HttpClient.Default.ClientHandler[100]
      Sending HTTP request GET http://localhost:5000/api/admin/tenants?page=1&pageSize=200&sort=-createdAt&_=1778700151782
info: System.Net.Http.HttpClient.Default.ClientHandler[101]
      Received HTTP response headers after 8.3077ms - 403
info: System.Net.Http.HttpClient.Default.LogicalHandler[101]
      End processing HTTP request after 8.4017ms - 403
info: System.Net.Http.HttpClient.Default.LogicalHandler[100]
      Start processing HTTP request GET http://localhost:5000/api/platform/administrators?page=1&pageSize=10&sort=displayName%3Aasc
info: System.Net.Http.HttpClient.Default.ClientHandler[100]
      Sending HTTP request GET http://localhost:5000/api/platform/administrators?page=1&pageSize=10&sort=displayName%3Aasc
info: System.Net.Http.HttpClient.Default.ClientHandler[101]
      Received HTTP response headers after 8.6765ms - 403
info: System.Net.Http.HttpClient.Default.LogicalHandler[101]
      End processing HTTP request after 8.7427ms - 403
info: System.Net.Http.HttpClient.Default.LogicalHandler[100]
      Start processing HTTP request GET http://localhost:5000/api/platform/administrators/stats
info: System.Net.Http.HttpClient.Default.ClientHandler[100]
      Sending HTTP request GET http://localhost:5000/api/platform/administrators/stats
info: System.Net.Http.HttpClient.Default.ClientHandler[101]
      Received HTTP response headers after 8.2692ms - 403
info: System.Net.Http.HttpClient.Default.LogicalHandler[101]
      End processing HTTP request after 8.3357ms - 403
info: System.Net.Http.HttpClient.Default.LogicalHandler[100]
      Start processing HTTP request GET http://localhost:5000/api/platform/administrators?page=1&pageSize=10&sort=displayName%3Aasc
info: System.Net.Http.HttpClient.Default.ClientHandler[100]
      Sending HTTP request GET http://localhost:5000/api/platform/administrators?page=1&pageSize=10&sort=displayName%3Aasc
info: System.Net.Http.HttpClient.Default.ClientHandler[101]
      Received HTTP response headers after 7.7906ms - 403
info: System.Net.Http.HttpClient.Default.LogicalHandler[101]
      End processing HTTP request after 7.8494ms - 403
info: System.Net.Http.HttpClient.Default.LogicalHandler[100]
      Start processing HTTP request GET http://localhost:5000/api/platform/administrators/stats
info: System.Net.Http.HttpClient.Default.ClientHandler[100]
      Sending HTTP request GET http://localhost:5000/api/platform/administrators/stats
info: System.Net.Http.HttpClient.Default.ClientHandler[101]
      Received HTTP response headers after 11.9239ms - 403
info: System.Net.Http.HttpClient.Default.LogicalHandler[101]
      End processing HTTP request after 12.0728ms - 403
info: System.Net.Http.HttpClient.Default.LogicalHandler[100]
      Start processing HTTP request GET http://localhost:5000/api/platform/administrators/stats
info: System.Net.Http.HttpClient.Default.ClientHandler[100]
      Sending HTTP request GET http://localhost:5000/api/platform/administrators/stats
info: System.Net.Http.HttpClient.Default.ClientHandler[101]
      Received HTTP response headers after 8.3277ms - 403
info: System.Net.Http.HttpClient.Default.LogicalHandler[101]
      End processing HTTP request after 8.4083ms - 403
info: System.Net.Http.HttpClient.Default.LogicalHandler[100]
      Start processing HTTP request GET http://localhost:5000/api/platform/administrators?page=1&pageSize=10&sort=displayName%3Aasc
info: System.Net.Http.HttpClient.Default.ClientHandler[100]
      Sending HTTP request GET http://localhost:5000/api/platform/administrators?page=1&pageSize=10&sort=displayName%3Aasc
info: System.Net.Http.HttpClient.Default.ClientHandler[101]
      Received HTTP response headers after 7.7397ms - 403
info: System.Net.Http.HttpClient.Default.LogicalHandler[101]
      End processing HTTP request after 7.8049ms - 403
info: System.Net.Http.HttpClient.Default.LogicalHandler[100]
      Start processing HTTP request GET http://localhost:5000/api/platform/administrators/stats
info: System.Net.Http.HttpClient.Default.ClientHandler[100]
      Sending HTTP request GET http://localhost:5000/api/platform/administrators/stats
info: System.Net.Http.HttpClient.Default.ClientHandler[101]
      Received HTTP response headers after 8.0138ms - 403
info: System.Net.Http.HttpClient.Default.LogicalHandler[101]
      End processing HTTP request after 8.138ms - 403
info: System.Net.Http.HttpClient.Default.LogicalHandler[100]
      Start processing HTTP request GET http://localhost:5000/api/platform/administrators?page=1&pageSize=10&sort=displayName%3Aasc
info: System.Net.Http.HttpClient.Default.ClientHandler[100]
      Sending HTTP request GET http://localhost:5000/api/platform/administrators?page=1&pageSize=10&sort=displayName%3Aasc
info: System.Net.Http.HttpClient.Default.ClientHandler[101]
      Received HTTP response headers after 9.2185ms - 403
info: System.Net.Http.HttpClient.Default.LogicalHandler[101]
      End processing HTTP request after 9.2802ms - 403
info: System.Net.Http.HttpClient.Default.LogicalHandler[100]
      Start processing HTTP request GET http://localhost:5000/api/platform/administrators/stats
info: System.Net.Http.HttpClient.Default.ClientHandler[100]
      Sending HTTP request GET http://localhost:5000/api/platform/administrators/stats
info: System.Net.Http.HttpClient.Default.ClientHandler[101]
      Received HTTP response headers after 8.5839ms - 403
info: System.Net.Http.HttpClient.Default.LogicalHandler[101]
      End processing HTTP request after 8.6435ms - 403
info: System.Net.Http.HttpClient.Default.LogicalHandler[100]
      Start processing HTTP request GET http://localhost:5000/api/platform/administrators/stats
info: System.Net.Http.HttpClient.Default.ClientHandler[100]
      Sending HTTP request GET http://localhost:5000/api/platform/administrators/stats
info: System.Net.Http.HttpClient.Default.ClientHandler[101]
      Received HTTP response headers after 21.4089ms - 403
info: System.Net.Http.HttpClient.Default.LogicalHandler[101]
      End processing HTTP request after 21.5908ms - 403
info: System.Net.Http.HttpClient.Default.LogicalHandler[100]
      Start processing HTTP request GET http://localhost:5000/api/platform/administrators?page=1&pageSize=10&sort=displayName%3Aasc
info: System.Net.Http.HttpClient.Default.ClientHandler[100]
      Sending HTTP request GET http://localhost:5000/api/platform/administrators?page=1&pageSize=10&sort=displayName%3Aasc
info: System.Net.Http.HttpClient.Default.ClientHandler[101]
      Received HTTP response headers after 11.011ms - 403
info: System.Net.Http.HttpClient.Default.LogicalHandler[101]
      End processing HTTP request after 11.1287ms - 403
info: System.Net.Http.HttpClient.Default.LogicalHandler[100]
      Start processing HTTP request GET http://localhost:5000/api/platform/administrators/stats
info: System.Net.Http.HttpClient.Default.ClientHandler[100]
      Sending HTTP request GET http://localhost:5000/api/platform/administrators/stats
info: System.Net.Http.HttpClient.Default.ClientHandler[101]
      Received HTTP response headers after 11.5744ms - 403
info: System.Net.Http.HttpClient.Default.LogicalHandler[101]
      End processing HTTP request after 11.6547ms - 403
info: System.Net.Http.HttpClient.Default.LogicalHandler[100]
      Start processing HTTP request GET http://localhost:5000/api/platform/administrators?page=1&pageSize=10&sort=displayName%3Aasc
info: System.Net.Http.HttpClient.Default.ClientHandler[100]
      Sending HTTP request GET http://localhost:5000/api/platform/administrators?page=1&pageSize=10&sort=displayName%3Aasc
info: System.Net.Http.HttpClient.Default.ClientHandler[101]
      Received HTTP response headers after 12.6029ms - 403
info: System.Net.Http.HttpClient.Default.LogicalHandler[101]
      End processing HTTP request after 12.6723ms - 403
info: System.Net.Http.HttpClient.Default.LogicalHandler[100]
      Start processing HTTP request GET http://localhost:5000/api/platform/administrators/stats
info: System.Net.Http.HttpClient.Default.ClientHandler[100]
      Sending HTTP request GET http://localhost:5000/api/platform/administrators/stats
info: System.Net.Http.HttpClient.Default.ClientHandler[101]
      Received HTTP response headers after 15.3435ms - 403
info: System.Net.Http.HttpClient.Default.LogicalHandler[101]
      End processing HTTP request after 15.4155ms - 403
info: System.Net.Http.HttpClient.Default.LogicalHandler[100]
      Start processing HTTP request GET http://localhost:5000/api/admin/tenants?page=1&pageSize=200&sort=-createdAt&_=1778700228303
info: System.Net.Http.HttpClient.Default.ClientHandler[100]
      Sending HTTP request GET http://localhost:5000/api/admin/tenants?page=1&pageSize=200&sort=-createdAt&_=1778700228303
info: System.Net.Http.HttpClient.Default.ClientHandler[101]
      Received HTTP response headers after 12.0262ms - 403
info: System.Net.Http.HttpClient.Default.LogicalHandler[101]
      End processing HTTP request after 12.1135ms - 403
info: System.Net.Http.HttpClient.IAuthGateway.LogicalHandler[100]
      Start processing HTTP request POST http://localhost:5000/api/platform-auth/login
info: System.Net.Http.HttpClient.IAuthGateway.ClientHandler[100]
      Sending HTTP request POST http://localhost:5000/api/platform-auth/login
info: System.Net.Http.HttpClient.IAuthGateway.ClientHandler[101]
      Received HTTP response headers after 459.9142ms - 200
info: System.Net.Http.HttpClient.IAuthGateway.LogicalHandler[101]
      End processing HTTP request after 460.0616ms - 200
info: System.Net.Http.HttpClient.Default.LogicalHandler[100]
      Start processing HTTP request GET http://localhost:5000/api/admin/tenants?page=1&pageSize=200&sort=-createdAt&_=1778700239418
info: System.Net.Http.HttpClient.Default.ClientHandler[100]
      Sending HTTP request GET http://localhost:5000/api/admin/tenants?page=1&pageSize=200&sort=-createdAt&_=1778700239418
info: System.Net.Http.HttpClient.Default.ClientHandler[101]
      Received HTTP response headers after 8.6117ms - 403
info: System.Net.Http.HttpClient.Default.LogicalHandler[101]
      End processing HTTP request after 8.667ms - 403
info: System.Net.Http.HttpClient.IAuthGateway.LogicalHandler[100]
      Start processing HTTP request POST http://localhost:5000/api/platform-auth/login
info: System.Net.Http.HttpClient.IAuthGateway.ClientHandler[100]
      Sending HTTP request POST http://localhost:5000/api/platform-auth/login
info: System.Net.Http.HttpClient.IAuthGateway.ClientHandler[101]
      Received HTTP response headers after 363.8018ms - 200
info: System.Net.Http.HttpClient.IAuthGateway.LogicalHandler[101]
      End processing HTTP request after 363.8974ms - 200
info: System.Net.Http.HttpClient.Default.LogicalHandler[100]
      Start processing HTTP request GET http://localhost:5000/api/admin/tenants?page=1&pageSize=200&sort=-createdAt&_=1778700676825
info: System.Net.Http.HttpClient.Default.ClientHandler[100]
      Sending HTTP request GET http://localhost:5000/api/admin/tenants?page=1&pageSize=200&sort=-createdAt&_=1778700676825
info: System.Net.Http.HttpClient.Default.ClientHandler[101]
      Received HTTP response headers after 8.5028ms - 403
info: System.Net.Http.HttpClient.Default.LogicalHandler[101]
      End processing HTTP request after 8.5748ms - 403
info: System.Net.Http.HttpClient.Default.LogicalHandler[100]
      Start processing HTTP request GET http://localhost:5000/api/platform/administrators/stats
info: System.Net.Http.HttpClient.Default.ClientHandler[100]
      Sending HTTP request GET http://localhost:5000/api/platform/administrators/stats
info: System.Net.Http.HttpClient.Default.ClientHandler[101]
      Received HTTP response headers after 4.1406ms - 403
info: System.Net.Http.HttpClient.Default.LogicalHandler[101]
      End processing HTTP request after 4.1914ms - 403
info: System.Net.Http.HttpClient.Default.LogicalHandler[100]
      Start processing HTTP request GET http://localhost:5000/api/platform/administrators?page=1&pageSize=10&sort=displayName%3Aasc
info: System.Net.Http.HttpClient.Default.ClientHandler[100]
      Sending HTTP request GET http://localhost:5000/api/platform/administrators?page=1&pageSize=10&sort=displayName%3Aasc
info: System.Net.Http.HttpClient.Default.ClientHandler[101]
      Received HTTP response headers after 7.9304ms - 403
info: System.Net.Http.HttpClient.Default.LogicalHandler[101]
      End processing HTTP request after 8.022ms - 403
info: System.Net.Http.HttpClient.Default.LogicalHandler[100]
      Start processing HTTP request GET http://localhost:5000/api/platform/administrators/stats
info: System.Net.Http.HttpClient.Default.ClientHandler[100]
      Sending HTTP request GET http://localhost:5000/api/platform/administrators/stats
info: System.Net.Http.HttpClient.Default.ClientHandler[101]
      Received HTTP response headers after 8.9209ms - 403
info: System.Net.Http.HttpClient.Default.LogicalHandler[101]
      End processing HTTP request after 9.0244ms - 403
info: System.Net.Http.HttpClient.Default.LogicalHandler[100]
      Start processing HTTP request GET http://localhost:5000/api/platform/administrators?page=1&pageSize=10&sort=displayName%3Aasc
info: System.Net.Http.HttpClient.Default.ClientHandler[100]
      Sending HTTP request GET http://localhost:5000/api/platform/administrators?page=1&pageSize=10&sort=displayName%3Aasc
info: System.Net.Http.HttpClient.Default.ClientHandler[101]
      Received HTTP response headers after 5.7103ms - 403
info: System.Net.Http.HttpClient.Default.LogicalHandler[101]
      End processing HTTP request after 5.7553ms - 403
info: System.Net.Http.HttpClient.Default.LogicalHandler[100]
      Start processing HTTP request GET http://localhost:5000/api/platform/administrators/stats
info: System.Net.Http.HttpClient.Default.ClientHandler[100]
      Sending HTTP request GET http://localhost:5000/api/platform/administrators/stats
info: System.Net.Http.HttpClient.Default.ClientHandler[101]
      Received HTTP response headers after 6.9449ms - 403
info: System.Net.Http.HttpClient.Default.LogicalHandler[101]
      End processing HTTP request after 6.9958ms - 403
info: System.Net.Http.HttpClient.Default.LogicalHandler[100]
      Start processing HTTP request GET http://localhost:5000/api/admin/tenants?page=1&pageSize=200&sort=-createdAt&_=1778700749430
info: System.Net.Http.HttpClient.Default.ClientHandler[100]
      Sending HTTP request GET http://localhost:5000/api/admin/tenants?page=1&pageSize=200&sort=-createdAt&_=1778700749430
info: System.Net.Http.HttpClient.Default.ClientHandler[101]
      Received HTTP response headers after 8.3669ms - 403
info: System.Net.Http.HttpClient.Default.LogicalHandler[101]
      End processing HTTP request after 8.4158ms - 403
info: System.Net.Http.HttpClient.Default.LogicalHandler[100]
      Start processing HTTP request GET http://localhost:5000/api/admin/tenants?page=1&pageSize=200&sort=-createdAt&_=1778701015049
info: System.Net.Http.HttpClient.Default.ClientHandler[100]
      Sending HTTP request GET http://localhost:5000/api/admin/tenants?page=1&pageSize=200&sort=-createdAt&_=1778701015049
info: System.Net.Http.HttpClient.Default.ClientHandler[101]
      Received HTTP response headers after 24.2511ms - 401
info: System.Net.Http.HttpClient.Default.LogicalHandler[101]
      End processing HTTP request after 24.3542ms - 401
