services\Diten.AuthService\src\Diten.AuthService.Api\Properties\launchSettings.json içindeki başlatma ayarları kullanılıyor...
Derleniyor...
Seeding permissions...
Seeding roles...
Seeding users...
Seeding completed successfully.
dbug: Microsoft.Extensions.Hosting.Internal.Host[1]
      Hosting starting
info: Microsoft.AspNetCore.DataProtection.KeyManagement.XmlKeyManager[63]
      User profile is available. Using 'C:\Users\user\AppData\Local\ASP.NET\DataProtection-Keys' as key repository and Windows DPAPI to encrypt keys at rest.
info: Microsoft.Hosting.Lifetime[14]
      Now listening on: http://localhost:5056
info: Microsoft.Hosting.Lifetime[0]
      Application started. Press Ctrl+C to shut down.
info: Microsoft.Hosting.Lifetime[0]
      Hosting environment: Development
info: Microsoft.Hosting.Lifetime[0]
      Content root path: C:\Users\user\Desktop\ERP-vNext\services\Diten.AuthService\src\Diten.AuthService.Api
dbug: Microsoft.Extensions.Hosting.Internal.Host[2]
      Hosting started
info: Microsoft.AspNetCore.Hosting.Diagnostics[1]
      Request starting HTTP/1.1 POST http://localhost:5056/api/platform-auth/login - application/json 144
warn: Diten.AuthService.Infrastructure.Middleware.TenantResolutionMiddleware[0]
      TenantResolution dev bypass applied in AuthService. Path=/api/platform-auth/login TenantId=00000000-0000-0000-0000-000000000001
info: Microsoft.AspNetCore.Routing.EndpointMiddleware[0]
      Executing endpoint 'Diten.AuthService.Api.Controllers.PlatformAuthController.Login (Diten.AuthService.Api)'
info: Microsoft.AspNetCore.Mvc.Infrastructure.ControllerActionInvoker[102]
      Route matched with {action = "Login", controller = "PlatformAuth"}. Executing controller action with signature System.Threading.Tasks.Task`1[Microsoft.AspNetCore.Mvc.IActionResult] Login(Diten.AuthService.Api.Models.PlatformLoginRequest, System.Threading.CancellationToken) on controller Diten.AuthService.Api.Controllers.PlatformAuthController (Diten.AuthService.Api).
info: Diten.AuthService.Application.Common.Behaviors.LoggingBehavior[0]
      Handling PlatformLoginCommand, Timestamp: 05/14/2026 05:37:19
info: System.Net.Http.HttpClient.IPlatformAdministratorStatusClient.LogicalHandler[100]
      Start processing HTTP request GET http://localhost:5057/api/internal/platform-administrators/status?email=admin%40diten.com
info: System.Net.Http.HttpClient.IPlatformAdministratorStatusClient.ClientHandler[100]
      Sending HTTP request GET http://localhost:5057/api/internal/platform-administrators/status?email=admin%40diten.com
info: System.Net.Http.HttpClient.IPlatformAdministratorStatusClient.ClientHandler[101]
      Received HTTP response headers after 44.7837ms - 200
info: System.Net.Http.HttpClient.IPlatformAdministratorStatusClient.LogicalHandler[101]
      End processing HTTP request after 55.8702ms - 200
info: System.Net.Http.HttpClient.IPlatformAdministratorStatusClient.LogicalHandler[100]
      Start processing HTTP request POST http://localhost:5057/api/internal/platform-administrators/accept-login
info: System.Net.Http.HttpClient.IPlatformAdministratorStatusClient.ClientHandler[100]
      Sending HTTP request POST http://localhost:5057/api/internal/platform-administrators/accept-login
info: System.Net.Http.HttpClient.IPlatformAdministratorStatusClient.ClientHandler[101]
      Received HTTP response headers after 12.4839ms - 204
info: System.Net.Http.HttpClient.IPlatformAdministratorStatusClient.LogicalHandler[101]
      End processing HTTP request after 12.5993ms - 204
warn: Diten.AuthService.Application.Common.Behaviors.PerformanceBehavior[0]
      Long-running request PlatformLoginCommand completed in 843 ms
info: Diten.AuthService.Application.Common.Behaviors.LoggingBehavior[0]
      Handled PlatformLoginCommand in 845ms
info: Microsoft.AspNetCore.Mvc.Infrastructure.ObjectResultExecutor[1]
      Executing OkObjectResult, writing value of type 'Diten.AuthService.Application.Common.Response`1[[Diten.AuthService.Application.DTOs.AuthResponse, Diten.AuthService.Application, Version=1.0.0.0, Culture=neutral, PublicKeyToken=null]]'.
info: Microsoft.AspNetCore.Mvc.Infrastructure.ControllerActionInvoker[105]
      Executed action Diten.AuthService.Api.Controllers.PlatformAuthController.Login (Diten.AuthService.Api) in 926.5152ms
info: Microsoft.AspNetCore.Routing.EndpointMiddleware[1]
      Executed endpoint 'Diten.AuthService.Api.Controllers.PlatformAuthController.Login (Diten.AuthService.Api)'
info: Microsoft.AspNetCore.Hosting.Diagnostics[2]
      Request finished HTTP/1.1 POST http://localhost:5056/api/platform-auth/login - 200 - application/json;+charset=utf-8 1006.7419ms
info: Microsoft.AspNetCore.Hosting.Diagnostics[1]
      Request starting HTTP/1.1 POST http://localhost:5056/api/platform-auth/login - application/json;+charset=utf-8 -
warn: Diten.AuthService.Infrastructure.Middleware.TenantResolutionMiddleware[0]
      TenantResolution dev bypass applied in AuthService. Path=/api/platform-auth/login TenantId=00000000-0000-0000-0000-000000000001
info: Microsoft.AspNetCore.Routing.EndpointMiddleware[0]
      Executing endpoint 'Diten.AuthService.Api.Controllers.PlatformAuthController.Login (Diten.AuthService.Api)'
info: Microsoft.AspNetCore.Mvc.Infrastructure.ControllerActionInvoker[102]
      Route matched with {action = "Login", controller = "PlatformAuth"}. Executing controller action with signature System.Threading.Tasks.Task`1[Microsoft.AspNetCore.Mvc.IActionResult] Login(Diten.AuthService.Api.Models.PlatformLoginRequest, System.Threading.CancellationToken) on controller Diten.AuthService.Api.Controllers.PlatformAuthController (Diten.AuthService.Api).
info: Diten.AuthService.Application.Common.Behaviors.LoggingBehavior[0]
      Handling PlatformLoginCommand, Timestamp: 05/14/2026 05:37:28
info: System.Net.Http.HttpClient.IPlatformAdministratorStatusClient.LogicalHandler[100]
      Start processing HTTP request GET http://localhost:5057/api/internal/platform-administrators/status?email=admin%40diten.com
info: System.Net.Http.HttpClient.IPlatformAdministratorStatusClient.ClientHandler[100]
      Sending HTTP request GET http://localhost:5057/api/internal/platform-administrators/status?email=admin%40diten.com
info: System.Net.Http.HttpClient.IPlatformAdministratorStatusClient.ClientHandler[101]
      Received HTTP response headers after 6.034ms - 200
info: System.Net.Http.HttpClient.IPlatformAdministratorStatusClient.LogicalHandler[101]
      End processing HTTP request after 6.212ms - 200
info: System.Net.Http.HttpClient.IPlatformAdministratorStatusClient.LogicalHandler[100]
      Start processing HTTP request POST http://localhost:5057/api/internal/platform-administrators/accept-login
info: System.Net.Http.HttpClient.IPlatformAdministratorStatusClient.ClientHandler[100]
      Sending HTTP request POST http://localhost:5057/api/internal/platform-administrators/accept-login
info: System.Net.Http.HttpClient.IPlatformAdministratorStatusClient.ClientHandler[101]
      Received HTTP response headers after 4.8102ms - 204
info: System.Net.Http.HttpClient.IPlatformAdministratorStatusClient.LogicalHandler[101]
      End processing HTTP request after 4.9492ms - 204
warn: Diten.AuthService.Application.Common.Behaviors.PerformanceBehavior[0]
      Long-running request PlatformLoginCommand completed in 531 ms
info: Diten.AuthService.Application.Common.Behaviors.LoggingBehavior[0]
      Handled PlatformLoginCommand in 531ms
info: Microsoft.AspNetCore.Mvc.Infrastructure.ObjectResultExecutor[1]
      Executing OkObjectResult, writing value of type 'Diten.AuthService.Application.Common.Response`1[[Diten.AuthService.Application.DTOs.AuthResponse, Diten.AuthService.Application, Version=1.0.0.0, Culture=neutral, PublicKeyToken=null]]'.
info: Microsoft.AspNetCore.Mvc.Infrastructure.ControllerActionInvoker[105]
      Executed action Diten.AuthService.Api.Controllers.PlatformAuthController.Login (Diten.AuthService.Api) in 538.9285ms
info: Microsoft.AspNetCore.Routing.EndpointMiddleware[1]
      Executed endpoint 'Diten.AuthService.Api.Controllers.PlatformAuthController.Login (Diten.AuthService.Api)'
info: Microsoft.AspNetCore.Hosting.Diagnostics[2]
      Request finished HTTP/1.1 POST http://localhost:5056/api/platform-auth/login - 200 - application/json;+charset=utf-8 544.6508ms
info: Microsoft.AspNetCore.Hosting.Diagnostics[1]
      Request starting HTTP/1.1 POST http://localhost:5056/api/platform-auth/login - application/json;+charset=utf-8 -
warn: Diten.AuthService.Infrastructure.Middleware.TenantResolutionMiddleware[0]
      TenantResolution dev bypass applied in AuthService. Path=/api/platform-auth/login TenantId=00000000-0000-0000-0000-000000000001
info: Microsoft.AspNetCore.Routing.EndpointMiddleware[0]
      Executing endpoint 'Diten.AuthService.Api.Controllers.PlatformAuthController.Login (Diten.AuthService.Api)'
info: Microsoft.AspNetCore.Mvc.Infrastructure.ControllerActionInvoker[102]
      Route matched with {action = "Login", controller = "PlatformAuth"}. Executing controller action with signature System.Threading.Tasks.Task`1[Microsoft.AspNetCore.Mvc.IActionResult] Login(Diten.AuthService.Api.Models.PlatformLoginRequest, System.Threading.CancellationToken) on controller Diten.AuthService.Api.Controllers.PlatformAuthController (Diten.AuthService.Api).
info: Diten.AuthService.Application.Common.Behaviors.LoggingBehavior[0]
      Handling PlatformLoginCommand, Timestamp: 05/14/2026 05:37:36
info: System.Net.Http.HttpClient.IPlatformAdministratorStatusClient.LogicalHandler[100]
      Start processing HTTP request GET http://localhost:5057/api/internal/platform-administrators/status?email=admin%40diten.com
info: System.Net.Http.HttpClient.IPlatformAdministratorStatusClient.ClientHandler[100]
      Sending HTTP request GET http://localhost:5057/api/internal/platform-administrators/status?email=admin%40diten.com
info: System.Net.Http.HttpClient.IPlatformAdministratorStatusClient.ClientHandler[101]
      Received HTTP response headers after 6.3108ms - 200
info: System.Net.Http.HttpClient.IPlatformAdministratorStatusClient.LogicalHandler[101]
      End processing HTTP request after 6.4036ms - 200
info: System.Net.Http.HttpClient.IPlatformAdministratorStatusClient.LogicalHandler[100]
      Start processing HTTP request POST http://localhost:5057/api/internal/platform-administrators/accept-login
info: System.Net.Http.HttpClient.IPlatformAdministratorStatusClient.ClientHandler[100]
      Sending HTTP request POST http://localhost:5057/api/internal/platform-administrators/accept-login
info: System.Net.Http.HttpClient.IPlatformAdministratorStatusClient.ClientHandler[101]
      Received HTTP response headers after 4.4257ms - 204
info: System.Net.Http.HttpClient.IPlatformAdministratorStatusClient.LogicalHandler[101]
      End processing HTTP request after 4.4989ms - 204
info: Diten.AuthService.Application.Common.Behaviors.LoggingBehavior[0]
      Handled PlatformLoginCommand in 300ms
info: Microsoft.AspNetCore.Mvc.Infrastructure.ObjectResultExecutor[1]
      Executing OkObjectResult, writing value of type 'Diten.AuthService.Application.Common.Response`1[[Diten.AuthService.Application.DTOs.AuthResponse, Diten.AuthService.Application, Version=1.0.0.0, Culture=neutral, PublicKeyToken=null]]'.
info: Microsoft.AspNetCore.Mvc.Infrastructure.ControllerActionInvoker[105]
      Executed action Diten.AuthService.Api.Controllers.PlatformAuthController.Login (Diten.AuthService.Api) in 308.1944ms
info: Microsoft.AspNetCore.Routing.EndpointMiddleware[1]
      Executed endpoint 'Diten.AuthService.Api.Controllers.PlatformAuthController.Login (Diten.AuthService.Api)'
info: Microsoft.AspNetCore.Hosting.Diagnostics[2]
      Request finished HTTP/1.1 POST http://localhost:5056/api/platform-auth/login - 200 - application/json;+charset=utf-8 311.0729ms
info: Microsoft.AspNetCore.Hosting.Diagnostics[1]
      Request starting HTTP/1.1 POST http://localhost:5056/api/platform-auth/login - application/json;+charset=utf-8 -
warn: Diten.AuthService.Infrastructure.Middleware.TenantResolutionMiddleware[0]
      TenantResolution dev bypass applied in AuthService. Path=/api/platform-auth/login TenantId=00000000-0000-0000-0000-000000000001
info: Microsoft.AspNetCore.Routing.EndpointMiddleware[0]
      Executing endpoint 'Diten.AuthService.Api.Controllers.PlatformAuthController.Login (Diten.AuthService.Api)'
info: Microsoft.AspNetCore.Mvc.Infrastructure.ControllerActionInvoker[102]
      Route matched with {action = "Login", controller = "PlatformAuth"}. Executing controller action with signature System.Threading.Tasks.Task`1[Microsoft.AspNetCore.Mvc.IActionResult] Login(Diten.AuthService.Api.Models.PlatformLoginRequest, System.Threading.CancellationToken) on controller Diten.AuthService.Api.Controllers.PlatformAuthController (Diten.AuthService.Api).
info: Diten.AuthService.Application.Common.Behaviors.LoggingBehavior[0]
      Handling PlatformLoginCommand, Timestamp: 05/14/2026 05:38:11
info: System.Net.Http.HttpClient.IPlatformAdministratorStatusClient.LogicalHandler[100]
      Start processing HTTP request GET http://localhost:5057/api/internal/platform-administrators/status?email=admin%40diten.com
info: System.Net.Http.HttpClient.IPlatformAdministratorStatusClient.ClientHandler[100]
      Sending HTTP request GET http://localhost:5057/api/internal/platform-administrators/status?email=admin%40diten.com
info: System.Net.Http.HttpClient.IPlatformAdministratorStatusClient.ClientHandler[101]
      Received HTTP response headers after 6.9201ms - 200
info: System.Net.Http.HttpClient.IPlatformAdministratorStatusClient.LogicalHandler[101]
      End processing HTTP request after 7.0862ms - 200
info: System.Net.Http.HttpClient.IPlatformAdministratorStatusClient.LogicalHandler[100]
      Start processing HTTP request POST http://localhost:5057/api/internal/platform-administrators/accept-login
info: System.Net.Http.HttpClient.IPlatformAdministratorStatusClient.ClientHandler[100]
      Sending HTTP request POST http://localhost:5057/api/internal/platform-administrators/accept-login
info: System.Net.Http.HttpClient.IPlatformAdministratorStatusClient.ClientHandler[101]
      Received HTTP response headers after 3.6694ms - 204
info: System.Net.Http.HttpClient.IPlatformAdministratorStatusClient.LogicalHandler[101]
      End processing HTTP request after 3.7579ms - 204
info: Diten.AuthService.Application.Common.Behaviors.LoggingBehavior[0]
      Handled PlatformLoginCommand in 288ms
info: Microsoft.AspNetCore.Mvc.Infrastructure.ObjectResultExecutor[1]
      Executing OkObjectResult, writing value of type 'Diten.AuthService.Application.Common.Response`1[[Diten.AuthService.Application.DTOs.AuthResponse, Diten.AuthService.Application, Version=1.0.0.0, Culture=neutral, PublicKeyToken=null]]'.
info: Microsoft.AspNetCore.Mvc.Infrastructure.ControllerActionInvoker[105]
      Executed action Diten.AuthService.Api.Controllers.PlatformAuthController.Login (Diten.AuthService.Api) in 289.3717ms
info: Microsoft.AspNetCore.Routing.EndpointMiddleware[1]
      Executed endpoint 'Diten.AuthService.Api.Controllers.PlatformAuthController.Login (Diten.AuthService.Api)'
info: Microsoft.AspNetCore.Hosting.Diagnostics[2]
      Request finished HTTP/1.1 POST http://localhost:5056/api/platform-auth/login - 200 - application/json;+charset=utf-8 290.0813ms
dbug: Microsoft.Extensions.Http.DefaultHttpClientFactory[103]
      HttpMessageHandler expired after 120000ms for client 'IPlatformAdministratorStatusClient'
dbug: Microsoft.Extensions.Http.DefaultHttpClientFactory[103]
      HttpMessageHandler expired after 120000ms for client 'ITenantLoginSettingsClient'
dbug: Microsoft.Extensions.Http.DefaultHttpClientFactory[100]
      Starting HttpMessageHandler cleanup cycle with 2 items
dbug: Microsoft.Extensions.Http.DefaultHttpClientFactory[101]
      Ending HttpMessageHandler cleanup cycle after 0.0129ms - processed: 0 items - remaining: 2 items
dbug: Microsoft.Extensions.Http.DefaultHttpClientFactory[100]
      Starting HttpMessageHandler cleanup cycle with 2 items
dbug: Microsoft.Extensions.Http.DefaultHttpClientFactory[101]
      Ending HttpMessageHandler cleanup cycle after 0.0039ms - processed: 0 items - remaining: 2 items
dbug: Microsoft.Extensions.Http.DefaultHttpClientFactory[100]
      Starting HttpMessageHandler cleanup cycle with 2 items
dbug: Microsoft.Extensions.Http.DefaultHttpClientFactory[101]
      Ending HttpMessageHandler cleanup cycle after 0.0245ms - processed: 0 items - remaining: 2 items
dbug: Microsoft.Extensions.Http.DefaultHttpClientFactory[100]
      Starting HttpMessageHandler cleanup cycle with 2 items
dbug: Microsoft.Extensions.Http.DefaultHttpClientFactory[101]
      Ending HttpMessageHandler cleanup cycle after 0.2414ms - processed: 0 items - remaining: 2 items
