C:\Users\user\Desktop\ERP-vNext\frontend\Diten.Web\Properties\launchSettings.json içindeki başlatma ayarları kullanılıyor...
info: Microsoft.Hosting.Lifetime[14]
      Now listening on: http://localhost:5001
info: Microsoft.Hosting.Lifetime[0]
      Application started. Press Ctrl+C to shut down.
info: Microsoft.Hosting.Lifetime[0]
      Hosting environment: Development
info: Microsoft.Hosting.Lifetime[0]
      Content root path: C:\Users\user\Desktop\ERP-vNext\frontend\Diten.Web
info: System.Net.Http.HttpClient.Default.LogicalHandler[100]
      Start processing HTTP request GET http://localhost:5000/api/platform/navigation/menu
info: System.Net.Http.HttpClient.Default.ClientHandler[100]
      Sending HTTP request GET http://localhost:5000/api/platform/navigation/menu
info: System.Net.Http.HttpClient.Default.ClientHandler[101]
      Received HTTP response headers after 5246.1672ms - 200
info: System.Net.Http.HttpClient.Default.LogicalHandler[101]
      End processing HTTP request after 5265.5149ms - 200
info: System.Net.Http.HttpClient.Default.LogicalHandler[100]
      Start processing HTTP request GET http://localhost:5000/api/platform/navigation/menu
info: System.Net.Http.HttpClient.Default.ClientHandler[100]
      Sending HTTP request GET http://localhost:5000/api/platform/navigation/menu
info: System.Net.Http.HttpClient.Default.ClientHandler[101]
      Received HTTP response headers after 44.0663ms - 200
info: System.Net.Http.HttpClient.Default.LogicalHandler[101]
      End processing HTTP request after 44.2832ms - 200
info: System.Net.Http.HttpClient.Default.LogicalHandler[100]
      Start processing HTTP request GET http://localhost:5000/api/legal-entities
info: System.Net.Http.HttpClient.Default.ClientHandler[100]
      Sending HTTP request GET http://localhost:5000/api/legal-entities
info: System.Net.Http.HttpClient.Default.LogicalHandler[100]
      Start processing HTTP request GET http://localhost:5000/api/v1/document-management/template-variant-options
info: System.Net.Http.HttpClient.Default.ClientHandler[100]
      Sending HTTP request GET http://localhost:5000/api/v1/document-management/template-variant-options
info: System.Net.Http.HttpClient.Default.LogicalHandler[100]
      Start processing HTTP request GET http://localhost:5000/api/users?page=1&pageSize=1000
info: System.Net.Http.HttpClient.Default.ClientHandler[100]
      Sending HTTP request GET http://localhost:5000/api/users?page=1&pageSize=1000
info: System.Net.Http.HttpClient.Default.ClientHandler[101]
      Received HTTP response headers after 126.9733ms - 200
info: System.Net.Http.HttpClient.Default.LogicalHandler[101]
      End processing HTTP request after 127.2942ms - 200
info: System.Net.Http.HttpClient.Default.ClientHandler[101]
      Received HTTP response headers after 240.1561ms - 200
info: System.Net.Http.HttpClient.Default.LogicalHandler[101]
      End processing HTTP request after 240.4497ms - 200
info: System.Net.Http.HttpClient.Default.ClientHandler[101]
      Received HTTP response headers after 497.2718ms - 200
info: System.Net.Http.HttpClient.Default.LogicalHandler[101]
      End processing HTTP request after 497.5769ms - 200
info: System.Net.Http.HttpClient.Default.LogicalHandler[100]
      Start processing HTTP request GET http://localhost:5000/api/v1/document-management/template-variants
info: System.Net.Http.HttpClient.Default.ClientHandler[100]
      Sending HTTP request GET http://localhost:5000/api/v1/document-management/template-variants
info: System.Net.Http.HttpClient.Default.ClientHandler[101]
      Received HTTP response headers after 96.1602ms - 200
info: System.Net.Http.HttpClient.Default.LogicalHandler[101]
      End processing HTTP request after 96.3474ms - 200
info: System.Net.Http.HttpClient.Default.LogicalHandler[100]
      Start processing HTTP request GET http://localhost:5000/api/platform/navigation/menu
info: System.Net.Http.HttpClient.Default.ClientHandler[100]
      Sending HTTP request GET http://localhost:5000/api/platform/navigation/menu
info: System.Net.Http.HttpClient.Default.ClientHandler[101]
      Received HTTP response headers after 20.8294ms - 200
info: System.Net.Http.HttpClient.Default.LogicalHandler[101]
      End processing HTTP request after 20.9616ms - 200
info: System.Net.Http.HttpClient.Default.LogicalHandler[100]
      Start processing HTTP request GET http://localhost:5000/api/v1/document-management/template-variants/c4edcf7d-1f6d-458a-9e19-7d9570fd2538
info: System.Net.Http.HttpClient.Default.ClientHandler[100]
      Sending HTTP request GET http://localhost:5000/api/v1/document-management/template-variants/c4edcf7d-1f6d-458a-9e19-7d9570fd2538
info: System.Net.Http.HttpClient.Default.ClientHandler[101]
      Received HTTP response headers after 64.9295ms - 200
info: System.Net.Http.HttpClient.Default.LogicalHandler[101]
      End processing HTTP request after 65.129ms - 200
info: System.Net.Http.HttpClient.Default.LogicalHandler[100]
      Start processing HTTP request GET http://localhost:5000/api/legal-entities
info: System.Net.Http.HttpClient.Default.LogicalHandler[100]
      Start processing HTTP request GET http://localhost:5000/api/users?page=1&pageSize=1000
info: System.Net.Http.HttpClient.Default.ClientHandler[100]
      Sending HTTP request GET http://localhost:5000/api/users?page=1&pageSize=1000
info: System.Net.Http.HttpClient.Default.ClientHandler[100]
      Sending HTTP request GET http://localhost:5000/api/legal-entities
info: System.Net.Http.HttpClient.Default.ClientHandler[101]
      Received HTTP response headers after 24.88ms - 200
info: System.Net.Http.HttpClient.Default.LogicalHandler[101]
      End processing HTTP request after 25.0206ms - 200
info: System.Net.Http.HttpClient.Default.LogicalHandler[100]
      Start processing HTTP request GET http://localhost:5000/api/legal-entities
info: System.Net.Http.HttpClient.Default.ClientHandler[100]
      Sending HTTP request GET http://localhost:5000/api/legal-entities
info: System.Net.Http.HttpClient.Default.ClientHandler[101]
      Received HTTP response headers after 46.6426ms - 200
info: System.Net.Http.HttpClient.Default.LogicalHandler[101]
      End processing HTTP request after 46.8014ms - 200
info: System.Net.Http.HttpClient.Default.ClientHandler[101]
      Received HTTP response headers after 26.1912ms - 200
info: System.Net.Http.HttpClient.Default.LogicalHandler[101]
      End processing HTTP request after 26.3726ms - 200
info: System.Net.Http.HttpClient.Default.LogicalHandler[100]
      Start processing HTTP request GET http://localhost:5000/api/platform/navigation/menu
info: System.Net.Http.HttpClient.Default.ClientHandler[100]
      Sending HTTP request GET http://localhost:5000/api/platform/navigation/menu
info: System.Net.Http.HttpClient.Default.ClientHandler[101]
      Received HTTP response headers after 14.7976ms - 200
info: System.Net.Http.HttpClient.Default.LogicalHandler[101]
      End processing HTTP request after 14.9154ms - 200
info: System.Net.Http.HttpClient.Default.LogicalHandler[100]
      Start processing HTTP request GET http://localhost:5000/api/legal-entities
info: System.Net.Http.HttpClient.Default.LogicalHandler[100]
      Start processing HTTP request GET http://localhost:5000/api/v1/document-management/template-variant-options
info: System.Net.Http.HttpClient.Default.ClientHandler[100]
      Sending HTTP request GET http://localhost:5000/api/legal-entities
info: System.Net.Http.HttpClient.Default.LogicalHandler[100]
      Start processing HTTP request GET http://localhost:5000/api/users?page=1&pageSize=1000
info: System.Net.Http.HttpClient.Default.ClientHandler[100]
      Sending HTTP request GET http://localhost:5000/api/v1/document-management/template-variant-options
info: System.Net.Http.HttpClient.Default.ClientHandler[100]
      Sending HTTP request GET http://localhost:5000/api/users?page=1&pageSize=1000
info: System.Net.Http.HttpClient.Default.ClientHandler[101]
      Received HTTP response headers after 12.8956ms - 200
info: System.Net.Http.HttpClient.Default.LogicalHandler[101]
      End processing HTTP request after 13.0272ms - 200
info: System.Net.Http.HttpClient.Default.ClientHandler[101]
      Received HTTP response headers after 14.1069ms - 200
info: System.Net.Http.HttpClient.Default.LogicalHandler[101]
      End processing HTTP request after 14.5776ms - 200
info: System.Net.Http.HttpClient.Default.ClientHandler[101]
      Received HTTP response headers after 34.1878ms - 200
info: System.Net.Http.HttpClient.Default.LogicalHandler[101]
      End processing HTTP request after 34.3528ms - 200
info: System.Net.Http.HttpClient.Default.LogicalHandler[100]
      Start processing HTTP request GET http://localhost:5000/api/v1/document-management/template-variants
info: System.Net.Http.HttpClient.Default.ClientHandler[100]
      Sending HTTP request GET http://localhost:5000/api/v1/document-management/template-variants
info: System.Net.Http.HttpClient.Default.ClientHandler[101]
      Received HTTP response headers after 17.6496ms - 200
info: System.Net.Http.HttpClient.Default.LogicalHandler[101]
      End processing HTTP request after 17.8065ms - 200
info: System.Net.Http.HttpClient.Default.LogicalHandler[100]
      Start processing HTTP request GET http://localhost:5000/api/platform/navigation/menu
info: System.Net.Http.HttpClient.Default.ClientHandler[100]
      Sending HTTP request GET http://localhost:5000/api/platform/navigation/menu
info: System.Net.Http.HttpClient.Default.ClientHandler[101]
      Received HTTP response headers after 9.7663ms - 200
info: System.Net.Http.HttpClient.Default.LogicalHandler[101]
      End processing HTTP request after 9.9474ms - 200
info: System.Net.Http.HttpClient.Default.LogicalHandler[100]
      Start processing HTTP request GET http://localhost:5000/api/v1/document-management/template-variant-options
info: System.Net.Http.HttpClient.Default.ClientHandler[100]
      Sending HTTP request GET http://localhost:5000/api/v1/document-management/template-variant-options
info: System.Net.Http.HttpClient.Default.LogicalHandler[100]
      Start processing HTTP request GET http://localhost:5000/api/legal-entities
info: System.Net.Http.HttpClient.Default.ClientHandler[100]
      Sending HTTP request GET http://localhost:5000/api/legal-entities
info: System.Net.Http.HttpClient.Default.LogicalHandler[100]
      Start processing HTTP request GET http://localhost:5000/api/legal-entities
info: System.Net.Http.HttpClient.Default.ClientHandler[100]
      Sending HTTP request GET http://localhost:5000/api/legal-entities
info: System.Net.Http.HttpClient.Default.LogicalHandler[100]
      Start processing HTTP request GET http://localhost:5000/api/users?page=1&pageSize=1000
info: System.Net.Http.HttpClient.Default.ClientHandler[100]
      Sending HTTP request GET http://localhost:5000/api/users?page=1&pageSize=1000
info: System.Net.Http.HttpClient.Default.ClientHandler[101]
      Received HTTP response headers after 14.0789ms - 200
info: System.Net.Http.HttpClient.Default.LogicalHandler[101]
      End processing HTTP request after 14.2667ms - 200
info: System.Net.Http.HttpClient.Default.ClientHandler[101]
      Received HTTP response headers after 20.5247ms - 200
info: System.Net.Http.HttpClient.Default.LogicalHandler[101]
      End processing HTTP request after 20.7872ms - 200
info: System.Net.Http.HttpClient.Default.ClientHandler[101]
      Received HTTP response headers after 26.6738ms - 200
info: System.Net.Http.HttpClient.Default.LogicalHandler[101]
      End processing HTTP request after 26.7887ms - 200
info: System.Net.Http.HttpClient.Default.ClientHandler[101]
      Received HTTP response headers after 35.4625ms - 200
info: System.Net.Http.HttpClient.Default.LogicalHandler[101]
      End processing HTTP request after 35.5801ms - 200
info: System.Net.Http.HttpClient.Default.LogicalHandler[100]
      Start processing HTTP request GET http://localhost:5000/api/platform/navigation/menu
info: System.Net.Http.HttpClient.Default.ClientHandler[100]
      Sending HTTP request GET http://localhost:5000/api/platform/navigation/menu
info: System.Net.Http.HttpClient.Default.ClientHandler[101]
      Received HTTP response headers after 12.5101ms - 200
info: System.Net.Http.HttpClient.Default.LogicalHandler[101]
      End processing HTTP request after 12.6328ms - 200
info: System.Net.Http.HttpClient.Default.LogicalHandler[100]
      Start processing HTTP request GET http://localhost:5000/api/users?page=1&pageSize=1000
info: System.Net.Http.HttpClient.Default.ClientHandler[100]
      Sending HTTP request GET http://localhost:5000/api/users?page=1&pageSize=1000
info: System.Net.Http.HttpClient.Default.LogicalHandler[100]
      Start processing HTTP request GET http://localhost:5000/api/legal-entities
info: System.Net.Http.HttpClient.Default.ClientHandler[100]
      Sending HTTP request GET http://localhost:5000/api/legal-entities
info: System.Net.Http.HttpClient.Default.LogicalHandler[100]
      Start processing HTTP request GET http://localhost:5000/api/v1/document-management/template-variant-options
info: System.Net.Http.HttpClient.Default.ClientHandler[100]
      Sending HTTP request GET http://localhost:5000/api/v1/document-management/template-variant-options
info: System.Net.Http.HttpClient.Default.ClientHandler[101]
      Received HTTP response headers after 14.0655ms - 200
info: System.Net.Http.HttpClient.Default.LogicalHandler[101]
      End processing HTTP request after 15.5784ms - 200
info: System.Net.Http.HttpClient.Default.ClientHandler[101]
      Received HTTP response headers after 15.5921ms - 200
info: System.Net.Http.HttpClient.Default.LogicalHandler[101]
      End processing HTTP request after 15.7278ms - 200
info: System.Net.Http.HttpClient.Default.ClientHandler[101]
      Received HTTP response headers after 30.2226ms - 200
info: System.Net.Http.HttpClient.Default.LogicalHandler[101]
      End processing HTTP request after 30.339ms - 200
info: System.Net.Http.HttpClient.Default.LogicalHandler[100]
      Start processing HTTP request GET http://localhost:5000/api/v1/document-management/template-variants
info: System.Net.Http.HttpClient.Default.ClientHandler[100]
      Sending HTTP request GET http://localhost:5000/api/v1/document-management/template-variants
info: System.Net.Http.HttpClient.Default.ClientHandler[101]
      Received HTTP response headers after 19.9501ms - 200
info: System.Net.Http.HttpClient.Default.LogicalHandler[101]
      End processing HTTP request after 20.0821ms - 200
info: System.Net.Http.HttpClient.Default.LogicalHandler[100]
      Start processing HTTP request GET http://localhost:5000/api/platform/navigation/menu
info: System.Net.Http.HttpClient.Default.ClientHandler[100]
      Sending HTTP request GET http://localhost:5000/api/platform/navigation/menu
info: System.Net.Http.HttpClient.Default.ClientHandler[101]
      Received HTTP response headers after 11.7868ms - 200
info: System.Net.Http.HttpClient.Default.LogicalHandler[101]
      End processing HTTP request after 11.8913ms - 200
info: System.Net.Http.HttpClient.Default.LogicalHandler[100]
      Start processing HTTP request GET http://localhost:5000/api/v1/document-management/template-variant-options
info: System.Net.Http.HttpClient.Default.ClientHandler[100]
      Sending HTTP request GET http://localhost:5000/api/v1/document-management/template-variant-options
info: System.Net.Http.HttpClient.Default.LogicalHandler[100]
      Start processing HTTP request GET http://localhost:5000/api/legal-entities
info: System.Net.Http.HttpClient.Default.LogicalHandler[100]
      Start processing HTTP request GET http://localhost:5000/api/users?page=1&pageSize=1000
info: System.Net.Http.HttpClient.Default.ClientHandler[100]
      Sending HTTP request GET http://localhost:5000/api/users?page=1&pageSize=1000
info: System.Net.Http.HttpClient.Default.ClientHandler[100]
      Sending HTTP request GET http://localhost:5000/api/legal-entities
info: System.Net.Http.HttpClient.Default.LogicalHandler[100]
      Start processing HTTP request GET http://localhost:5000/api/legal-entities
info: System.Net.Http.HttpClient.Default.ClientHandler[100]
      Sending HTTP request GET http://localhost:5000/api/legal-entities
info: System.Net.Http.HttpClient.Default.ClientHandler[101]
      Received HTTP response headers after 10.9551ms - 200
info: System.Net.Http.HttpClient.Default.LogicalHandler[101]
      End processing HTTP request after 11.1273ms - 200
info: System.Net.Http.HttpClient.Default.ClientHandler[101]
      Received HTTP response headers after 11.5444ms - 200
info: System.Net.Http.HttpClient.Default.LogicalHandler[101]
      End processing HTTP request after 11.6996ms - 200
info: System.Net.Http.HttpClient.Default.ClientHandler[101]
      Received HTTP response headers after 21.3063ms - 200
info: System.Net.Http.HttpClient.Default.LogicalHandler[101]
      End processing HTTP request after 21.4371ms - 200
info: System.Net.Http.HttpClient.Default.ClientHandler[101]
      Received HTTP response headers after 25.7904ms - 200
info: System.Net.Http.HttpClient.Default.LogicalHandler[101]
      End processing HTTP request after 25.9153ms - 200
info: System.Net.Http.HttpClient.Default.LogicalHandler[100]
      Start processing HTTP request GET http://localhost:5000/api/v1/document-management/documentation-structures?companyId=099219a0-9780-454a-9580-a216f0fe33d0
info: System.Net.Http.HttpClient.Default.LogicalHandler[100]
      Start processing HTTP request GET http://localhost:5000/api/v1/document-management/collection-instances?companyId=099219a0-9780-454a-9580-a216f0fe33d0
info: System.Net.Http.HttpClient.Default.ClientHandler[100]
      Sending HTTP request GET http://localhost:5000/api/v1/document-management/collection-instances?companyId=099219a0-9780-454a-9580-a216f0fe33d0
info: System.Net.Http.HttpClient.Default.ClientHandler[100]
      Sending HTTP request GET http://localhost:5000/api/v1/document-management/documentation-structures?companyId=099219a0-9780-454a-9580-a216f0fe33d0
info: System.Net.Http.HttpClient.Default.ClientHandler[101]
      Received HTTP response headers after 43.3956ms - 200
info: System.Net.Http.HttpClient.Default.LogicalHandler[101]
      End processing HTTP request after 43.4585ms - 200
info: System.Net.Http.HttpClient.Default.ClientHandler[101]
      Received HTTP response headers after 55.2117ms - 200
info: System.Net.Http.HttpClient.Default.LogicalHandler[101]
      End processing HTTP request after 55.3178ms - 200
info: System.Net.Http.HttpClient.Default.LogicalHandler[100]
      Start processing HTTP request GET http://localhost:5000/api/v1/document-management/documentation-structures?companyId=099219a0-9780-454a-9580-a216f0fe33d0
info: System.Net.Http.HttpClient.Default.LogicalHandler[100]
      Start processing HTTP request GET http://localhost:5000/api/v1/document-management/collection-instances?companyId=099219a0-9780-454a-9580-a216f0fe33d0
info: System.Net.Http.HttpClient.Default.ClientHandler[100]
      Sending HTTP request GET http://localhost:5000/api/v1/document-management/collection-instances?companyId=099219a0-9780-454a-9580-a216f0fe33d0
info: System.Net.Http.HttpClient.Default.ClientHandler[100]
      Sending HTTP request GET http://localhost:5000/api/v1/document-management/documentation-structures?companyId=099219a0-9780-454a-9580-a216f0fe33d0
info: System.Net.Http.HttpClient.Default.ClientHandler[101]
      Received HTTP response headers after 11.4992ms - 200
info: System.Net.Http.HttpClient.Default.LogicalHandler[101]
      End processing HTTP request after 11.5698ms - 200
info: System.Net.Http.HttpClient.Default.ClientHandler[101]
      Received HTTP response headers after 14.5048ms - 200
info: System.Net.Http.HttpClient.Default.LogicalHandler[101]
      End processing HTTP request after 14.5716ms - 200
info: System.Net.Http.HttpClient.Default.LogicalHandler[100]
      Start processing HTTP request POST http://localhost:5000/api/v1/document-management/template-variants
info: System.Net.Http.HttpClient.Default.ClientHandler[100]
      Sending HTTP request POST http://localhost:5000/api/v1/document-management/template-variants
info: System.Net.Http.HttpClient.Default.ClientHandler[101]
      Received HTTP response headers after 61.2644ms - 400
info: System.Net.Http.HttpClient.Default.LogicalHandler[101]
      End processing HTTP request after 61.3267ms - 400
info: System.Net.Http.HttpClient.Default.LogicalHandler[100]
      Start processing HTTP request GET http://localhost:5000/api/platform/navigation/menu
info: System.Net.Http.HttpClient.Default.ClientHandler[100]
      Sending HTTP request GET http://localhost:5000/api/platform/navigation/menu
info: System.Net.Http.HttpClient.Default.ClientHandler[101]
      Received HTTP response headers after 27.5955ms - 200
info: System.Net.Http.HttpClient.Default.LogicalHandler[101]
      End processing HTTP request after 27.7459ms - 200
info: System.Net.Http.HttpClient.Default.LogicalHandler[100]
      Start processing HTTP request GET http://localhost:5000/api/legal-entities
info: System.Net.Http.HttpClient.Default.ClientHandler[100]
      Sending HTTP request GET http://localhost:5000/api/legal-entities
info: System.Net.Http.HttpClient.Default.ClientHandler[101]
      Received HTTP response headers after 11.2915ms - 200
info: System.Net.Http.HttpClient.Default.LogicalHandler[101]
      End processing HTTP request after 11.3852ms - 200
info: System.Net.Http.HttpClient.Default.LogicalHandler[100]
      Start processing HTTP request GET http://localhost:5000/api/v1/document-management/documentation-structures?companyId=099219a0-9780-454a-9580-a216f0fe33d0
info: System.Net.Http.HttpClient.Default.ClientHandler[100]
      Sending HTTP request GET http://localhost:5000/api/v1/document-management/documentation-structures?companyId=099219a0-9780-454a-9580-a216f0fe33d0
info: System.Net.Http.HttpClient.Default.ClientHandler[101]
      Received HTTP response headers after 13.0467ms - 200
info: System.Net.Http.HttpClient.Default.LogicalHandler[101]
      End processing HTTP request after 13.1094ms - 200
info: System.Net.Http.HttpClient.Default.LogicalHandler[100]
      Start processing HTTP request GET http://localhost:5000/api/v1/document-management/collection-instances?companyId=099219a0-9780-454a-9580-a216f0fe33d0
info: System.Net.Http.HttpClient.Default.ClientHandler[100]
      Sending HTTP request GET http://localhost:5000/api/v1/document-management/collection-instances?companyId=099219a0-9780-454a-9580-a216f0fe33d0
info: System.Net.Http.HttpClient.Default.ClientHandler[101]
      Received HTTP response headers after 8.1518ms - 200
info: System.Net.Http.HttpClient.Default.LogicalHandler[101]
      End processing HTTP request after 8.2534ms - 200
info: System.Net.Http.HttpClient.Default.LogicalHandler[100]
      Start processing HTTP request GET http://localhost:5000/api/v1/document-management/collection-instances?companyId=099219a0-9780-454a-9580-a216f0fe33d0
info: System.Net.Http.HttpClient.Default.ClientHandler[100]
      Sending HTTP request GET http://localhost:5000/api/v1/document-management/collection-instances?companyId=099219a0-9780-454a-9580-a216f0fe33d0
info: System.Net.Http.HttpClient.Default.ClientHandler[101]
      Received HTTP response headers after 5.9887ms - 200
info: System.Net.Http.HttpClient.Default.LogicalHandler[101]
      End processing HTTP request after 6.0862ms - 200
info: System.Net.Http.HttpClient.Default.LogicalHandler[100]
      Start processing HTTP request GET http://localhost:5000/api/v1/document-management/folder-documents?collectionInstanceId=2ab2c114-4896-47a2-9d3e-0f6fe48eb64f
info: System.Net.Http.HttpClient.Default.ClientHandler[100]
      Sending HTTP request GET http://localhost:5000/api/v1/document-management/folder-documents?collectionInstanceId=2ab2c114-4896-47a2-9d3e-0f6fe48eb64f
info: System.Net.Http.HttpClient.Default.ClientHandler[101]
      Received HTTP response headers after 53.9829ms - 200
info: System.Net.Http.HttpClient.Default.LogicalHandler[101]
      End processing HTTP request after 54.0601ms - 200
info: System.Net.Http.HttpClient.Default.LogicalHandler[100]
      Start processing HTTP request GET http://localhost:5000/api/v1/document-management/folder-documents?collectionInstanceId=aca4a942-6826-4492-bed6-914ad2030b50
info: System.Net.Http.HttpClient.Default.ClientHandler[100]
      Sending HTTP request GET http://localhost:5000/api/v1/document-management/folder-documents?collectionInstanceId=aca4a942-6826-4492-bed6-914ad2030b50
info: System.Net.Http.HttpClient.Default.ClientHandler[101]
      Received HTTP response headers after 42.9593ms - 200
info: System.Net.Http.HttpClient.Default.LogicalHandler[101]
      End processing HTTP request after 43.037ms - 200
info: System.Net.Http.HttpClient.Default.LogicalHandler[100]
      Start processing HTTP request GET http://localhost:5000/api/platform/navigation/menu
info: System.Net.Http.HttpClient.Default.ClientHandler[100]
      Sending HTTP request GET http://localhost:5000/api/platform/navigation/menu
info: System.Net.Http.HttpClient.Default.LogicalHandler[100]
      Start processing HTTP request GET http://localhost:5000/api/platform/navigation/menu
info: System.Net.Http.HttpClient.Default.ClientHandler[100]
      Sending HTTP request GET http://localhost:5000/api/platform/navigation/menu
info: System.Net.Http.HttpClient.Default.ClientHandler[101]
      Received HTTP response headers after 32.5339ms - 200
info: System.Net.Http.HttpClient.Default.LogicalHandler[101]
      End processing HTTP request after 32.6778ms - 200
info: System.Net.Http.HttpClient.Default.ClientHandler[101]
      Received HTTP response headers after 30.5453ms - 200
info: System.Net.Http.HttpClient.Default.LogicalHandler[101]
      End processing HTTP request after 30.6518ms - 200
info: System.Net.Http.HttpClient.Default.LogicalHandler[100]
      Start processing HTTP request GET http://localhost:5000/api/v1/document-management/template-variant-options
info: System.Net.Http.HttpClient.Default.ClientHandler[100]
      Sending HTTP request GET http://localhost:5000/api/v1/document-management/template-variant-options
info: System.Net.Http.HttpClient.Default.LogicalHandler[100]
      Start processing HTTP request GET http://localhost:5000/api/legal-entities
info: System.Net.Http.HttpClient.Default.ClientHandler[100]
      Sending HTTP request GET http://localhost:5000/api/legal-entities
info: System.Net.Http.HttpClient.Default.LogicalHandler[100]
      Start processing HTTP request GET http://localhost:5000/api/legal-entities
info: System.Net.Http.HttpClient.Default.ClientHandler[100]
      Sending HTTP request GET http://localhost:5000/api/legal-entities
info: System.Net.Http.HttpClient.Default.LogicalHandler[100]
      Start processing HTTP request GET http://localhost:5000/api/users?page=1&pageSize=1000
info: System.Net.Http.HttpClient.Default.ClientHandler[100]
      Sending HTTP request GET http://localhost:5000/api/users?page=1&pageSize=1000
info: System.Net.Http.HttpClient.Default.ClientHandler[101]
      Received HTTP response headers after 18.7887ms - 200
info: System.Net.Http.HttpClient.Default.LogicalHandler[101]
      End processing HTTP request after 18.8577ms - 200
info: System.Net.Http.HttpClient.Default.LogicalHandler[100]
      Start processing HTTP request GET http://localhost:5000/api/legal-entities
info: System.Net.Http.HttpClient.Default.ClientHandler[100]
      Sending HTTP request GET http://localhost:5000/api/legal-entities
info: System.Net.Http.HttpClient.Default.ClientHandler[101]
      Received HTTP response headers after 24.2515ms - 200
info: System.Net.Http.HttpClient.Default.LogicalHandler[101]
      End processing HTTP request after 24.32ms - 200
info: System.Net.Http.HttpClient.Default.ClientHandler[101]
      Received HTTP response headers after 31.4463ms - 200
info: System.Net.Http.HttpClient.Default.LogicalHandler[101]
      End processing HTTP request after 31.5204ms - 200
info: System.Net.Http.HttpClient.Default.ClientHandler[101]
      Received HTTP response headers after 17.0371ms - 200
info: System.Net.Http.HttpClient.Default.LogicalHandler[101]
      End processing HTTP request after 17.1561ms - 200
info: System.Net.Http.HttpClient.Default.ClientHandler[101]
      Received HTTP response headers after 47.7653ms - 200
info: System.Net.Http.HttpClient.Default.LogicalHandler[101]
      End processing HTTP request after 47.8401ms - 200
