TAP version 13
# Subtest: runs in one of the two required zones, and the zone is really in effect
ok 1 - runs in one of the two required zones, and the zone is really in effect
  ---
  duration_ms: 7.965333
  type: 'test'
  ...
# Subtest: a Date prefills to the local wall clock
ok 2 - a Date prefills to the local wall clock
  ---
  duration_ms: 0.49625
  type: 'test'
  ...
# Subtest: the prefilled string parses back to the same instant
ok 3 - the prefilled string parses back to the same instant
  ---
  duration_ms: 2.251042
  type: 'test'
  ...
# Subtest: a typed local wall clock, seconds included, is read as local time
ok 4 - a typed local wall clock, seconds included, is read as local time
  ---
  duration_ms: 0.326833
  type: 'test'
  ...
# Subtest: out-of-range and malformed values are rejected, not shifted
ok 5 - out-of-range and malformed values are rejected, not shifted
  ---
  duration_ms: 0.373167
  type: 'test'
  ...
# Subtest: a daylight-saving gap hour is rejected where the zone has one
ok 6 - a daylight-saving gap hour is rejected where the zone has one
  ---
  duration_ms: 4.379334
  type: 'test'
  ...
1..6
# tests 6
# suites 0
# pass 6
# fail 0
# cancelled 0
# skipped 0
# todo 0
# duration_ms 324.288792
