[13:09:00 INF] User profile is available. Using '/Users/natig/.aspnet/DataProtection-Keys' as key repository; keys will not be encrypted at rest.
[13:09:01 WRN] Shipment outbox transport is not registered. Durable events remain pending; integration is held.
[13:09:01 INF] Now listening on: http://127.0.0.1:5061
[13:09:01 INF] Application started. Press Ctrl+C to shut down.
[13:09:01 INF] Hosting environment: Development
[13:09:01 INF] Content root path: /Users/natig/Projects/ERP-vNext-recovery/services/Diten.SupplyChainService/src/Diten.SupplyChainService.Api
[13:09:02 INF] Request starting HTTP/1.1 GET http://localhost:5061/health - null null
[13:09:02 INF] Executing endpoint 'HTTP: GET /health'
[13:09:02 INF] Setting HTTP status code 200.
[13:09:02 INF] Writing value of type '<>f__AnonymousType2`4' as Json.
[13:09:02 INF] Executed endpoint 'HTTP: GET /health'
[13:09:02 INF] Request finished HTTP/1.1 GET http://localhost:5061/health - 200 null application/json; charset=utf-8 66.0022ms
[13:09:02 INF] Request starting HTTP/1.1 GET http://localhost:5061/api/shipment-bundle/shipments - null null
[13:09:02 INF] Request finished HTTP/1.1 GET http://localhost:5061/api/shipment-bundle/shipments - 400 null application/json; charset=utf-8 9.4355ms
[13:09:02 INF] Request starting HTTP/1.1 GET http://localhost:5061/api/shipment-bundle/carriers - null null
[13:09:02 INF] Carrier request rejected 401 INVALID_REQUEST 7826a1d8-28db-4e9d-b930-9f7241f3a7e4
[13:09:02 INF] Request finished HTTP/1.1 GET http://localhost:5061/api/shipment-bundle/carriers - 401 null application/json; charset=utf-8 13.1515ms
[13:09:02 INF] Request starting HTTP/1.1 GET http://localhost:5061/api/shipment-bundle/loads - null null
[13:09:02 INF] Load request rejected 401 INVALID_REQUEST cf15dc2e-e230-4223-8579-4058a45ed8ca
[13:09:02 INF] Request finished HTTP/1.1 GET http://localhost:5061/api/shipment-bundle/loads - 401 null application/json; charset=utf-8 6.1309ms
[13:09:02 INF] Request starting HTTP/1.1 GET http://localhost:5061/api/shipment-bundle/returns - null null
[13:09:02 INF] Request finished HTTP/1.1 GET http://localhost:5061/api/shipment-bundle/returns - 400 null application/json; charset=utf-8 0.5506ms
[13:09:02 INF] Request starting HTTP/1.1 GET http://localhost:5061/api/shipment-bundle/claims - null null
[13:09:02 INF] Request finished HTTP/1.1 GET http://localhost:5061/api/shipment-bundle/claims - 400 null application/json; charset=utf-8 0.3907ms
[13:09:02 INF] Request starting HTTP/1.1 GET http://localhost:5061/api/shipment-bundle/sandop-plans - null null
[13:09:02 INF] Request finished HTTP/1.1 GET http://localhost:5061/api/shipment-bundle/sandop-plans - 400 null application/json; charset=utf-8 1.1832ms
[13:09:02 INF] Request starting HTTP/1.1 GET http://localhost:5061/api/shipment-bundle/capacity-plans - null null
[13:09:02 INF] Request finished HTTP/1.1 GET http://localhost:5061/api/shipment-bundle/capacity-plans - 400 null application/json; charset=utf-8 0.8069ms
[13:09:02 INF] Application is shutting down...
