services\Diten.Platform\src\Diten.Platform.API\Properties\launchSettings.json içindeki başlatma ayarları kullanılıyor...
dbug: Microsoft.Extensions.Hosting.Internal.Host[1]
      Hosting starting
info: Microsoft.AspNetCore.DataProtection.KeyManagement.XmlKeyManager[63]
      User profile is available. Using 'C:\Users\user\AppData\Local\ASP.NET\DataProtection-Keys' as key repository and Windows DPAPI to encrypt keys at rest.
info: Microsoft.Hosting.Lifetime[14]
      Now listening on: http://localhost:5057
info: Microsoft.Hosting.Lifetime[0]
      Application started. Press Ctrl+C to shut down.
info: Microsoft.Hosting.Lifetime[0]
      Hosting environment: Development
info: Microsoft.Hosting.Lifetime[0]
      Content root path: C:\Users\user\Desktop\ERP-vNext\services\Diten.Platform\src\Diten.Platform.API
dbug: Microsoft.Extensions.Hosting.Internal.Host[2]
      Hosting started
info: Microsoft.AspNetCore.Hosting.Diagnostics[1]
      Request starting HTTP/1.1 GET http://localhost:5057/api/platform/tenants/ec1308cd-91b8-40ba-9d29-155a01ddb52b/commercial/subscription - - -
info: Microsoft.AspNetCore.Routing.EndpointMiddleware[0]
      Executing endpoint 'Diten.Platform.API.Controllers.Platform.TenantCommercialSubscriptionsController.GetCurrent (Diten.Platform.API)'
info: Microsoft.AspNetCore.Mvc.Infrastructure.ControllerActionInvoker[102]
      Route matched with {action = "GetCurrent", controller = "TenantCommercialSubscriptions"}. Executing controller action with signature System.Threading.Tasks.Task`1[Microsoft.AspNetCore.Mvc.IActionResult] GetCurrent(System.Guid, System.Threading.CancellationToken) on controller Diten.Platform.API.Controllers.Platform.TenantCommercialSubscriptionsController (Diten.Platform.API).
info: Diten.Platform.Application.Contracts.Behaviors.LoggingBehavior[0]
      Starting GetTenantCommercialSubscriptionQuery at 05/12/2026 13:51:48
info: Diten.Platform.Application.Contracts.Behaviors.PerformanceBehavior[0]
      Request GetTenantCommercialSubscriptionQuery completed in 110 ms
info: Diten.Platform.Application.Contracts.Behaviors.LoggingBehavior[0]
      Completed GetTenantCommercialSubscriptionQuery in 114ms
info: Microsoft.AspNetCore.Mvc.Infrastructure.ObjectResultExecutor[1]
      Executing OkObjectResult, writing value of type 'Diten.Platform.Application.Common.Response`1[[Diten.Platform.Application.Features.Tenants.Commercial.Subscriptions.TenantSubscriptionDto, Diten.Platform.Application, Version=1.0.0.0, Culture=neutral, PublicKeyToken=null]]'.
info: Microsoft.AspNetCore.Mvc.Infrastructure.ControllerActionInvoker[105]
      Executed action Diten.Platform.API.Controllers.Platform.TenantCommercialSubscriptionsController.GetCurrent (Diten.Platform.API) in 200.6173ms
info: Microsoft.AspNetCore.Routing.EndpointMiddleware[1]
      Executed endpoint 'Diten.Platform.API.Controllers.Platform.TenantCommercialSubscriptionsController.GetCurrent (Diten.Platform.API)'
info: Microsoft.AspNetCore.Hosting.Diagnostics[2]
      Request finished HTTP/1.1 GET http://localhost:5057/api/platform/tenants/ec1308cd-91b8-40ba-9d29-155a01ddb52b/commercial/subscription - 200 - application/json;+charset=utf-8 400.4263ms
info: Microsoft.AspNetCore.Hosting.Diagnostics[1]
      Request starting HTTP/1.1 GET http://localhost:5057/api/platform/tenants/ec1308cd-91b8-40ba-9d29-155a01ddb52b/commercial/subscription/history - - -
info: Microsoft.AspNetCore.Routing.EndpointMiddleware[0]
      Executing endpoint 'Diten.Platform.API.Controllers.Platform.TenantCommercialSubscriptionsController.GetHistory (Diten.Platform.API)'
info: Microsoft.AspNetCore.Mvc.Infrastructure.ControllerActionInvoker[102]
      Route matched with {action = "GetHistory", controller = "TenantCommercialSubscriptions"}. Executing controller action with signature System.Threading.Tasks.Task`1[Microsoft.AspNetCore.Mvc.IActionResult] GetHistory(System.Guid, System.Threading.CancellationToken) on controller Diten.Platform.API.Controllers.Platform.TenantCommercialSubscriptionsController (Diten.Platform.API).
info: Diten.Platform.Application.Contracts.Behaviors.LoggingBehavior[0]
      Starting GetTenantSubscriptionHistoryQuery at 05/12/2026 13:51:48
info: Diten.Platform.Application.Contracts.Behaviors.PerformanceBehavior[0]
      Request GetTenantSubscriptionHistoryQuery completed in 12 ms
info: Diten.Platform.Application.Contracts.Behaviors.LoggingBehavior[0]
      Completed GetTenantSubscriptionHistoryQuery in 13ms
info: Microsoft.AspNetCore.Mvc.Infrastructure.ObjectResultExecutor[1]
      Executing OkObjectResult, writing value of type 'Diten.Platform.Application.Common.Response`1[[System.Collections.Generic.IReadOnlyList`1[[Diten.Platform.Application.Features.Tenants.Commercial.Subscriptions.TenantSubscriptionHistoryDto, Diten.Platform.Application, Version=1.0.0.0, Culture=neutral, PublicKeyToken=null]], System.Private.CoreLib, Version=8.0.0.0, Culture=neutral, PublicKeyToken=7cec85d7bea7798e]]'.
info: Microsoft.AspNetCore.Mvc.Infrastructure.ControllerActionInvoker[105]
      Executed action Diten.Platform.API.Controllers.Platform.TenantCommercialSubscriptionsController.GetHistory (Diten.Platform.API) in 25.1596ms
info: Microsoft.AspNetCore.Routing.EndpointMiddleware[1]
      Executed endpoint 'Diten.Platform.API.Controllers.Platform.TenantCommercialSubscriptionsController.GetHistory (Diten.Platform.API)'
info: Microsoft.AspNetCore.Hosting.Diagnostics[2]
      Request finished HTTP/1.1 GET http://localhost:5057/api/platform/tenants/ec1308cd-91b8-40ba-9d29-155a01ddb52b/commercial/subscription/history - 200 - application/json;+charset=utf-8 45.9370ms
info: Microsoft.AspNetCore.Hosting.Diagnostics[1]
      Request starting HTTP/1.1 GET http://localhost:5057/api/platform/tenants/ec1308cd-91b8-40ba-9d29-155a01ddb52b/quotas - - -
info: Microsoft.AspNetCore.Routing.EndpointMiddleware[0]
      Executing endpoint 'Diten.Platform.API.Controllers.Platform.QuotasController.GetAll (Diten.Platform.API)'
info: Microsoft.AspNetCore.Mvc.Infrastructure.ControllerActionInvoker[102]
      Route matched with {action = "GetAll", controller = "Quotas"}. Executing controller action with signature System.Threading.Tasks.Task`1[Microsoft.AspNetCore.Mvc.IActionResult] GetAll(System.Guid, System.Threading.CancellationToken) on controller Diten.Platform.API.Controllers.Platform.QuotasController (Diten.Platform.API).
info: Diten.Platform.Application.Contracts.Behaviors.LoggingBehavior[0]
      Starting GetTenantQuotaStatusQuery at 05/12/2026 13:51:50
info: Diten.Platform.Application.Contracts.Behaviors.PerformanceBehavior[0]
      Request GetTenantQuotaStatusQuery completed in 33 ms
info: Diten.Platform.Application.Contracts.Behaviors.LoggingBehavior[0]
      Completed GetTenantQuotaStatusQuery in 33ms
info: Microsoft.AspNetCore.Mvc.Infrastructure.ObjectResultExecutor[1]
      Executing OkObjectResult, writing value of type 'Diten.Platform.Application.Common.Response`1[[System.Collections.Generic.IReadOnlyList`1[[Diten.Platform.Application.Features.Quotas.QuotaStatusDto, Diten.Platform.Application, Version=1.0.0.0, Culture=neutral, PublicKeyToken=null]], System.Private.CoreLib, Version=8.0.0.0, Culture=neutral, PublicKeyToken=7cec85d7bea7798e]]'.
info: Microsoft.AspNetCore.Mvc.Infrastructure.ControllerActionInvoker[105]
      Executed action Diten.Platform.API.Controllers.Platform.QuotasController.GetAll (Diten.Platform.API) in 71.6768ms
info: Microsoft.AspNetCore.Routing.EndpointMiddleware[1]
      Executed endpoint 'Diten.Platform.API.Controllers.Platform.QuotasController.GetAll (Diten.Platform.API)'
info: Microsoft.AspNetCore.Hosting.Diagnostics[2]
      Request finished HTTP/1.1 GET http://localhost:5057/api/platform/tenants/ec1308cd-91b8-40ba-9d29-155a01ddb52b/quotas - 200 - application/json;+charset=utf-8 82.2896ms
info: Microsoft.AspNetCore.Hosting.Diagnostics[1]
      Request starting HTTP/1.1 GET http://localhost:5057/api/platform/tenants/ec1308cd-91b8-40ba-9d29-155a01ddb52b/commercial/subscription/entitlements - - -
info: Microsoft.AspNetCore.Routing.EndpointMiddleware[0]
      Executing endpoint 'Diten.Platform.API.Controllers.Platform.TenantCommercialSubscriptionsController.GetEntitlements (Diten.Platform.API)'
info: Microsoft.AspNetCore.Mvc.Infrastructure.ControllerActionInvoker[102]
      Route matched with {action = "GetEntitlements", controller = "TenantCommercialSubscriptions"}. Executing controller action with signature System.Threading.Tasks.Task`1[Microsoft.AspNetCore.Mvc.IActionResult] GetEntitlements(System.Guid, System.Threading.CancellationToken) on controller Diten.Platform.API.Controllers.Platform.TenantCommercialSubscriptionsController (Diten.Platform.API).
info: Diten.Platform.Application.Contracts.Behaviors.LoggingBehavior[0]
      Starting GetTenantSubscriptionEntitlementSnapshotQuery at 05/12/2026 13:51:50
info: Diten.Platform.Application.Contracts.Behaviors.PerformanceBehavior[0]
      Request GetTenantSubscriptionEntitlementSnapshotQuery completed in 5 ms
info: Diten.Platform.Application.Contracts.Behaviors.LoggingBehavior[0]
      Completed GetTenantSubscriptionEntitlementSnapshotQuery in 6ms
info: Microsoft.AspNetCore.Mvc.Infrastructure.ObjectResultExecutor[1]
      Executing OkObjectResult, writing value of type 'Diten.Platform.Application.Common.Response`1[[Diten.Platform.Application.Features.Tenants.Commercial.Subscriptions.TenantSubscriptionEntitlementSnapshotDto, Diten.Platform.Application, Version=1.0.0.0, Culture=neutral, PublicKeyToken=null]]'.
info: Microsoft.AspNetCore.Mvc.Infrastructure.ControllerActionInvoker[105]
      Executed action Diten.Platform.API.Controllers.Platform.TenantCommercialSubscriptionsController.GetEntitlements (Diten.Platform.API) in 21.8858ms
info: Microsoft.AspNetCore.Routing.EndpointMiddleware[1]
      Executed endpoint 'Diten.Platform.API.Controllers.Platform.TenantCommercialSubscriptionsController.GetEntitlements (Diten.Platform.API)'
info: Microsoft.AspNetCore.Hosting.Diagnostics[2]
      Request finished HTTP/1.1 GET http://localhost:5057/api/platform/tenants/ec1308cd-91b8-40ba-9d29-155a01ddb52b/commercial/subscription/entitlements - 200 - application/json;+charset=utf-8 26.9516ms
info: Microsoft.AspNetCore.Hosting.Diagnostics[1]
      Request starting HTTP/1.1 GET http://localhost:5057/api/platform/tenants/ec1308cd-91b8-40ba-9d29-155a01ddb52b/commercial/module-entitlements - - -
info: Microsoft.AspNetCore.Routing.EndpointMiddleware[0]
      Executing endpoint 'Diten.Platform.API.Controllers.Platform.TenantModuleEntitlementsController.Get (Diten.Platform.API)'
info: Microsoft.AspNetCore.Mvc.Infrastructure.ControllerActionInvoker[102]
      Route matched with {action = "Get", controller = "TenantModuleEntitlements"}. Executing controller action with signature System.Threading.Tasks.Task`1[Microsoft.AspNetCore.Mvc.IActionResult] Get(System.Guid, System.Threading.CancellationToken) on controller Diten.Platform.API.Controllers.Platform.TenantModuleEntitlementsController (Diten.Platform.API).
info: Diten.Platform.Application.Contracts.Behaviors.LoggingBehavior[0]
      Starting GetTenantModuleEntitlementsQuery at 05/12/2026 13:51:53
info: Diten.Platform.Application.Contracts.Behaviors.PerformanceBehavior[0]
      Request GetTenantModuleEntitlementsQuery completed in 27 ms
info: Diten.Platform.Application.Contracts.Behaviors.LoggingBehavior[0]
      Completed GetTenantModuleEntitlementsQuery in 27ms
info: Microsoft.AspNetCore.Mvc.Infrastructure.ObjectResultExecutor[1]
      Executing OkObjectResult, writing value of type 'Diten.Platform.Application.Common.Response`1[[System.Collections.Generic.IReadOnlyList`1[[Diten.Platform.Application.Features.Tenants.Commercial.Entitlements.TenantModuleEntitlementRowDto, Diten.Platform.Application, Version=1.0.0.0, Culture=neutral, PublicKeyToken=null]], System.Private.CoreLib, Version=8.0.0.0, Culture=neutral, PublicKeyToken=7cec85d7bea7798e]]'.
info: Microsoft.AspNetCore.Mvc.Infrastructure.ControllerActionInvoker[105]
      Executed action Diten.Platform.API.Controllers.Platform.TenantModuleEntitlementsController.Get (Diten.Platform.API) in 34.2065ms
info: Microsoft.AspNetCore.Routing.EndpointMiddleware[1]
      Executed endpoint 'Diten.Platform.API.Controllers.Platform.TenantModuleEntitlementsController.Get (Diten.Platform.API)'
info: Microsoft.AspNetCore.Hosting.Diagnostics[2]
      Request finished HTTP/1.1 GET http://localhost:5057/api/platform/tenants/ec1308cd-91b8-40ba-9d29-155a01ddb52b/commercial/module-entitlements - 200 - application/json;+charset=utf-8 39.6151ms
info: Microsoft.AspNetCore.Hosting.Diagnostics[1]
      Request starting HTTP/1.1 GET http://localhost:5057/api/admin/tenants/ec1308cd-91b8-40ba-9d29-155a01ddb52b - - -
info: Microsoft.AspNetCore.Routing.EndpointMiddleware[0]
      Executing endpoint 'Diten.Platform.API.Controllers.Admin.TenantsController.GetTenantDetail (Diten.Platform.API)'
info: Microsoft.AspNetCore.Mvc.Infrastructure.ControllerActionInvoker[102]
      Route matched with {action = "GetTenantDetail", controller = "Tenants"}. Executing controller action with signature System.Threading.Tasks.Task`1[Microsoft.AspNetCore.Mvc.IActionResult] GetTenantDetail(System.Guid, System.Threading.CancellationToken) on controller Diten.Platform.API.Controllers.Admin.TenantsController (Diten.Platform.API).
info: Diten.Platform.Application.Contracts.Behaviors.LoggingBehavior[0]
      Starting GetTenantDetailQuery at 05/12/2026 13:51:56
warn: LuckyPennySoftware.AutoMapper.License[0]
      You do not have a valid license key for the Lucky Penny software AutoMapper. This is allowed for development and testing scenarios. If you are running in production you are required to have a licensed version. Please visit https://luckypennysoftware.com to obtain a valid license.
info: Diten.Platform.Application.Contracts.Behaviors.PerformanceBehavior[0]
      Request GetTenantDetailQuery completed in 187 ms
info: Diten.Platform.Application.Contracts.Behaviors.LoggingBehavior[0]
      Completed GetTenantDetailQuery in 187ms
info: Microsoft.AspNetCore.Mvc.Infrastructure.ObjectResultExecutor[1]
      Executing OkObjectResult, writing value of type 'Diten.Platform.Application.Common.Response`1[[Diten.Platform.Application.Features.Tenants.TenantDetailDto, Diten.Platform.Application, Version=1.0.0.0, Culture=neutral, PublicKeyToken=null]]'.
info: Microsoft.AspNetCore.Mvc.Infrastructure.ControllerActionInvoker[105]
      Executed action Diten.Platform.API.Controllers.Admin.TenantsController.GetTenantDetail (Diten.Platform.API) in 202.6265ms
info: Microsoft.AspNetCore.Routing.EndpointMiddleware[1]
      Executed endpoint 'Diten.Platform.API.Controllers.Admin.TenantsController.GetTenantDetail (Diten.Platform.API)'
info: Microsoft.AspNetCore.Hosting.Diagnostics[2]
      Request finished HTTP/1.1 GET http://localhost:5057/api/admin/tenants/ec1308cd-91b8-40ba-9d29-155a01ddb52b - 200 - application/json;+charset=utf-8 206.8270ms
info: Microsoft.AspNetCore.Hosting.Diagnostics[1]
      Request starting HTTP/1.1 GET http://localhost:5057/api/admin/tenants/ec1308cd-91b8-40ba-9d29-155a01ddb52b/modules - - -
info: Microsoft.AspNetCore.Routing.EndpointMiddleware[0]
      Executing endpoint 'Diten.Platform.API.Controllers.Admin.TenantsController.GetModules (Diten.Platform.API)'
info: Microsoft.AspNetCore.Mvc.Infrastructure.ControllerActionInvoker[102]
      Route matched with {action = "GetModules", controller = "Tenants"}. Executing controller action with signature System.Threading.Tasks.Task`1[Microsoft.AspNetCore.Mvc.IActionResult] GetModules(System.Guid, System.Threading.CancellationToken) on controller Diten.Platform.API.Controllers.Admin.TenantsController (Diten.Platform.API).
info: Diten.Platform.Application.Contracts.Behaviors.LoggingBehavior[0]
      Starting GetTenantModulesQuery at 05/12/2026 13:51:57
info: Diten.Platform.Application.Contracts.Behaviors.PerformanceBehavior[0]
      Request GetTenantModulesQuery completed in 3 ms
info: Diten.Platform.Application.Contracts.Behaviors.LoggingBehavior[0]
      Completed GetTenantModulesQuery in 3ms
info: Microsoft.AspNetCore.Mvc.Infrastructure.ObjectResultExecutor[1]
      Executing OkObjectResult, writing value of type 'Diten.Platform.Application.Common.Response`1[[Diten.Platform.Application.Features.Tenants.TenantModulesSummaryDto, Diten.Platform.Application, Version=1.0.0.0, Culture=neutral, PublicKeyToken=null]]'.
info: Microsoft.AspNetCore.Mvc.Infrastructure.ControllerActionInvoker[105]
      Executed action Diten.Platform.API.Controllers.Admin.TenantsController.GetModules (Diten.Platform.API) in 13.0477ms
info: Microsoft.AspNetCore.Routing.EndpointMiddleware[1]
      Executed endpoint 'Diten.Platform.API.Controllers.Admin.TenantsController.GetModules (Diten.Platform.API)'
info: Microsoft.AspNetCore.Hosting.Diagnostics[2]
      Request finished HTTP/1.1 GET http://localhost:5057/api/admin/tenants/ec1308cd-91b8-40ba-9d29-155a01ddb52b/modules - 200 - application/json;+charset=utf-8 18.5740ms
