Build started 22/09/2026 19:20:52.
Test run for /private/tmp/mvp6-mod0192-core-dev-01/services/Diten.SupplyChainService/tests/Diten.SupplyChainService.Tests/bin/Debug/net8.0/Diten.SupplyChainService.Tests.dll (.NETCoreApp,Version=v8.0)
VSTest version 17.11.1 (arm64)

Starting test execution, please wait...
A total of 1 test files matched the specified pattern.
[xUnit.net 00:00:00.00] xUnit.net VSTest Adapter v2.8.2+699d445a1a (64-bit .NET 8.0.23)
[xUnit.net 00:00:00.25]   Discovering: Diten.SupplyChainService.Tests
[xUnit.net 00:00:00.47]   Discovered:  Diten.SupplyChainService.Tests
[xUnit.net 00:00:00.48]   Starting:    Diten.SupplyChainService.Tests
  Passed Diten.SupplyChainService.Tests.CapacityPlans.CapacityFaultTests.X06_Terminal_fault_after_staged_update_and_slot_delete_rolls_back_then_fence_recovers [2 s]
  Passed Diten.SupplyChainService.Tests.CapacityPlans.CapacityFaultTests.X01_Accepted_precommit_failure_has_no_partial_writes_then_same_key_recovers [1 s]
  Passed Diten.SupplyChainService.Tests.CapacityPlans.CapacityFaultTests.X07_Unknown_terminal_commit_no_commit_is_reconciled_before_fenced_retry [3 s]
[xUnit.net 00:00:09.39]   Finished:    Diten.SupplyChainService.Tests
  Passed Diten.SupplyChainService.Tests.CapacityPlans.CapacityFaultTests.X07_Unknown_terminal_commit_ack_loss_keeps_one_scoped_terminal_effect [795 ms]
Results File: /private/tmp/mvp6-mod0192-core-dev-01/docs/records/audits/2026-09/mvp6-mod0192-executor-fault-rework-01/raw/fault-v2.trx

Test Run Successful.
Total tests: 4
     Passed: 4
 Total time: 10.6460 Seconds

Build succeeded.
    0 Warning(s)
    0 Error(s)

Time Elapsed 00:00:16.85
