Build started 22/09/2026 19:25:41.
Test run for /private/tmp/mvp6-mod0192-core-dev-01/services/Diten.SupplyChainService/tests/Diten.SupplyChainService.Tests/bin/Debug/net8.0/Diten.SupplyChainService.Tests.dll (.NETCoreApp,Version=v8.0)
VSTest version 17.11.1 (arm64)

Starting test execution, please wait...
A total of 1 test files matched the specified pattern.
[xUnit.net 00:00:00.00] xUnit.net VSTest Adapter v2.8.2+699d445a1a (64-bit .NET 8.0.23)
[xUnit.net 00:00:00.19]   Discovering: Diten.SupplyChainService.Tests
[xUnit.net 00:00:00.30]   Discovered:  Diten.SupplyChainService.Tests
[xUnit.net 00:00:00.31]   Starting:    Diten.SupplyChainService.Tests
[xUnit.net 00:00:01.97]     Diten.SupplyChainService.Tests.CapacityPlans.CapacityFaultTests.X07_Reconciliation_negative_fixture_rejects_missing_or_wrong_terminal_audit [FAIL]
[xUnit.net 00:00:01.97]       Assert.NotNull() Failure: Value is null
[xUnit.net 00:00:01.97]       Stack Trace:
[xUnit.net 00:00:01.97]         /private/tmp/mvp6-mod0192-core-dev-01/services/Diten.SupplyChainService/tests/Diten.SupplyChainService.Tests/CapacityPlans/CapacityAtomicityTests.cs(240,0): at Diten.SupplyChainService.Tests.CapacityPlans.CapacityFaultTests.X07_Reconciliation_negative_fixture_rejects_missing_or_wrong_terminal_audit()
[xUnit.net 00:00:01.98]         --- End of stack trace from previous location ---
[xUnit.net 00:00:01.98]   Finished:    Diten.SupplyChainService.Tests
  Failed Diten.SupplyChainService.Tests.CapacityPlans.CapacityFaultTests.X07_Reconciliation_negative_fixture_rejects_missing_or_wrong_terminal_audit [1 s]
  Error Message:
   Assert.NotNull() Failure: Value is null
  Stack Trace:
     at Diten.SupplyChainService.Tests.CapacityPlans.CapacityFaultTests.X07_Reconciliation_negative_fixture_rejects_missing_or_wrong_terminal_audit() in /private/tmp/mvp6-mod0192-core-dev-01/services/Diten.SupplyChainService/tests/Diten.SupplyChainService.Tests/CapacityPlans/CapacityAtomicityTests.cs:line 240
--- End of stack trace from previous location ---
Results File: /private/tmp/mvp6-mod0192-core-dev-01/docs/records/audits/2026-09/mvp6-mod0192-executor-fault-rework-01/raw/negative-red.trx

Test Run Failed.
Total tests: 1
     Failed: 1
 Total time: 2.9751 Seconds
     1>Project "/private/tmp/mvp6-mod0192-core-dev-01/services/Diten.SupplyChainService/tests/Diten.SupplyChainService.Tests/Diten.SupplyChainService.Tests.csproj" on node 1 (VSTest target(s)).
     1>_VSTestConsole:
         MSB4181: The "VSTestTask" task returned false but did not log an error.
     1>Done Building Project "/private/tmp/mvp6-mod0192-core-dev-01/services/Diten.SupplyChainService/tests/Diten.SupplyChainService.Tests/Diten.SupplyChainService.Tests.csproj" (VSTest target(s)) -- FAILED.

Build FAILED.
    0 Warning(s)
    0 Error(s)

Time Elapsed 00:00:04.09
