== K01: k01_source.py (HEAD archive + overlays)
K01 PASS: head=4a8d4d4b339528a88e6220fb8402e5a2c771136c overlays=5 tree_manifest_sha256=fbf1c7e7e375a1dc6d5a3e5ffa6c498b2f8886582f1789808581abed91c56111
== K03: k03_ports.py slot 8
K03 PASS: gateway=5800 web=5801 auth=5856 platform=5857 mdm=5859 supplychain=5861 sink=5899 mongo=38994
== K02: k02_runtime.sh
K02 PASS: SDK 8.0.417, runtime 8.0.23, arm64
== K06: build auth
K06 build PASS: auth da62b9b753d3d16b32d5359f2cdfe078cde5a0705a9949e1d8b0be16bafa12c2
== K06: build platform
K06 build PASS: platform 0b4a1a413cbba0f23e4dd959df430215872446c0c2e12672a9620a2ed66d0aa0
== K06: build mdm
K06 build PASS: mdm 9d0fee7c8521dd2a6e6db42cc2dea5776430ea575c977233ab38a289ec04c51f
== K06: build supplychain
K06 build PASS: supplychain 9f77939a5a2ddfa70185aa9fe8af2fc0ac565f08e189bf606ecfe4925f1f7ea0
== K06: build gateway
K06 build PASS: gateway a81f30d2c137b8ed305e722261d33c2ee2e02f61807f40d2ab05b87e3c17f2fa
== K06: build web
K06 build PASS: web af15d984591aa471dea19e8ed14e32559acbc0b80bcb5a4fb71469cfd64ee5eb
== K04b: k04b_gateway_routes.py
K04b PASS: 277 downstream entries; mapped=96 sink=181; runtime ocelot e9f4db6674b5bf9fc2279e2bc59f03caba37a285ded5b332ebb556c5fa2151be
== K04: k04_config.py shared (issuer/audience; no secret)
K04 shared: issuer/audience pinned to Auth's; rotated secret groups ['auth-platform', 'jwt', 'mfa', 'platform-mdm-active', 'svcid'] are placeholders resolved only inside the lane supervisor
== K04: k04_config.py render (placeholders only)
K04 render: 6 env files written (0600; secrets as placeholders only)
== K04: k04_config.py check (incl. D2 pairing, D4 no literal secret)
K04 check PASS: 6 services resolved; no 27017; DB-010 suffix ClaimsQ64e01
== K05: k05_mongo.sh
K05 PASS: rsClaimsQ64e01 PRIMARY on 127.0.0.1:38994 (pid 77560)
== K06: launch auth via supervisor
K06 launch: {"ok": true, "pid": 77666, "port": 5856, "health": "200", "runtime": "Microsoft.NETCore.App/8.0.23", "listen": ["127.0.0.1:5856"]}
== K06: launch platform via supervisor
K06 launch: {"ok": true, "pid": 77758, "port": 5857, "health": "200", "runtime": "Microsoft.NETCore.App/8.0.23", "listen": ["127.0.0.1:5857"]}
== K06: launch mdm via supervisor
K06 launch: {"ok": true, "pid": 77921, "port": 5859, "health": "400", "runtime": "Microsoft.NETCore.App/8.0.23", "listen": ["127.0.0.1:5859"]}
== K06: launch supplychain via supervisor
K06 launch: {"ok": true, "pid": 77983, "port": 5861, "health": "200", "runtime": "Microsoft.NETCore.App/8.0.23", "listen": ["127.0.0.1:5861"]}
== K06: launch gateway via supervisor
K06 launch: {"ok": true, "pid": 78048, "port": 5800, "health": "200", "runtime": "Microsoft.NETCore.App/8.0.23", "listen": ["127.0.0.1:5800"]}
== K06: launch web via supervisor
K06 launch: {"ok": true, "pid": 78150, "port": 5801, "health": "200", "runtime": "Microsoft.NETCore.App/8.0.23", "listen": ["127.0.0.1:5801"]}
== K06: netcheck after start
K06 netcheck PASS: no kit process connected to 27017 (netcheck-a1.tsv)
== K07pre: tenant_fixture.py via supervisor harness (lane Platform DB tenant records; no secret)
{"ok": true, "rc": 0, "log": "run-harness-tenant_fixture-a1.log"}
== K07: k07_identity.py rotate (supervisor task k07; actor passwords only)
{"ok": true, "rc": 0, "log": "run-k07-a1.log"}
UP: lane running. Do the lane work (harness via k00_ctl.py run harness), K10 snapshots, K09 binding, then: run-kit.sh down
up exit=0
