Test run for /private/tmp/mvp6-mod0186-r01-rework-01/services/Diten.SupplyChainService/tests/Diten.SupplyChainService.Tests/bin/Release/net8.0/Diten.SupplyChainService.Tests.dll (.NETCoreApp,Version=v8.0)
VSTest version 18.0.1 (arm64)

Starting test execution, please wait...
A total of 1 test files matched the specified pattern.
[xUnit.net 00:00:00.00] xUnit.net VSTest Adapter v2.8.2+699d445a1a (64-bit .NET 10.0.2)
[xUnit.net 00:00:00.09]   Discovering: Diten.SupplyChainService.Tests
[xUnit.net 00:00:00.17]   Discovered:  Diten.SupplyChainService.Tests
[xUnit.net 00:00:00.17]   Starting:    Diten.SupplyChainService.Tests
Returns write stage=entitlement
Returns write stage=aggregate
Returns write stage=receipt
Returns scoped counts 816042e7-31d8-4518-b436-2b92f4e34a26=0,0,0,0,0
Returns write stage=entitlement
Returns write stage=aggregate
Returns write stage=receipt
Returns write stage=audit
Returns write stage=outbox
Returns write stage=beforeCommit
Returns write stage=afterCommit
Returns scoped counts 816042e7-31d8-4518-b436-2b92f4e34a26=1,1,1,1,1
Returns write stage=entitlement
Returns write stage=aggregate
Returns scoped counts ef41ab8d-ac29-4f92-a4ab-16ae26edc607=0,0,0,0,0
Returns write stage=entitlement
Returns write stage=aggregate
Returns write stage=receipt
Returns write stage=audit
Returns write stage=outbox
Returns write stage=beforeCommit
Returns write stage=afterCommit
Returns scoped counts ef41ab8d-ac29-4f92-a4ab-16ae26edc607=1,1,1,1,1
Returns write stage=entitlement
Returns write stage=aggregate
Returns write stage=receipt
Returns write stage=audit
Returns write stage=outbox
Returns scoped counts 8785545e-5541-44d8-976a-93eed6ca5c0f=0,0,0,0,0
Returns write stage=entitlement
Returns write stage=aggregate
Returns write stage=receipt
Returns write stage=audit
Returns write stage=outbox
Returns write stage=beforeCommit
Returns write stage=afterCommit
Returns scoped counts 8785545e-5541-44d8-976a-93eed6ca5c0f=1,1,1,1,1
Returns write stage=entitlement
Returns scoped counts 94963394-e55b-4f59-a9b2-197481d383ff=0,0,0,0,0
Returns write stage=entitlement
Returns write stage=aggregate
Returns write stage=receipt
Returns write stage=audit
Returns write stage=outbox
Returns write stage=beforeCommit
Returns write stage=afterCommit
Returns scoped counts 94963394-e55b-4f59-a9b2-197481d383ff=1,1,1,1,1
Returns write stage=entitlement
Returns write stage=aggregate
Returns write stage=receipt
Returns write stage=audit
Returns scoped counts c73e0d87-3e9e-4856-a949-44254299df0f=0,0,0,0,0
Returns write stage=entitlement
Returns write stage=aggregate
Returns write stage=receipt
Returns write stage=audit
Returns write stage=outbox
Returns write stage=beforeCommit
Returns write stage=afterCommit
Returns scoped counts c73e0d87-3e9e-4856-a949-44254299df0f=1,1,1,1,1
Returns write stage=entitlement
Returns scoped counts ba0f80be-5bb8-4d65-96e5-d55698b8256a=0,0,0,0,0
Returns write stage=entitlement
Returns write stage=aggregate
Returns write stage=receipt
Returns write stage=audit
Returns write stage=outbox
Returns write stage=beforeCommit
  Passed Diten.SupplyChainService.Tests.Returns.ReturnAtomicityTests.PrecommitFault_EachActualWriteStage_RollsBackAllFive(stage: "receipt", reached: 3) [723 ms]
  Passed Diten.SupplyChainService.Tests.Returns.ReturnAtomicityTests.PrecommitFault_EachActualWriteStage_RollsBackAllFive(stage: "aggregate", reached: 2) [29 ms]
  Passed Diten.SupplyChainService.Tests.Returns.ReturnAtomicityTests.PrecommitFault_EachActualWriteStage_RollsBackAllFive(stage: "outbox", reached: 5) [31 ms]
  Passed Diten.SupplyChainService.Tests.Returns.ReturnAtomicityTests.PrecommitFault_EachActualWriteStage_RollsBackAllFive(stage: "entitlement", reached: 1) [30 ms]
  Passed Diten.SupplyChainService.Tests.Returns.ReturnAtomicityTests.PrecommitFault_EachActualWriteStage_RollsBackAllFive(stage: "audit", reached: 4) [30 ms]
  Passed Diten.SupplyChainService.Tests.Returns.ReturnAtomicityTests.MultilineFailure_SecondLineOverCap_LeavesNoFirstLineDebit [15 ms]
Returns scoped counts de4e653f-c123-4a4d-9b8f-353c7a66f80b=0,0,0,0,0
Unknown commit same-key recovery status=503
Unknown commit same-key recovery status=503
Unknown commit same-key recovery status=503
Unknown commit same-key recovery status=503
Unknown commit same-key recovery status=503
Unknown commit same-key recovery status=503
Unknown commit same-key recovery status=503
Unknown commit same-key recovery status=503
Unknown commit same-key recovery status=503
Unknown commit same-key recovery status=503
Unknown commit same-key recovery status=503
Unknown commit same-key recovery status=503
Unknown commit same-key recovery status=503
Unknown commit same-key recovery status=503
Unknown commit same-key recovery status=503
Unknown commit same-key recovery status=503
Unknown commit same-key recovery status=503
Unknown commit same-key recovery status=503
Unknown commit same-key recovery status=503
Unknown commit same-key recovery status=503
Unknown commit same-key recovery status=503
Unknown commit same-key recovery status=503
Unknown commit same-key recovery status=503
Unknown commit same-key recovery status=503
Returns write stage=entitlement
Returns write stage=aggregate
Returns write stage=receipt
Returns write stage=audit
Returns write stage=outbox
Returns write stage=beforeCommit
Returns write stage=afterCommit
Unknown commit same-key recovery status=201
Returns scoped counts de4e653f-c123-4a4d-9b8f-353c7a66f80b=1,1,1,1,1
Returns write stage=entitlement
Returns write stage=aggregate
Returns write stage=receipt
Returns write stage=audit
Returns write stage=outbox
Returns write stage=beforeCommit
  Passed Diten.SupplyChainService.Tests.Returns.ReturnAtomicityTests.UnknownCommit_Unresolved503_AllOrNoneThenSameKeyRecovery [1 m 13 s]
Returns write stage=afterCommit
Returns scoped counts cc837ca6-d4e8-4c85-b40e-aa20c994280b=1,1,1,1,1
Returns scoped counts cc837ca6-d4e8-4c85-b40e-aa20c994280b=1,1,1,1,1
Returns write stage=entitlement
Returns write stage=aggregate
Returns write stage=receipt
Returns write stage=audit
Returns write stage=outbox
Returns write stage=beforeCommit
Returns write stage=afterCommit
Returns scoped counts 34f60a5c-f4bf-496b-bc62-33d117be5b93=1,1,1,1,1
Returns scoped counts 34f60a5c-f4bf-496b-bc62-33d117be5b93=1,1,1,1,1
Returns write stage=entitlement
Returns write stage=aggregate
Returns write stage=receipt
Returns write stage=audit
Returns write stage=outbox
Returns write stage=beforeCommit
Returns write stage=afterCommit
Returns scoped counts 0fa1288a-4d22-4815-9081-ca606d7b11e9=1,1,1,1,1
Returns scoped counts 0fa1288a-4d22-4815-9081-ca606d7b11e9=1,1,1,1,1
Returns write stage=entitlement
Returns write stage=aggregate
Returns write stage=receipt
Returns write stage=audit
Returns write stage=outbox
Returns write stage=beforeCommit
Returns write stage=afterCommit
Returns scoped counts 1b27adb2-1bc3-441d-9856-043c4d77a749=1,1,1,1,1
Returns scoped counts 1b27adb2-1bc3-441d-9856-043c4d77a749=1,1,1,1,1
Returns write stage=entitlement
Returns write stage=aggregate
Returns write stage=receipt
Returns write stage=audit
Returns write stage=outbox
Returns write stage=beforeCommit
Returns write stage=afterCommit
Returns scoped counts 40d9d967-710e-486c-a400-72c0bd44cc40=1,1,1,1,1
Returns write stage=entitlement
Returns write stage=aggregate
Returns write stage=receipt
Returns write stage=audit
Returns write stage=outbox
Returns write stage=beforeCommit
Returns write stage=afterCommit
Returns scoped counts 40d9d967-710e-486c-a400-72c0bd44cc40=1,2,2,2,2
Returns scoped counts 40d9d967-710e-486c-a400-72c0bd44cc40=1,2,2,2,2
Returns write stage=entitlement
Returns write stage=aggregate
Returns write stage=receipt
Returns write stage=audit
Returns write stage=outbox
Returns write stage=beforeCommit
Returns write stage=afterCommit
Returns write stage=entitlement
Returns write stage=aggregate
Returns write stage=receipt
Returns write stage=audit
Returns write stage=outbox
Returns write stage=beforeCommit
Returns write stage=afterCommit
Returns write stage=entitlement
Returns write stage=aggregate
Returns write stage=receipt
Returns write stage=audit
Returns write stage=outbox
Returns write stage=beforeCommit
Returns write stage=afterCommit
Returns write stage=entitlement
Returns write stage=aggregate
Returns write stage=receipt
Returns write stage=audit
Returns write stage=outbox
Returns write stage=beforeCommit
Returns write stage=afterCommit
Returns scoped counts a8dc601b-48a9-4b04-8727-1c1a1b79890d=1,1,1,1,1
Returns write stage=entitlement
Returns write stage=entitlement
Returns write stage=entitlement
Returns scoped counts a8dc601b-48a9-4b04-8727-1c1a1b79890d=1,1,1,1,1
Returns write stage=entitlement
Returns write stage=entitlement
Returns write stage=aggregate
Returns write stage=receipt
Returns write stage=audit
Returns write stage=outbox
Returns write stage=beforeCommit
Returns write stage=afterCommit
Returns scoped counts a8dc601b-48a9-4b04-8727-1c1a1b79890d=1,2,2,2,2
Returns write stage=entitlement
Returns write stage=aggregate
Returns write stage=receipt
Returns write stage=audit
Returns write stage=outbox
Returns write stage=beforeCommit
Returns write stage=afterCommit
Returns write stage=aggregate
Returns write stage=receipt
Returns write stage=audit
Returns write stage=outbox
Returns write stage=beforeCommit
Returns write stage=afterCommit
Returns write stage=aggregate
Returns write stage=receipt
Returns write stage=audit
Returns write stage=outbox
Returns write stage=beforeCommit
Returns write stage=afterCommit
Returns write stage=aggregate
Returns write stage=receipt
Returns write stage=audit
Returns write stage=outbox
Returns write stage=beforeCommit
Returns write stage=afterCommit
Returns write stage=aggregate
Returns write stage=receipt
Returns write stage=audit
Returns write stage=outbox
Returns write stage=beforeCommit
Returns write stage=afterCommit
Returns write stage=aggregate
Returns write stage=receipt
Returns write stage=audit
Returns write stage=outbox
Returns write stage=beforeCommit
Returns write stage=afterCommit
  Passed Diten.SupplyChainService.Tests.Returns.ReturnAtomicityTests.PostCommitResponseLoss_RecoversOriginalReceipt_NotZeroWrites [27 ms]
  Passed Diten.SupplyChainService.Tests.Returns.ReturnConcurrencyTests.FirstSnapshot_IdentityOrOrdinalUomDrift_Returns409(field: "uom") [29 ms]
  Passed Diten.SupplyChainService.Tests.Returns.ReturnConcurrencyTests.FirstSnapshot_IdentityOrOrdinalUomDrift_Returns409(field: "item") [15 ms]
  Passed Diten.SupplyChainService.Tests.Returns.ReturnConcurrencyTests.FirstSnapshot_IdentityOrOrdinalUomDrift_Returns409(field: "sku") [17 ms]
  Passed Diten.SupplyChainService.Tests.Returns.ReturnConcurrencyTests.FirstSnapshot_NumericEquivalentAllowed_DriftConflictsAtomically [36 ms]
  Passed Diten.SupplyChainService.Tests.Returns.ReturnConcurrencyTests.Create_Races_RespectsExactCap(first: "4", second: "6", successes: 2) [31 ms]
  Passed Diten.SupplyChainService.Tests.Returns.ReturnConcurrencyTests.Create_Races_RespectsExactCap(first: "6", second: "6", successes: 1) [25 ms]
  Passed Diten.SupplyChainService.Tests.Returns.ReturnConcurrencyTests.RmaNumber_KnownCollision_MaxThreeAttemptsAndAtomicRecovery [87 ms]
  Passed Diten.SupplyChainService.Tests.Returns.ReturnConcurrencyTests.ClosedAndManualReceived_RetainEntitlementOpaqueReferenceAndPendingEvents [66 ms]
Returns write stage=entitlement
Returns write stage=aggregate
Returns write stage=receipt
Returns write stage=audit
Returns write stage=outbox
Returns write stage=beforeCommit
Returns write stage=afterCommit
Returns write stage=entitlement
Returns write stage=aggregate
Returns write stage=receipt
Returns write stage=audit
Returns write stage=outbox
Returns write stage=beforeCommit
Returns write stage=afterCommit
Returns write stage=entitlement
Returns write stage=aggregate
Returns write stage=receipt
Returns write stage=audit
Returns write stage=outbox
Returns write stage=beforeCommit
Returns write stage=afterCommit
Returns write stage=entitlement
Returns write stage=aggregate
Returns write stage=receipt
Returns write stage=audit
Returns write stage=outbox
Returns write stage=beforeCommit
Returns write stage=afterCommit
Returns write stage=aggregate
Returns write stage=receipt
Returns write stage=audit
Returns write stage=outbox
Returns write stage=beforeCommit
Returns write stage=afterCommit
Returns write stage=entitlement
Returns write stage=aggregate
Returns write stage=receipt
Returns write stage=audit
Returns write stage=outbox
Returns write stage=beforeCommit
Returns write stage=afterCommit
Returns write stage=entitlement
Returns write stage=aggregate
Returns write stage=receipt
Returns write stage=audit
Returns write stage=outbox
Returns write stage=beforeCommit
Returns write stage=afterCommit
Returns write stage=entitlement
Returns write stage=aggregate
Returns write stage=receipt
Returns write stage=audit
Returns write stage=outbox
Returns write stage=beforeCommit
Returns write stage=afterCommit
Returns scoped counts bc2d1fda-b4d3-4ccc-964b-3c795e2f89be=1,1,1,1,1
Returns write stage=entitlement
Returns write stage=aggregate
Returns write stage=receipt
Returns write stage=audit
Returns write stage=outbox
Returns write stage=beforeCommit
Returns write stage=afterCommit
Returns write stage=entitlement
Returns write stage=aggregate
Returns write stage=receipt
Returns write stage=audit
Returns write stage=outbox
Returns write stage=beforeCommit
Returns write stage=afterCommit
  Passed Diten.SupplyChainService.Tests.Returns.ReturnConcurrencyTests.Release_ReplayAndDifferentKey_DebitsExactlyOnce(target: Rejected) [27 ms]
  Passed Diten.SupplyChainService.Tests.Returns.ReturnConcurrencyTests.Release_ReplayAndDifferentKey_DebitsExactlyOnce(target: Cancelled) [34 ms]
  Passed Diten.SupplyChainService.Tests.Returns.ReturnConcurrencyTests.SameKey_TwentyConcurrentCalls_OneAggregateReceiptEvent [44 ms]
  Passed Diten.SupplyChainService.Tests.Returns.ReturnConcurrencyTests.Entitlement_DefaultCaseInsensitiveCollection_UsesExplicitOrdinalOperations [274 ms]
  Passed Diten.SupplyChainService.Tests.Returns.ReturnIsolationTests.Middleware_PostAuthenticationUnit_OrderedContextMatrix(variant: "scope-query", expected: 400) [51 ms]
  Passed Diten.SupplyChainService.Tests.Returns.ReturnIsolationTests.Middleware_PostAuthenticationUnit_OrderedContextMatrix(variant: "unknown-query", expected: 200) [< 1 ms]
  Passed Diten.SupplyChainService.Tests.Returns.ReturnIsolationTests.Middleware_PostAuthenticationUnit_OrderedContextMatrix(variant: "unauthenticated", expected: 401) [< 1 ms]
  Passed Diten.SupplyChainService.Tests.Returns.ReturnIsolationTests.Middleware_PostAuthenticationUnit_OrderedContextMatrix(variant: "foreign-scope", expected: 404) [< 1 ms]
  Passed Diten.SupplyChainService.Tests.Returns.ReturnIsolationTests.Middleware_PostAuthenticationUnit_OrderedContextMatrix(variant: "untrusted", expected: 403) [< 1 ms]
Returns write stage=entitlement
Returns write stage=aggregate
Returns write stage=receipt
Returns write stage=audit
Returns write stage=outbox
Returns write stage=beforeCommit
Returns write stage=afterCommit
Returns write stage=entitlement
Returns write stage=aggregate
Returns write stage=receipt
Returns write stage=audit
Returns write stage=outbox
Returns write stage=beforeCommit
Returns write stage=afterCommit
Returns write stage=entitlement
Returns write stage=aggregate
Returns write stage=receipt
Returns write stage=audit
Returns write stage=outbox
Returns write stage=beforeCommit
Returns write stage=afterCommit
Returns scoped counts 9c870a19-38ec-45d3-9538-782d655a02b9=1,1,1,1,1
Returns write stage=entitlement
Returns write stage=aggregate
Returns write stage=receipt
Returns write stage=audit
Returns write stage=outbox
Returns write stage=beforeCommit
Returns write stage=afterCommit
Returns write stage=entitlement
Returns write stage=aggregate
Returns write stage=receipt
Returns write stage=audit
Returns write stage=outbox
Returns write stage=beforeCommit
Returns write stage=afterCommit
Returns scoped counts e5699645-c9bc-46ad-9e9a-92dd7dfbb42b=1,1,1,1,1
Returns scoped counts e5699645-c9bc-46ad-9e9a-92dd7dfbb42b=1,1,1,1,1
Returns write stage=entitlement
Returns write stage=aggregate
Returns write stage=receipt
Returns write stage=audit
Returns write stage=outbox
Returns write stage=beforeCommit
Returns write stage=afterCommit
Returns scoped counts 343fbc9e-8358-4b36-b103-41c0a5795a26=1,1,1,1,1
Returns write stage=aggregate
Returns write stage=receipt
Returns write stage=audit
Returns write stage=outbox
Returns write stage=beforeCommit
Returns write stage=afterCommit
Returns write stage=entitlement
Returns write stage=aggregate
Returns write stage=receipt
Returns write stage=audit
Returns write stage=outbox
Returns write stage=beforeCommit
Returns write stage=afterCommit
Returns scoped counts a941f14d-bcba-472b-a68b-d9fe18322859=1,1,1,1,1
Returns write stage=entitlement
Returns write stage=aggregate
Returns write stage=receipt
Returns write stage=audit
Returns write stage=outbox
Returns write stage=beforeCommit
Returns write stage=afterCommit
Returns write stage=entitlement
Returns write stage=aggregate
Returns write stage=receipt
Returns write stage=audit
Returns write stage=outbox
Returns write stage=beforeCommit
Returns write stage=afterCommit
Returns scoped counts 9d6ecfda-3242-47df-b0f7-8a3a764b2376=1,1,1,1,1
Returns scoped counts 9d6ecfda-3242-47df-b0f7-8a3a764b2376=1,1,1,1,1
Returns write stage=entitlement
Returns write stage=aggregate
Returns write stage=receipt
Returns write stage=audit
Returns write stage=outbox
Returns write stage=beforeCommit
Returns write stage=afterCommit
Returns scoped counts f4fb4025-fd80-4321-95bb-b3e51ebd581b=1,1,1,1,1
Returns scoped counts f4fb4025-fd80-4321-95bb-b3e51ebd581b=1,1,1,1,1
Returns write stage=entitlement
Returns write stage=aggregate
Returns write stage=receipt
Returns write stage=audit
Returns write stage=outbox
Returns write stage=beforeCommit
Returns write stage=afterCommit
Returns scoped counts e2e330aa-a1cf-4962-a09f-837abae49f0f=1,1,1,1,1
Returns scoped counts e2e330aa-a1cf-4962-a09f-837abae49f0f=1,1,1,1,1
Returns write stage=entitlement
Returns write stage=aggregate
Returns write stage=receipt
Returns write stage=audit
Returns write stage=outbox
Returns write stage=beforeCommit
Returns write stage=afterCommit
Returns scoped counts 2777f9e9-6502-46e4-a1d8-6513939abd6e=1,1,1,1,1
Returns scoped counts 2777f9e9-6502-46e4-a1d8-6513939abd6e=1,1,1,1,1
Returns write stage=entitlement
Returns write stage=aggregate
Returns write stage=receipt
Returns write stage=audit
Returns write stage=outbox
Returns write stage=beforeCommit
Returns write stage=afterCommit
Returns scoped counts ef96d306-038f-4f3c-941a-1f32397f060d=1,1,1,1,1
Returns scoped counts ef96d306-038f-4f3c-941a-1f32397f060d=1,1,1,1,1
Returns write stage=entitlement
Returns write stage=aggregate
Returns write stage=receipt
Returns write stage=audit
Returns write stage=outbox
Returns write stage=beforeCommit
Returns write stage=afterCommit
Returns scoped counts e17a9c0e-465c-4112-a8fb-bbc6cda5e702=1,1,1,1,1
Returns scoped counts e17a9c0e-465c-4112-a8fb-bbc6cda5e702=1,1,1,1,1
Returns write stage=entitlement
Returns write stage=aggregate
Returns write stage=receipt
Returns write stage=audit
Returns write stage=outbox
Returns write stage=beforeCommit
Returns write stage=afterCommit
Returns scoped counts c3cca65a-036e-4318-b9f9-b905d2b41e91=1,1,1,1,1
Returns scoped counts c3cca65a-036e-4318-b9f9-b905d2b41e91=1,1,1,1,1
Returns write stage=entitlement
Returns write stage=aggregate
Returns write stage=receipt
Returns write stage=audit
Returns write stage=outbox
Returns write stage=beforeCommit
Returns write stage=afterCommit
Returns scoped counts ae1240d7-a1be-408a-93bc-f59cce6e5065=1,1,1,1,1
Returns scoped counts ae1240d7-a1be-408a-93bc-f59cce6e5065=1,1,1,1,1
Returns write stage=entitlement
Returns write stage=aggregate
Returns write stage=receipt
Returns write stage=audit
Returns write stage=outbox
Returns write stage=beforeCommit
Returns write stage=afterCommit
Returns scoped counts 84b29ec4-20e4-42fd-b590-58e2337717d9=1,1,1,1,1
Returns write stage=aggregate
Returns write stage=receipt
Returns write stage=audit
Returns write stage=outbox
Returns write stage=beforeCommit
Returns write stage=afterCommit
Returns write stage=entitlement
Returns write stage=aggregate
Returns write stage=receipt
Returns write stage=audit
Returns write stage=outbox
Returns write stage=beforeCommit
Returns write stage=afterCommit
Returns scoped counts a661dd92-be8c-4124-834e-3f1f492865f1=1,1,1,1,1
Returns scoped counts a661dd92-be8c-4124-834e-3f1f492865f1=1,1,1,1,1
Returns write stage=entitlement
Returns write stage=aggregate
Returns write stage=receipt
Returns write stage=audit
Returns write stage=outbox
Returns write stage=beforeCommit
Returns write stage=afterCommit
Returns scoped counts 3ccf821d-fbe4-46c3-a131-d6fefb6d7c3f=1,1,1,1,1
Returns scoped counts 3ccf821d-fbe4-46c3-a131-d6fefb6d7c3f=1,1,1,1,1
Returns write stage=entitlement
Returns write stage=aggregate
Returns write stage=receipt
Returns write stage=audit
Returns write stage=outbox
Returns write stage=beforeCommit
Returns write stage=afterCommit
Returns scoped counts cae8fd22-6fd4-46c7-9c1c-fac045111d75=1,1,1,1,1
Returns scoped counts cae8fd22-6fd4-46c7-9c1c-fac045111d75=1,1,1,1,1
Returns write stage=entitlement
Returns write stage=aggregate
Returns write stage=receipt
Returns write stage=audit
Returns write stage=outbox
Returns write stage=beforeCommit
Returns write stage=afterCommit
Returns scoped counts eb4438b1-8954-43c3-b48c-174ec0904657=1,1,1,1,1
Returns write stage=entitlement
Returns write stage=aggregate
Returns write stage=receipt
Returns write stage=audit
Returns write stage=outbox
Returns write stage=beforeCommit
Returns write stage=afterCommit
Returns write stage=entitlement
Returns write stage=aggregate
Returns write stage=receipt
Returns write stage=audit
Returns write stage=outbox
Returns write stage=beforeCommit
Returns write stage=afterCommit
Returns scoped counts 60cfd4bf-91c3-414a-9cbf-6652661c7118=1,1,1,1,1
Returns scoped counts 60cfd4bf-91c3-414a-9cbf-6652661c7118=1,1,1,1,1
Returns write stage=entitlement
Returns write stage=aggregate
Returns write stage=receipt
Returns write stage=audit
Returns write stage=outbox
Returns write stage=beforeCommit
Returns write stage=afterCommit
Returns scoped counts 199ce66d-7f63-4b58-9129-aa1bfa7e49d7=1,1,1,1,1
Returns scoped counts 199ce66d-7f63-4b58-9129-aa1bfa7e49d7=1,1,1,1,1
Returns write stage=entitlement
Returns write stage=aggregate
Returns write stage=receipt
Returns write stage=audit
Returns write stage=outbox
Returns write stage=beforeCommit
Returns write stage=afterCommit
Returns scoped counts 2f54843a-8cbc-49d7-836a-13da49a70083=1,1,1,1,1
Returns scoped counts 2f54843a-8cbc-49d7-836a-13da49a70083=1,1,1,1,1
Returns write stage=entitlement
Returns write stage=aggregate
Returns write stage=receipt
Returns write stage=audit
Returns write stage=outbox
Returns write stage=beforeCommit
Returns write stage=afterCommit
Returns scoped counts d53f49fd-e97e-42bf-9201-5f79d5b2e3ee=1,1,1,1,1
Returns scoped counts d53f49fd-e97e-42bf-9201-5f79d5b2e3ee=1,1,1,1,1
Returns write stage=entitlement
Returns write stage=aggregate
Returns write stage=receipt
Returns write stage=audit
Returns write stage=outbox
Returns write stage=beforeCommit
Returns write stage=afterCommit
Returns scoped counts 2a48dfe4-330b-428c-99c9-d2706446acb5=1,1,1,1,1
Returns scoped counts 2a48dfe4-330b-428c-99c9-d2706446acb5=1,1,1,1,1
Returns write stage=entitlement
Returns write stage=aggregate
Returns write stage=receipt
Returns write stage=audit
Returns write stage=outbox
Returns write stage=beforeCommit
Returns write stage=afterCommit
Returns scoped counts cec84818-cfb5-42ec-b2c6-047c3d2cb2c3=1,1,1,1,1
Returns scoped counts cec84818-cfb5-42ec-b2c6-047c3d2cb2c3=1,1,1,1,1
Returns write stage=entitlement
Returns write stage=aggregate
Returns write stage=receipt
Returns write stage=audit
Returns write stage=outbox
Returns write stage=beforeCommit
Returns write stage=afterCommit
Returns scoped counts 88f891f0-ae7a-4193-866a-5168637fdaf8=1,1,1,1,1
Returns scoped counts 88f891f0-ae7a-4193-866a-5168637fdaf8=1,1,1,1,1
Returns write stage=entitlement
Returns write stage=aggregate
Returns write stage=receipt
Returns write stage=audit
Returns write stage=outbox
Returns write stage=beforeCommit
Returns write stage=afterCommit
Returns scoped counts a70f2f88-64aa-4ff2-a9da-80bc2b83a04a=1,1,1,1,1
Returns scoped counts a70f2f88-64aa-4ff2-a9da-80bc2b83a04a=1,1,1,1,1
Returns write stage=entitlement
Returns write stage=aggregate
Returns write stage=receipt
Returns write stage=audit
Returns write stage=outbox
Returns write stage=beforeCommit
Returns write stage=afterCommit
Returns scoped counts cb6b713c-ae7b-43c6-a73d-6fdfb3e9966c=1,1,1,1,1
Returns scoped counts cb6b713c-ae7b-43c6-a73d-6fdfb3e9966c=1,1,1,1,1
Returns write stage=entitlement
Returns write stage=aggregate
Returns write stage=receipt
Returns write stage=audit
Returns write stage=outbox
Returns write stage=beforeCommit
Returns write stage=afterCommit
Returns scoped counts 8e08ddd7-e523-4467-a8fc-41d4ded40669=1,1,1,1,1
Returns scoped counts 8e08ddd7-e523-4467-a8fc-41d4ded40669=1,1,1,1,1
Returns write stage=entitlement
Returns write stage=aggregate
Returns write stage=receipt
Returns write stage=audit
Returns write stage=outbox
Returns write stage=beforeCommit
Returns write stage=afterCommit
Returns scoped counts bbe1a635-ad49-45cb-aad5-2f8f198b75a9=1,1,1,1,1
Returns scoped counts bbe1a635-ad49-45cb-aad5-2f8f198b75a9=1,1,1,1,1
Returns write stage=entitlement
Returns write stage=aggregate
Returns write stage=receipt
Returns write stage=audit
Returns write stage=outbox
Returns write stage=beforeCommit
Returns write stage=afterCommit
Returns scoped counts 4d3d18b1-d7e8-4f07-b935-c3ca2a327b2d=1,1,1,1,1
Returns scoped counts 4d3d18b1-d7e8-4f07-b935-c3ca2a327b2d=1,1,1,1,1
Returns write stage=entitlement
Returns write stage=aggregate
Returns write stage=receipt
Returns write stage=audit
Returns write stage=outbox
Returns write stage=beforeCommit
Returns write stage=afterCommit
Returns scoped counts daf65cb7-8095-4842-a16a-eeeca0323685=1,1,1,1,1
Returns write stage=aggregate
Returns write stage=receipt
Returns write stage=audit
Returns write stage=outbox
Returns write stage=beforeCommit
Returns write stage=afterCommit
Returns write stage=entitlement
Returns write stage=aggregate
Returns write stage=receipt
Returns write stage=audit
Returns write stage=outbox
Returns write stage=beforeCommit
Returns write stage=afterCommit
Returns scoped counts 9e31bd6b-692a-44af-ba9d-34b461ee3f4e=1,1,1,1,1
Returns scoped counts 9e31bd6b-692a-44af-ba9d-34b461ee3f4e=1,1,1,1,1
Returns write stage=entitlement
Returns write stage=aggregate
Returns write stage=receipt
Returns write stage=audit
Returns write stage=outbox
Returns write stage=beforeCommit
Returns write stage=afterCommit
Returns scoped counts c87177d2-b694-425d-ae2c-bfa4ca47af1b=1,1,1,1,1
Returns scoped counts c87177d2-b694-425d-ae2c-bfa4ca47af1b=1,1,1,1,1
Returns write stage=entitlement
Returns write stage=aggregate
Returns write stage=receipt
Returns write stage=audit
Returns write stage=outbox
Returns write stage=beforeCommit
Returns write stage=afterCommit
Returns scoped counts c4a94350-047b-4300-973a-26d81a664ca4=1,1,1,1,1
Returns scoped counts c4a94350-047b-4300-973a-26d81a664ca4=1,1,1,1,1
Returns write stage=entitlement
Returns write stage=aggregate
Returns write stage=receipt
Returns write stage=audit
Returns write stage=outbox
Returns write stage=beforeCommit
Returns write stage=afterCommit
Returns scoped counts 38fd89c3-57d4-404a-9acb-1709906aa970=1,1,1,1,1
Returns scoped counts 38fd89c3-57d4-404a-9acb-1709906aa970=1,1,1,1,1
Returns write stage=entitlement
Returns write stage=aggregate
Returns write stage=receipt
Returns write stage=audit
Returns write stage=outbox
Returns write stage=beforeCommit
Returns write stage=afterCommit
Returns scoped counts 0606f592-e773-4328-acf8-7664d633b12e=1,1,1,1,1
Returns scoped counts 0606f592-e773-4328-acf8-7664d633b12e=1,1,1,1,1
Returns write stage=entitlement
Returns write stage=aggregate
Returns write stage=receipt
Returns write stage=audit
Returns write stage=outbox
Returns write stage=beforeCommit
Returns write stage=afterCommit
Returns scoped counts e382e620-01c8-41a6-b38e-2268fea72c6d=1,1,1,1,1
Returns scoped counts e382e620-01c8-41a6-b38e-2268fea72c6d=1,1,1,1,1
Returns write stage=entitlement
Returns write stage=aggregate
Returns write stage=receipt
Returns write stage=audit
Returns write stage=outbox
Returns write stage=beforeCommit
Returns write stage=afterCommit
Returns scoped counts c6e33d12-8689-4682-b7b2-ad6f28d434a4=1,1,1,1,1
Returns scoped counts c6e33d12-8689-4682-b7b2-ad6f28d434a4=1,1,1,1,1
Returns write stage=entitlement
Returns write stage=aggregate
Returns write stage=receipt
Returns write stage=audit
Returns write stage=outbox
Returns write stage=beforeCommit
Returns write stage=afterCommit
Returns scoped counts 770b6da9-35a3-458b-b27e-36058eacb1f9=1,1,1,1,1
Returns scoped counts 770b6da9-35a3-458b-b27e-36058eacb1f9=1,1,1,1,1
Returns write stage=entitlement
Returns write stage=aggregate
Returns write stage=receipt
Returns write stage=audit
Returns write stage=outbox
Returns write stage=beforeCommit
Returns write stage=afterCommit
Returns scoped counts e15975ad-c8ae-4370-9775-d5f8d3a19722=1,1,1,1,1
Returns write stage=aggregate
Returns write stage=receipt
Returns write stage=audit
Returns write stage=outbox
Returns write stage=beforeCommit
Returns write stage=afterCommit
Returns write stage=entitlement
Returns write stage=aggregate
Returns write stage=receipt
Returns write stage=audit
Returns write stage=outbox
Returns write stage=beforeCommit
Returns write stage=afterCommit
Returns scoped counts 9e04bd47-a0c6-4117-b2c6-d018fa907244=1,1,1,1,1
Returns scoped counts 9e04bd47-a0c6-4117-b2c6-d018fa907244=1,1,1,1,1
Returns write stage=entitlement
Returns write stage=aggregate
Returns write stage=receipt
Returns write stage=audit
Returns write stage=outbox
Returns write stage=beforeCommit
Returns write stage=afterCommit
Returns scoped counts a864d95d-d661-4e46-806a-2629debb4121=1,1,1,1,1
Returns scoped counts a864d95d-d661-4e46-806a-2629debb4121=1,1,1,1,1
Returns write stage=entitlement
Returns write stage=aggregate
Returns write stage=receipt
Returns write stage=audit
Returns write stage=outbox
Returns write stage=beforeCommit
Returns write stage=afterCommit
Returns scoped counts 4e3492c0-60c1-4f5c-838a-e95f7466c4f2=1,1,1,1,1
Returns scoped counts 4e3492c0-60c1-4f5c-838a-e95f7466c4f2=1,1,1,1,1
Returns write stage=entitlement
Returns write stage=aggregate
Returns write stage=receipt
Returns write stage=audit
Returns write stage=outbox
Returns write stage=beforeCommit
Returns write stage=afterCommit
Returns scoped counts 7ae661fb-c0fe-4418-aef7-fe8c12f40daa=1,1,1,1,1
Returns scoped counts 7ae661fb-c0fe-4418-aef7-fe8c12f40daa=1,1,1,1,1
Returns write stage=entitlement
Returns write stage=aggregate
Returns write stage=receipt
Returns write stage=audit
Returns write stage=outbox
Returns write stage=beforeCommit
Returns write stage=afterCommit
Returns scoped counts c9e37c8e-97dd-463f-a54e-717f04f7beae=1,1,1,1,1
Returns scoped counts c9e37c8e-97dd-463f-a54e-717f04f7beae=1,1,1,1,1
Returns write stage=entitlement
Returns write stage=aggregate
Returns write stage=receipt
Returns write stage=audit
Returns write stage=outbox
Returns write stage=beforeCommit
Returns write stage=afterCommit
Returns scoped counts ea22d42b-e2f4-4a96-b308-bd7b8739c1e3=1,1,1,1,1
Returns scoped counts ea22d42b-e2f4-4a96-b308-bd7b8739c1e3=1,1,1,1,1
Returns write stage=entitlement
Returns write stage=aggregate
Returns write stage=receipt
Returns write stage=audit
Returns write stage=outbox
Returns write stage=beforeCommit
Returns write stage=afterCommit
Returns scoped counts 0eaa9257-8a83-433c-9513-c9621cbd4d6e=1,1,1,1,1
Returns scoped counts 0eaa9257-8a83-433c-9513-c9621cbd4d6e=1,1,1,1,1
Returns write stage=entitlement
Returns write stage=aggregate
Returns write stage=receipt
Returns write stage=audit
Returns write stage=outbox
Returns write stage=beforeCommit
Returns write stage=afterCommit
Returns scoped counts bddc6eaf-0e5c-435f-8389-e0af0d5de36f=1,1,1,1,1
Returns scoped counts bddc6eaf-0e5c-435f-8389-e0af0d5de36f=1,1,1,1,1
Returns write stage=entitlement
Returns write stage=aggregate
Returns write stage=receipt
Returns write stage=audit
Returns write stage=outbox
Returns write stage=beforeCommit
Returns write stage=afterCommit
Returns scoped counts b0febdf5-2fc6-4e09-9e62-6e8674baf4c1=1,1,1,1,1
Returns write stage=aggregate
Returns write stage=receipt
Returns write stage=audit
Returns write stage=outbox
Returns write stage=beforeCommit
Returns write stage=afterCommit
Returns write stage=entitlement
Returns write stage=aggregate
Returns write stage=receipt
Returns write stage=audit
Returns write stage=outbox
Returns write stage=beforeCommit
Returns write stage=afterCommit
Returns scoped counts 4df9128e-21f3-445e-a1b1-e85d641c9c6e=1,1,1,1,1
Returns scoped counts 4df9128e-21f3-445e-a1b1-e85d641c9c6e=1,1,1,1,1
Returns write stage=entitlement
Returns write stage=aggregate
Returns write stage=receipt
Returns write stage=audit
Returns write stage=outbox
Returns write stage=beforeCommit
Returns write stage=afterCommit
Returns scoped counts 38347078-ffee-4690-9f46-76f004fe54f0=1,1,1,1,1
Returns scoped counts 38347078-ffee-4690-9f46-76f004fe54f0=1,1,1,1,1
Returns write stage=entitlement
Returns write stage=aggregate
Returns write stage=receipt
Returns write stage=audit
Returns write stage=outbox
Returns write stage=beforeCommit
Returns write stage=afterCommit
Returns scoped counts 2dceb22b-a378-4243-b17e-aaf13db85767=1,1,1,1,1
Returns scoped counts 2dceb22b-a378-4243-b17e-aaf13db85767=1,1,1,1,1
Returns write stage=entitlement
Returns write stage=aggregate
Returns write stage=receipt
Returns write stage=audit
Returns write stage=outbox
Returns write stage=beforeCommit
Returns write stage=afterCommit
Returns scoped counts 2dc8972c-b3bd-4bd5-9f12-4cced5f8d122=1,1,1,1,1
Returns scoped counts 2dc8972c-b3bd-4bd5-9f12-4cced5f8d122=1,1,1,1,1
Returns write stage=entitlement
Returns write stage=aggregate
Returns write stage=receipt
Returns write stage=audit
Returns write stage=outbox
Returns write stage=beforeCommit
Returns write stage=afterCommit
Returns scoped counts 5394adcb-0834-4582-b03d-93130caf3ffc=1,1,1,1,1
Returns scoped counts 5394adcb-0834-4582-b03d-93130caf3ffc=1,1,1,1,1
Returns write stage=entitlement
Returns write stage=aggregate
Returns write stage=receipt
Returns write stage=audit
Returns write stage=outbox
Returns write stage=beforeCommit
Returns write stage=afterCommit
Returns scoped counts 506993ca-24ab-448e-8b80-aec505b1af1b=1,1,1,1,1
Returns scoped counts 506993ca-24ab-448e-8b80-aec505b1af1b=1,1,1,1,1
Returns write stage=entitlement
Returns write stage=aggregate
Returns write stage=receipt
Returns write stage=audit
Returns write stage=outbox
Returns write stage=beforeCommit
Returns write stage=afterCommit
Returns scoped counts e598fd5a-dd23-4427-ab2e-89c35c5dd844=1,1,1,1,1
Returns scoped counts e598fd5a-dd23-4427-ab2e-89c35c5dd844=1,1,1,1,1
Returns write stage=entitlement
Returns write stage=aggregate
Returns write stage=receipt
Returns write stage=audit
Returns write stage=outbox
Returns write stage=beforeCommit
Returns write stage=afterCommit
Returns scoped counts c444e3b2-6e98-4eb2-8fa6-ed94407c0d33=1,1,1,1,1
Returns scoped counts c444e3b2-6e98-4eb2-8fa6-ed94407c0d33=1,1,1,1,1
Returns write stage=entitlement
Returns write stage=aggregate
Returns write stage=receipt
Returns write stage=audit
Returns write stage=outbox
Returns write stage=beforeCommit
Returns write stage=afterCommit
Returns scoped counts 2e3d3eea-6ff4-440b-bbb7-ceeed364ec1c=1,1,1,1,1
Returns scoped counts 2e3d3eea-6ff4-440b-bbb7-ceeed364ec1c=1,1,1,1,1
Returns write stage=entitlement
Returns write stage=aggregate
Returns write stage=receipt
Returns write stage=audit
Returns write stage=outbox
Returns write stage=beforeCommit
Returns write stage=afterCommit
Returns scoped counts 19af6e0f-b212-4643-bc11-6d63211e6a53=1,1,1,1,1
Returns scoped counts 19af6e0f-b212-4643-bc11-6d63211e6a53=1,1,1,1,1
Returns write stage=entitlement
Returns write stage=aggregate
Returns write stage=receipt
Returns write stage=audit
Returns write stage=outbox
Returns write stage=beforeCommit
Returns write stage=afterCommit
Returns scoped counts 8941d8a8-d629-403e-9ee0-3731d7c72410=1,1,1,1,1
Returns scoped counts 8941d8a8-d629-403e-9ee0-3731d7c72410=1,1,1,1,1
Returns write stage=entitlement
Returns write stage=aggregate
Returns write stage=receipt
Returns write stage=audit
Returns write stage=outbox
Returns write stage=beforeCommit
Returns write stage=afterCommit
Returns scoped counts a2e175a1-ab51-4bb2-809b-d9853a01af57=1,1,1,1,1
Returns scoped counts a2e175a1-ab51-4bb2-809b-d9853a01af57=1,1,1,1,1
Returns write stage=entitlement
Returns write stage=aggregate
Returns write stage=receipt
Returns write stage=audit
Returns write stage=outbox
Returns write stage=beforeCommit
Returns write stage=afterCommit
Returns scoped counts ce27ca3c-a342-429f-a156-175b6340f456=1,1,1,1,1
  Passed Diten.SupplyChainService.Tests.Returns.ReturnIsolationTests.Middleware_PostAuthenticationUnit_OrderedContextMatrix(variant: "missing-root", expected: 400) [< 1 ms]
  Passed Diten.SupplyChainService.Tests.Returns.ReturnIsolationTests.Middleware_PostAuthenticationUnit_OrderedContextMatrix(variant: "valid", expected: 200) [< 1 ms]
  Passed Diten.SupplyChainService.Tests.Returns.ReturnIsolationTests.Middleware_PostAuthenticationUnit_OrderedContextMatrix(variant: "duplicate-root", expected: 400) [< 1 ms]
  Passed Diten.SupplyChainService.Tests.Returns.ReturnIsolationTests.Middleware_PostAuthenticationUnit_OrderedContextMatrix(variant: "missing-scope", expected: 400) [< 1 ms]
  Passed Diten.SupplyChainService.Tests.Returns.ReturnIsolationTests.SoftDelete_HidesAggregate_PreservesReceiptAndEntitlement [26 ms]
  Passed Diten.SupplyChainService.Tests.Returns.ReturnIsolationTests.Receipt_SameKeyDifferentLegalEntity_IsIndependent [23 ms]
  Passed Diten.SupplyChainService.Tests.Returns.ReturnIsolationTests.Permissions_ReturnsSpecificTargets_HaveNoClaimsInheritance [< 1 ms]
  Passed Diten.SupplyChainService.Tests.Returns.ReturnIsolationTests.Scope_AnotherTenantOrLE_CannotReadMutateOrReplay [21 ms]
Returns scoped counts ce27ca3c-a342-429f-a156-175b6340f456=1,1,1,1,1
Returns write stage=entitlement
Returns write stage=aggregate
Returns write stage=receipt
Returns write stage=audit
Returns write stage=outbox
Returns write stage=beforeCommit
Returns write stage=afterCommit
Returns scoped counts 9c2324ec-27f5-4f3d-9885-8af9b3acb9cc=1,1,1,1,1
Returns scoped counts 9c2324ec-27f5-4f3d-9885-8af9b3acb9cc=1,1,1,1,1
Returns write stage=entitlement
Returns write stage=aggregate
Returns write stage=receipt
Returns write stage=audit
Returns write stage=outbox
Returns write stage=beforeCommit
Returns write stage=afterCommit
Returns scoped counts f476a3af-0085-4b04-a46b-9239d74f4a6e=1,1,1,1,1
Returns scoped counts f476a3af-0085-4b04-a46b-9239d74f4a6e=1,1,1,1,1
Returns write stage=entitlement
Returns write stage=aggregate
Returns write stage=receipt
Returns write stage=audit
Returns write stage=outbox
Returns write stage=beforeCommit
Returns write stage=afterCommit
Returns scoped counts 890db125-a133-427f-b728-94f441178a5b=1,1,1,1,1
Returns scoped counts 890db125-a133-427f-b728-94f441178a5b=1,1,1,1,1
Returns write stage=entitlement
Returns write stage=aggregate
Returns write stage=receipt
Returns write stage=audit
Returns write stage=outbox
Returns write stage=beforeCommit
Returns write stage=afterCommit
Returns scoped counts f3c67843-e4cc-4ae8-92d2-81028cd8b9c2=1,1,1,1,1
Returns scoped counts f3c67843-e4cc-4ae8-92d2-81028cd8b9c2=1,1,1,1,1
Returns scoped counts 32755f11-a67c-4497-9447-c53adc916d3b=0,0,0,0,0
Returns scoped counts 71cade3f-32df-4b71-b12c-7bdb01748416=0,0,0,0,0
  Passed Diten.SupplyChainService.Tests.Returns.ReturnLifecycleTests.Lifecycle_ActualRepository_All64PairsRejectWithoutWrites [1 s]
  Passed Diten.SupplyChainService.Tests.Returns.ReturnLifecycleTests.Entitlement_OnlyRejectedCancelled_Release [< 1 ms]
  Passed Diten.SupplyChainService.Tests.Returns.ReturnLifecycleTests.Lifecycle_All64Pairs_MatchesSevenCanonicalArrows [< 1 ms]
  Passed Diten.SupplyChainService.Tests.Returns.ReturnReferenceTests.Root_Unusable_ExactFailure(value: "null", status: 503, code: "RETURN_SHIPMENT_ROOT_UNAVAILABLE") [7 ms]
  Passed Diten.SupplyChainService.Tests.Returns.ReturnReferenceTests.Root_Unusable_ExactFailure(value: "missing", status: 503, code: "RETURN_SHIPMENT_ROOT_UNAVAILABLE") [< 1 ms]
  Passed Diten.SupplyChainService.Tests.Returns.ReturnReferenceTests.Root_Unusable_ExactFailure(value: "", status: 502, code: "RETURN_SHIPMENT_ROOT_INVALID") [< 1 ms]
  Passed Diten.SupplyChainService.Tests.Returns.ReturnReferenceTests.Root_Unusable_ExactFailure(value: "bad", status: 502, code: "RETURN_SHIPMENT_ROOT_INVALID") [< 1 ms]
  Passed Diten.SupplyChainService.Tests.Returns.ReturnReferenceTests.LocalInvalidQuantity_RejectsBeforeReferenceLookup(quantity: "0") [8 ms]
  Passed Diten.SupplyChainService.Tests.Returns.ReturnReferenceTests.LocalInvalidQuantity_RejectsBeforeReferenceLookup(quantity: "-0.00") [6 ms]
Returns scoped counts d70fdd58-2da9-449d-9d38-347b5ae6d440=0,0,0,0,0
Returns scoped counts 86004a6e-f4a6-4c1a-a7e7-594223cb5275=0,0,0,0,0
  Passed Diten.SupplyChainService.Tests.Returns.ReturnReferenceTests.LocalInvalidQuantity_RejectsBeforeReferenceLookup(quantity: "-1") [6 ms]
  Passed Diten.SupplyChainService.Tests.Returns.ReturnReferenceTests.OtherProducerFailures_RemainDependencyUnavailable(status: 500, body: "{\"error\":{\"code\":\"INTERNAL_ERROR\"},\"contrac"···) [12 ms]
  Passed Diten.SupplyChainService.Tests.Returns.ReturnReferenceTests.OtherProducerFailures_RemainDependencyUnavailable(status: 500, body: "{\"error\":{\"code\":\"SHIPMENT_ROOT_INVALID\"},\""···) [< 1 ms]
  Passed Diten.SupplyChainService.Tests.Returns.ReturnReferenceTests.OtherProducerFailures_RemainDependencyUnavailable(status: 500, body: "not-json") [1 ms]
  Passed Diten.SupplyChainService.Tests.Returns.ReturnReferenceTests.OtherProducerFailures_RemainDependencyUnavailable(status: 501, body: "{\"error\":{\"code\":\"SHIPMENT_ROOT_INVALID\"},\""···) [< 1 ms]
  Passed Diten.SupplyChainService.Tests.Returns.ReturnReferenceTests.OtherProducerFailures_RemainDependencyUnavailable(status: 401, body: "{\"error\":{\"code\":\"SHIPMENT_ROOT_INVALID\"},\""···) [< 1 ms]
  Passed Diten.SupplyChainService.Tests.Returns.ReturnReferenceTests.OtherProducerFailures_RemainDependencyUnavailable(status: 403, body: "{\"error\":{\"code\":\"SHIPMENT_ROOT_INVALID\"},\""···) [< 1 ms]
  Passed Diten.SupplyChainService.Tests.Returns.ReturnReferenceTests.MalformedSuccessfulRoot_RemainsReturnsRootInvalid [< 1 ms]
  Passed Diten.SupplyChainService.Tests.Returns.ReturnReferenceTests.LocalDuplicateLines_RejectsBeforeReferenceLookup [7 ms]
  Passed Diten.SupplyChainService.Tests.Returns.ReturnReferenceTests.Reference_DuplicateOrNonpositiveLines_RejectsMalformed [< 1 ms]
  Passed Diten.SupplyChainService.Tests.Returns.ReturnReferenceTests.Reference_MockedTransport_OnlyShipmentGetAndTrustedScope [1 ms]
  Passed Diten.SupplyChainService.Tests.Returns.ReturnReferenceTests.ProducerShipmentRootInvalid500_MapsToReturnsRootInvalid [< 1 ms]
  Passed Diten.SupplyChainService.Tests.Returns.ReturnReferenceTests.RefusedProducer_RemainsDependencyUnavailable [< 1 ms]
  Passed Diten.SupplyChainService.Tests.Returns.ReturnReferenceTests.TimedOutProducer_RemainsDependencyUnavailable [< 1 ms]
  Passed Diten.SupplyChainService.Tests.Returns.ReturnReferenceTests.Root_PersistedNil_IsPreserved [< 1 ms]
  Passed Diten.SupplyChainService.Tests.Returns.ReturnReferenceTests.Reference_Omission_RequiredVersusOptionalDecisionField(key: "shipmentId", status: 503) [< 1 ms]
  Passed Diten.SupplyChainService.Tests.Returns.ReturnReferenceTests.Reference_Omission_RequiredVersusOptionalDecisionField(key: "sourceModule", status: 502) [< 1 ms]
  Passed Diten.SupplyChainService.Tests.Returns.ReturnReferenceTests.Reference_Omission_RequiredVersusOptionalDecisionField(key: "status", status: 503) [< 1 ms]
Returns write stage=entitlement
Returns write stage=aggregate
Returns write stage=receipt
Returns write stage=audit
Returns write stage=outbox
Returns write stage=beforeCommit
Returns write stage=afterCommit
Returns scoped counts ad871890-ac3b-4f63-98b6-450e7b96cc6a=1,1,1,1,1
Returns scoped counts ad871890-ac3b-4f63-98b6-450e7b96cc6a=1,1,1,1,1
Returns write stage=entitlement
Returns write stage=aggregate
Returns write stage=receipt
Returns write stage=audit
Returns write stage=outbox
Returns write stage=beforeCommit
Returns write stage=afterCommit
Returns write stage=entitlement
Returns write stage=aggregate
Returns write stage=receipt
Returns write stage=audit
Returns write stage=outbox
Returns write stage=beforeCommit
Returns write stage=afterCommit
Returns scoped counts 94af0a51-7b39-433d-b8e3-980971a0182b=1,1,1,1,1
Returns write stage=entitlement
Returns write stage=aggregate
Returns write stage=receipt
Returns write stage=audit
Returns write stage=outbox
Returns write stage=beforeCommit
Returns write stage=afterCommit
Returns write stage=aggregate
Returns write stage=receipt
Returns write stage=audit
Returns write stage=outbox
Returns write stage=beforeCommit
Returns write stage=afterCommit
  Passed Diten.SupplyChainService.Tests.Returns.ReturnReplayTests.Receipt_RootBeforePayload_AndCurrentActorDoesNotRewriteAudit [19 ms]
  Passed Diten.SupplyChainService.Tests.Returns.ReturnReplayTests.RawCreateAudit_PreservesUuidSpellingAndOmission_WhileFingerprintNormalizes [16 ms]
  Passed Diten.SupplyChainService.Tests.Returns.ReturnReplayTests.RestartReceipt [23 ms]
  Passed Diten.SupplyChainService.Tests.Returns.ReturnReplayTests.Receipt_AfterLaterState_ReturnsOriginalResultWithoutReread [19 ms]
  Passed Diten.SupplyChainService.Tests.Returns.ReturnContractTests.Instant_LeapSecond_OffsetEquivalentDistinctFromNextSecond [2 ms]
  Passed Diten.SupplyChainService.Tests.Returns.ReturnContractTests.Quantity_InvalidLexical_Rejects(value: "١") [< 1 ms]
  Passed Diten.SupplyChainService.Tests.Returns.ReturnContractTests.Quantity_InvalidLexical_Rejects(value: " 1") [< 1 ms]
  Passed Diten.SupplyChainService.Tests.Returns.ReturnContractTests.Quantity_InvalidLexical_Rejects(value: "1.") [< 1 ms]
  Passed Diten.SupplyChainService.Tests.Returns.ReturnContractTests.Quantity_InvalidLexical_Rejects(value: "+1") [< 1 ms]
[xUnit.net 00:01:17.32]   Finished:    Diten.SupplyChainService.Tests
  Passed Diten.SupplyChainService.Tests.Returns.ReturnContractTests.Quantity_InvalidLexical_Rejects(value: ".1") [< 1 ms]
  Passed Diten.SupplyChainService.Tests.Returns.ReturnContractTests.Quantity_InvalidLexical_Rejects(value: "1e2") [< 1 ms]
  Passed Diten.SupplyChainService.Tests.Returns.ReturnContractTests.Wire_BoundedShape_RejectsNullEvidenceAndExtrasAllowsOpaqueEmpty [1 ms]
  Passed Diten.SupplyChainService.Tests.Returns.ReturnContractTests.Quantity_EquivalentNumericValues_Equal(a: "-0", b: "000.000") [2 ms]
  Passed Diten.SupplyChainService.Tests.Returns.ReturnContractTests.Quantity_EquivalentNumericValues_Equal(a: "1.0", b: "1.00") [< 1 ms]
  Passed Diten.SupplyChainService.Tests.Returns.ReturnContractTests.Quantity_EquivalentNumericValues_Equal(a: "123456789012345678901234567890.1234567890123456789"···, b: "123456789012345678901234567890.1234567890123456789"···) [< 1 ms]
  Passed Diten.SupplyChainService.Tests.Returns.ReturnContractTests.Quantity_Arithmetic_HasNoPrecisionLoss [< 1 ms]
  Passed Diten.SupplyChainService.Tests.Returns.ReturnContractTests.Fingerprint_NumericAndInstantEquivalence_ReplaysWhileArrayOrderConflicts [1 ms]
  Passed Diten.SupplyChainService.Tests.Returns.ReturnContractTests.Instant_GregorianYearZeroAndBoundaries_KeepEquivalentInstants [< 1 ms]

Test Run Successful.
Total tests: 78
     Passed: 78
 Total time: 1.2974 Minutes
