Test run for /Users/natig/Projects/ERP-vNext-recovery/tests/architecture/TenantArchitecture.ArchitectureTests/bin/Debug/net8.0/TenantArchitecture.ArchitectureTests.dll (.NETCoreApp,Version=v8.0)
VSTest version 17.11.1 (arm64)

Starting test execution, please wait...
A total of 1 test files matched the specified pattern.
[xUnit.net 00:00:03.71]     TenantArchitecture.ArchitectureTests.MongoTestDatabaseGuardTests.NoTestCreatesItsOwnDatabasePerRun [FAIL]
[xUnit.net 00:00:03.86]     TenantArchitecture.ArchitectureTests.JwtClockSkewGuardTests.NoProductionValidatorWritesItsOwnClockSkew [FAIL]
  Failed TenantArchitecture.ArchitectureTests.MongoTestDatabaseGuardTests.NoTestCreatesItsOwnDatabasePerRun [1 s]
  Error Message:
   a Mongo test named its database with a fresh Guid — share one database and isolate by TenantId, or add the file to KnownPerRunDatabase with a reason:
services/Diten.Platform/tests/Diten.Platform.Application.Tests/Audit/PpmAuditRetentionPolicySeedMongoTests.cs
services/Diten.Platform/tests/Diten.Platform.Application.Tests/Persistence/DisposableStandaloneMongo.cs
  Stack Trace:
     at TenantArchitecture.ArchitectureTests.MongoTestDatabaseGuardTests.NoTestCreatesItsOwnDatabasePerRun() in /Users/natig/Projects/ERP-vNext-recovery/tests/architecture/TenantArchitecture.ArchitectureTests/MongoTestDatabaseGuardTests.cs:line 126
   at System.RuntimeMethodHandle.InvokeMethod(Object target, Void** arguments, Signature sig, Boolean isConstructor)
   at System.Reflection.MethodBaseInvoker.InvokeWithNoArgs(Object obj, BindingFlags invokeAttr)
  Failed TenantArchitecture.ArchitectureTests.JwtClockSkewGuardTests.NoProductionValidatorWritesItsOwnClockSkew [3 s]
  Error Message:
   a JWT validator wrote its own ClockSkew instead of using JwtValidationDefaults.ClockSkew — that is BL-296 coming back: the same token judged differently by two services, 30 seconds wide and invisible from the symptom. Use the shared constant; if the value itself is wrong, change it in services/Diten.Building.Blocks/Diten.BuildingBlocks.Security.Secrets/JwtValidationDefaults.cs so every service moves together:
services/Diten.HumanCapitalService/src/Diten.HumanCapitalService.Api/Program.cs
services/Diten.TalentEcosystemService/src/Diten.TalentEcosystemService.Api/Program.cs
  Stack Trace:
     at TenantArchitecture.ArchitectureTests.JwtClockSkewGuardTests.NoProductionValidatorWritesItsOwnClockSkew() in /Users/natig/Projects/ERP-vNext-recovery/tests/architecture/TenantArchitecture.ArchitectureTests/JwtClockSkewGuardTests.cs:line 76
   at System.RuntimeMethodHandle.InvokeMethod(Object target, Void** arguments, Signature sig, Boolean isConstructor)
   at System.Reflection.MethodBaseInvoker.InvokeWithNoArgs(Object obj, BindingFlags invokeAttr)
[xUnit.net 00:00:05.88]     TenantArchitecture.ArchitectureTests.JwtClockSkewGuardTests.EveryLifetimeValidatingFileDeclaresTheSharedSkew [FAIL]
  Failed TenantArchitecture.ArchitectureTests.JwtClockSkewGuardTests.EveryLifetimeValidatingFileDeclaresTheSharedSkew [2 s]
  Error Message:
   this file validates token lifetime but never names JwtValidationDefaults.ClockSkew. With no ClockSkew set, Microsoft.IdentityModel applies its own default of FIVE MINUTES — silently looser than every other validator in this system:
services/Diten.HumanCapitalService/src/Diten.HumanCapitalService.Api/Program.cs
services/Diten.TalentEcosystemService/src/Diten.TalentEcosystemService.Api/Program.cs
  Stack Trace:
     at TenantArchitecture.ArchitectureTests.JwtClockSkewGuardTests.EveryLifetimeValidatingFileDeclaresTheSharedSkew() in /Users/natig/Projects/ERP-vNext-recovery/tests/architecture/TenantArchitecture.ArchitectureTests/JwtClockSkewGuardTests.cs:line 93
   at System.RuntimeMethodHandle.InvokeMethod(Object target, Void** arguments, Signature sig, Boolean isConstructor)
   at System.Reflection.MethodBaseInvoker.InvokeWithNoArgs(Object obj, BindingFlags invokeAttr)
WARNING: Overwriting results file: /private/tmp/mod0183-dev-r3/architecture.trx
Results File: /private/tmp/mod0183-dev-r3/architecture.trx

Failed!  - Failed:     3, Passed:    15, Skipped:     0, Total:    18, Duration: 6 s - TenantArchitecture.ArchitectureTests.dll (net8.0)
