
Welcome to .NET 8.0!
---------------------
SDK Version: 8.0.417

Telemetry
---------
The .NET tools collect usage data in order to help us improve your experience. It is collected by Microsoft and shared with the community. You can opt-out of telemetry by setting the DOTNET_CLI_TELEMETRY_OPTOUT environment variable to '1' or 'true' using your favorite shell.

Read more about .NET CLI Tools telemetry: https://aka.ms/dotnet-cli-telemetry
CSSM_ModuleLoad(): One or more parameters passed to a function were not valid.

----------------
Installed an ASP.NET Core HTTPS development certificate.
To trust the certificate, run 'dotnet dev-certs https --trust'
Learn about HTTPS: https://aka.ms/dotnet-https

----------------
Write your first app: https://aka.ms/dotnet-hello-world
Find out what's new: https://aka.ms/dotnet-whats-new
Explore documentation: https://aka.ms/dotnet-docs
Report issues and find source on GitHub: https://github.com/dotnet/core
Use 'dotnet --help' to see available commands or visit: https://aka.ms/dotnet-cli
--------------------------------------------------------------------------------------
An issue was encountered verifying workloads. For more information, run "dotnet workload update".
  Determining projects to restore...
  Restored /Users/natig/Projects/ERP-vNext-recovery/services/Diten.SupplyChainService/src/Diten.SupplyChainService.Domain/Diten.SupplyChainService.Domain.csproj (in 136 ms).
  Restored /Users/natig/Projects/ERP-vNext-recovery/services/Diten.Building.Blocks/src/Diten.BuildingBlocks.Eventing/Diten.BuildingBlocks.Eventing.csproj (in 136 ms).
  Restored /Users/natig/Projects/ERP-vNext-recovery/services/Diten.SupplyChainService/src/Diten.SupplyChainService.Infrastructure/Diten.SupplyChainService.Infrastructure.csproj (in 612 ms).
  Restored /Users/natig/Projects/ERP-vNext-recovery/services/Diten.SupplyChainService/src/Diten.SupplyChainService.Application/Diten.SupplyChainService.Application.csproj (in 664 ms).
  Restored /Users/natig/Projects/ERP-vNext-recovery/services/Diten.Building.Blocks/Diten.BuildingBlocks.Security.Secrets/Diten.BuildingBlocks.Security.Secrets.csproj (in 2.07 sec).
  Restored /Users/natig/Projects/ERP-vNext-recovery/services/Diten.SupplyChainService/src/Diten.SupplyChainService.Persistence/Diten.SupplyChainService.Persistence.csproj (in 2.96 sec).
  Restored /Users/natig/Projects/ERP-vNext-recovery/services/Diten.SupplyChainService/src/Diten.SupplyChainService.Api/Diten.SupplyChainService.Api.csproj (in 2.96 sec).
  Restored /Users/natig/Projects/ERP-vNext-recovery/services/Diten.SupplyChainService/tests/Diten.SupplyChainService.Tests/Diten.SupplyChainService.Tests.csproj (in 2.98 sec).
  Diten.SupplyChainService.Domain -> /Users/natig/Projects/ERP-vNext-recovery/services/Diten.SupplyChainService/src/Diten.SupplyChainService.Domain/bin/Debug/net8.0/Diten.SupplyChainService.Domain.dll
  Diten.SupplyChainService.Application -> /Users/natig/Projects/ERP-vNext-recovery/services/Diten.SupplyChainService/src/Diten.SupplyChainService.Application/bin/Debug/net8.0/Diten.SupplyChainService.Application.dll
  Diten.BuildingBlocks.Eventing -> /Users/natig/Projects/ERP-vNext-recovery/services/Diten.Building.Blocks/src/Diten.BuildingBlocks.Eventing/bin/Debug/net8.0/Diten.BuildingBlocks.Eventing.dll
  Diten.SupplyChainService.Persistence -> /Users/natig/Projects/ERP-vNext-recovery/services/Diten.SupplyChainService/src/Diten.SupplyChainService.Persistence/bin/Debug/net8.0/Diten.SupplyChainService.Persistence.dll
  Diten.SupplyChainService.Infrastructure -> /Users/natig/Projects/ERP-vNext-recovery/services/Diten.SupplyChainService/src/Diten.SupplyChainService.Infrastructure/bin/Debug/net8.0/Diten.SupplyChainService.Infrastructure.dll
  Diten.BuildingBlocks.Security.Secrets -> /Users/natig/Projects/ERP-vNext-recovery/services/Diten.Building.Blocks/Diten.BuildingBlocks.Security.Secrets/bin/Debug/net8.0/Diten.BuildingBlocks.Security.Secrets.dll
  Diten.SupplyChainService.Api -> /Users/natig/Projects/ERP-vNext-recovery/services/Diten.SupplyChainService/src/Diten.SupplyChainService.Api/bin/Debug/net8.0/Diten.SupplyChainService.Api.dll
  Diten.SupplyChainService.Tests -> /Users/natig/Projects/ERP-vNext-recovery/services/Diten.SupplyChainService/tests/Diten.SupplyChainService.Tests/bin/Debug/net8.0/Diten.SupplyChainService.Tests.dll

Build succeeded.
    0 Warning(s)
    0 Error(s)

Time Elapsed 00:00:35.65
