Test run for /private/tmp/mvp6-shipment-root-r2-emission-rework-01/target/services/Diten.SupplyChainService/tests/Diten.SupplyChainService.Tests/bin/Release/net8.0/Diten.SupplyChainService.Tests.dll (.NETCoreApp,Version=v8.0)
VSTest version 17.11.1 (arm64)

Starting test execution, please wait...
A total of 1 test files matched the specified pattern.
[xUnit.net 00:00:00.63]     Diten.SupplyChainService.Tests.ShipmentTests.NormalizedReplayAndCrossScopeListRemainIsolated [FAIL]
[xUnit.net 00:00:00.68]     Diten.SupplyChainService.Tests.ShipmentTests.PodNoteBoundaryCountsScalarsAndRejectsWithoutWrites [FAIL]
[xUnit.net 00:00:00.72]     Diten.SupplyChainService.Tests.ShipmentTests.CancelPermissionIsRequiredAndCannotDispatch [FAIL]
  Failed Diten.SupplyChainService.Tests.ShipmentTests.NormalizedReplayAndCrossScopeListRemainIsolated [230 ms]
  Error Message:
   MongoDB.Bson.BsonSerializationException : There is already a serializer registered for type Guid.
  Stack Trace:
     at MongoDB.Bson.Serialization.BsonSerializerRegistry.RegisterSerializer(Type type, IBsonSerializer serializer)
   at MongoDB.Bson.Serialization.BsonSerializer.RegisterSerializer(Type type, IBsonSerializer serializer)
   at MongoDB.Bson.Serialization.BsonSerializer.RegisterSerializer[T](IBsonSerializer`1 serializer)
   at Diten.SupplyChainService.Persistence.DependencyInjection.AddPersistence(IServiceCollection services, IConfiguration configuration) in /private/tmp/mvp6-shipment-root-r2-emission-rework-01/target/services/Diten.SupplyChainService/src/Diten.SupplyChainService.Persistence/DependencyInjection.cs:line 22
   at Program.<Main>$(String[] args) in /private/tmp/mvp6-shipment-root-r2-emission-rework-01/target/services/Diten.SupplyChainService/src/Diten.SupplyChainService.Api/Program.cs:line 68
   at System.RuntimeMethodHandle.InvokeMethod(Object target, Void** arguments, Signature sig, Boolean isConstructor)
   at System.Reflection.MethodBaseInvoker.InvokeDirectByRefWithFewArgs(Object obj, Span`1 copyOfArgs, BindingFlags invokeAttr)
--- End of stack trace from previous location ---
   at Microsoft.Extensions.Hosting.HostFactoryResolver.HostingListener.CreateHost()
   at Microsoft.Extensions.Hosting.HostFactoryResolver.<>c__DisplayClass10_0.<ResolveHostFactory>b__0(String[] args)
   at Microsoft.AspNetCore.Mvc.Testing.DeferredHostBuilder.Build()
   at Microsoft.AspNetCore.Mvc.Testing.WebApplicationFactory`1.CreateHost(IHostBuilder builder)
   at Diten.SupplyChainService.Tests.ShipmentTests.Factory.CreateHost(IHostBuilder builder) in /private/tmp/mvp6-shipment-root-r2-emission-rework-01/target/services/Diten.SupplyChainService/tests/Diten.SupplyChainService.Tests/ShipmentTests.cs:line 58
   at Microsoft.AspNetCore.Mvc.Testing.WebApplicationFactory`1.ConfigureHostBuilder(IHostBuilder hostBuilder)
   at Microsoft.AspNetCore.Mvc.Testing.WebApplicationFactory`1.EnsureServer()
   at Microsoft.AspNetCore.Mvc.Testing.WebApplicationFactory`1.CreateDefaultClient(DelegatingHandler[] handlers)
   at Microsoft.AspNetCore.Mvc.Testing.WebApplicationFactory`1.CreateDefaultClient(Uri baseAddress, DelegatingHandler[] handlers)
   at Microsoft.AspNetCore.Mvc.Testing.WebApplicationFactory`1.CreateClient(WebApplicationFactoryClientOptions options)
   at Microsoft.AspNetCore.Mvc.Testing.WebApplicationFactory`1.CreateClient()
   at Diten.SupplyChainService.Tests.ShipmentTests.NormalizedReplayAndCrossScopeListRemainIsolated() in /private/tmp/mvp6-shipment-root-r2-emission-rework-01/target/services/Diten.SupplyChainService/tests/Diten.SupplyChainService.Tests/ShipmentTests.cs:line 278
--- End of stack trace from previous location ---
  Failed Diten.SupplyChainService.Tests.ShipmentTests.PodNoteBoundaryCountsScalarsAndRejectsWithoutWrites [45 ms]
  Error Message:
   MongoDB.Bson.BsonSerializationException : There is already a serializer registered for type Guid.
  Stack Trace:
     at MongoDB.Bson.Serialization.BsonSerializerRegistry.RegisterSerializer(Type type, IBsonSerializer serializer)
   at MongoDB.Bson.Serialization.BsonSerializer.RegisterSerializer(Type type, IBsonSerializer serializer)
   at MongoDB.Bson.Serialization.BsonSerializer.RegisterSerializer[T](IBsonSerializer`1 serializer)
   at Diten.SupplyChainService.Persistence.DependencyInjection.AddPersistence(IServiceCollection services, IConfiguration configuration) in /private/tmp/mvp6-shipment-root-r2-emission-rework-01/target/services/Diten.SupplyChainService/src/Diten.SupplyChainService.Persistence/DependencyInjection.cs:line 22
   at Program.<Main>$(String[] args) in /private/tmp/mvp6-shipment-root-r2-emission-rework-01/target/services/Diten.SupplyChainService/src/Diten.SupplyChainService.Api/Program.cs:line 68
   at InvokeStub_Program.<Main>$(Object, Span`1)
   at System.Reflection.MethodBaseInvoker.InvokeWithOneArg(Object obj, BindingFlags invokeAttr, Binder binder, Object[] parameters, CultureInfo culture)
--- End of stack trace from previous location ---
   at Microsoft.Extensions.Hosting.HostFactoryResolver.HostingListener.CreateHost()
   at Microsoft.Extensions.Hosting.HostFactoryResolver.<>c__DisplayClass10_0.<ResolveHostFactory>b__0(String[] args)
   at Microsoft.AspNetCore.Mvc.Testing.DeferredHostBuilder.Build()
   at Microsoft.AspNetCore.Mvc.Testing.WebApplicationFactory`1.CreateHost(IHostBuilder builder)
   at Diten.SupplyChainService.Tests.ShipmentTests.Factory.CreateHost(IHostBuilder builder) in /private/tmp/mvp6-shipment-root-r2-emission-rework-01/target/services/Diten.SupplyChainService/tests/Diten.SupplyChainService.Tests/ShipmentTests.cs:line 58
   at Microsoft.AspNetCore.Mvc.Testing.WebApplicationFactory`1.ConfigureHostBuilder(IHostBuilder hostBuilder)
   at Microsoft.AspNetCore.Mvc.Testing.WebApplicationFactory`1.EnsureServer()
   at Microsoft.AspNetCore.Mvc.Testing.WebApplicationFactory`1.CreateDefaultClient(DelegatingHandler[] handlers)
   at Microsoft.AspNetCore.Mvc.Testing.WebApplicationFactory`1.CreateDefaultClient(Uri baseAddress, DelegatingHandler[] handlers)
   at Microsoft.AspNetCore.Mvc.Testing.WebApplicationFactory`1.CreateClient(WebApplicationFactoryClientOptions options)
   at Microsoft.AspNetCore.Mvc.Testing.WebApplicationFactory`1.CreateClient()
   at Diten.SupplyChainService.Tests.ShipmentTests.PodNoteBoundaryCountsScalarsAndRejectsWithoutWrites() in /private/tmp/mvp6-shipment-root-r2-emission-rework-01/target/services/Diten.SupplyChainService/tests/Diten.SupplyChainService.Tests/ShipmentTests.cs:line 345
--- End of stack trace from previous location ---
  Failed Diten.SupplyChainService.Tests.ShipmentTests.CancelPermissionIsRequiredAndCannotDispatch [44 ms]
  Error Message:
   MongoDB.Bson.BsonSerializationException : There is already a serializer registered for type Guid.
  Stack Trace:
     at MongoDB.Bson.Serialization.BsonSerializerRegistry.RegisterSerializer(Type type, IBsonSerializer serializer)
   at MongoDB.Bson.Serialization.BsonSerializer.RegisterSerializer(Type type, IBsonSerializer serializer)
   at MongoDB.Bson.Serialization.BsonSerializer.RegisterSerializer[T](IBsonSerializer`1 serializer)
   at Diten.SupplyChainService.Persistence.DependencyInjection.AddPersistence(IServiceCollection services, IConfiguration configuration) in /private/tmp/mvp6-shipment-root-r2-emission-rework-01/target/services/Diten.SupplyChainService/src/Diten.SupplyChainService.Persistence/DependencyInjection.cs:line 22
   at Program.<Main>$(String[] args) in /private/tmp/mvp6-shipment-root-r2-emission-rework-01/target/services/Diten.SupplyChainService/src/Diten.SupplyChainService.Api/Program.cs:line 68
   at InvokeStub_Program.<Main>$(Object, Span`1)
   at System.Reflection.MethodBaseInvoker.InvokeWithOneArg(Object obj, BindingFlags invokeAttr, Binder binder, Object[] parameters, CultureInfo culture)
--- End of stack trace from previous location ---
   at Microsoft.Extensions.Hosting.HostFactoryResolver.HostingListener.CreateHost()
   at Microsoft.Extensions.Hosting.HostFactoryResolver.<>c__DisplayClass10_0.<ResolveHostFactory>b__0(String[] args)
   at Microsoft.AspNetCore.Mvc.Testing.DeferredHostBuilder.Build()
   at Microsoft.AspNetCore.Mvc.Testing.WebApplicationFactory`1.CreateHost(IHostBuilder builder)
   at Diten.SupplyChainService.Tests.ShipmentTests.Factory.CreateHost(IHostBuilder builder) in /private/tmp/mvp6-shipment-root-r2-emission-rework-01/target/services/Diten.SupplyChainService/tests/Diten.SupplyChainService.Tests/ShipmentTests.cs:line 58
   at Microsoft.AspNetCore.Mvc.Testing.WebApplicationFactory`1.ConfigureHostBuilder(IHostBuilder hostBuilder)
   at Microsoft.AspNetCore.Mvc.Testing.WebApplicationFactory`1.EnsureServer()
   at Microsoft.AspNetCore.Mvc.Testing.WebApplicationFactory`1.CreateDefaultClient(DelegatingHandler[] handlers)
   at Microsoft.AspNetCore.Mvc.Testing.WebApplicationFactory`1.CreateDefaultClient(Uri baseAddress, DelegatingHandler[] handlers)
   at Microsoft.AspNetCore.Mvc.Testing.WebApplicationFactory`1.CreateClient(WebApplicationFactoryClientOptions options)
   at Microsoft.AspNetCore.Mvc.Testing.WebApplicationFactory`1.CreateClient()
   at Diten.SupplyChainService.Tests.ShipmentTests.CancelPermissionIsRequiredAndCannotDispatch() in /private/tmp/mvp6-shipment-root-r2-emission-rework-01/target/services/Diten.SupplyChainService/tests/Diten.SupplyChainService.Tests/ShipmentTests.cs:line 247
--- End of stack trace from previous location ---
[xUnit.net 00:00:00.76]     Diten.SupplyChainService.Tests.ShipmentTests.UnicodeQuantityIsRejectedBeforeAnyPersistence [FAIL]
[xUnit.net 00:00:00.83]     Diten.SupplyChainService.Tests.ShipmentTests.FailureBeforeCommitRollsBackEveryRecordAndRetrySucceeds [FAIL]
[xUnit.net 00:00:00.87]     Diten.SupplyChainService.Tests.ShipmentTests.OutboxRetryPreservesCanonicalBytesAndIdentity [FAIL]
[xUnit.net 00:00:00.92]     Diten.SupplyChainService.Tests.ShipmentTests.TransitionNoteBoundaryCountsScalarsAndRejectsWithoutWrites [FAIL]
[xUnit.net 00:00:00.97]     Diten.SupplyChainService.Tests.ShipmentTests.AllowedBranchesAndPodFailureHaveAtomicHistory [FAIL]
[xUnit.net 00:00:01.01]     Diten.SupplyChainService.Tests.ShipmentTests.Scope_Rbac_Schema_AndCorrelationFailClosed [FAIL]
[xUnit.net 00:00:01.06]     Diten.SupplyChainService.Tests.ShipmentTests.GoldenFlow_Replay_Outbox_AndRestartAreDurable [FAIL]
[xUnit.net 00:00:01.11]     Diten.SupplyChainService.Tests.ShipmentTests.ReplayConflict_AndConcurrentCreateOrTransitionProduceOneWinner [FAIL]
[xUnit.net 00:00:01.15]     Diten.SupplyChainService.Tests.ShipmentTests.EveryForbiddenTransitionLeavesPersistenceUnchanged [FAIL]
  Failed Diten.SupplyChainService.Tests.ShipmentTests.UnicodeQuantityIsRejectedBeforeAnyPersistence [41 ms]
  Error Message:
   MongoDB.Bson.BsonSerializationException : There is already a serializer registered for type Guid.
  Stack Trace:
     at MongoDB.Bson.Serialization.BsonSerializerRegistry.RegisterSerializer(Type type, IBsonSerializer serializer)
   at MongoDB.Bson.Serialization.BsonSerializer.RegisterSerializer(Type type, IBsonSerializer serializer)
   at MongoDB.Bson.Serialization.BsonSerializer.RegisterSerializer[T](IBsonSerializer`1 serializer)
   at Diten.SupplyChainService.Persistence.DependencyInjection.AddPersistence(IServiceCollection services, IConfiguration configuration) in /private/tmp/mvp6-shipment-root-r2-emission-rework-01/target/services/Diten.SupplyChainService/src/Diten.SupplyChainService.Persistence/DependencyInjection.cs:line 22
   at Program.<Main>$(String[] args) in /private/tmp/mvp6-shipment-root-r2-emission-rework-01/target/services/Diten.SupplyChainService/src/Diten.SupplyChainService.Api/Program.cs:line 68
   at InvokeStub_Program.<Main>$(Object, Span`1)
   at System.Reflection.MethodBaseInvoker.InvokeWithOneArg(Object obj, BindingFlags invokeAttr, Binder binder, Object[] parameters, CultureInfo culture)
--- End of stack trace from previous location ---
   at Microsoft.Extensions.Hosting.HostFactoryResolver.HostingListener.CreateHost()
   at Microsoft.Extensions.Hosting.HostFactoryResolver.<>c__DisplayClass10_0.<ResolveHostFactory>b__0(String[] args)
   at Microsoft.AspNetCore.Mvc.Testing.DeferredHostBuilder.Build()
   at Microsoft.AspNetCore.Mvc.Testing.WebApplicationFactory`1.CreateHost(IHostBuilder builder)
   at Diten.SupplyChainService.Tests.ShipmentTests.Factory.CreateHost(IHostBuilder builder) in /private/tmp/mvp6-shipment-root-r2-emission-rework-01/target/services/Diten.SupplyChainService/tests/Diten.SupplyChainService.Tests/ShipmentTests.cs:line 58
   at Microsoft.AspNetCore.Mvc.Testing.WebApplicationFactory`1.ConfigureHostBuilder(IHostBuilder hostBuilder)
   at Microsoft.AspNetCore.Mvc.Testing.WebApplicationFactory`1.EnsureServer()
   at Microsoft.AspNetCore.Mvc.Testing.WebApplicationFactory`1.CreateDefaultClient(DelegatingHandler[] handlers)
   at Microsoft.AspNetCore.Mvc.Testing.WebApplicationFactory`1.CreateDefaultClient(Uri baseAddress, DelegatingHandler[] handlers)
   at Microsoft.AspNetCore.Mvc.Testing.WebApplicationFactory`1.CreateClient(WebApplicationFactoryClientOptions options)
   at Microsoft.AspNetCore.Mvc.Testing.WebApplicationFactory`1.CreateClient()
   at Diten.SupplyChainService.Tests.ShipmentTests.UnicodeQuantityIsRejectedBeforeAnyPersistence() in /private/tmp/mvp6-shipment-root-r2-emission-rework-01/target/services/Diten.SupplyChainService/tests/Diten.SupplyChainService.Tests/ShipmentTests.cs:line 312
--- End of stack trace from previous location ---
  Failed Diten.SupplyChainService.Tests.ShipmentTests.FailureBeforeCommitRollsBackEveryRecordAndRetrySucceeds [62 ms]
  Error Message:
   MongoDB.Bson.BsonSerializationException : There is already a serializer registered for type Guid.
  Stack Trace:
     at MongoDB.Bson.Serialization.BsonSerializerRegistry.RegisterSerializer(Type type, IBsonSerializer serializer)
   at MongoDB.Bson.Serialization.BsonSerializer.RegisterSerializer(Type type, IBsonSerializer serializer)
   at MongoDB.Bson.Serialization.BsonSerializer.RegisterSerializer[T](IBsonSerializer`1 serializer)
   at Diten.SupplyChainService.Persistence.DependencyInjection.AddPersistence(IServiceCollection services, IConfiguration configuration) in /private/tmp/mvp6-shipment-root-r2-emission-rework-01/target/services/Diten.SupplyChainService/src/Diten.SupplyChainService.Persistence/DependencyInjection.cs:line 22
   at Program.<Main>$(String[] args) in /private/tmp/mvp6-shipment-root-r2-emission-rework-01/target/services/Diten.SupplyChainService/src/Diten.SupplyChainService.Api/Program.cs:line 68
   at InvokeStub_Program.<Main>$(Object, Span`1)
   at System.Reflection.MethodBaseInvoker.InvokeWithOneArg(Object obj, BindingFlags invokeAttr, Binder binder, Object[] parameters, CultureInfo culture)
--- End of stack trace from previous location ---
   at Microsoft.Extensions.Hosting.HostFactoryResolver.HostingListener.CreateHost()
   at Microsoft.Extensions.Hosting.HostFactoryResolver.<>c__DisplayClass10_0.<ResolveHostFactory>b__0(String[] args)
   at Microsoft.AspNetCore.Mvc.Testing.DeferredHostBuilder.Build()
   at Microsoft.AspNetCore.Mvc.Testing.WebApplicationFactory`1.CreateHost(IHostBuilder builder)
   at Diten.SupplyChainService.Tests.ShipmentTests.Factory.CreateHost(IHostBuilder builder) in /private/tmp/mvp6-shipment-root-r2-emission-rework-01/target/services/Diten.SupplyChainService/tests/Diten.SupplyChainService.Tests/ShipmentTests.cs:line 58
   at Microsoft.AspNetCore.Mvc.Testing.WebApplicationFactory`1.ConfigureHostBuilder(IHostBuilder hostBuilder)
   at Microsoft.AspNetCore.Mvc.Testing.WebApplicationFactory`1.EnsureServer()
   at Microsoft.AspNetCore.Mvc.Testing.WebApplicationFactory`1.CreateDefaultClient(DelegatingHandler[] handlers)
   at Microsoft.AspNetCore.Mvc.Testing.WebApplicationFactory`1.CreateDefaultClient(Uri baseAddress, DelegatingHandler[] handlers)
   at Microsoft.AspNetCore.Mvc.Testing.WebApplicationFactory`1.CreateClient(WebApplicationFactoryClientOptions options)
   at Microsoft.AspNetCore.Mvc.Testing.WebApplicationFactory`1.CreateClient()
   at Diten.SupplyChainService.Tests.ShipmentTests.FailureBeforeCommitRollsBackEveryRecordAndRetrySucceeds() in /private/tmp/mvp6-shipment-root-r2-emission-rework-01/target/services/Diten.SupplyChainService/tests/Diten.SupplyChainService.Tests/ShipmentTests.cs:line 210
--- End of stack trace from previous location ---
  Failed Diten.SupplyChainService.Tests.ShipmentTests.OutboxRetryPreservesCanonicalBytesAndIdentity [48 ms]
  Error Message:
   MongoDB.Bson.BsonSerializationException : There is already a serializer registered for type Guid.
  Stack Trace:
     at MongoDB.Bson.Serialization.BsonSerializerRegistry.RegisterSerializer(Type type, IBsonSerializer serializer)
   at MongoDB.Bson.Serialization.BsonSerializer.RegisterSerializer(Type type, IBsonSerializer serializer)
   at MongoDB.Bson.Serialization.BsonSerializer.RegisterSerializer[T](IBsonSerializer`1 serializer)
   at Diten.SupplyChainService.Persistence.DependencyInjection.AddPersistence(IServiceCollection services, IConfiguration configuration) in /private/tmp/mvp6-shipment-root-r2-emission-rework-01/target/services/Diten.SupplyChainService/src/Diten.SupplyChainService.Persistence/DependencyInjection.cs:line 22
   at Program.<Main>$(String[] args) in /private/tmp/mvp6-shipment-root-r2-emission-rework-01/target/services/Diten.SupplyChainService/src/Diten.SupplyChainService.Api/Program.cs:line 68
   at InvokeStub_Program.<Main>$(Object, Span`1)
   at System.Reflection.MethodBaseInvoker.InvokeWithOneArg(Object obj, BindingFlags invokeAttr, Binder binder, Object[] parameters, CultureInfo culture)
--- End of stack trace from previous location ---
   at Microsoft.Extensions.Hosting.HostFactoryResolver.HostingListener.CreateHost()
   at Microsoft.Extensions.Hosting.HostFactoryResolver.<>c__DisplayClass10_0.<ResolveHostFactory>b__0(String[] args)
   at Microsoft.AspNetCore.Mvc.Testing.DeferredHostBuilder.Build()
   at Microsoft.AspNetCore.Mvc.Testing.WebApplicationFactory`1.CreateHost(IHostBuilder builder)
   at Diten.SupplyChainService.Tests.ShipmentTests.Factory.CreateHost(IHostBuilder builder) in /private/tmp/mvp6-shipment-root-r2-emission-rework-01/target/services/Diten.SupplyChainService/tests/Diten.SupplyChainService.Tests/ShipmentTests.cs:line 58
   at Microsoft.AspNetCore.Mvc.Testing.WebApplicationFactory`1.ConfigureHostBuilder(IHostBuilder hostBuilder)
   at Microsoft.AspNetCore.Mvc.Testing.WebApplicationFactory`1.EnsureServer()
   at Microsoft.AspNetCore.Mvc.Testing.WebApplicationFactory`1.CreateDefaultClient(DelegatingHandler[] handlers)
   at Microsoft.AspNetCore.Mvc.Testing.WebApplicationFactory`1.CreateDefaultClient(Uri baseAddress, DelegatingHandler[] handlers)
   at Microsoft.AspNetCore.Mvc.Testing.WebApplicationFactory`1.CreateClient(WebApplicationFactoryClientOptions options)
   at Microsoft.AspNetCore.Mvc.Testing.WebApplicationFactory`1.CreateClient()
   at Diten.SupplyChainService.Tests.ShipmentTests.OutboxRetryPreservesCanonicalBytesAndIdentity() in /private/tmp/mvp6-shipment-root-r2-emission-rework-01/target/services/Diten.SupplyChainService/tests/Diten.SupplyChainService.Tests/ShipmentTests.cs:line 374
--- End of stack trace from previous location ---
  Failed Diten.SupplyChainService.Tests.ShipmentTests.TransitionNoteBoundaryCountsScalarsAndRejectsWithoutWrites [46 ms]
  Error Message:
   MongoDB.Bson.BsonSerializationException : There is already a serializer registered for type Guid.
  Stack Trace:
     at MongoDB.Bson.Serialization.BsonSerializerRegistry.RegisterSerializer(Type type, IBsonSerializer serializer)
   at MongoDB.Bson.Serialization.BsonSerializer.RegisterSerializer(Type type, IBsonSerializer serializer)
   at MongoDB.Bson.Serialization.BsonSerializer.RegisterSerializer[T](IBsonSerializer`1 serializer)
   at Diten.SupplyChainService.Persistence.DependencyInjection.AddPersistence(IServiceCollection services, IConfiguration configuration) in /private/tmp/mvp6-shipment-root-r2-emission-rework-01/target/services/Diten.SupplyChainService/src/Diten.SupplyChainService.Persistence/DependencyInjection.cs:line 22
   at Program.<Main>$(String[] args) in /private/tmp/mvp6-shipment-root-r2-emission-rework-01/target/services/Diten.SupplyChainService/src/Diten.SupplyChainService.Api/Program.cs:line 68
   at InvokeStub_Program.<Main>$(Object, Span`1)
   at System.Reflection.MethodBaseInvoker.InvokeWithOneArg(Object obj, BindingFlags invokeAttr, Binder binder, Object[] parameters, CultureInfo culture)
--- End of stack trace from previous location ---
   at Microsoft.Extensions.Hosting.HostFactoryResolver.HostingListener.CreateHost()
   at Microsoft.Extensions.Hosting.HostFactoryResolver.<>c__DisplayClass10_0.<ResolveHostFactory>b__0(String[] args)
   at Microsoft.AspNetCore.Mvc.Testing.DeferredHostBuilder.Build()
   at Microsoft.AspNetCore.Mvc.Testing.WebApplicationFactory`1.CreateHost(IHostBuilder builder)
   at Diten.SupplyChainService.Tests.ShipmentTests.Factory.CreateHost(IHostBuilder builder) in /private/tmp/mvp6-shipment-root-r2-emission-rework-01/target/services/Diten.SupplyChainService/tests/Diten.SupplyChainService.Tests/ShipmentTests.cs:line 58
   at Microsoft.AspNetCore.Mvc.Testing.WebApplicationFactory`1.ConfigureHostBuilder(IHostBuilder hostBuilder)
   at Microsoft.AspNetCore.Mvc.Testing.WebApplicationFactory`1.EnsureServer()
   at Microsoft.AspNetCore.Mvc.Testing.WebApplicationFactory`1.CreateDefaultClient(DelegatingHandler[] handlers)
   at Microsoft.AspNetCore.Mvc.Testing.WebApplicationFactory`1.CreateDefaultClient(Uri baseAddress, DelegatingHandler[] handlers)
   at Microsoft.AspNetCore.Mvc.Testing.WebApplicationFactory`1.CreateClient(WebApplicationFactoryClientOptions options)
   at Microsoft.AspNetCore.Mvc.Testing.WebApplicationFactory`1.CreateClient()
   at Diten.SupplyChainService.Tests.ShipmentTests.TransitionNoteBoundaryCountsScalarsAndRejectsWithoutWrites() in /private/tmp/mvp6-shipment-root-r2-emission-rework-01/target/services/Diten.SupplyChainService/tests/Diten.SupplyChainService.Tests/ShipmentTests.cs:line 328
--- End of stack trace from previous location ---
  Failed Diten.SupplyChainService.Tests.ShipmentTests.AllowedBranchesAndPodFailureHaveAtomicHistory [46 ms]
  Error Message:
   MongoDB.Bson.BsonSerializationException : There is already a serializer registered for type Guid.
  Stack Trace:
     at MongoDB.Bson.Serialization.BsonSerializerRegistry.RegisterSerializer(Type type, IBsonSerializer serializer)
   at MongoDB.Bson.Serialization.BsonSerializer.RegisterSerializer(Type type, IBsonSerializer serializer)
   at MongoDB.Bson.Serialization.BsonSerializer.RegisterSerializer[T](IBsonSerializer`1 serializer)
   at Diten.SupplyChainService.Persistence.DependencyInjection.AddPersistence(IServiceCollection services, IConfiguration configuration) in /private/tmp/mvp6-shipment-root-r2-emission-rework-01/target/services/Diten.SupplyChainService/src/Diten.SupplyChainService.Persistence/DependencyInjection.cs:line 22
   at Program.<Main>$(String[] args) in /private/tmp/mvp6-shipment-root-r2-emission-rework-01/target/services/Diten.SupplyChainService/src/Diten.SupplyChainService.Api/Program.cs:line 68
   at InvokeStub_Program.<Main>$(Object, Span`1)
   at System.Reflection.MethodBaseInvoker.InvokeWithOneArg(Object obj, BindingFlags invokeAttr, Binder binder, Object[] parameters, CultureInfo culture)
--- End of stack trace from previous location ---
   at Microsoft.Extensions.Hosting.HostFactoryResolver.HostingListener.CreateHost()
   at Microsoft.Extensions.Hosting.HostFactoryResolver.<>c__DisplayClass10_0.<ResolveHostFactory>b__0(String[] args)
   at Microsoft.AspNetCore.Mvc.Testing.DeferredHostBuilder.Build()
   at Microsoft.AspNetCore.Mvc.Testing.WebApplicationFactory`1.CreateHost(IHostBuilder builder)
   at Diten.SupplyChainService.Tests.ShipmentTests.Factory.CreateHost(IHostBuilder builder) in /private/tmp/mvp6-shipment-root-r2-emission-rework-01/target/services/Diten.SupplyChainService/tests/Diten.SupplyChainService.Tests/ShipmentTests.cs:line 58
   at Microsoft.AspNetCore.Mvc.Testing.WebApplicationFactory`1.ConfigureHostBuilder(IHostBuilder hostBuilder)
   at Microsoft.AspNetCore.Mvc.Testing.WebApplicationFactory`1.EnsureServer()
   at Microsoft.AspNetCore.Mvc.Testing.WebApplicationFactory`1.CreateDefaultClient(DelegatingHandler[] handlers)
   at Microsoft.AspNetCore.Mvc.Testing.WebApplicationFactory`1.CreateDefaultClient(Uri baseAddress, DelegatingHandler[] handlers)
   at Microsoft.AspNetCore.Mvc.Testing.WebApplicationFactory`1.CreateClient(WebApplicationFactoryClientOptions options)
   at Microsoft.AspNetCore.Mvc.Testing.WebApplicationFactory`1.CreateClient()
   at Diten.SupplyChainService.Tests.ShipmentTests.AllowedBranchesAndPodFailureHaveAtomicHistory() in /private/tmp/mvp6-shipment-root-r2-emission-rework-01/target/services/Diten.SupplyChainService/tests/Diten.SupplyChainService.Tests/ShipmentTests.cs:line 257
--- End of stack trace from previous location ---
  Failed Diten.SupplyChainService.Tests.ShipmentTests.Scope_Rbac_Schema_AndCorrelationFailClosed [46 ms]
  Error Message:
   MongoDB.Bson.BsonSerializationException : There is already a serializer registered for type Guid.
  Stack Trace:
     at MongoDB.Bson.Serialization.BsonSerializerRegistry.RegisterSerializer(Type type, IBsonSerializer serializer)
   at MongoDB.Bson.Serialization.BsonSerializer.RegisterSerializer(Type type, IBsonSerializer serializer)
   at MongoDB.Bson.Serialization.BsonSerializer.RegisterSerializer[T](IBsonSerializer`1 serializer)
   at Diten.SupplyChainService.Persistence.DependencyInjection.AddPersistence(IServiceCollection services, IConfiguration configuration) in /private/tmp/mvp6-shipment-root-r2-emission-rework-01/target/services/Diten.SupplyChainService/src/Diten.SupplyChainService.Persistence/DependencyInjection.cs:line 22
   at Program.<Main>$(String[] args) in /private/tmp/mvp6-shipment-root-r2-emission-rework-01/target/services/Diten.SupplyChainService/src/Diten.SupplyChainService.Api/Program.cs:line 68
   at InvokeStub_Program.<Main>$(Object, Span`1)
   at System.Reflection.MethodBaseInvoker.InvokeWithOneArg(Object obj, BindingFlags invokeAttr, Binder binder, Object[] parameters, CultureInfo culture)
--- End of stack trace from previous location ---
   at Microsoft.Extensions.Hosting.HostFactoryResolver.HostingListener.CreateHost()
   at Microsoft.Extensions.Hosting.HostFactoryResolver.<>c__DisplayClass10_0.<ResolveHostFactory>b__0(String[] args)
   at Microsoft.AspNetCore.Mvc.Testing.DeferredHostBuilder.Build()
   at Microsoft.AspNetCore.Mvc.Testing.WebApplicationFactory`1.CreateHost(IHostBuilder builder)
   at Diten.SupplyChainService.Tests.ShipmentTests.Factory.CreateHost(IHostBuilder builder) in /private/tmp/mvp6-shipment-root-r2-emission-rework-01/target/services/Diten.SupplyChainService/tests/Diten.SupplyChainService.Tests/ShipmentTests.cs:line 58
   at Microsoft.AspNetCore.Mvc.Testing.WebApplicationFactory`1.ConfigureHostBuilder(IHostBuilder hostBuilder)
   at Microsoft.AspNetCore.Mvc.Testing.WebApplicationFactory`1.EnsureServer()
   at Microsoft.AspNetCore.Mvc.Testing.WebApplicationFactory`1.CreateDefaultClient(DelegatingHandler[] handlers)
   at Microsoft.AspNetCore.Mvc.Testing.WebApplicationFactory`1.CreateDefaultClient(Uri baseAddress, DelegatingHandler[] handlers)
   at Microsoft.AspNetCore.Mvc.Testing.WebApplicationFactory`1.CreateClient(WebApplicationFactoryClientOptions options)
   at Microsoft.AspNetCore.Mvc.Testing.WebApplicationFactory`1.CreateClient()
   at Diten.SupplyChainService.Tests.ShipmentTests.Scope_Rbac_Schema_AndCorrelationFailClosed() in /private/tmp/mvp6-shipment-root-r2-emission-rework-01/target/services/Diten.SupplyChainService/tests/Diten.SupplyChainService.Tests/ShipmentTests.cs:line 163
--- End of stack trace from previous location ---
  Failed Diten.SupplyChainService.Tests.ShipmentTests.GoldenFlow_Replay_Outbox_AndRestartAreDurable [49 ms]
  Error Message:
   MongoDB.Bson.BsonSerializationException : There is already a serializer registered for type Guid.
  Stack Trace:
     at MongoDB.Bson.Serialization.BsonSerializerRegistry.RegisterSerializer(Type type, IBsonSerializer serializer)
   at MongoDB.Bson.Serialization.BsonSerializer.RegisterSerializer(Type type, IBsonSerializer serializer)
   at MongoDB.Bson.Serialization.BsonSerializer.RegisterSerializer[T](IBsonSerializer`1 serializer)
   at Diten.SupplyChainService.Persistence.DependencyInjection.AddPersistence(IServiceCollection services, IConfiguration configuration) in /private/tmp/mvp6-shipment-root-r2-emission-rework-01/target/services/Diten.SupplyChainService/src/Diten.SupplyChainService.Persistence/DependencyInjection.cs:line 22
   at Program.<Main>$(String[] args) in /private/tmp/mvp6-shipment-root-r2-emission-rework-01/target/services/Diten.SupplyChainService/src/Diten.SupplyChainService.Api/Program.cs:line 68
   at InvokeStub_Program.<Main>$(Object, Span`1)
   at System.Reflection.MethodBaseInvoker.InvokeWithOneArg(Object obj, BindingFlags invokeAttr, Binder binder, Object[] parameters, CultureInfo culture)
--- End of stack trace from previous location ---
   at Microsoft.Extensions.Hosting.HostFactoryResolver.HostingListener.CreateHost()
   at Microsoft.Extensions.Hosting.HostFactoryResolver.<>c__DisplayClass10_0.<ResolveHostFactory>b__0(String[] args)
   at Microsoft.AspNetCore.Mvc.Testing.DeferredHostBuilder.Build()
   at Microsoft.AspNetCore.Mvc.Testing.WebApplicationFactory`1.CreateHost(IHostBuilder builder)
   at Diten.SupplyChainService.Tests.ShipmentTests.Factory.CreateHost(IHostBuilder builder) in /private/tmp/mvp6-shipment-root-r2-emission-rework-01/target/services/Diten.SupplyChainService/tests/Diten.SupplyChainService.Tests/ShipmentTests.cs:line 58
   at Microsoft.AspNetCore.Mvc.Testing.WebApplicationFactory`1.ConfigureHostBuilder(IHostBuilder hostBuilder)
   at Microsoft.AspNetCore.Mvc.Testing.WebApplicationFactory`1.EnsureServer()
   at Microsoft.AspNetCore.Mvc.Testing.WebApplicationFactory`1.CreateDefaultClient(DelegatingHandler[] handlers)
   at Microsoft.AspNetCore.Mvc.Testing.WebApplicationFactory`1.CreateDefaultClient(Uri baseAddress, DelegatingHandler[] handlers)
   at Microsoft.AspNetCore.Mvc.Testing.WebApplicationFactory`1.CreateClient(WebApplicationFactoryClientOptions options)
   at Microsoft.AspNetCore.Mvc.Testing.WebApplicationFactory`1.CreateClient()
   at Diten.SupplyChainService.Tests.ShipmentTests.GoldenFlow_Replay_Outbox_AndRestartAreDurable() in /private/tmp/mvp6-shipment-root-r2-emission-rework-01/target/services/Diten.SupplyChainService/tests/Diten.SupplyChainService.Tests/ShipmentTests.cs:line 125
--- End of stack trace from previous location ---
  Failed Diten.SupplyChainService.Tests.ShipmentTests.ReplayConflict_AndConcurrentCreateOrTransitionProduceOneWinner [41 ms]
  Error Message:
   MongoDB.Bson.BsonSerializationException : There is already a serializer registered for type Guid.
  Stack Trace:
     at MongoDB.Bson.Serialization.BsonSerializerRegistry.RegisterSerializer(Type type, IBsonSerializer serializer)
   at MongoDB.Bson.Serialization.BsonSerializer.RegisterSerializer(Type type, IBsonSerializer serializer)
   at MongoDB.Bson.Serialization.BsonSerializer.RegisterSerializer[T](IBsonSerializer`1 serializer)
   at Diten.SupplyChainService.Persistence.DependencyInjection.AddPersistence(IServiceCollection services, IConfiguration configuration) in /private/tmp/mvp6-shipment-root-r2-emission-rework-01/target/services/Diten.SupplyChainService/src/Diten.SupplyChainService.Persistence/DependencyInjection.cs:line 22
   at Program.<Main>$(String[] args) in /private/tmp/mvp6-shipment-root-r2-emission-rework-01/target/services/Diten.SupplyChainService/src/Diten.SupplyChainService.Api/Program.cs:line 68
   at InvokeStub_Program.<Main>$(Object, Span`1)
   at System.Reflection.MethodBaseInvoker.InvokeWithOneArg(Object obj, BindingFlags invokeAttr, Binder binder, Object[] parameters, CultureInfo culture)
--- End of stack trace from previous location ---
   at Microsoft.Extensions.Hosting.HostFactoryResolver.HostingListener.CreateHost()
   at Microsoft.Extensions.Hosting.HostFactoryResolver.<>c__DisplayClass10_0.<ResolveHostFactory>b__0(String[] args)
   at Microsoft.AspNetCore.Mvc.Testing.DeferredHostBuilder.Build()
   at Microsoft.AspNetCore.Mvc.Testing.WebApplicationFactory`1.CreateHost(IHostBuilder builder)
   at Diten.SupplyChainService.Tests.ShipmentTests.Factory.CreateHost(IHostBuilder builder) in /private/tmp/mvp6-shipment-root-r2-emission-rework-01/target/services/Diten.SupplyChainService/tests/Diten.SupplyChainService.Tests/ShipmentTests.cs:line 58
   at Microsoft.AspNetCore.Mvc.Testing.WebApplicationFactory`1.ConfigureHostBuilder(IHostBuilder hostBuilder)
   at Microsoft.AspNetCore.Mvc.Testing.WebApplicationFactory`1.EnsureServer()
   at Microsoft.AspNetCore.Mvc.Testing.WebApplicationFactory`1.CreateDefaultClient(DelegatingHandler[] handlers)
   at Microsoft.AspNetCore.Mvc.Testing.WebApplicationFactory`1.CreateDefaultClient(Uri baseAddress, DelegatingHandler[] handlers)
   at Microsoft.AspNetCore.Mvc.Testing.WebApplicationFactory`1.CreateClient(WebApplicationFactoryClientOptions options)
   at Microsoft.AspNetCore.Mvc.Testing.WebApplicationFactory`1.CreateClient()
   at Diten.SupplyChainService.Tests.ShipmentTests.ReplayConflict_AndConcurrentCreateOrTransitionProduceOneWinner() in /private/tmp/mvp6-shipment-root-r2-emission-rework-01/target/services/Diten.SupplyChainService/tests/Diten.SupplyChainService.Tests/ShipmentTests.cs:line 192
--- End of stack trace from previous location ---
  Failed Diten.SupplyChainService.Tests.ShipmentTests.EveryForbiddenTransitionLeavesPersistenceUnchanged [40 ms]
  Error Message:
   MongoDB.Bson.BsonSerializationException : There is already a serializer registered for type Guid.
  Stack Trace:
     at MongoDB.Bson.Serialization.BsonSerializerRegistry.RegisterSerializer(Type type, IBsonSerializer serializer)
   at MongoDB.Bson.Serialization.BsonSerializer.RegisterSerializer(Type type, IBsonSerializer serializer)
   at MongoDB.Bson.Serialization.BsonSerializer.RegisterSerializer[T](IBsonSerializer`1 serializer)
   at Diten.SupplyChainService.Persistence.DependencyInjection.AddPersistence(IServiceCollection services, IConfiguration configuration) in /private/tmp/mvp6-shipment-root-r2-emission-rework-01/target/services/Diten.SupplyChainService/src/Diten.SupplyChainService.Persistence/DependencyInjection.cs:line 22
   at Program.<Main>$(String[] args) in /private/tmp/mvp6-shipment-root-r2-emission-rework-01/target/services/Diten.SupplyChainService/src/Diten.SupplyChainService.Api/Program.cs:line 68
   at InvokeStub_Program.<Main>$(Object, Span`1)
   at System.Reflection.MethodBaseInvoker.InvokeWithOneArg(Object obj, BindingFlags invokeAttr, Binder binder, Object[] parameters, CultureInfo culture)
--- End of stack trace from previous location ---
   at Microsoft.Extensions.Hosting.HostFactoryResolver.HostingListener.CreateHost()
   at Microsoft.Extensions.Hosting.HostFactoryResolver.<>c__DisplayClass10_0.<ResolveHostFactory>b__0(String[] args)
   at Microsoft.AspNetCore.Mvc.Testing.DeferredHostBuilder.Build()
   at Microsoft.AspNetCore.Mvc.Testing.WebApplicationFactory`1.CreateHost(IHostBuilder builder)
   at Diten.SupplyChainService.Tests.ShipmentTests.Factory.CreateHost(IHostBuilder builder) in /private/tmp/mvp6-shipment-root-r2-emission-rework-01/target/services/Diten.SupplyChainService/tests/Diten.SupplyChainService.Tests/ShipmentTests.cs:line 58
   at Microsoft.AspNetCore.Mvc.Testing.WebApplicationFactory`1.ConfigureHostBuilder(IHostBuilder hostBuilder)
   at Microsoft.AspNetCore.Mvc.Testing.WebApplicationFactory`1.EnsureServer()
   at Microsoft.AspNetCore.Mvc.Testing.WebApplicationFactory`1.CreateDefaultClient(DelegatingHandler[] handlers)
   at Microsoft.AspNetCore.Mvc.Testing.WebApplicationFactory`1.CreateDefaultClient(Uri baseAddress, DelegatingHandler[] handlers)
   at Microsoft.AspNetCore.Mvc.Testing.WebApplicationFactory`1.CreateClient(WebApplicationFactoryClientOptions options)
   at Microsoft.AspNetCore.Mvc.Testing.WebApplicationFactory`1.CreateClient()
   at Diten.SupplyChainService.Tests.ShipmentTests.EveryForbiddenTransitionLeavesPersistenceUnchanged() in /private/tmp/mvp6-shipment-root-r2-emission-rework-01/target/services/Diten.SupplyChainService/tests/Diten.SupplyChainService.Tests/ShipmentTests.cs:line 231
--- End of stack trace from previous location ---
Results File: /private/tmp/mvp6-shipment-root-r2-emission-rework-01/evidence/green/regression.trx

Failed!  - Failed:    12, Passed:     6, Skipped:     0, Total:    18, Duration: 774 ms - Diten.SupplyChainService.Tests.dll (net8.0)
