  Determining projects to restore...
CSSM_ModuleLoad(): One or more parameters passed to a function were not valid.
/private/tmp/mvp6-shipment-ui-presentation-ver-01/source/services/Diten.Building.Blocks/Diten.BuildingBlocks.Security.Secrets/Diten.BuildingBlocks.Security.Secrets.csproj : warning NU1900: Error occurred while getting package vulnerability data: Unable to load the service index for source https://api.nuget.org/v3/index.json. [/private/tmp/mvp6-shipment-ui-presentation-ver-01/source/services/Diten.Platform/src/Diten.Platform.API/Diten.Platform.API.csproj]
/private/tmp/mvp6-shipment-ui-presentation-ver-01/source/services/Diten.Platform.Common/src/Diten.Platform.Common/Diten.Platform.Common.csproj : warning NU1900: Error occurred while getting package vulnerability data: Unable to load the service index for source https://api.nuget.org/v3/index.json. [/private/tmp/mvp6-shipment-ui-presentation-ver-01/source/services/Diten.Platform/src/Diten.Platform.API/Diten.Platform.API.csproj]
  Restored /private/tmp/mvp6-shipment-ui-presentation-ver-01/source/services/Diten.Building.Blocks/src/Diten.BuildingBlocks.ModuleRegistration.Abstractions/Diten.BuildingBlocks.ModuleRegistration.Abstractions.csproj (in 46 ms).
  Restored /private/tmp/mvp6-shipment-ui-presentation-ver-01/source/services/Diten.Building.Blocks/src/Diten.BuildingBlocks.InterfaceRegistry.Abstractions/Diten.BuildingBlocks.InterfaceRegistry.Abstractions.csproj (in 46 ms).
  Restored /private/tmp/mvp6-shipment-ui-presentation-ver-01/source/services/Diten.PpmService/src/Diten.PpmService.Contracts/Diten.PpmService.Contracts.csproj (in 110 ms).
  Restored /private/tmp/mvp6-shipment-ui-presentation-ver-01/source/services/Diten.Building.Blocks/src/Diten.BuildingBlocks.BackgroundJobs/Diten.BuildingBlocks.BackgroundJobs.csproj (in 108 ms).
/private/tmp/mvp6-shipment-ui-presentation-ver-01/source/services/Diten.Platform/src/Diten.Platform.Application/Diten.Platform.Application.csproj : warning NU1900: Error occurred while getting package vulnerability data: Unable to load the service index for source https://api.nuget.org/v3/index.json. [/private/tmp/mvp6-shipment-ui-presentation-ver-01/source/services/Diten.Platform/src/Diten.Platform.API/Diten.Platform.API.csproj]
/private/tmp/mvp6-shipment-ui-presentation-ver-01/source/services/Diten.Platform/src/Diten.Platform.Infrastructure/Diten.Platform.Infrastructure.csproj : warning NU1900: Error occurred while getting package vulnerability data: Unable to load the service index for source https://api.nuget.org/v3/index.json. [/private/tmp/mvp6-shipment-ui-presentation-ver-01/source/services/Diten.Platform/src/Diten.Platform.API/Diten.Platform.API.csproj]
/private/tmp/mvp6-shipment-ui-presentation-ver-01/source/services/Diten.Platform/src/Diten.Platform.API/Diten.Platform.API.csproj : warning NU1900: Error occurred while getting package vulnerability data: Unable to load the service index for source https://api.nuget.org/v3/index.json.
/private/tmp/mvp6-shipment-ui-presentation-ver-01/source/services/Diten.Platform/src/Diten.Platform.Domain/Diten.Platform.Domain.csproj : warning NU1900: Error occurred while getting package vulnerability data: Unable to load the service index for source https://api.nuget.org/v3/index.json. [/private/tmp/mvp6-shipment-ui-presentation-ver-01/source/services/Diten.Platform/src/Diten.Platform.API/Diten.Platform.API.csproj]
  Restored /private/tmp/mvp6-shipment-ui-presentation-ver-01/source/services/Diten.Platform/src/Diten.Platform.Domain/Diten.Platform.Domain.csproj (in 6.13 sec).
  Restored /private/tmp/mvp6-shipment-ui-presentation-ver-01/source/services/Diten.Platform/src/Diten.Platform.Application/Diten.Platform.Application.csproj (in 6.19 sec).
  Restored /private/tmp/mvp6-shipment-ui-presentation-ver-01/source/services/Diten.Platform/src/Diten.Platform.Infrastructure/Diten.Platform.Infrastructure.csproj (in 6.13 sec).
  Restored /private/tmp/mvp6-shipment-ui-presentation-ver-01/source/services/Diten.Platform/src/Diten.Platform.API/Diten.Platform.API.csproj (in 6.19 sec).
  4 of 12 projects are up-to-date for restore.
/private/tmp/mvp6-shipment-ui-presentation-ver-01/source/services/Diten.Platform/src/Diten.Platform.API/Diten.Platform.API.csproj : warning NU1900: Error occurred while getting package vulnerability data: Unable to load the service index for source https://api.nuget.org/v3/index.json.
/private/tmp/mvp6-shipment-ui-presentation-ver-01/source/services/Diten.Platform/src/Diten.Platform.Application/Diten.Platform.Application.csproj : warning NU1900: Error occurred while getting package vulnerability data: Unable to load the service index for source https://api.nuget.org/v3/index.json.
/private/tmp/mvp6-shipment-ui-presentation-ver-01/source/services/Diten.Platform/src/Diten.Platform.Domain/Diten.Platform.Domain.csproj : warning NU1900: Error occurred while getting package vulnerability data: Unable to load the service index for source https://api.nuget.org/v3/index.json.
/private/tmp/mvp6-shipment-ui-presentation-ver-01/source/services/Diten.Platform.Common/src/Diten.Platform.Common/Diten.Platform.Common.csproj : warning NU1900: Error occurred while getting package vulnerability data: Unable to load the service index for source https://api.nuget.org/v3/index.json.
  Diten.Platform.Common -> /private/tmp/mvp6-shipment-ui-presentation-ver-01/source/services/Diten.Platform.Common/src/Diten.Platform.Common/bin/Release/net8.0/Diten.Platform.Common.dll
  Diten.BuildingBlocks.InterfaceRegistry.Abstractions -> /private/tmp/mvp6-shipment-ui-presentation-ver-01/source/services/Diten.Building.Blocks/src/Diten.BuildingBlocks.InterfaceRegistry.Abstractions/bin/Release/net8.0/Diten.BuildingBlocks.InterfaceRegistry.Abstractions.dll
  Diten.Platform.Domain -> /private/tmp/mvp6-shipment-ui-presentation-ver-01/source/services/Diten.Platform/src/Diten.Platform.Domain/bin/Release/net8.0/Diten.Platform.Domain.dll
  Diten.BuildingBlocks.BackgroundJobs -> /private/tmp/mvp6-shipment-ui-presentation-ver-01/source/services/Diten.Building.Blocks/src/Diten.BuildingBlocks.BackgroundJobs/bin/Release/net8.0/Diten.BuildingBlocks.BackgroundJobs.dll
  Diten.BuildingBlocks.Eventing -> /private/tmp/mvp6-shipment-ui-presentation-ver-01/source/services/Diten.Building.Blocks/src/Diten.BuildingBlocks.Eventing/bin/Release/net8.0/Diten.BuildingBlocks.Eventing.dll
  Diten.Platform.Contracts -> /private/tmp/mvp6-shipment-ui-presentation-ver-01/source/services/Diten.Platform.Contracts/bin/Release/net8.0/Diten.Platform.Contracts.dll
  Diten.BuildingBlocks.ModuleRegistration.Abstractions -> /private/tmp/mvp6-shipment-ui-presentation-ver-01/source/services/Diten.Building.Blocks/src/Diten.BuildingBlocks.ModuleRegistration.Abstractions/bin/Release/net8.0/Diten.BuildingBlocks.ModuleRegistration.Abstractions.dll
Attempting to cancel the build...

Build FAILED.

/private/tmp/mvp6-shipment-ui-presentation-ver-01/source/services/Diten.Building.Blocks/Diten.BuildingBlocks.Security.Secrets/Diten.BuildingBlocks.Security.Secrets.csproj : warning NU1900: Error occurred while getting package vulnerability data: Unable to load the service index for source https://api.nuget.org/v3/index.json. [/private/tmp/mvp6-shipment-ui-presentation-ver-01/source/services/Diten.Platform/src/Diten.Platform.API/Diten.Platform.API.csproj]
/private/tmp/mvp6-shipment-ui-presentation-ver-01/source/services/Diten.Platform.Common/src/Diten.Platform.Common/Diten.Platform.Common.csproj : warning NU1900: Error occurred while getting package vulnerability data: Unable to load the service index for source https://api.nuget.org/v3/index.json. [/private/tmp/mvp6-shipment-ui-presentation-ver-01/source/services/Diten.Platform/src/Diten.Platform.API/Diten.Platform.API.csproj]
/private/tmp/mvp6-shipment-ui-presentation-ver-01/source/services/Diten.Platform/src/Diten.Platform.Application/Diten.Platform.Application.csproj : warning NU1900: Error occurred while getting package vulnerability data: Unable to load the service index for source https://api.nuget.org/v3/index.json. [/private/tmp/mvp6-shipment-ui-presentation-ver-01/source/services/Diten.Platform/src/Diten.Platform.API/Diten.Platform.API.csproj]
/private/tmp/mvp6-shipment-ui-presentation-ver-01/source/services/Diten.Platform/src/Diten.Platform.Infrastructure/Diten.Platform.Infrastructure.csproj : warning NU1900: Error occurred while getting package vulnerability data: Unable to load the service index for source https://api.nuget.org/v3/index.json. [/private/tmp/mvp6-shipment-ui-presentation-ver-01/source/services/Diten.Platform/src/Diten.Platform.API/Diten.Platform.API.csproj]
/private/tmp/mvp6-shipment-ui-presentation-ver-01/source/services/Diten.Platform/src/Diten.Platform.API/Diten.Platform.API.csproj : warning NU1900: Error occurred while getting package vulnerability data: Unable to load the service index for source https://api.nuget.org/v3/index.json.
/private/tmp/mvp6-shipment-ui-presentation-ver-01/source/services/Diten.Platform/src/Diten.Platform.Domain/Diten.Platform.Domain.csproj : warning NU1900: Error occurred while getting package vulnerability data: Unable to load the service index for source https://api.nuget.org/v3/index.json. [/private/tmp/mvp6-shipment-ui-presentation-ver-01/source/services/Diten.Platform/src/Diten.Platform.API/Diten.Platform.API.csproj]
/private/tmp/mvp6-shipment-ui-presentation-ver-01/source/services/Diten.Platform/src/Diten.Platform.API/Diten.Platform.API.csproj : warning NU1900: Error occurred while getting package vulnerability data: Unable to load the service index for source https://api.nuget.org/v3/index.json.
/private/tmp/mvp6-shipment-ui-presentation-ver-01/source/services/Diten.Platform/src/Diten.Platform.Application/Diten.Platform.Application.csproj : warning NU1900: Error occurred while getting package vulnerability data: Unable to load the service index for source https://api.nuget.org/v3/index.json.
/private/tmp/mvp6-shipment-ui-presentation-ver-01/source/services/Diten.Platform/src/Diten.Platform.Domain/Diten.Platform.Domain.csproj : warning NU1900: Error occurred while getting package vulnerability data: Unable to load the service index for source https://api.nuget.org/v3/index.json.
/private/tmp/mvp6-shipment-ui-presentation-ver-01/source/services/Diten.Platform.Common/src/Diten.Platform.Common/Diten.Platform.Common.csproj : warning NU1900: Error occurred while getting package vulnerability data: Unable to load the service index for source https://api.nuget.org/v3/index.json.
    10 Warning(s)
    0 Error(s)

Time Elapsed 00:01:52.93
