{"method": "GET", "path": "/api/internal/tenants/00000000-0000-0000-0000-000000000001/branding", "status": "404"}
{"method": "GET", "path": "/api/internal/tenants/00000000-0000-0000-0000-000000000001/branding", "status": "404"}
{"method": "POST", "path": "/api/tenant-auth/login", "status": "200"}
{"method": "GET", "path": "/api/internal/tenants/00000000-0000-0000-0000-000000000001/branding", "status": "404"}
{"method": "POST", "path": "/api/tenant-auth/login", "status": "200"}
{"method": "GET", "path": "/api/internal/tenants/00000000-0000-0000-0000-000000000001/status", "status": "200"}
{"method": "GET", "path": "/api/internal/tenants/00000000-0000-0000-0000-000000000001/branding", "status": "404"}
{"method": "GET", "path": "/api/internal/tenants/00000000-0000-0000-0000-000000000001/branding", "status": "404"}
{"method": "GET", "path": "/api/platform/navigation/menu", "status": "404"}
{"method": "GET", "path": "/api/platform/navigation/menu", "status": "404"}
{"method": "GET", "path": "/api/shipment-bundle/shipments", "status": "200"}
{"method": "GET", "path": "/api/internal/tenants/00000000-0000-0000-0000-000000000001/status", "status": "200"}
{"method": "GET", "path": "/api/internal/tenants/00000000-0000-0000-0000-000000000001/branding", "status": "404"}
{"method": "GET", "path": "/api/internal/tenants/00000000-0000-0000-0000-000000000001/branding", "status": "404"}
{"method": "GET", "path": "/api/platform/navigation/menu", "status": "404"}
{"method": "GET", "path": "/api/platform/navigation/menu", "status": "404"}
{"method": "GET", "path": "/api/shipment-bundle/shipments", "status": "200"}
{"method": "GET", "path": "/api/internal/tenants/00000000-0000-0000-0000-000000000001/status", "status": "200"}
{"method": "GET", "path": "/api/internal/tenants/00000000-0000-0000-0000-000000000001/branding", "status": "404"}
{"method": "GET", "path": "/api/internal/tenants/00000000-0000-0000-0000-000000000001/branding", "status": "404"}
{"method": "GET", "path": "/api/platform/navigation/menu", "status": "404"}
{"method": "GET", "path": "/api/platform/navigation/menu", "status": "404"}
{"method": "GET", "path": "/api/internal/tenants/00000000-0000-0000-0000-000000000001/status", "status": "200"}
{"method": "GET", "path": "/api/internal/tenants/00000000-0000-0000-0000-000000000001/branding", "status": "404"}
{"method": "GET", "path": "/api/internal/tenants/00000000-0000-0000-0000-000000000001/branding", "status": "404"}
{"method": "GET", "path": "/api/platform/navigation/menu", "status": "404"}
{"method": "GET", "path": "/api/platform/navigation/menu", "status": "404"}
{"method": "GET", "path": "/api/shipment-bundle/shipments", "status": "200"}
{"method": "GET", "path": "/api/internal/tenants/00000000-0000-0000-0000-000000000001/status", "status": "200"}
{"method": "GET", "path": "/api/internal/tenants/00000000-0000-0000-0000-000000000001/branding", "status": "404"}
{"method": "GET", "path": "/api/internal/tenants/00000000-0000-0000-0000-000000000001/branding", "status": "404"}
{"method": "GET", "path": "/api/platform/navigation/menu", "status": "404"}
{"method": "GET", "path": "/api/platform/navigation/menu", "status": "404"}
{"method": "GET", "path": "/api/shipment-bundle/shipments", "status": "200"}
{"method": "GET", "path": "/api/internal/tenants/00000000-0000-0000-0000-000000000001/status", "status": "200"}
{"method": "GET", "path": "/api/internal/tenants/00000000-0000-0000-0000-000000000001/branding", "status": "404"}
{"method": "GET", "path": "/api/internal/tenants/00000000-0000-0000-0000-000000000001/branding", "status": "404"}
{"method": "GET", "path": "/api/platform/navigation/menu", "status": "404"}
{"method": "GET", "path": "/api/platform/navigation/menu", "status": "404"}
{"method": "GET", "path": "/api/shipment-bundle/shipments", "status": "200"}
{"method": "GET", "path": "/api/internal/tenants/00000000-0000-0000-0000-000000000001/status", "status": "200"}
{"method": "GET", "path": "/api/internal/tenants/00000000-0000-0000-0000-000000000001/branding", "status": "404"}
{"method": "GET", "path": "/api/internal/tenants/00000000-0000-0000-0000-000000000001/branding", "status": "404"}
{"method": "GET", "path": "/api/platform/navigation/menu", "status": "404"}
{"method": "GET", "path": "/api/platform/navigation/menu", "status": "404"}
{"method": "GET", "path": "/api/shipment-bundle/shipments", "status": "200"}
{"method": "GET", "path": "/api/internal/tenants/00000000-0000-0000-0000-000000000001/status", "status": "200"}
{"method": "GET", "path": "/api/internal/tenants/00000000-0000-0000-0000-000000000001/branding", "status": "404"}
{"method": "GET", "path": "/api/internal/tenants/00000000-0000-0000-0000-000000000001/branding", "status": "404"}
{"method": "GET", "path": "/api/platform/navigation/menu", "status": "404"}
{"method": "GET", "path": "/api/platform/navigation/menu", "status": "404"}
{"method": "GET", "path": "/api/shipment-bundle/shipments", "status": "200"}
{"method": "GET", "path": "/api/internal/tenants/00000000-0000-0000-0000-000000000001/status", "status": "200"}
{"method": "GET", "path": "/api/internal/tenants/00000000-0000-0000-0000-000000000001/branding", "status": "404"}
{"method": "GET", "path": "/api/internal/tenants/00000000-0000-0000-0000-000000000001/branding", "status": "404"}
{"method": "GET", "path": "/api/platform/navigation/menu", "status": "404"}
{"method": "GET", "path": "/api/platform/navigation/menu", "status": "404"}
{"method": "GET", "path": "/api/shipment-bundle/shipments", "status": "200"}
{"method": "GET", "path": "/api/internal/tenants/00000000-0000-0000-0000-000000000001/status", "status": "200"}
{"method": "GET", "path": "/api/internal/tenants/00000000-0000-0000-0000-000000000001/branding", "status": "404"}
{"method": "GET", "path": "/api/internal/tenants/00000000-0000-0000-0000-000000000001/branding", "status": "404"}
{"method": "GET", "path": "/api/platform/navigation/menu", "status": "404"}
{"method": "GET", "path": "/api/platform/navigation/menu", "status": "404"}
{"method": "GET", "path": "/api/shipment-bundle/shipments", "status": "200"}
{"method": "GET", "path": "/api/internal/tenants/00000000-0000-0000-0000-000000000001/status", "status": "200"}
{"method": "GET", "path": "/api/internal/tenants/00000000-0000-0000-0000-000000000001/branding", "status": "404"}
{"method": "GET", "path": "/api/internal/tenants/00000000-0000-0000-0000-000000000001/branding", "status": "404"}
{"method": "GET", "path": "/api/platform/navigation/menu", "status": "404"}
{"method": "GET", "path": "/api/platform/navigation/menu", "status": "404"}
{"method": "GET", "path": "/api/internal/tenants/00000000-0000-0000-0000-000000000001/status", "status": "200"}
{"method": "GET", "path": "/api/internal/tenants/00000000-0000-0000-0000-000000000001/branding", "status": "404"}
{"method": "GET", "path": "/api/internal/tenants/00000000-0000-0000-0000-000000000001/branding", "status": "404"}
{"method": "GET", "path": "/api/platform/navigation/menu", "status": "404"}
{"method": "GET", "path": "/api/platform/navigation/menu", "status": "404"}
{"method": "GET", "path": "/api/internal/tenants/00000000-0000-0000-0000-000000000001/status", "status": "200"}
{"method": "GET", "path": "/api/internal/tenants/00000000-0000-0000-0000-000000000001/branding", "status": "404"}
{"method": "GET", "path": "/api/internal/tenants/00000000-0000-0000-0000-000000000001/branding", "status": "404"}
{"method": "GET", "path": "/api/platform/navigation/menu", "status": "404"}
{"method": "GET", "path": "/api/platform/navigation/menu", "status": "404"}
{"method": "GET", "path": "/api/shipment-bundle/shipments/15b5087c-6471-44b6-bf33-98bf61104475", "status": "404"}
{"method": "GET", "path": "/api/internal/tenants/00000000-0000-0000-0000-000000000001/status", "status": "200"}
{"method": "GET", "path": "/api/internal/tenants/00000000-0000-0000-0000-000000000001/branding", "status": "404"}
{"method": "GET", "path": "/api/internal/tenants/00000000-0000-0000-0000-000000000001/branding", "status": "404"}
{"method": "GET", "path": "/api/platform/navigation/menu", "status": "404"}
{"method": "GET", "path": "/api/platform/navigation/menu", "status": "404"}
