{
  "tenant": "97c59330-dbc4-4665-b29c-0c26dbb5cc93",
  "steps": [
    {
      "step": "mdm-create-le-A",
      "status": 201,
      "ok": true,
      "dataId": "06df9bbb-22c3-4f69-b0f7-b7fca6f32d46"
    },
    {
      "step": "mdm-activate-le-A",
      "status": 204,
      "ok": true
    },
    {
      "step": "mdm-lookup-validation-le-A",
      "status": 200,
      "ok": true,
      "dataId": null
    },
    {
      "step": "mdm-create-le-B",
      "status": 201,
      "ok": true,
      "dataId": "6566b5a3-255b-4018-8c1b-d339fc3a3aaa"
    },
    {
      "step": "mdm-activate-le-B",
      "status": 204,
      "ok": true
    },
    {
      "step": "mdm-lookup-validation-le-B",
      "status": 200,
      "ok": true,
      "dataId": null
    },
    {
      "step": "platform-create-ou-A",
      "status": 201,
      "ok": true,
      "dataId": "2730718b-1a33-4fb9-b563-5db4260c4a0b"
    },
    {
      "step": "platform-create-ou-B",
      "status": 201,
      "ok": true,
      "dataId": "4f501a69-8d5c-414d-a25a-bc9dc6810aa3"
    },
    {
      "step": "platform-create-position-A-in-OU-A",
      "status": 201,
      "ok": true,
      "dataId": "e5fcc062-e5fa-4db2-a8ea-d714b112452b"
    },
    {
      "step": "platform-assign-A-to-LE-A",
      "status": 201,
      "ok": true,
      "dataId": "02cfe611-04e7-4123-aad0-ec96d7349124"
    },
    {
      "step": "platform-create-position-B-in-OU-A",
      "status": 201,
      "ok": true,
      "dataId": "7a5eaff5-0b1d-4744-b617-73bbfa707a69"
    },
    {
      "step": "platform-assign-B-to-LE-A",
      "status": 201,
      "ok": true,
      "dataId": "4b988efe-df20-4e88-9ff1-dc63438202d7"
    },
    {
      "step": "platform-create-position-LEB-in-OU-B",
      "status": 201,
      "ok": true,
      "dataId": "d3b94d0f-7c2f-4654-af29-51c3cd14bfe7"
    },
    {
      "step": "platform-assign-LEB-to-LE-B",
      "status": 201,
      "ok": true,
      "dataId": "afb491a0-bc89-44c5-896b-46f8e2973d3b"
    }
  ],
  "platformTenantFixture": {
    "tenantCreated": false,
    "status": 1,
    "tenantType": 0,
    "isDeleted": false
  },
  "authFixture": {
    "users": {
      "A": {
        "email": "john.doe.t97@diten.com",
        "userId": "eca6c699-21d1-4370-9f80-250ed26c3371",
        "preconditions": {
          "isActive": true,
          "emailConfirmed": true,
          "mustChange": false,
          "lockedOut": false
        },
        "previousHashWasSharedSeedHash": false,
        "rotated": true
      },
      "B": {
        "email": "jane.smith.t97@diten.com",
        "userId": "ceca3320-f450-4f55-b040-85e2be8f41ba",
        "preconditions": {
          "isActive": true,
          "emailConfirmed": true,
          "mustChange": false,
          "lockedOut": false
        },
        "previousHashWasSharedSeedHash": false,
        "rotated": true
      },
      "LEB": {
        "email": "bob.johnson.t97@diten.com",
        "userId": "10fba98a-031e-46ee-ad2e-621200df8a3e",
        "preconditions": {
          "isActive": true,
          "emailConfirmed": true,
          "mustChange": false,
          "lockedOut": false
        },
        "previousHashWasSharedSeedHash": false,
        "rotated": true
      },
      "ADM": {
        "email": "alice.williams.t97@diten.com",
        "userId": "11e9121d-7be6-47c4-9bcd-23750ef6363a",
        "preconditions": {
          "isActive": true,
          "emailConfirmed": true,
          "mustChange": false,
          "lockedOut": false
        },
        "previousHashWasSharedSeedHash": false,
        "rotated": true
      }
    },
    "roles": {
      "A12VerShipmentOperator": {
        "roleId": "3caa5c24-287d-433d-8d23-892440d78426",
        "reused": true,
        "permissionKeys": [
          "supplychain.shipments.read",
          "supplychain.shipments.create",
          "supplychain.shipments.dispatch",
          "supplychain.shipments.cancel",
          "supplychain.shipments.pod.capture"
        ],
        "grantsAdded": 0,
        "members": [
          "A",
          "B",
          "LEB"
        ]
      },
      "A12VerFixtureAdmin": {
        "roleId": "ad37d340-47ef-476c-81be-f062db14767b",
        "reused": true,
        "permissionKeys": [
          "mdm.legal-entities.create",
          "mdm.legal-entities.read",
          "mdm.legal-entities.update",
          "platform.organization-units.create",
          "platform.organization-units.read",
          "platform.positions.create",
          "platform.positions.read",
          "platform.position-assignments.create",
          "platform.position-assignments.read",
          "auth.users.lookup-validation"
        ],
        "grantsAdded": 0,
        "members": [
          "ADM"
        ]
      }
    }
  },
  "fixtureAdminLogin": {
    "actor": "ADM",
    "status": 200,
    "claimNames": [
      "actor_type",
      "aud",
      "email",
      "exp",
      "family_name",
      "given_name",
      "http://schemas.microsoft.com/ws/2008/06/identity/claims/role",
      "iss",
      "permission",
      "pwd_change_required",
      "sub",
      "tenant_id"
    ],
    "tenantMatches": true,
    "legalEntityId": null,
    "shipmentPermissions": [],
    "otherPermissionCount": 10
  },
  "codeSuffix": "e592aa",
  "leAReferenceable": true,
  "leBReferenceable": true,
  "organization": {
    "orgUnits": {
      "A": "2730718b-1a33-4fb9-b563-5db4260c4a0b",
      "B": "4f501a69-8d5c-414d-a25a-bc9dc6810aa3"
    },
    "positions": {
      "A": "e5fcc062-e5fa-4db2-a8ea-d714b112452b",
      "B": "7a5eaff5-0b1d-4744-b617-73bbfa707a69",
      "LEB": "d3b94d0f-7c2f-4654-af29-51c3cd14bfe7"
    }
  },
  "legalEntities": {
    "LE-A": "06df9bbb-22c3-4f69-b0f7-b7fca6f32d46",
    "LE-B": "6566b5a3-255b-4018-8c1b-d339fc3a3aaa"
  },
  "actorLogins": {
    "A": {
      "actor": "A",
      "status": 200,
      "claimNames": [
        "actor_type",
        "aud",
        "email",
        "exp",
        "family_name",
        "given_name",
        "http://schemas.microsoft.com/ws/2008/06/identity/claims/role",
        "iss",
        "permission",
        "pwd_change_required",
        "sub",
        "tenant_id"
      ],
      "tenantMatches": true,
      "legalEntityId": null,
      "shipmentPermissions": [
        "supplychain.shipments.cancel",
        "supplychain.shipments.create",
        "supplychain.shipments.dispatch",
        "supplychain.shipments.pod.capture",
        "supplychain.shipments.read"
      ],
      "otherPermissionCount": 0
    },
    "B": {
      "actor": "B",
      "status": 200,
      "claimNames": [
        "actor_type",
        "aud",
        "email",
        "exp",
        "family_name",
        "given_name",
        "http://schemas.microsoft.com/ws/2008/06/identity/claims/role",
        "iss",
        "legal_entity_id",
        "permission",
        "pwd_change_required",
        "sub",
        "tenant_id"
      ],
      "tenantMatches": true,
      "legalEntityId": "06df9bbb-22c3-4f69-b0f7-b7fca6f32d46",
      "shipmentPermissions": [
        "supplychain.shipments.cancel",
        "supplychain.shipments.create",
        "supplychain.shipments.dispatch",
        "supplychain.shipments.pod.capture",
        "supplychain.shipments.read"
      ],
      "otherPermissionCount": 0
    },
    "LEB": {
      "actor": "LEB",
      "status": 200,
      "claimNames": [
        "actor_type",
        "aud",
        "email",
        "exp",
        "family_name",
        "given_name",
        "http://schemas.microsoft.com/ws/2008/06/identity/claims/role",
        "iss",
        "legal_entity_id",
        "permission",
        "pwd_change_required",
        "sub",
        "tenant_id"
      ],
      "tenantMatches": true,
      "legalEntityId": "6566b5a3-255b-4018-8c1b-d339fc3a3aaa",
      "shipmentPermissions": [
        "supplychain.shipments.cancel",
        "supplychain.shipments.create",
        "supplychain.shipments.dispatch",
        "supplychain.shipments.pod.capture",
        "supplychain.shipments.read"
      ],
      "otherPermissionCount": 0
    }
  }
}
