<?xml version="1.0" encoding="utf-8"?>
<TestRun id="930dcaa4-8236-4da4-b94a-cffc0de4243c" name="user@GMG 2026-08-28 18:21:43" runUser="GMG\user" xmlns="http://microsoft.com/schemas/VisualStudio/TeamTest/2010">
  <Times creation="2026-08-28T18:21:44.0137915+03:00" queuing="2026-08-28T18:21:44.0137918+03:00" start="2026-08-28T18:21:42.5815561+03:00" finish="2026-08-28T18:21:44.0908583+03:00" />
  <TestSettings name="default" id="e79758f5-26e4-4b3d-aee4-baf5aeb1ea8c">
    <Deployment runDeploymentRoot="user_GMG_2026-08-28_18_21_43" />
  </TestSettings>
  <Results>
    <UnitTestResult executionId="4d8a96e3-b98c-49b1-835e-12f20a03d962" testId="420a6228-d7dc-4d45-ab4f-081a73adfdb8" testName="Diten.CrmService.Application.Tests.CampaignTargetingModeTests.T12_Segment_Ceiling_Is_Enforced" computerName="GMG" duration="00:00:00.0022742" startTime="2026-08-28T18:21:43.9718517+03:00" endTime="2026-08-28T18:21:43.9718517+03:00" testType="13cdc9d9-ddb5-4fa4-a97d-d965ccfc6d4b" outcome="Passed" testListId="8c84fa94-04c1-424b-9868-57a2d4851a1d" relativeResultsDirectory="4d8a96e3-b98c-49b1-835e-12f20a03d962" />
    <UnitTestResult executionId="206832b1-44e5-4bf8-bd73-81a4a0cfd8d2" testId="088bc989-0fbf-990f-05ea-9cd2e24d28d2" testName="Diten.CrmService.Application.Tests.CampaignTargetingModeTests.T05_Omitted_Mode_Keeps_The_Stored_Mode" computerName="GMG" duration="00:00:00.0006977" startTime="2026-08-28T18:21:43.9715603+03:00" endTime="2026-08-28T18:21:43.9715604+03:00" testType="13cdc9d9-ddb5-4fa4-a97d-d965ccfc6d4b" outcome="Passed" testListId="8c84fa94-04c1-424b-9868-57a2d4851a1d" relativeResultsDirectory="206832b1-44e5-4bf8-bd73-81a4a0cfd8d2" />
    <UnitTestResult executionId="16986715-2e53-4014-a551-81e7ac23c5af" testId="2d2386b6-7e9a-30a4-5869-efb42af06134" testName="Diten.CrmService.Application.Tests.CampaignTargetingModeTests.T27_Generation_Is_Not_Reachable_Without_A_Write" computerName="GMG" duration="00:00:00.0001452" startTime="2026-08-28T18:21:43.9718174+03:00" endTime="2026-08-28T18:21:43.9718175+03:00" testType="13cdc9d9-ddb5-4fa4-a97d-d965ccfc6d4b" outcome="Passed" testListId="8c84fa94-04c1-424b-9868-57a2d4851a1d" relativeResultsDirectory="16986715-2e53-4014-a551-81e7ac23c5af" />
    <UnitTestResult executionId="ca8a7a57-692b-4949-9aff-407c2fd0a478" testId="0b38e145-3d30-6b46-d871-2722c12c4211" testName="Diten.CrmService.Application.Tests.CampaignTargetingModeTests.T30_Segment_Catalog_Is_Read_Only" computerName="GMG" duration="00:00:00.0007043" startTime="2026-08-28T18:21:44.0032583+03:00" endTime="2026-08-28T18:21:44.0032587+03:00" testType="13cdc9d9-ddb5-4fa4-a97d-d965ccfc6d4b" outcome="Passed" testListId="8c84fa94-04c1-424b-9868-57a2d4851a1d" relativeResultsDirectory="ca8a7a57-692b-4949-9aff-407c2fd0a478" />
    <UnitTestResult executionId="3e24ee1e-49a3-4d11-b1ba-e33f3b943198" testId="f2a133a9-2dc6-201d-f1fc-7cdcde3bac89" testName="Diten.CrmService.Application.Tests.CampaignTargetingModeTests.T03_Pre_FU10_Row_Reads_As_Manual_And_Derivation_Writes_Nothing" computerName="GMG" duration="00:00:00.0001019" startTime="2026-08-28T18:21:43.9865840+03:00" endTime="2026-08-28T18:21:43.9865841+03:00" testType="13cdc9d9-ddb5-4fa4-a97d-d965ccfc6d4b" outcome="Passed" testListId="8c84fa94-04c1-424b-9868-57a2d4851a1d" relativeResultsDirectory="3e24ee1e-49a3-4d11-b1ba-e33f3b943198" />
    <UnitTestResult executionId="b50de753-1dfa-4aed-b8f1-b864f2c661b1" testId="c2c1ce33-48ff-c095-9622-1faa1b4458ff" testName="Diten.CrmService.Application.Tests.CampaignTargetingModeTests.T09_Only_Active_Segments_Can_Be_Added(status: &quot;archived&quot;)" computerName="GMG" duration="00:00:00.0340596" startTime="2026-08-28T18:21:43.9080459+03:00" endTime="2026-08-28T18:21:43.9080685+03:00" testType="13cdc9d9-ddb5-4fa4-a97d-d965ccfc6d4b" outcome="Passed" testListId="8c84fa94-04c1-424b-9868-57a2d4851a1d" relativeResultsDirectory="b50de753-1dfa-4aed-b8f1-b864f2c661b1" />
    <UnitTestResult executionId="180d79c9-1495-4ca9-8190-f92ac60add69" testId="21ba3c96-fc9b-8377-b666-521c3f25e64e" testName="Diten.CrmService.Application.Tests.CampaignTargetingModeTests.T22_Segment_Mode_Refuses_A_New_Manual_Target" computerName="GMG" duration="00:00:00.0012146" startTime="2026-08-28T18:21:43.9829600+03:00" endTime="2026-08-28T18:21:43.9829602+03:00" testType="13cdc9d9-ddb5-4fa4-a97d-d965ccfc6d4b" outcome="Passed" testListId="8c84fa94-04c1-424b-9868-57a2d4851a1d" relativeResultsDirectory="180d79c9-1495-4ca9-8190-f92ac60add69" />
    <UnitTestResult executionId="4f106c0e-c477-4376-affe-0278952311e1" testId="853d96e4-a583-a323-8379-fe9642acc401" testName="Diten.CrmService.Application.Tests.CampaignTargetingModeTests.T31_Segment_Targeting_Produces_No_Target_Rows" computerName="GMG" duration="00:00:00.0006149" startTime="2026-08-28T18:21:43.9740582+03:00" endTime="2026-08-28T18:21:43.9740583+03:00" testType="13cdc9d9-ddb5-4fa4-a97d-d965ccfc6d4b" outcome="Passed" testListId="8c84fa94-04c1-424b-9868-57a2d4851a1d" relativeResultsDirectory="4f106c0e-c477-4376-affe-0278952311e1" />
    <UnitTestResult executionId="baa97679-6dd3-4c04-a1e1-a68e4eeb1c97" testId="0322980d-d16a-9744-d47a-d63cccb17210" testName="Diten.CrmService.Application.Tests.CampaignTargetingModeTests.T29_Campaign_Handlers_Never_Take_A_Segment_Repository" computerName="GMG" duration="00:00:00.0105356" startTime="2026-08-28T18:21:43.9718843+03:00" endTime="2026-08-28T18:21:43.9718843+03:00" testType="13cdc9d9-ddb5-4fa4-a97d-d965ccfc6d4b" outcome="Passed" testListId="8c84fa94-04c1-424b-9868-57a2d4851a1d" relativeResultsDirectory="baa97679-6dd3-4c04-a1e1-a68e4eeb1c97" />
    <UnitTestResult executionId="787ad71a-1fbe-4726-b157-bd1ca7c5856b" testId="d832186d-bf90-cef9-3a27-bb037cfdf6e8" testName="Diten.CrmService.Application.Tests.CampaignTargetingModeTests.T32_List_Projects_Segments_In_A_Single_Batch_Read" computerName="GMG" duration="00:00:00.0086368" startTime="2026-08-28T18:21:43.9953403+03:00" endTime="2026-08-28T18:21:43.9953407+03:00" testType="13cdc9d9-ddb5-4fa4-a97d-d965ccfc6d4b" outcome="Passed" testListId="8c84fa94-04c1-424b-9868-57a2d4851a1d" relativeResultsDirectory="787ad71a-1fbe-4726-b157-bd1ca7c5856b" />
    <UnitTestResult executionId="709fba9c-7fff-4989-989e-dbd9a311a603" testId="f29d2c6f-d6ad-a2ea-8186-d4263b1dd1de" testName="Diten.CrmService.Application.Tests.CampaignTargetingModeTests.T16_Only_Added_Segments_Are_Validated" computerName="GMG" duration="00:00:00.0017054" startTime="2026-08-28T18:21:43.9719164+03:00" endTime="2026-08-28T18:21:43.9719165+03:00" testType="13cdc9d9-ddb5-4fa4-a97d-d965ccfc6d4b" outcome="Passed" testListId="8c84fa94-04c1-424b-9868-57a2d4851a1d" relativeResultsDirectory="709fba9c-7fff-4989-989e-dbd9a311a603" />
    <UnitTestResult executionId="12c28e95-b31d-495d-a551-57d2601ec3c3" testId="9b1bb9f3-6cfc-bb89-b95d-7167d2a56210" testName="Diten.CrmService.Application.Tests.CampaignTargetingModeTests.T17_Removing_An_Archived_Segment_Is_Allowed" computerName="GMG" duration="00:00:00.0007324" startTime="2026-08-28T18:21:44.0024213+03:00" endTime="2026-08-28T18:21:44.0024214+03:00" testType="13cdc9d9-ddb5-4fa4-a97d-d965ccfc6d4b" outcome="Passed" testListId="8c84fa94-04c1-424b-9868-57a2d4851a1d" relativeResultsDirectory="12c28e95-b31d-495d-a551-57d2601ec3c3" />
    <UnitTestResult executionId="1c31938c-fb46-46d7-b93a-24c90a4e6f8e" testId="0c8a5c25-732a-1368-d959-7808bf5f9d6f" testName="Diten.CrmService.Application.Tests.CampaignTargetingModeTests.T33_An_Unresolvable_Segment_Shows_Its_Id" computerName="GMG" duration="00:00:00.0015067" startTime="2026-08-28T18:21:44.0048634+03:00" endTime="2026-08-28T18:21:44.0048637+03:00" testType="13cdc9d9-ddb5-4fa4-a97d-d965ccfc6d4b" outcome="Passed" testListId="8c84fa94-04c1-424b-9868-57a2d4851a1d" relativeResultsDirectory="1c31938c-fb46-46d7-b93a-24c90a4e6f8e" />
    <UnitTestResult executionId="298b0b9d-6856-4c52-9526-0d122401a1d0" testId="b857230d-3171-f272-81b3-9ef2a37381a1" testName="Diten.CrmService.Application.Tests.CampaignTargetingModeTests.T25_An_Empty_Code_Is_Generated_At_Write_Time" computerName="GMG" duration="00:00:00.0020758" startTime="2026-08-28T18:21:43.9726639+03:00" endTime="2026-08-28T18:21:43.9726640+03:00" testType="13cdc9d9-ddb5-4fa4-a97d-d965ccfc6d4b" outcome="Passed" testListId="8c84fa94-04c1-424b-9868-57a2d4851a1d" relativeResultsDirectory="298b0b9d-6856-4c52-9526-0d122401a1d0" />
    <UnitTestResult executionId="7a056987-42ca-480e-911a-a00fdac90ca3" testId="622a9efe-33e1-f6f3-a1f1-da6c01ffb63c" testName="Diten.CrmService.Application.Tests.CampaignTargetingModeTests.T07_Segment_Mode_With_Active_Segments" computerName="GMG" duration="00:00:00.0005700" startTime="2026-08-28T18:21:43.9329395+03:00" endTime="2026-08-28T18:21:43.9329397+03:00" testType="13cdc9d9-ddb5-4fa4-a97d-d965ccfc6d4b" outcome="Passed" testListId="8c84fa94-04c1-424b-9868-57a2d4851a1d" relativeResultsDirectory="7a056987-42ca-480e-911a-a00fdac90ca3" />
    <UnitTestResult executionId="f269dc61-07eb-4b5f-b4d4-0ae3ad6575c2" testId="8f7e8073-5552-05d9-27c8-510052eb3eb0" testName="Diten.CrmService.Application.Tests.CampaignTargetingModeTests.T10_Unknown_Segment_Is_Refused_Without_Leaking_Existence" computerName="GMG" duration="00:00:00.0102157" startTime="2026-08-28T18:21:43.9717050+03:00" endTime="2026-08-28T18:21:43.9717050+03:00" testType="13cdc9d9-ddb5-4fa4-a97d-d965ccfc6d4b" outcome="Passed" testListId="8c84fa94-04c1-424b-9868-57a2d4851a1d" relativeResultsDirectory="f269dc61-07eb-4b5f-b4d4-0ae3ad6575c2" />
    <UnitTestResult executionId="1c96dd1e-86f4-4a86-a34c-7ad91422b301" testId="04063889-8a95-7286-5f98-044b8deae918" testName="Diten.CrmService.Application.Tests.CampaignTargetingModeTests.T06_Mode_Vocabulary_Is_Fail_Closed" computerName="GMG" duration="00:00:00.0000812" startTime="2026-08-28T18:21:43.9741074+03:00" endTime="2026-08-28T18:21:43.9741075+03:00" testType="13cdc9d9-ddb5-4fa4-a97d-d965ccfc6d4b" outcome="Passed" testListId="8c84fa94-04c1-424b-9868-57a2d4851a1d" relativeResultsDirectory="1c96dd1e-86f4-4a86-a34c-7ad91422b301" />
    <UnitTestResult executionId="31bfc4e1-efff-4ce6-9342-84b2bb44ee83" testId="acdd4e1f-7d4e-c899-ed5a-ba80ac927c81" testName="Diten.CrmService.Application.Tests.CampaignTargetingModeTests.T04_A_Pre_FU10_Row_With_No_Targets_Stays_Editable" computerName="GMG" duration="00:00:00.0005431" startTime="2026-08-28T18:21:43.9307735+03:00" endTime="2026-08-28T18:21:43.9307737+03:00" testType="13cdc9d9-ddb5-4fa4-a97d-d965ccfc6d4b" outcome="Passed" testListId="8c84fa94-04c1-424b-9868-57a2d4851a1d" relativeResultsDirectory="31bfc4e1-efff-4ce6-9342-84b2bb44ee83" />
    <UnitTestResult executionId="330f1880-b4ed-4b70-8a8f-346527b77ac3" testId="e72ec7e8-141a-3154-ab86-95f03f1235d5" testName="Diten.CrmService.Application.Tests.CampaignTargetingModeTests.T09_Only_Active_Segments_Can_Be_Added(status: &quot;draft&quot;)" computerName="GMG" duration="00:00:00.0004314" startTime="2026-08-28T18:21:43.9111955+03:00" endTime="2026-08-28T18:21:43.9111955+03:00" testType="13cdc9d9-ddb5-4fa4-a97d-d965ccfc6d4b" outcome="Passed" testListId="8c84fa94-04c1-424b-9868-57a2d4851a1d" relativeResultsDirectory="330f1880-b4ed-4b70-8a8f-346527b77ac3" />
    <UnitTestResult executionId="28488b7b-91bd-4f94-9251-1ca73ac316e7" testId="e4cd3c38-8f6f-ddd8-24ba-451170e67101" testName="Diten.CrmService.Application.Tests.CampaignTargetingModeTests.T02_Unknown_Mode_Is_Refused" computerName="GMG" duration="00:00:00.0003965" startTime="2026-08-28T18:21:43.9859671+03:00" endTime="2026-08-28T18:21:43.9859672+03:00" testType="13cdc9d9-ddb5-4fa4-a97d-d965ccfc6d4b" outcome="Passed" testListId="8c84fa94-04c1-424b-9868-57a2d4851a1d" relativeResultsDirectory="28488b7b-91bd-4f94-9251-1ca73ac316e7" />
    <UnitTestResult executionId="4a22afae-25dc-48df-937c-8a1bb2663e1b" testId="dce67d84-6366-1e0c-f6e7-ba956fb6e9eb" testName="Diten.CrmService.Application.Tests.CampaignTargetingModeTests.T18_LinkedAt_Is_Preserved_For_An_Existing_Segment" computerName="GMG" duration="00:00:00.0009011" startTime="2026-08-28T18:21:43.9744692+03:00" endTime="2026-08-28T18:21:43.9744694+03:00" testType="13cdc9d9-ddb5-4fa4-a97d-d965ccfc6d4b" outcome="Passed" testListId="8c84fa94-04c1-424b-9868-57a2d4851a1d" relativeResultsDirectory="4a22afae-25dc-48df-937c-8a1bb2663e1b" />
    <UnitTestResult executionId="6484b75a-3063-41c4-8cbd-1c90d7e615a2" testId="b8636901-91d6-e731-b6ed-bd8b259de67f" testName="Diten.CrmService.Application.Tests.CampaignTargetingModeTests.T14_Segment_Mode_Cannot_Be_Emptied_By_A_Later_Write" computerName="GMG" duration="00:00:00.0126049" startTime="2026-08-28T18:21:43.9204647+03:00" endTime="2026-08-28T18:21:43.9204655+03:00" testType="13cdc9d9-ddb5-4fa4-a97d-d965ccfc6d4b" outcome="Passed" testListId="8c84fa94-04c1-424b-9868-57a2d4851a1d" relativeResultsDirectory="6484b75a-3063-41c4-8cbd-1c90d7e615a2" />
    <UnitTestResult executionId="5cc4049d-1a72-4207-a550-b04be3edbfa9" testId="e8632875-0e9e-b312-4dd8-c3429f48450c" testName="Diten.CrmService.Application.Tests.CampaignTargetingModeTests.T35_CyclePeriod_And_Segment_Remain_Unaware_Of_Campaigns" computerName="GMG" duration="00:00:00.0011245" startTime="2026-08-28T18:21:43.9842194+03:00" endTime="2026-08-28T18:21:43.9842198+03:00" testType="13cdc9d9-ddb5-4fa4-a97d-d965ccfc6d4b" outcome="Passed" testListId="8c84fa94-04c1-424b-9868-57a2d4851a1d" relativeResultsDirectory="5cc4049d-1a72-4207-a550-b04be3edbfa9" />
    <UnitTestResult executionId="a13ae37d-6b8a-402e-a814-3d7026ac12c2" testId="f0520d42-25cf-5e98-4d60-1a678dc5f8c2" testName="Diten.CrmService.Application.Tests.CampaignTargetingModeTests.T21_An_Invalid_Mode_Switch_Writes_Nothing" computerName="GMG" duration="00:00:00.0011321" startTime="2026-08-28T18:21:43.9301670+03:00" endTime="2026-08-28T18:21:43.9301671+03:00" testType="13cdc9d9-ddb5-4fa4-a97d-d965ccfc6d4b" outcome="Passed" testListId="8c84fa94-04c1-424b-9868-57a2d4851a1d" relativeResultsDirectory="a13ae37d-6b8a-402e-a814-3d7026ac12c2" />
    <UnitTestResult executionId="5397db25-fa33-4a39-98cf-1c7c12c736db" testId="d5ab89f1-4a63-1e38-9e0c-f44729355ad6" testName="Diten.CrmService.Application.Tests.CampaignTargetingModeTests.T24_Existing_Manual_Targets_Survive_A_Switch_To_Segment_Mode" computerName="GMG" duration="00:00:00.0009670" startTime="2026-08-28T18:21:43.9717446+03:00" endTime="2026-08-28T18:21:43.9717447+03:00" testType="13cdc9d9-ddb5-4fa4-a97d-d965ccfc6d4b" outcome="Passed" testListId="8c84fa94-04c1-424b-9868-57a2d4851a1d" relativeResultsDirectory="5397db25-fa33-4a39-98cf-1c7c12c736db" />
    <UnitTestResult executionId="bd0747ff-2acc-4982-b163-1ae80b08594c" testId="51bb179d-ee8b-1698-feac-d57cdf174b02" testName="Diten.CrmService.Application.Tests.CampaignTargetingModeTests.T19_A_Superseded_Segment_Keeps_Its_Link_And_Is_Surfaced" computerName="GMG" duration="00:00:00.0050808" startTime="2026-08-28T18:21:44.0016040+03:00" endTime="2026-08-28T18:21:44.0016044+03:00" testType="13cdc9d9-ddb5-4fa4-a97d-d965ccfc6d4b" outcome="Passed" testListId="8c84fa94-04c1-424b-9868-57a2d4851a1d" relativeResultsDirectory="bd0747ff-2acc-4982-b163-1ae80b08594c" />
    <UnitTestResult executionId="4a50f1e9-d9f3-4f90-bffb-87299f083fdf" testId="46567804-1632-756f-03bd-16dce7780646" testName="Diten.CrmService.Application.Tests.CampaignTargetingModeTests.T34_Contract_Declares_Targeting_Mode_And_Its_Limits" computerName="GMG" duration="00:00:00.0062325" startTime="2026-08-28T18:21:43.9815474+03:00" endTime="2026-08-28T18:21:43.9815483+03:00" testType="13cdc9d9-ddb5-4fa4-a97d-d965ccfc6d4b" outcome="Passed" testListId="8c84fa94-04c1-424b-9868-57a2d4851a1d" relativeResultsDirectory="4a50f1e9-d9f3-4f90-bffb-87299f083fdf" />
    <UnitTestResult executionId="388c632a-e989-46ef-a8b4-0187c29686ab" testId="ef6d36ec-f324-2cc9-c06f-1a90c45b00ff" testName="Diten.CrmService.Application.Tests.CampaignTargetingModeTests.T13_Mixed_Subject_Types_Are_Allowed" computerName="GMG" duration="00:00:00.0006068" startTime="2026-08-28T18:21:43.9751642+03:00" endTime="2026-08-28T18:21:43.9751643+03:00" testType="13cdc9d9-ddb5-4fa4-a97d-d965ccfc6d4b" outcome="Passed" testListId="8c84fa94-04c1-424b-9868-57a2d4851a1d" relativeResultsDirectory="388c632a-e989-46ef-a8b4-0187c29686ab" />
    <UnitTestResult executionId="db788fa1-f2ae-46ab-bd82-97011cf30567" testId="7553b025-0adf-10e9-f527-4ed0c6e2477f" testName="Diten.CrmService.Application.Tests.CampaignTargetingModeTests.T26_A_Supplied_Code_Is_Kept_And_Burns_No_Number" computerName="GMG" duration="00:00:00.0004361" startTime="2026-08-28T18:21:43.9854313+03:00" endTime="2026-08-28T18:21:43.9854313+03:00" testType="13cdc9d9-ddb5-4fa4-a97d-d965ccfc6d4b" outcome="Passed" testListId="8c84fa94-04c1-424b-9868-57a2d4851a1d" relativeResultsDirectory="db788fa1-f2ae-46ab-bd82-97011cf30567" />
    <UnitTestResult executionId="3acd9c6d-290c-439f-9d5a-a31c08dac2cd" testId="23252f59-d7d0-3c28-e0c8-cf2c0d22537a" testName="Diten.CrmService.Application.Tests.CampaignTargetingModeTests.T15_Archived_Segment_Does_Not_Lock_The_Campaign" computerName="GMG" duration="00:00:00.0006553" startTime="2026-08-28T18:21:43.9849377+03:00" endTime="2026-08-28T18:21:43.9849377+03:00" testType="13cdc9d9-ddb5-4fa4-a97d-d965ccfc6d4b" outcome="Passed" testListId="8c84fa94-04c1-424b-9868-57a2d4851a1d" relativeResultsDirectory="3acd9c6d-290c-439f-9d5a-a31c08dac2cd" />
    <UnitTestResult executionId="da2e0a40-6204-4ac6-b5c6-c94f9cc776a4" testId="1fedcc5a-736c-d960-282a-3d61ec1d0e1a" testName="Diten.CrmService.Application.Tests.CampaignTargetingModeTests.T20_Switching_The_Mode_Keeps_The_Other_Modes_Data" computerName="GMG" duration="00:00:00.0084146" startTime="2026-08-28T18:21:43.9289706+03:00" endTime="2026-08-28T18:21:43.9289708+03:00" testType="13cdc9d9-ddb5-4fa4-a97d-d965ccfc6d4b" outcome="Passed" testListId="8c84fa94-04c1-424b-9868-57a2d4851a1d" relativeResultsDirectory="da2e0a40-6204-4ac6-b5c6-c94f9cc776a4" />
    <UnitTestResult executionId="9bcb89d0-d8cd-4840-945e-fe7f27fbd84f" testId="49b19138-128b-d5cf-a1ba-d9654e09b9f4" testName="Diten.CrmService.Application.Tests.CampaignTargetingModeTests.T08_Segment_Mode_Without_A_Segment_Is_Refused" computerName="GMG" duration="00:00:00.0008071" startTime="2026-08-28T18:21:43.9963510+03:00" endTime="2026-08-28T18:21:43.9963513+03:00" testType="13cdc9d9-ddb5-4fa4-a97d-d965ccfc6d4b" outcome="Passed" testListId="8c84fa94-04c1-424b-9868-57a2d4851a1d" relativeResultsDirectory="9bcb89d0-d8cd-4840-945e-fe7f27fbd84f" />
    <UnitTestResult executionId="b27e1228-0351-4ab9-8ad9-204093f1fbe5" testId="64cb2dc0-acfa-b3f4-b0f4-bf60e08d47a5" testName="Diten.CrmService.Application.Tests.CampaignTargetingModeTests.T28_Generated_Code_Format_Is_Stable" computerName="GMG" duration="00:00:00.0014618" startTime="2026-08-28T18:21:43.9322929+03:00" endTime="2026-08-28T18:21:43.9322930+03:00" testType="13cdc9d9-ddb5-4fa4-a97d-d965ccfc6d4b" outcome="Passed" testListId="8c84fa94-04c1-424b-9868-57a2d4851a1d" relativeResultsDirectory="b27e1228-0351-4ab9-8ad9-204093f1fbe5" />
    <UnitTestResult executionId="453d71b8-9893-4c8a-a365-e5ceb1a0d1f5" testId="e8a944a9-d6ea-58a7-0438-9f5651e016e2" testName="Diten.CrmService.Application.Tests.CampaignTargetingModeTests.T11_Duplicate_Segment_Is_Refused" computerName="GMG" duration="00:00:00.0004837" startTime="2026-08-28T18:21:43.9864436+03:00" endTime="2026-08-28T18:21:43.9864438+03:00" testType="13cdc9d9-ddb5-4fa4-a97d-d965ccfc6d4b" outcome="Passed" testListId="8c84fa94-04c1-424b-9868-57a2d4851a1d" relativeResultsDirectory="453d71b8-9893-4c8a-a365-e5ceb1a0d1f5" />
    <UnitTestResult executionId="a3e564a1-7ac2-4425-9b0e-568f1af98706" testId="73534dc5-8f19-fdea-6b9d-23d66bdbca1c" testName="Diten.CrmService.Application.Tests.CampaignTargetingModeTests.T01_Manual_Mode_Needs_No_Segment" computerName="GMG" duration="00:00:00.0015820" startTime="2026-08-28T18:21:43.9717772+03:00" endTime="2026-08-28T18:21:43.9717772+03:00" testType="13cdc9d9-ddb5-4fa4-a97d-d965ccfc6d4b" outcome="Passed" testListId="8c84fa94-04c1-424b-9868-57a2d4851a1d" relativeResultsDirectory="a3e564a1-7ac2-4425-9b0e-568f1af98706" />
    <UnitTestResult executionId="9c47897f-7229-497f-89ef-24a8b10a860c" testId="90c2c7f4-0881-5364-d939-f8a962cc6779" testName="Diten.CrmService.Application.Tests.CampaignTargetingModeTests.T23_Manual_Mode_Still_Accepts_Manual_Targets" computerName="GMG" duration="00:00:00.0085203" startTime="2026-08-28T18:21:43.9415759+03:00" endTime="2026-08-28T18:21:43.9415763+03:00" testType="13cdc9d9-ddb5-4fa4-a97d-d965ccfc6d4b" outcome="Passed" testListId="8c84fa94-04c1-424b-9868-57a2d4851a1d" relativeResultsDirectory="9c47897f-7229-497f-89ef-24a8b10a860c" />
  </Results>
  <TestDefinitions>
    <UnitTest name="Diten.CrmService.Application.Tests.CampaignTargetingModeTests.T20_Switching_The_Mode_Keeps_The_Other_Modes_Data" storage="c:\users\user\desktop\erp-vnext\services\diten.crmservice\tests\diten.crmservice.application.tests\.tmp-fu10t\debug\net8.0\diten.crmservice.application.tests.dll" id="1fedcc5a-736c-d960-282a-3d61ec1d0e1a">
      <Execution id="da2e0a40-6204-4ac6-b5c6-c94f9cc776a4" />
      <TestMethod codeBase="C:\Users\user\Desktop\ERP-vNext\services\Diten.CrmService\tests\Diten.CrmService.Application.Tests\.tmp-fu10t\Debug\net8.0\Diten.CrmService.Application.Tests.dll" adapterTypeName="executor://xunit/VsTestRunner2/netcoreapp" className="Diten.CrmService.Application.Tests.CampaignTargetingModeTests" name="T20_Switching_The_Mode_Keeps_The_Other_Modes_Data" />
    </UnitTest>
    <UnitTest name="Diten.CrmService.Application.Tests.CampaignTargetingModeTests.T32_List_Projects_Segments_In_A_Single_Batch_Read" storage="c:\users\user\desktop\erp-vnext\services\diten.crmservice\tests\diten.crmservice.application.tests\.tmp-fu10t\debug\net8.0\diten.crmservice.application.tests.dll" id="d832186d-bf90-cef9-3a27-bb037cfdf6e8">
      <Execution id="787ad71a-1fbe-4726-b157-bd1ca7c5856b" />
      <TestMethod codeBase="C:\Users\user\Desktop\ERP-vNext\services\Diten.CrmService\tests\Diten.CrmService.Application.Tests\.tmp-fu10t\Debug\net8.0\Diten.CrmService.Application.Tests.dll" adapterTypeName="executor://xunit/VsTestRunner2/netcoreapp" className="Diten.CrmService.Application.Tests.CampaignTargetingModeTests" name="T32_List_Projects_Segments_In_A_Single_Batch_Read" />
    </UnitTest>
    <UnitTest name="Diten.CrmService.Application.Tests.CampaignTargetingModeTests.T10_Unknown_Segment_Is_Refused_Without_Leaking_Existence" storage="c:\users\user\desktop\erp-vnext\services\diten.crmservice\tests\diten.crmservice.application.tests\.tmp-fu10t\debug\net8.0\diten.crmservice.application.tests.dll" id="8f7e8073-5552-05d9-27c8-510052eb3eb0">
      <Execution id="f269dc61-07eb-4b5f-b4d4-0ae3ad6575c2" />
      <TestMethod codeBase="C:\Users\user\Desktop\ERP-vNext\services\Diten.CrmService\tests\Diten.CrmService.Application.Tests\.tmp-fu10t\Debug\net8.0\Diten.CrmService.Application.Tests.dll" adapterTypeName="executor://xunit/VsTestRunner2/netcoreapp" className="Diten.CrmService.Application.Tests.CampaignTargetingModeTests" name="T10_Unknown_Segment_Is_Refused_Without_Leaking_Existence" />
    </UnitTest>
    <UnitTest name="Diten.CrmService.Application.Tests.CampaignTargetingModeTests.T19_A_Superseded_Segment_Keeps_Its_Link_And_Is_Surfaced" storage="c:\users\user\desktop\erp-vnext\services\diten.crmservice\tests\diten.crmservice.application.tests\.tmp-fu10t\debug\net8.0\diten.crmservice.application.tests.dll" id="51bb179d-ee8b-1698-feac-d57cdf174b02">
      <Execution id="bd0747ff-2acc-4982-b163-1ae80b08594c" />
      <TestMethod codeBase="C:\Users\user\Desktop\ERP-vNext\services\Diten.CrmService\tests\Diten.CrmService.Application.Tests\.tmp-fu10t\Debug\net8.0\Diten.CrmService.Application.Tests.dll" adapterTypeName="executor://xunit/VsTestRunner2/netcoreapp" className="Diten.CrmService.Application.Tests.CampaignTargetingModeTests" name="T19_A_Superseded_Segment_Keeps_Its_Link_And_Is_Surfaced" />
    </UnitTest>
    <UnitTest name="Diten.CrmService.Application.Tests.CampaignTargetingModeTests.T12_Segment_Ceiling_Is_Enforced" storage="c:\users\user\desktop\erp-vnext\services\diten.crmservice\tests\diten.crmservice.application.tests\.tmp-fu10t\debug\net8.0\diten.crmservice.application.tests.dll" id="420a6228-d7dc-4d45-ab4f-081a73adfdb8">
      <Execution id="4d8a96e3-b98c-49b1-835e-12f20a03d962" />
      <TestMethod codeBase="C:\Users\user\Desktop\ERP-vNext\services\Diten.CrmService\tests\Diten.CrmService.Application.Tests\.tmp-fu10t\Debug\net8.0\Diten.CrmService.Application.Tests.dll" adapterTypeName="executor://xunit/VsTestRunner2/netcoreapp" className="Diten.CrmService.Application.Tests.CampaignTargetingModeTests" name="T12_Segment_Ceiling_Is_Enforced" />
    </UnitTest>
    <UnitTest name="Diten.CrmService.Application.Tests.CampaignTargetingModeTests.T31_Segment_Targeting_Produces_No_Target_Rows" storage="c:\users\user\desktop\erp-vnext\services\diten.crmservice\tests\diten.crmservice.application.tests\.tmp-fu10t\debug\net8.0\diten.crmservice.application.tests.dll" id="853d96e4-a583-a323-8379-fe9642acc401">
      <Execution id="4f106c0e-c477-4376-affe-0278952311e1" />
      <TestMethod codeBase="C:\Users\user\Desktop\ERP-vNext\services\Diten.CrmService\tests\Diten.CrmService.Application.Tests\.tmp-fu10t\Debug\net8.0\Diten.CrmService.Application.Tests.dll" adapterTypeName="executor://xunit/VsTestRunner2/netcoreapp" className="Diten.CrmService.Application.Tests.CampaignTargetingModeTests" name="T31_Segment_Targeting_Produces_No_Target_Rows" />
    </UnitTest>
    <UnitTest name="Diten.CrmService.Application.Tests.CampaignTargetingModeTests.T04_A_Pre_FU10_Row_With_No_Targets_Stays_Editable" storage="c:\users\user\desktop\erp-vnext\services\diten.crmservice\tests\diten.crmservice.application.tests\.tmp-fu10t\debug\net8.0\diten.crmservice.application.tests.dll" id="acdd4e1f-7d4e-c899-ed5a-ba80ac927c81">
      <Execution id="31bfc4e1-efff-4ce6-9342-84b2bb44ee83" />
      <TestMethod codeBase="C:\Users\user\Desktop\ERP-vNext\services\Diten.CrmService\tests\Diten.CrmService.Application.Tests\.tmp-fu10t\Debug\net8.0\Diten.CrmService.Application.Tests.dll" adapterTypeName="executor://xunit/VsTestRunner2/netcoreapp" className="Diten.CrmService.Application.Tests.CampaignTargetingModeTests" name="T04_A_Pre_FU10_Row_With_No_Targets_Stays_Editable" />
    </UnitTest>
    <UnitTest name="Diten.CrmService.Application.Tests.CampaignTargetingModeTests.T13_Mixed_Subject_Types_Are_Allowed" storage="c:\users\user\desktop\erp-vnext\services\diten.crmservice\tests\diten.crmservice.application.tests\.tmp-fu10t\debug\net8.0\diten.crmservice.application.tests.dll" id="ef6d36ec-f324-2cc9-c06f-1a90c45b00ff">
      <Execution id="388c632a-e989-46ef-a8b4-0187c29686ab" />
      <TestMethod codeBase="C:\Users\user\Desktop\ERP-vNext\services\Diten.CrmService\tests\Diten.CrmService.Application.Tests\.tmp-fu10t\Debug\net8.0\Diten.CrmService.Application.Tests.dll" adapterTypeName="executor://xunit/VsTestRunner2/netcoreapp" className="Diten.CrmService.Application.Tests.CampaignTargetingModeTests" name="T13_Mixed_Subject_Types_Are_Allowed" />
    </UnitTest>
    <UnitTest name="Diten.CrmService.Application.Tests.CampaignTargetingModeTests.T27_Generation_Is_Not_Reachable_Without_A_Write" storage="c:\users\user\desktop\erp-vnext\services\diten.crmservice\tests\diten.crmservice.application.tests\.tmp-fu10t\debug\net8.0\diten.crmservice.application.tests.dll" id="2d2386b6-7e9a-30a4-5869-efb42af06134">
      <Execution id="16986715-2e53-4014-a551-81e7ac23c5af" />
      <TestMethod codeBase="C:\Users\user\Desktop\ERP-vNext\services\Diten.CrmService\tests\Diten.CrmService.Application.Tests\.tmp-fu10t\Debug\net8.0\Diten.CrmService.Application.Tests.dll" adapterTypeName="executor://xunit/VsTestRunner2/netcoreapp" className="Diten.CrmService.Application.Tests.CampaignTargetingModeTests" name="T27_Generation_Is_Not_Reachable_Without_A_Write" />
    </UnitTest>
    <UnitTest name="Diten.CrmService.Application.Tests.CampaignTargetingModeTests.T14_Segment_Mode_Cannot_Be_Emptied_By_A_Later_Write" storage="c:\users\user\desktop\erp-vnext\services\diten.crmservice\tests\diten.crmservice.application.tests\.tmp-fu10t\debug\net8.0\diten.crmservice.application.tests.dll" id="b8636901-91d6-e731-b6ed-bd8b259de67f">
      <Execution id="6484b75a-3063-41c4-8cbd-1c90d7e615a2" />
      <TestMethod codeBase="C:\Users\user\Desktop\ERP-vNext\services\Diten.CrmService\tests\Diten.CrmService.Application.Tests\.tmp-fu10t\Debug\net8.0\Diten.CrmService.Application.Tests.dll" adapterTypeName="executor://xunit/VsTestRunner2/netcoreapp" className="Diten.CrmService.Application.Tests.CampaignTargetingModeTests" name="T14_Segment_Mode_Cannot_Be_Emptied_By_A_Later_Write" />
    </UnitTest>
    <UnitTest name="Diten.CrmService.Application.Tests.CampaignTargetingModeTests.T21_An_Invalid_Mode_Switch_Writes_Nothing" storage="c:\users\user\desktop\erp-vnext\services\diten.crmservice\tests\diten.crmservice.application.tests\.tmp-fu10t\debug\net8.0\diten.crmservice.application.tests.dll" id="f0520d42-25cf-5e98-4d60-1a678dc5f8c2">
      <Execution id="a13ae37d-6b8a-402e-a814-3d7026ac12c2" />
      <TestMethod codeBase="C:\Users\user\Desktop\ERP-vNext\services\Diten.CrmService\tests\Diten.CrmService.Application.Tests\.tmp-fu10t\Debug\net8.0\Diten.CrmService.Application.Tests.dll" adapterTypeName="executor://xunit/VsTestRunner2/netcoreapp" className="Diten.CrmService.Application.Tests.CampaignTargetingModeTests" name="T21_An_Invalid_Mode_Switch_Writes_Nothing" />
    </UnitTest>
    <UnitTest name="Diten.CrmService.Application.Tests.CampaignTargetingModeTests.T06_Mode_Vocabulary_Is_Fail_Closed" storage="c:\users\user\desktop\erp-vnext\services\diten.crmservice\tests\diten.crmservice.application.tests\.tmp-fu10t\debug\net8.0\diten.crmservice.application.tests.dll" id="04063889-8a95-7286-5f98-044b8deae918">
      <Execution id="1c96dd1e-86f4-4a86-a34c-7ad91422b301" />
      <TestMethod codeBase="C:\Users\user\Desktop\ERP-vNext\services\Diten.CrmService\tests\Diten.CrmService.Application.Tests\.tmp-fu10t\Debug\net8.0\Diten.CrmService.Application.Tests.dll" adapterTypeName="executor://xunit/VsTestRunner2/netcoreapp" className="Diten.CrmService.Application.Tests.CampaignTargetingModeTests" name="T06_Mode_Vocabulary_Is_Fail_Closed" />
    </UnitTest>
    <UnitTest name="Diten.CrmService.Application.Tests.CampaignTargetingModeTests.T09_Only_Active_Segments_Can_Be_Added(status: &quot;draft&quot;)" storage="c:\users\user\desktop\erp-vnext\services\diten.crmservice\tests\diten.crmservice.application.tests\.tmp-fu10t\debug\net8.0\diten.crmservice.application.tests.dll" id="e72ec7e8-141a-3154-ab86-95f03f1235d5">
      <Execution id="330f1880-b4ed-4b70-8a8f-346527b77ac3" />
      <TestMethod codeBase="C:\Users\user\Desktop\ERP-vNext\services\Diten.CrmService\tests\Diten.CrmService.Application.Tests\.tmp-fu10t\Debug\net8.0\Diten.CrmService.Application.Tests.dll" adapterTypeName="executor://xunit/VsTestRunner2/netcoreapp" className="Diten.CrmService.Application.Tests.CampaignTargetingModeTests" name="T09_Only_Active_Segments_Can_Be_Added" />
    </UnitTest>
    <UnitTest name="Diten.CrmService.Application.Tests.CampaignTargetingModeTests.T18_LinkedAt_Is_Preserved_For_An_Existing_Segment" storage="c:\users\user\desktop\erp-vnext\services\diten.crmservice\tests\diten.crmservice.application.tests\.tmp-fu10t\debug\net8.0\diten.crmservice.application.tests.dll" id="dce67d84-6366-1e0c-f6e7-ba956fb6e9eb">
      <Execution id="4a22afae-25dc-48df-937c-8a1bb2663e1b" />
      <TestMethod codeBase="C:\Users\user\Desktop\ERP-vNext\services\Diten.CrmService\tests\Diten.CrmService.Application.Tests\.tmp-fu10t\Debug\net8.0\Diten.CrmService.Application.Tests.dll" adapterTypeName="executor://xunit/VsTestRunner2/netcoreapp" className="Diten.CrmService.Application.Tests.CampaignTargetingModeTests" name="T18_LinkedAt_Is_Preserved_For_An_Existing_Segment" />
    </UnitTest>
    <UnitTest name="Diten.CrmService.Application.Tests.CampaignTargetingModeTests.T33_An_Unresolvable_Segment_Shows_Its_Id" storage="c:\users\user\desktop\erp-vnext\services\diten.crmservice\tests\diten.crmservice.application.tests\.tmp-fu10t\debug\net8.0\diten.crmservice.application.tests.dll" id="0c8a5c25-732a-1368-d959-7808bf5f9d6f">
      <Execution id="1c31938c-fb46-46d7-b93a-24c90a4e6f8e" />
      <TestMethod codeBase="C:\Users\user\Desktop\ERP-vNext\services\Diten.CrmService\tests\Diten.CrmService.Application.Tests\.tmp-fu10t\Debug\net8.0\Diten.CrmService.Application.Tests.dll" adapterTypeName="executor://xunit/VsTestRunner2/netcoreapp" className="Diten.CrmService.Application.Tests.CampaignTargetingModeTests" name="T33_An_Unresolvable_Segment_Shows_Its_Id" />
    </UnitTest>
    <UnitTest name="Diten.CrmService.Application.Tests.CampaignTargetingModeTests.T35_CyclePeriod_And_Segment_Remain_Unaware_Of_Campaigns" storage="c:\users\user\desktop\erp-vnext\services\diten.crmservice\tests\diten.crmservice.application.tests\.tmp-fu10t\debug\net8.0\diten.crmservice.application.tests.dll" id="e8632875-0e9e-b312-4dd8-c3429f48450c">
      <Execution id="5cc4049d-1a72-4207-a550-b04be3edbfa9" />
      <TestMethod codeBase="C:\Users\user\Desktop\ERP-vNext\services\Diten.CrmService\tests\Diten.CrmService.Application.Tests\.tmp-fu10t\Debug\net8.0\Diten.CrmService.Application.Tests.dll" adapterTypeName="executor://xunit/VsTestRunner2/netcoreapp" className="Diten.CrmService.Application.Tests.CampaignTargetingModeTests" name="T35_CyclePeriod_And_Segment_Remain_Unaware_Of_Campaigns" />
    </UnitTest>
    <UnitTest name="Diten.CrmService.Application.Tests.CampaignTargetingModeTests.T01_Manual_Mode_Needs_No_Segment" storage="c:\users\user\desktop\erp-vnext\services\diten.crmservice\tests\diten.crmservice.application.tests\.tmp-fu10t\debug\net8.0\diten.crmservice.application.tests.dll" id="73534dc5-8f19-fdea-6b9d-23d66bdbca1c">
      <Execution id="a3e564a1-7ac2-4425-9b0e-568f1af98706" />
      <TestMethod codeBase="C:\Users\user\Desktop\ERP-vNext\services\Diten.CrmService\tests\Diten.CrmService.Application.Tests\.tmp-fu10t\Debug\net8.0\Diten.CrmService.Application.Tests.dll" adapterTypeName="executor://xunit/VsTestRunner2/netcoreapp" className="Diten.CrmService.Application.Tests.CampaignTargetingModeTests" name="T01_Manual_Mode_Needs_No_Segment" />
    </UnitTest>
    <UnitTest name="Diten.CrmService.Application.Tests.CampaignTargetingModeTests.T30_Segment_Catalog_Is_Read_Only" storage="c:\users\user\desktop\erp-vnext\services\diten.crmservice\tests\diten.crmservice.application.tests\.tmp-fu10t\debug\net8.0\diten.crmservice.application.tests.dll" id="0b38e145-3d30-6b46-d871-2722c12c4211">
      <Execution id="ca8a7a57-692b-4949-9aff-407c2fd0a478" />
      <TestMethod codeBase="C:\Users\user\Desktop\ERP-vNext\services\Diten.CrmService\tests\Diten.CrmService.Application.Tests\.tmp-fu10t\Debug\net8.0\Diten.CrmService.Application.Tests.dll" adapterTypeName="executor://xunit/VsTestRunner2/netcoreapp" className="Diten.CrmService.Application.Tests.CampaignTargetingModeTests" name="T30_Segment_Catalog_Is_Read_Only" />
    </UnitTest>
    <UnitTest name="Diten.CrmService.Application.Tests.CampaignTargetingModeTests.T09_Only_Active_Segments_Can_Be_Added(status: &quot;archived&quot;)" storage="c:\users\user\desktop\erp-vnext\services\diten.crmservice\tests\diten.crmservice.application.tests\.tmp-fu10t\debug\net8.0\diten.crmservice.application.tests.dll" id="c2c1ce33-48ff-c095-9622-1faa1b4458ff">
      <Execution id="b50de753-1dfa-4aed-b8f1-b864f2c661b1" />
      <TestMethod codeBase="C:\Users\user\Desktop\ERP-vNext\services\Diten.CrmService\tests\Diten.CrmService.Application.Tests\.tmp-fu10t\Debug\net8.0\Diten.CrmService.Application.Tests.dll" adapterTypeName="executor://xunit/VsTestRunner2/netcoreapp" className="Diten.CrmService.Application.Tests.CampaignTargetingModeTests" name="T09_Only_Active_Segments_Can_Be_Added" />
    </UnitTest>
    <UnitTest name="Diten.CrmService.Application.Tests.CampaignTargetingModeTests.T07_Segment_Mode_With_Active_Segments" storage="c:\users\user\desktop\erp-vnext\services\diten.crmservice\tests\diten.crmservice.application.tests\.tmp-fu10t\debug\net8.0\diten.crmservice.application.tests.dll" id="622a9efe-33e1-f6f3-a1f1-da6c01ffb63c">
      <Execution id="7a056987-42ca-480e-911a-a00fdac90ca3" />
      <TestMethod codeBase="C:\Users\user\Desktop\ERP-vNext\services\Diten.CrmService\tests\Diten.CrmService.Application.Tests\.tmp-fu10t\Debug\net8.0\Diten.CrmService.Application.Tests.dll" adapterTypeName="executor://xunit/VsTestRunner2/netcoreapp" className="Diten.CrmService.Application.Tests.CampaignTargetingModeTests" name="T07_Segment_Mode_With_Active_Segments" />
    </UnitTest>
    <UnitTest name="Diten.CrmService.Application.Tests.CampaignTargetingModeTests.T02_Unknown_Mode_Is_Refused" storage="c:\users\user\desktop\erp-vnext\services\diten.crmservice\tests\diten.crmservice.application.tests\.tmp-fu10t\debug\net8.0\diten.crmservice.application.tests.dll" id="e4cd3c38-8f6f-ddd8-24ba-451170e67101">
      <Execution id="28488b7b-91bd-4f94-9251-1ca73ac316e7" />
      <TestMethod codeBase="C:\Users\user\Desktop\ERP-vNext\services\Diten.CrmService\tests\Diten.CrmService.Application.Tests\.tmp-fu10t\Debug\net8.0\Diten.CrmService.Application.Tests.dll" adapterTypeName="executor://xunit/VsTestRunner2/netcoreapp" className="Diten.CrmService.Application.Tests.CampaignTargetingModeTests" name="T02_Unknown_Mode_Is_Refused" />
    </UnitTest>
    <UnitTest name="Diten.CrmService.Application.Tests.CampaignTargetingModeTests.T05_Omitted_Mode_Keeps_The_Stored_Mode" storage="c:\users\user\desktop\erp-vnext\services\diten.crmservice\tests\diten.crmservice.application.tests\.tmp-fu10t\debug\net8.0\diten.crmservice.application.tests.dll" id="088bc989-0fbf-990f-05ea-9cd2e24d28d2">
      <Execution id="206832b1-44e5-4bf8-bd73-81a4a0cfd8d2" />
      <TestMethod codeBase="C:\Users\user\Desktop\ERP-vNext\services\Diten.CrmService\tests\Diten.CrmService.Application.Tests\.tmp-fu10t\Debug\net8.0\Diten.CrmService.Application.Tests.dll" adapterTypeName="executor://xunit/VsTestRunner2/netcoreapp" className="Diten.CrmService.Application.Tests.CampaignTargetingModeTests" name="T05_Omitted_Mode_Keeps_The_Stored_Mode" />
    </UnitTest>
    <UnitTest name="Diten.CrmService.Application.Tests.CampaignTargetingModeTests.T25_An_Empty_Code_Is_Generated_At_Write_Time" storage="c:\users\user\desktop\erp-vnext\services\diten.crmservice\tests\diten.crmservice.application.tests\.tmp-fu10t\debug\net8.0\diten.crmservice.application.tests.dll" id="b857230d-3171-f272-81b3-9ef2a37381a1">
      <Execution id="298b0b9d-6856-4c52-9526-0d122401a1d0" />
      <TestMethod codeBase="C:\Users\user\Desktop\ERP-vNext\services\Diten.CrmService\tests\Diten.CrmService.Application.Tests\.tmp-fu10t\Debug\net8.0\Diten.CrmService.Application.Tests.dll" adapterTypeName="executor://xunit/VsTestRunner2/netcoreapp" className="Diten.CrmService.Application.Tests.CampaignTargetingModeTests" name="T25_An_Empty_Code_Is_Generated_At_Write_Time" />
    </UnitTest>
    <UnitTest name="Diten.CrmService.Application.Tests.CampaignTargetingModeTests.T16_Only_Added_Segments_Are_Validated" storage="c:\users\user\desktop\erp-vnext\services\diten.crmservice\tests\diten.crmservice.application.tests\.tmp-fu10t\debug\net8.0\diten.crmservice.application.tests.dll" id="f29d2c6f-d6ad-a2ea-8186-d4263b1dd1de">
      <Execution id="709fba9c-7fff-4989-989e-dbd9a311a603" />
      <TestMethod codeBase="C:\Users\user\Desktop\ERP-vNext\services\Diten.CrmService\tests\Diten.CrmService.Application.Tests\.tmp-fu10t\Debug\net8.0\Diten.CrmService.Application.Tests.dll" adapterTypeName="executor://xunit/VsTestRunner2/netcoreapp" className="Diten.CrmService.Application.Tests.CampaignTargetingModeTests" name="T16_Only_Added_Segments_Are_Validated" />
    </UnitTest>
    <UnitTest name="Diten.CrmService.Application.Tests.CampaignTargetingModeTests.T03_Pre_FU10_Row_Reads_As_Manual_And_Derivation_Writes_Nothing" storage="c:\users\user\desktop\erp-vnext\services\diten.crmservice\tests\diten.crmservice.application.tests\.tmp-fu10t\debug\net8.0\diten.crmservice.application.tests.dll" id="f2a133a9-2dc6-201d-f1fc-7cdcde3bac89">
      <Execution id="3e24ee1e-49a3-4d11-b1ba-e33f3b943198" />
      <TestMethod codeBase="C:\Users\user\Desktop\ERP-vNext\services\Diten.CrmService\tests\Diten.CrmService.Application.Tests\.tmp-fu10t\Debug\net8.0\Diten.CrmService.Application.Tests.dll" adapterTypeName="executor://xunit/VsTestRunner2/netcoreapp" className="Diten.CrmService.Application.Tests.CampaignTargetingModeTests" name="T03_Pre_FU10_Row_Reads_As_Manual_And_Derivation_Writes_Nothing" />
    </UnitTest>
    <UnitTest name="Diten.CrmService.Application.Tests.CampaignTargetingModeTests.T29_Campaign_Handlers_Never_Take_A_Segment_Repository" storage="c:\users\user\desktop\erp-vnext\services\diten.crmservice\tests\diten.crmservice.application.tests\.tmp-fu10t\debug\net8.0\diten.crmservice.application.tests.dll" id="0322980d-d16a-9744-d47a-d63cccb17210">
      <Execution id="baa97679-6dd3-4c04-a1e1-a68e4eeb1c97" />
      <TestMethod codeBase="C:\Users\user\Desktop\ERP-vNext\services\Diten.CrmService\tests\Diten.CrmService.Application.Tests\.tmp-fu10t\Debug\net8.0\Diten.CrmService.Application.Tests.dll" adapterTypeName="executor://xunit/VsTestRunner2/netcoreapp" className="Diten.CrmService.Application.Tests.CampaignTargetingModeTests" name="T29_Campaign_Handlers_Never_Take_A_Segment_Repository" />
    </UnitTest>
    <UnitTest name="Diten.CrmService.Application.Tests.CampaignTargetingModeTests.T26_A_Supplied_Code_Is_Kept_And_Burns_No_Number" storage="c:\users\user\desktop\erp-vnext\services\diten.crmservice\tests\diten.crmservice.application.tests\.tmp-fu10t\debug\net8.0\diten.crmservice.application.tests.dll" id="7553b025-0adf-10e9-f527-4ed0c6e2477f">
      <Execution id="db788fa1-f2ae-46ab-bd82-97011cf30567" />
      <TestMethod codeBase="C:\Users\user\Desktop\ERP-vNext\services\Diten.CrmService\tests\Diten.CrmService.Application.Tests\.tmp-fu10t\Debug\net8.0\Diten.CrmService.Application.Tests.dll" adapterTypeName="executor://xunit/VsTestRunner2/netcoreapp" className="Diten.CrmService.Application.Tests.CampaignTargetingModeTests" name="T26_A_Supplied_Code_Is_Kept_And_Burns_No_Number" />
    </UnitTest>
    <UnitTest name="Diten.CrmService.Application.Tests.CampaignTargetingModeTests.T23_Manual_Mode_Still_Accepts_Manual_Targets" storage="c:\users\user\desktop\erp-vnext\services\diten.crmservice\tests\diten.crmservice.application.tests\.tmp-fu10t\debug\net8.0\diten.crmservice.application.tests.dll" id="90c2c7f4-0881-5364-d939-f8a962cc6779">
      <Execution id="9c47897f-7229-497f-89ef-24a8b10a860c" />
      <TestMethod codeBase="C:\Users\user\Desktop\ERP-vNext\services\Diten.CrmService\tests\Diten.CrmService.Application.Tests\.tmp-fu10t\Debug\net8.0\Diten.CrmService.Application.Tests.dll" adapterTypeName="executor://xunit/VsTestRunner2/netcoreapp" className="Diten.CrmService.Application.Tests.CampaignTargetingModeTests" name="T23_Manual_Mode_Still_Accepts_Manual_Targets" />
    </UnitTest>
    <UnitTest name="Diten.CrmService.Application.Tests.CampaignTargetingModeTests.T28_Generated_Code_Format_Is_Stable" storage="c:\users\user\desktop\erp-vnext\services\diten.crmservice\tests\diten.crmservice.application.tests\.tmp-fu10t\debug\net8.0\diten.crmservice.application.tests.dll" id="64cb2dc0-acfa-b3f4-b0f4-bf60e08d47a5">
      <Execution id="b27e1228-0351-4ab9-8ad9-204093f1fbe5" />
      <TestMethod codeBase="C:\Users\user\Desktop\ERP-vNext\services\Diten.CrmService\tests\Diten.CrmService.Application.Tests\.tmp-fu10t\Debug\net8.0\Diten.CrmService.Application.Tests.dll" adapterTypeName="executor://xunit/VsTestRunner2/netcoreapp" className="Diten.CrmService.Application.Tests.CampaignTargetingModeTests" name="T28_Generated_Code_Format_Is_Stable" />
    </UnitTest>
    <UnitTest name="Diten.CrmService.Application.Tests.CampaignTargetingModeTests.T17_Removing_An_Archived_Segment_Is_Allowed" storage="c:\users\user\desktop\erp-vnext\services\diten.crmservice\tests\diten.crmservice.application.tests\.tmp-fu10t\debug\net8.0\diten.crmservice.application.tests.dll" id="9b1bb9f3-6cfc-bb89-b95d-7167d2a56210">
      <Execution id="12c28e95-b31d-495d-a551-57d2601ec3c3" />
      <TestMethod codeBase="C:\Users\user\Desktop\ERP-vNext\services\Diten.CrmService\tests\Diten.CrmService.Application.Tests\.tmp-fu10t\Debug\net8.0\Diten.CrmService.Application.Tests.dll" adapterTypeName="executor://xunit/VsTestRunner2/netcoreapp" className="Diten.CrmService.Application.Tests.CampaignTargetingModeTests" name="T17_Removing_An_Archived_Segment_Is_Allowed" />
    </UnitTest>
    <UnitTest name="Diten.CrmService.Application.Tests.CampaignTargetingModeTests.T34_Contract_Declares_Targeting_Mode_And_Its_Limits" storage="c:\users\user\desktop\erp-vnext\services\diten.crmservice\tests\diten.crmservice.application.tests\.tmp-fu10t\debug\net8.0\diten.crmservice.application.tests.dll" id="46567804-1632-756f-03bd-16dce7780646">
      <Execution id="4a50f1e9-d9f3-4f90-bffb-87299f083fdf" />
      <TestMethod codeBase="C:\Users\user\Desktop\ERP-vNext\services\Diten.CrmService\tests\Diten.CrmService.Application.Tests\.tmp-fu10t\Debug\net8.0\Diten.CrmService.Application.Tests.dll" adapterTypeName="executor://xunit/VsTestRunner2/netcoreapp" className="Diten.CrmService.Application.Tests.CampaignTargetingModeTests" name="T34_Contract_Declares_Targeting_Mode_And_Its_Limits" />
    </UnitTest>
    <UnitTest name="Diten.CrmService.Application.Tests.CampaignTargetingModeTests.T11_Duplicate_Segment_Is_Refused" storage="c:\users\user\desktop\erp-vnext\services\diten.crmservice\tests\diten.crmservice.application.tests\.tmp-fu10t\debug\net8.0\diten.crmservice.application.tests.dll" id="e8a944a9-d6ea-58a7-0438-9f5651e016e2">
      <Execution id="453d71b8-9893-4c8a-a365-e5ceb1a0d1f5" />
      <TestMethod codeBase="C:\Users\user\Desktop\ERP-vNext\services\Diten.CrmService\tests\Diten.CrmService.Application.Tests\.tmp-fu10t\Debug\net8.0\Diten.CrmService.Application.Tests.dll" adapterTypeName="executor://xunit/VsTestRunner2/netcoreapp" className="Diten.CrmService.Application.Tests.CampaignTargetingModeTests" name="T11_Duplicate_Segment_Is_Refused" />
    </UnitTest>
    <UnitTest name="Diten.CrmService.Application.Tests.CampaignTargetingModeTests.T08_Segment_Mode_Without_A_Segment_Is_Refused" storage="c:\users\user\desktop\erp-vnext\services\diten.crmservice\tests\diten.crmservice.application.tests\.tmp-fu10t\debug\net8.0\diten.crmservice.application.tests.dll" id="49b19138-128b-d5cf-a1ba-d9654e09b9f4">
      <Execution id="9bcb89d0-d8cd-4840-945e-fe7f27fbd84f" />
      <TestMethod codeBase="C:\Users\user\Desktop\ERP-vNext\services\Diten.CrmService\tests\Diten.CrmService.Application.Tests\.tmp-fu10t\Debug\net8.0\Diten.CrmService.Application.Tests.dll" adapterTypeName="executor://xunit/VsTestRunner2/netcoreapp" className="Diten.CrmService.Application.Tests.CampaignTargetingModeTests" name="T08_Segment_Mode_Without_A_Segment_Is_Refused" />
    </UnitTest>
    <UnitTest name="Diten.CrmService.Application.Tests.CampaignTargetingModeTests.T22_Segment_Mode_Refuses_A_New_Manual_Target" storage="c:\users\user\desktop\erp-vnext\services\diten.crmservice\tests\diten.crmservice.application.tests\.tmp-fu10t\debug\net8.0\diten.crmservice.application.tests.dll" id="21ba3c96-fc9b-8377-b666-521c3f25e64e">
      <Execution id="180d79c9-1495-4ca9-8190-f92ac60add69" />
      <TestMethod codeBase="C:\Users\user\Desktop\ERP-vNext\services\Diten.CrmService\tests\Diten.CrmService.Application.Tests\.tmp-fu10t\Debug\net8.0\Diten.CrmService.Application.Tests.dll" adapterTypeName="executor://xunit/VsTestRunner2/netcoreapp" className="Diten.CrmService.Application.Tests.CampaignTargetingModeTests" name="T22_Segment_Mode_Refuses_A_New_Manual_Target" />
    </UnitTest>
    <UnitTest name="Diten.CrmService.Application.Tests.CampaignTargetingModeTests.T24_Existing_Manual_Targets_Survive_A_Switch_To_Segment_Mode" storage="c:\users\user\desktop\erp-vnext\services\diten.crmservice\tests\diten.crmservice.application.tests\.tmp-fu10t\debug\net8.0\diten.crmservice.application.tests.dll" id="d5ab89f1-4a63-1e38-9e0c-f44729355ad6">
      <Execution id="5397db25-fa33-4a39-98cf-1c7c12c736db" />
      <TestMethod codeBase="C:\Users\user\Desktop\ERP-vNext\services\Diten.CrmService\tests\Diten.CrmService.Application.Tests\.tmp-fu10t\Debug\net8.0\Diten.CrmService.Application.Tests.dll" adapterTypeName="executor://xunit/VsTestRunner2/netcoreapp" className="Diten.CrmService.Application.Tests.CampaignTargetingModeTests" name="T24_Existing_Manual_Targets_Survive_A_Switch_To_Segment_Mode" />
    </UnitTest>
    <UnitTest name="Diten.CrmService.Application.Tests.CampaignTargetingModeTests.T15_Archived_Segment_Does_Not_Lock_The_Campaign" storage="c:\users\user\desktop\erp-vnext\services\diten.crmservice\tests\diten.crmservice.application.tests\.tmp-fu10t\debug\net8.0\diten.crmservice.application.tests.dll" id="23252f59-d7d0-3c28-e0c8-cf2c0d22537a">
      <Execution id="3acd9c6d-290c-439f-9d5a-a31c08dac2cd" />
      <TestMethod codeBase="C:\Users\user\Desktop\ERP-vNext\services\Diten.CrmService\tests\Diten.CrmService.Application.Tests\.tmp-fu10t\Debug\net8.0\Diten.CrmService.Application.Tests.dll" adapterTypeName="executor://xunit/VsTestRunner2/netcoreapp" className="Diten.CrmService.Application.Tests.CampaignTargetingModeTests" name="T15_Archived_Segment_Does_Not_Lock_The_Campaign" />
    </UnitTest>
  </TestDefinitions>
  <TestEntries>
    <TestEntry testId="420a6228-d7dc-4d45-ab4f-081a73adfdb8" executionId="4d8a96e3-b98c-49b1-835e-12f20a03d962" testListId="8c84fa94-04c1-424b-9868-57a2d4851a1d" />
    <TestEntry testId="088bc989-0fbf-990f-05ea-9cd2e24d28d2" executionId="206832b1-44e5-4bf8-bd73-81a4a0cfd8d2" testListId="8c84fa94-04c1-424b-9868-57a2d4851a1d" />
    <TestEntry testId="2d2386b6-7e9a-30a4-5869-efb42af06134" executionId="16986715-2e53-4014-a551-81e7ac23c5af" testListId="8c84fa94-04c1-424b-9868-57a2d4851a1d" />
    <TestEntry testId="0b38e145-3d30-6b46-d871-2722c12c4211" executionId="ca8a7a57-692b-4949-9aff-407c2fd0a478" testListId="8c84fa94-04c1-424b-9868-57a2d4851a1d" />
    <TestEntry testId="f2a133a9-2dc6-201d-f1fc-7cdcde3bac89" executionId="3e24ee1e-49a3-4d11-b1ba-e33f3b943198" testListId="8c84fa94-04c1-424b-9868-57a2d4851a1d" />
    <TestEntry testId="c2c1ce33-48ff-c095-9622-1faa1b4458ff" executionId="b50de753-1dfa-4aed-b8f1-b864f2c661b1" testListId="8c84fa94-04c1-424b-9868-57a2d4851a1d" />
    <TestEntry testId="21ba3c96-fc9b-8377-b666-521c3f25e64e" executionId="180d79c9-1495-4ca9-8190-f92ac60add69" testListId="8c84fa94-04c1-424b-9868-57a2d4851a1d" />
    <TestEntry testId="853d96e4-a583-a323-8379-fe9642acc401" executionId="4f106c0e-c477-4376-affe-0278952311e1" testListId="8c84fa94-04c1-424b-9868-57a2d4851a1d" />
    <TestEntry testId="0322980d-d16a-9744-d47a-d63cccb17210" executionId="baa97679-6dd3-4c04-a1e1-a68e4eeb1c97" testListId="8c84fa94-04c1-424b-9868-57a2d4851a1d" />
    <TestEntry testId="d832186d-bf90-cef9-3a27-bb037cfdf6e8" executionId="787ad71a-1fbe-4726-b157-bd1ca7c5856b" testListId="8c84fa94-04c1-424b-9868-57a2d4851a1d" />
    <TestEntry testId="f29d2c6f-d6ad-a2ea-8186-d4263b1dd1de" executionId="709fba9c-7fff-4989-989e-dbd9a311a603" testListId="8c84fa94-04c1-424b-9868-57a2d4851a1d" />
    <TestEntry testId="9b1bb9f3-6cfc-bb89-b95d-7167d2a56210" executionId="12c28e95-b31d-495d-a551-57d2601ec3c3" testListId="8c84fa94-04c1-424b-9868-57a2d4851a1d" />
    <TestEntry testId="0c8a5c25-732a-1368-d959-7808bf5f9d6f" executionId="1c31938c-fb46-46d7-b93a-24c90a4e6f8e" testListId="8c84fa94-04c1-424b-9868-57a2d4851a1d" />
    <TestEntry testId="b857230d-3171-f272-81b3-9ef2a37381a1" executionId="298b0b9d-6856-4c52-9526-0d122401a1d0" testListId="8c84fa94-04c1-424b-9868-57a2d4851a1d" />
    <TestEntry testId="622a9efe-33e1-f6f3-a1f1-da6c01ffb63c" executionId="7a056987-42ca-480e-911a-a00fdac90ca3" testListId="8c84fa94-04c1-424b-9868-57a2d4851a1d" />
    <TestEntry testId="8f7e8073-5552-05d9-27c8-510052eb3eb0" executionId="f269dc61-07eb-4b5f-b4d4-0ae3ad6575c2" testListId="8c84fa94-04c1-424b-9868-57a2d4851a1d" />
    <TestEntry testId="04063889-8a95-7286-5f98-044b8deae918" executionId="1c96dd1e-86f4-4a86-a34c-7ad91422b301" testListId="8c84fa94-04c1-424b-9868-57a2d4851a1d" />
    <TestEntry testId="acdd4e1f-7d4e-c899-ed5a-ba80ac927c81" executionId="31bfc4e1-efff-4ce6-9342-84b2bb44ee83" testListId="8c84fa94-04c1-424b-9868-57a2d4851a1d" />
    <TestEntry testId="e72ec7e8-141a-3154-ab86-95f03f1235d5" executionId="330f1880-b4ed-4b70-8a8f-346527b77ac3" testListId="8c84fa94-04c1-424b-9868-57a2d4851a1d" />
    <TestEntry testId="e4cd3c38-8f6f-ddd8-24ba-451170e67101" executionId="28488b7b-91bd-4f94-9251-1ca73ac316e7" testListId="8c84fa94-04c1-424b-9868-57a2d4851a1d" />
    <TestEntry testId="dce67d84-6366-1e0c-f6e7-ba956fb6e9eb" executionId="4a22afae-25dc-48df-937c-8a1bb2663e1b" testListId="8c84fa94-04c1-424b-9868-57a2d4851a1d" />
    <TestEntry testId="b8636901-91d6-e731-b6ed-bd8b259de67f" executionId="6484b75a-3063-41c4-8cbd-1c90d7e615a2" testListId="8c84fa94-04c1-424b-9868-57a2d4851a1d" />
    <TestEntry testId="e8632875-0e9e-b312-4dd8-c3429f48450c" executionId="5cc4049d-1a72-4207-a550-b04be3edbfa9" testListId="8c84fa94-04c1-424b-9868-57a2d4851a1d" />
    <TestEntry testId="f0520d42-25cf-5e98-4d60-1a678dc5f8c2" executionId="a13ae37d-6b8a-402e-a814-3d7026ac12c2" testListId="8c84fa94-04c1-424b-9868-57a2d4851a1d" />
    <TestEntry testId="d5ab89f1-4a63-1e38-9e0c-f44729355ad6" executionId="5397db25-fa33-4a39-98cf-1c7c12c736db" testListId="8c84fa94-04c1-424b-9868-57a2d4851a1d" />
    <TestEntry testId="51bb179d-ee8b-1698-feac-d57cdf174b02" executionId="bd0747ff-2acc-4982-b163-1ae80b08594c" testListId="8c84fa94-04c1-424b-9868-57a2d4851a1d" />
    <TestEntry testId="46567804-1632-756f-03bd-16dce7780646" executionId="4a50f1e9-d9f3-4f90-bffb-87299f083fdf" testListId="8c84fa94-04c1-424b-9868-57a2d4851a1d" />
    <TestEntry testId="ef6d36ec-f324-2cc9-c06f-1a90c45b00ff" executionId="388c632a-e989-46ef-a8b4-0187c29686ab" testListId="8c84fa94-04c1-424b-9868-57a2d4851a1d" />
    <TestEntry testId="7553b025-0adf-10e9-f527-4ed0c6e2477f" executionId="db788fa1-f2ae-46ab-bd82-97011cf30567" testListId="8c84fa94-04c1-424b-9868-57a2d4851a1d" />
    <TestEntry testId="23252f59-d7d0-3c28-e0c8-cf2c0d22537a" executionId="3acd9c6d-290c-439f-9d5a-a31c08dac2cd" testListId="8c84fa94-04c1-424b-9868-57a2d4851a1d" />
    <TestEntry testId="1fedcc5a-736c-d960-282a-3d61ec1d0e1a" executionId="da2e0a40-6204-4ac6-b5c6-c94f9cc776a4" testListId="8c84fa94-04c1-424b-9868-57a2d4851a1d" />
    <TestEntry testId="49b19138-128b-d5cf-a1ba-d9654e09b9f4" executionId="9bcb89d0-d8cd-4840-945e-fe7f27fbd84f" testListId="8c84fa94-04c1-424b-9868-57a2d4851a1d" />
    <TestEntry testId="64cb2dc0-acfa-b3f4-b0f4-bf60e08d47a5" executionId="b27e1228-0351-4ab9-8ad9-204093f1fbe5" testListId="8c84fa94-04c1-424b-9868-57a2d4851a1d" />
    <TestEntry testId="e8a944a9-d6ea-58a7-0438-9f5651e016e2" executionId="453d71b8-9893-4c8a-a365-e5ceb1a0d1f5" testListId="8c84fa94-04c1-424b-9868-57a2d4851a1d" />
    <TestEntry testId="73534dc5-8f19-fdea-6b9d-23d66bdbca1c" executionId="a3e564a1-7ac2-4425-9b0e-568f1af98706" testListId="8c84fa94-04c1-424b-9868-57a2d4851a1d" />
    <TestEntry testId="90c2c7f4-0881-5364-d939-f8a962cc6779" executionId="9c47897f-7229-497f-89ef-24a8b10a860c" testListId="8c84fa94-04c1-424b-9868-57a2d4851a1d" />
  </TestEntries>
  <TestLists>
    <TestList name="Bir Listede Olmayan Sonuçlar" id="8c84fa94-04c1-424b-9868-57a2d4851a1d" />
    <TestList name="Yüklenen Tüm Sonuçlar" id="19431567-8539-422a-85d7-44ee4e166bda" />
  </TestLists>
  <ResultSummary outcome="Completed">
    <Counters total="36" executed="36" passed="36" failed="0" error="0" timeout="0" aborted="0" inconclusive="0" passedButRunAborted="0" notRunnable="0" notExecuted="0" disconnected="0" warning="0" completed="0" inProgress="0" pending="0" />
    <Output>
      <StdOut>[xUnit.net 00:00:00.00] xUnit.net VSTest Adapter v2.8.2+699d445a1a (64-bit .NET 8.0.21)&#xD;
[xUnit.net 00:00:00.37]   Discovering: Diten.CrmService.Application.Tests&#xD;
[xUnit.net 00:00:00.59]   Discovered:  Diten.CrmService.Application.Tests&#xD;
[xUnit.net 00:00:00.60]   Starting:    Diten.CrmService.Application.Tests&#xD;
[xUnit.net 00:00:00.78]   Finished:    Diten.CrmService.Application.Tests&#xD;
</StdOut>
    </Output>
  </ResultSummary>
</TestRun>