Test run for /private/tmp/mvp6-mod0186-r01-independent-ver-01/source/services/Diten.SupplyChainService/tests/Diten.SupplyChainService.Tests/bin/Release/net8.0/Diten.SupplyChainService.Tests.dll (.NETCoreApp,Version=v8.0)
VSTest version 18.0.1 (arm64)

Starting test execution, please wait...
A total of 1 test files matched the specified pattern.
[xUnit.net 00:00:00.00] xUnit.net VSTest Adapter v2.8.2+699d445a1a (64-bit .NET 10.0.2)
[xUnit.net 00:00:00.09]   Discovering: Diten.SupplyChainService.Tests
[xUnit.net 00:00:00.17]   Discovered:  Diten.SupplyChainService.Tests
[xUnit.net 00:00:00.18]   Starting:    Diten.SupplyChainService.Tests
  Passed Diten.SupplyChainService.Tests.Returns.ReturnContractTests.Instant_LeapSecond_OffsetEquivalentDistinctFromNextSecond [8 ms]
  Passed Diten.SupplyChainService.Tests.Returns.ReturnContractTests.Quantity_InvalidLexical_Rejects(value: "١") [< 1 ms]
  Passed Diten.SupplyChainService.Tests.Returns.ReturnContractTests.Quantity_InvalidLexical_Rejects(value: " 1") [< 1 ms]
  Passed Diten.SupplyChainService.Tests.Returns.ReturnContractTests.Quantity_InvalidLexical_Rejects(value: "1.") [< 1 ms]
  Passed Diten.SupplyChainService.Tests.Returns.ReturnContractTests.Quantity_InvalidLexical_Rejects(value: "+1") [< 1 ms]
  Passed Diten.SupplyChainService.Tests.Returns.ReturnContractTests.Quantity_InvalidLexical_Rejects(value: ".1") [< 1 ms]
  Passed Diten.SupplyChainService.Tests.Returns.ReturnContractTests.Quantity_InvalidLexical_Rejects(value: "1e2") [< 1 ms]
  Passed Diten.SupplyChainService.Tests.Returns.ReturnContractTests.Wire_BoundedShape_RejectsNullEvidenceAndExtrasAllowsOpaqueEmpty [6 ms]
  Passed Diten.SupplyChainService.Tests.Returns.ReturnContractTests.Quantity_EquivalentNumericValues_Equal(a: "-0", b: "000.000") [2 ms]
Returns write stage=entitlement
Returns write stage=aggregate
Returns write stage=receipt
Returns scoped counts 90581a4b-b699-46bd-9b87-1ee48842817f=0,0,0,0,0
Returns write stage=entitlement
Returns write stage=aggregate
Returns write stage=receipt
Returns write stage=audit
Returns write stage=outbox
Returns write stage=beforeCommit
Returns write stage=afterCommit
Returns scoped counts 90581a4b-b699-46bd-9b87-1ee48842817f=1,1,1,1,1
Returns write stage=entitlement
Returns write stage=aggregate
Returns scoped counts 483b5e99-4b48-4685-8797-76a4c062394c=0,0,0,0,0
Returns write stage=entitlement
Returns write stage=aggregate
Returns write stage=receipt
Returns write stage=audit
Returns write stage=outbox
Returns write stage=beforeCommit
Returns write stage=afterCommit
Returns scoped counts 483b5e99-4b48-4685-8797-76a4c062394c=1,1,1,1,1
Returns write stage=entitlement
Returns write stage=aggregate
Returns write stage=receipt
Returns write stage=audit
Returns write stage=outbox
Returns scoped counts 13d025fa-4cc6-49fa-aec1-7c83b70964bd=0,0,0,0,0
Returns write stage=entitlement
Returns write stage=aggregate
Returns write stage=receipt
Returns write stage=audit
Returns write stage=outbox
Returns write stage=beforeCommit
Returns write stage=afterCommit
Returns scoped counts 13d025fa-4cc6-49fa-aec1-7c83b70964bd=1,1,1,1,1
Returns write stage=entitlement
Returns scoped counts 24c8b355-f0e7-4481-91fe-9d0aeecd29ec=0,0,0,0,0
Returns write stage=entitlement
Returns write stage=aggregate
Returns write stage=receipt
Returns write stage=audit
Returns write stage=outbox
Returns write stage=beforeCommit
Returns write stage=afterCommit
Returns scoped counts 24c8b355-f0e7-4481-91fe-9d0aeecd29ec=1,1,1,1,1
  Passed Diten.SupplyChainService.Tests.Returns.ReturnContractTests.Quantity_EquivalentNumericValues_Equal(a: "1.0", b: "1.00") [< 1 ms]
  Passed Diten.SupplyChainService.Tests.Returns.ReturnContractTests.Quantity_EquivalentNumericValues_Equal(a: "123456789012345678901234567890.1234567890123456789"···, b: "123456789012345678901234567890.1234567890123456789"···) [< 1 ms]
  Passed Diten.SupplyChainService.Tests.Returns.ReturnContractTests.Quantity_Arithmetic_HasNoPrecisionLoss [< 1 ms]
  Passed Diten.SupplyChainService.Tests.Returns.ReturnContractTests.Fingerprint_NumericAndInstantEquivalence_ReplaysWhileArrayOrderConflicts [26 ms]
  Passed Diten.SupplyChainService.Tests.Returns.ReturnContractTests.Instant_GregorianYearZeroAndBoundaries_KeepEquivalentInstants [< 1 ms]
  Passed Diten.SupplyChainService.Tests.Returns.ReturnAtomicityTests.PrecommitFault_EachActualWriteStage_RollsBackAllFive(stage: "receipt", reached: 3) [641 ms]
  Passed Diten.SupplyChainService.Tests.Returns.ReturnAtomicityTests.PrecommitFault_EachActualWriteStage_RollsBackAllFive(stage: "aggregate", reached: 2) [25 ms]
  Passed Diten.SupplyChainService.Tests.Returns.ReturnAtomicityTests.PrecommitFault_EachActualWriteStage_RollsBackAllFive(stage: "outbox", reached: 5) [27 ms]
  Passed Diten.SupplyChainService.Tests.Returns.ReturnAtomicityTests.PrecommitFault_EachActualWriteStage_RollsBackAllFive(stage: "entitlement", reached: 1) [23 ms]
Returns write stage=entitlement
Returns write stage=aggregate
Returns write stage=receipt
Returns write stage=audit
Returns scoped counts 8a3c3881-e05a-4c78-acf8-8335db029bc3=0,0,0,0,0
Returns write stage=entitlement
Returns write stage=aggregate
Returns write stage=receipt
Returns write stage=audit
Returns write stage=outbox
Returns write stage=beforeCommit
Returns write stage=afterCommit
Returns scoped counts 8a3c3881-e05a-4c78-acf8-8335db029bc3=1,1,1,1,1
Returns write stage=entitlement
Returns scoped counts 4478b78d-bdcc-42ab-b671-d58e053b07cc=0,0,0,0,0
Returns write stage=entitlement
Returns write stage=aggregate
Returns write stage=receipt
Returns write stage=audit
Returns write stage=outbox
Returns write stage=beforeCommit
  Passed Diten.SupplyChainService.Tests.Returns.ReturnAtomicityTests.PrecommitFault_EachActualWriteStage_RollsBackAllFive(stage: "audit", reached: 4) [24 ms]
  Passed Diten.SupplyChainService.Tests.Returns.ReturnAtomicityTests.MultilineFailure_SecondLineOverCap_LeavesNoFirstLineDebit [12 ms]
Returns scoped counts b74d9e08-2142-487d-a385-bfc971a4718f=0,0,0,0,0
Unknown commit same-key recovery status=503
Unknown commit same-key recovery status=503
Unknown commit same-key recovery status=503
Unknown commit same-key recovery status=503
Unknown commit same-key recovery status=503
Unknown commit same-key recovery status=503
Unknown commit same-key recovery status=503
Unknown commit same-key recovery status=503
Unknown commit same-key recovery status=503
Unknown commit same-key recovery status=503
Unknown commit same-key recovery status=503
Unknown commit same-key recovery status=503
Unknown commit same-key recovery status=503
Unknown commit same-key recovery status=503
Unknown commit same-key recovery status=503
Unknown commit same-key recovery status=503
Unknown commit same-key recovery status=503
Unknown commit same-key recovery status=503
Unknown commit same-key recovery status=503
Unknown commit same-key recovery status=503
Unknown commit same-key recovery status=503
Unknown commit same-key recovery status=503
Unknown commit same-key recovery status=503
Unknown commit same-key recovery status=503
Unknown commit same-key recovery status=503
Returns write stage=entitlement
Returns write stage=aggregate
Returns write stage=receipt
Returns write stage=audit
Returns write stage=outbox
Returns write stage=beforeCommit
Returns write stage=afterCommit
Unknown commit same-key recovery status=201
Returns scoped counts b74d9e08-2142-487d-a385-bfc971a4718f=1,1,1,1,1
  Passed Diten.SupplyChainService.Tests.Returns.ReturnAtomicityTests.UnknownCommit_Unresolved503_AllOrNoneThenSameKeyRecovery [1 m 16 s]
Returns write stage=entitlement
Returns write stage=aggregate
Returns write stage=receipt
Returns write stage=audit
Returns write stage=outbox
Returns write stage=beforeCommit
Returns write stage=afterCommit
Returns scoped counts 3f9ff825-65ab-4dbc-aaec-c5b3a48f2e73=1,1,1,1,1
Returns scoped counts 3f9ff825-65ab-4dbc-aaec-c5b3a48f2e73=1,1,1,1,1
Returns write stage=entitlement
Returns write stage=aggregate
Returns write stage=receipt
Returns write stage=audit
Returns write stage=outbox
Returns write stage=beforeCommit
Returns write stage=afterCommit
Returns scoped counts e6118b85-a4d4-41e2-b83f-5497373a2e86=1,1,1,1,1
Returns scoped counts e6118b85-a4d4-41e2-b83f-5497373a2e86=1,1,1,1,1
Returns write stage=entitlement
Returns write stage=aggregate
Returns write stage=receipt
Returns write stage=audit
Returns write stage=outbox
Returns write stage=beforeCommit
Returns write stage=afterCommit
Returns scoped counts b8cab6fd-7c67-49a0-acbc-deaed4b6fa8f=1,1,1,1,1
Returns scoped counts b8cab6fd-7c67-49a0-acbc-deaed4b6fa8f=1,1,1,1,1
Returns write stage=entitlement
Returns write stage=aggregate
Returns write stage=receipt
Returns write stage=audit
Returns write stage=outbox
Returns write stage=beforeCommit
Returns write stage=afterCommit
Returns scoped counts 5271bcac-63a3-429c-b5ba-485620922306=1,1,1,1,1
Returns scoped counts 5271bcac-63a3-429c-b5ba-485620922306=1,1,1,1,1
Returns write stage=entitlement
Returns write stage=aggregate
Returns write stage=receipt
Returns write stage=audit
Returns write stage=outbox
Returns write stage=beforeCommit
Returns write stage=afterCommit
Returns scoped counts 85371dc4-2594-4b62-9ae1-0f944fcce4c7=1,1,1,1,1
Returns write stage=entitlement
Returns write stage=aggregate
Returns write stage=receipt
Returns write stage=audit
Returns write stage=outbox
Returns write stage=beforeCommit
Returns write stage=afterCommit
Returns scoped counts 85371dc4-2594-4b62-9ae1-0f944fcce4c7=1,2,2,2,2
Returns scoped counts 85371dc4-2594-4b62-9ae1-0f944fcce4c7=1,2,2,2,2
Returns write stage=entitlement
Returns write stage=aggregate
Returns write stage=receipt
Returns write stage=audit
Returns write stage=outbox
Returns write stage=beforeCommit
Returns write stage=afterCommit
Returns write stage=entitlement
Returns write stage=aggregate
Returns write stage=receipt
Returns write stage=audit
Returns write stage=outbox
Returns write stage=beforeCommit
Returns write stage=afterCommit
Returns write stage=entitlement
Returns write stage=aggregate
Returns write stage=receipt
Returns write stage=audit
Returns write stage=outbox
Returns write stage=beforeCommit
Returns write stage=afterCommit
Returns write stage=entitlement
Returns write stage=aggregate
Returns write stage=receipt
Returns write stage=audit
Returns write stage=outbox
Returns write stage=beforeCommit
Returns write stage=afterCommit
Returns scoped counts d4dc5027-b56a-4c25-b77c-bf7de95ffca7=1,1,1,1,1
Returns write stage=entitlement
Returns write stage=entitlement
Returns write stage=entitlement
Returns scoped counts d4dc5027-b56a-4c25-b77c-bf7de95ffca7=1,1,1,1,1
Returns write stage=entitlement
Returns write stage=entitlement
Returns write stage=aggregate
Returns write stage=receipt
Returns write stage=audit
Returns write stage=outbox
Returns write stage=beforeCommit
Returns write stage=afterCommit
Returns scoped counts d4dc5027-b56a-4c25-b77c-bf7de95ffca7=1,2,2,2,2
Returns write stage=entitlement
Returns write stage=aggregate
Returns write stage=receipt
Returns write stage=audit
Returns write stage=outbox
Returns write stage=beforeCommit
Returns write stage=afterCommit
Returns write stage=aggregate
Returns write stage=receipt
Returns write stage=audit
Returns write stage=outbox
Returns write stage=beforeCommit
Returns write stage=afterCommit
Returns write stage=aggregate
Returns write stage=receipt
Returns write stage=audit
Returns write stage=outbox
Returns write stage=beforeCommit
Returns write stage=afterCommit
Returns write stage=aggregate
Returns write stage=receipt
Returns write stage=audit
Returns write stage=outbox
Returns write stage=beforeCommit
Returns write stage=afterCommit
Returns write stage=aggregate
Returns write stage=receipt
Returns write stage=audit
Returns write stage=outbox
Returns write stage=beforeCommit
Returns write stage=afterCommit
Returns write stage=aggregate
Returns write stage=receipt
Returns write stage=audit
Returns write stage=outbox
Returns write stage=beforeCommit
Returns write stage=afterCommit
  Passed Diten.SupplyChainService.Tests.Returns.ReturnAtomicityTests.PostCommitResponseLoss_RecoversOriginalReceipt_NotZeroWrites [27 ms]
  Passed Diten.SupplyChainService.Tests.Returns.ReturnConcurrencyTests.FirstSnapshot_IdentityOrOrdinalUomDrift_Returns409(field: "uom") [39 ms]
  Passed Diten.SupplyChainService.Tests.Returns.ReturnConcurrencyTests.FirstSnapshot_IdentityOrOrdinalUomDrift_Returns409(field: "item") [30 ms]
  Passed Diten.SupplyChainService.Tests.Returns.ReturnConcurrencyTests.FirstSnapshot_IdentityOrOrdinalUomDrift_Returns409(field: "sku") [29 ms]
  Passed Diten.SupplyChainService.Tests.Returns.ReturnConcurrencyTests.FirstSnapshot_NumericEquivalentAllowed_DriftConflictsAtomically [70 ms]
  Passed Diten.SupplyChainService.Tests.Returns.ReturnConcurrencyTests.Create_Races_RespectsExactCap(first: "4", second: "6", successes: 2) [53 ms]
  Passed Diten.SupplyChainService.Tests.Returns.ReturnConcurrencyTests.Create_Races_RespectsExactCap(first: "6", second: "6", successes: 1) [42 ms]
  Passed Diten.SupplyChainService.Tests.Returns.ReturnConcurrencyTests.RmaNumber_KnownCollision_MaxThreeAttemptsAndAtomicRecovery [140 ms]
  Passed Diten.SupplyChainService.Tests.Returns.ReturnConcurrencyTests.ClosedAndManualReceived_RetainEntitlementOpaqueReferenceAndPendingEvents [130 ms]
Returns write stage=entitlement
Returns write stage=aggregate
Returns write stage=receipt
Returns write stage=audit
Returns write stage=outbox
Returns write stage=beforeCommit
Returns write stage=afterCommit
Returns write stage=entitlement
Returns write stage=aggregate
Returns write stage=receipt
Returns write stage=audit
Returns write stage=outbox
Returns write stage=beforeCommit
Returns write stage=afterCommit
Returns write stage=entitlement
Returns write stage=aggregate
Returns write stage=receipt
Returns write stage=audit
Returns write stage=outbox
Returns write stage=beforeCommit
Returns write stage=afterCommit
Returns write stage=entitlement
Returns write stage=aggregate
Returns write stage=receipt
Returns write stage=audit
Returns write stage=outbox
Returns write stage=beforeCommit
Returns write stage=afterCommit
Returns write stage=aggregate
Returns write stage=receipt
Returns write stage=audit
Returns write stage=outbox
Returns write stage=beforeCommit
Returns write stage=afterCommit
Returns write stage=entitlement
Returns write stage=aggregate
Returns write stage=receipt
Returns write stage=audit
Returns write stage=outbox
Returns write stage=beforeCommit
Returns write stage=afterCommit
Returns write stage=entitlement
Returns write stage=aggregate
Returns write stage=receipt
Returns write stage=audit
Returns write stage=outbox
Returns write stage=beforeCommit
Returns write stage=afterCommit
Returns write stage=entitlement
Returns write stage=aggregate
Returns write stage=receipt
Returns write stage=audit
Returns write stage=outbox
Returns write stage=beforeCommit
Returns write stage=afterCommit
Returns scoped counts 81c14664-0ec7-4b5e-9c0c-5e4838c188d5=1,1,1,1,1
Returns write stage=entitlement
Returns write stage=aggregate
Returns write stage=receipt
Returns write stage=audit
Returns write stage=outbox
Returns write stage=beforeCommit
Returns write stage=afterCommit
Returns write stage=entitlement
Returns write stage=aggregate
Returns write stage=receipt
Returns write stage=audit
Returns write stage=outbox
Returns write stage=beforeCommit
Returns write stage=afterCommit
  Passed Diten.SupplyChainService.Tests.Returns.ReturnConcurrencyTests.Release_ReplayAndDifferentKey_DebitsExactlyOnce(target: Rejected) [65 ms]
  Passed Diten.SupplyChainService.Tests.Returns.ReturnConcurrencyTests.Release_ReplayAndDifferentKey_DebitsExactlyOnce(target: Cancelled) [64 ms]
  Passed Diten.SupplyChainService.Tests.Returns.ReturnConcurrencyTests.SameKey_TwentyConcurrentCalls_OneAggregateReceiptEvent [81 ms]
  Passed Diten.SupplyChainService.Tests.Returns.ReturnConcurrencyTests.Entitlement_DefaultCaseInsensitiveCollection_UsesExplicitOrdinalOperations [357 ms]
  Passed Diten.SupplyChainService.Tests.Returns.ReturnIsolationTests.Middleware_PostAuthenticationUnit_OrderedContextMatrix(variant: "scope-query", expected: 400) [83 ms]
  Passed Diten.SupplyChainService.Tests.Returns.ReturnIsolationTests.Middleware_PostAuthenticationUnit_OrderedContextMatrix(variant: "unknown-query", expected: 200) [2 ms]
  Passed Diten.SupplyChainService.Tests.Returns.ReturnIsolationTests.Middleware_PostAuthenticationUnit_OrderedContextMatrix(variant: "unauthenticated", expected: 401) [1 ms]
  Passed Diten.SupplyChainService.Tests.Returns.ReturnIsolationTests.Middleware_PostAuthenticationUnit_OrderedContextMatrix(variant: "foreign-scope", expected: 404) [< 1 ms]
  Passed Diten.SupplyChainService.Tests.Returns.ReturnIsolationTests.Middleware_PostAuthenticationUnit_OrderedContextMatrix(variant: "untrusted", expected: 403) [< 1 ms]
Returns write stage=entitlement
Returns write stage=aggregate
Returns write stage=receipt
Returns write stage=audit
Returns write stage=outbox
Returns write stage=beforeCommit
Returns write stage=afterCommit
Returns write stage=entitlement
Returns write stage=aggregate
Returns write stage=receipt
Returns write stage=audit
Returns write stage=outbox
Returns write stage=beforeCommit
Returns write stage=afterCommit
Returns write stage=entitlement
Returns write stage=aggregate
Returns write stage=receipt
Returns write stage=audit
Returns write stage=outbox
Returns write stage=beforeCommit
Returns write stage=afterCommit
Returns scoped counts fd102a1a-8a31-4406-8e68-8e913e06a240=1,1,1,1,1
Returns write stage=entitlement
Returns write stage=aggregate
Returns write stage=receipt
Returns write stage=audit
Returns write stage=outbox
Returns write stage=beforeCommit
Returns write stage=afterCommit
Returns write stage=entitlement
Returns write stage=aggregate
Returns write stage=receipt
Returns write stage=audit
Returns write stage=outbox
Returns write stage=beforeCommit
Returns write stage=afterCommit
Returns scoped counts 8b2a2547-e806-4a3c-9b00-412362e743e6=1,1,1,1,1
Returns scoped counts 8b2a2547-e806-4a3c-9b00-412362e743e6=1,1,1,1,1
Returns write stage=entitlement
Returns write stage=aggregate
Returns write stage=receipt
Returns write stage=audit
Returns write stage=outbox
Returns write stage=beforeCommit
Returns write stage=afterCommit
Returns scoped counts 550ebe1f-d886-4da5-954a-692a31ae7825=1,1,1,1,1
Returns write stage=aggregate
Returns write stage=receipt
Returns write stage=audit
Returns write stage=outbox
Returns write stage=beforeCommit
Returns write stage=afterCommit
Returns write stage=entitlement
Returns write stage=aggregate
Returns write stage=receipt
Returns write stage=audit
Returns write stage=outbox
Returns write stage=beforeCommit
Returns write stage=afterCommit
Returns scoped counts cedc96d0-d06c-49fa-a783-af56816ec200=1,1,1,1,1
Returns write stage=entitlement
Returns write stage=aggregate
Returns write stage=receipt
Returns write stage=audit
Returns write stage=outbox
Returns write stage=beforeCommit
Returns write stage=afterCommit
Returns write stage=entitlement
Returns write stage=aggregate
Returns write stage=receipt
Returns write stage=audit
Returns write stage=outbox
Returns write stage=beforeCommit
Returns write stage=afterCommit
Returns scoped counts 82a250c9-45eb-49f2-a7e8-d86e89bccc6a=1,1,1,1,1
Returns scoped counts 82a250c9-45eb-49f2-a7e8-d86e89bccc6a=1,1,1,1,1
Returns write stage=entitlement
Returns write stage=aggregate
Returns write stage=receipt
Returns write stage=audit
Returns write stage=outbox
Returns write stage=beforeCommit
Returns write stage=afterCommit
Returns scoped counts 83312183-5936-4a61-9ce0-3bbc08a6e02e=1,1,1,1,1
Returns scoped counts 83312183-5936-4a61-9ce0-3bbc08a6e02e=1,1,1,1,1
Returns write stage=entitlement
Returns write stage=aggregate
Returns write stage=receipt
Returns write stage=audit
Returns write stage=outbox
Returns write stage=beforeCommit
Returns write stage=afterCommit
Returns scoped counts a4582429-33d8-43fd-a17a-bea56e51da1f=1,1,1,1,1
Returns scoped counts a4582429-33d8-43fd-a17a-bea56e51da1f=1,1,1,1,1
Returns write stage=entitlement
Returns write stage=aggregate
Returns write stage=receipt
Returns write stage=audit
Returns write stage=outbox
Returns write stage=beforeCommit
Returns write stage=afterCommit
Returns scoped counts a49a6587-7ae3-4232-a7ce-a098bc5d32e4=1,1,1,1,1
Returns scoped counts a49a6587-7ae3-4232-a7ce-a098bc5d32e4=1,1,1,1,1
Returns write stage=entitlement
Returns write stage=aggregate
Returns write stage=receipt
Returns write stage=audit
Returns write stage=outbox
Returns write stage=beforeCommit
Returns write stage=afterCommit
Returns scoped counts ebafadb1-25ae-4d5c-a7f9-311bd42ddd08=1,1,1,1,1
Returns scoped counts ebafadb1-25ae-4d5c-a7f9-311bd42ddd08=1,1,1,1,1
Returns write stage=entitlement
Returns write stage=aggregate
Returns write stage=receipt
Returns write stage=audit
Returns write stage=outbox
Returns write stage=beforeCommit
Returns write stage=afterCommit
Returns scoped counts 3873a8c8-93b1-4157-86fd-5bc66f1c02e1=1,1,1,1,1
Returns scoped counts 3873a8c8-93b1-4157-86fd-5bc66f1c02e1=1,1,1,1,1
Returns write stage=entitlement
Returns write stage=aggregate
Returns write stage=receipt
Returns write stage=audit
Returns write stage=outbox
Returns write stage=beforeCommit
Returns write stage=afterCommit
Returns scoped counts a500c122-33ff-4e19-add5-ea50315cc4a2=1,1,1,1,1
Returns scoped counts a500c122-33ff-4e19-add5-ea50315cc4a2=1,1,1,1,1
Returns write stage=entitlement
Returns write stage=aggregate
Returns write stage=receipt
Returns write stage=audit
Returns write stage=outbox
Returns write stage=beforeCommit
Returns write stage=afterCommit
Returns scoped counts af291a17-d4c7-4257-871d-963d06d27fe9=1,1,1,1,1
Returns scoped counts af291a17-d4c7-4257-871d-963d06d27fe9=1,1,1,1,1
Returns write stage=entitlement
Returns write stage=aggregate
Returns write stage=receipt
Returns write stage=audit
Returns write stage=outbox
Returns write stage=beforeCommit
Returns write stage=afterCommit
Returns scoped counts 137765fe-1b16-4c6d-9887-f9f36e24e7ee=1,1,1,1,1
Returns write stage=aggregate
Returns write stage=receipt
Returns write stage=audit
Returns write stage=outbox
Returns write stage=beforeCommit
Returns write stage=afterCommit
Returns write stage=entitlement
Returns write stage=aggregate
Returns write stage=receipt
Returns write stage=audit
Returns write stage=outbox
Returns write stage=beforeCommit
Returns write stage=afterCommit
Returns scoped counts 783402c6-3e66-4734-9431-ceb614d2fbf9=1,1,1,1,1
Returns scoped counts 783402c6-3e66-4734-9431-ceb614d2fbf9=1,1,1,1,1
Returns write stage=entitlement
Returns write stage=aggregate
Returns write stage=receipt
Returns write stage=audit
Returns write stage=outbox
Returns write stage=beforeCommit
Returns write stage=afterCommit
Returns scoped counts 6bb5732d-aad4-42da-aed6-e1e77311045a=1,1,1,1,1
Returns scoped counts 6bb5732d-aad4-42da-aed6-e1e77311045a=1,1,1,1,1
Returns write stage=entitlement
Returns write stage=aggregate
Returns write stage=receipt
Returns write stage=audit
Returns write stage=outbox
Returns write stage=beforeCommit
Returns write stage=afterCommit
Returns scoped counts 6bc95c4e-568b-4cef-9e5e-a92bbb9faf69=1,1,1,1,1
Returns scoped counts 6bc95c4e-568b-4cef-9e5e-a92bbb9faf69=1,1,1,1,1
Returns write stage=entitlement
Returns write stage=aggregate
Returns write stage=receipt
Returns write stage=audit
Returns write stage=outbox
Returns write stage=beforeCommit
Returns write stage=afterCommit
Returns scoped counts 8ce6e3d6-dfdc-4176-87eb-69a6896a2835=1,1,1,1,1
Returns write stage=entitlement
Returns write stage=aggregate
Returns write stage=receipt
Returns write stage=audit
Returns write stage=outbox
Returns write stage=beforeCommit
Returns write stage=afterCommit
Returns write stage=entitlement
Returns write stage=aggregate
Returns write stage=receipt
Returns write stage=audit
Returns write stage=outbox
Returns write stage=beforeCommit
Returns write stage=afterCommit
Returns scoped counts e66b7393-db89-42cc-aafc-3541fdce3f1b=1,1,1,1,1
Returns scoped counts e66b7393-db89-42cc-aafc-3541fdce3f1b=1,1,1,1,1
Returns write stage=entitlement
Returns write stage=aggregate
Returns write stage=receipt
Returns write stage=audit
Returns write stage=outbox
Returns write stage=beforeCommit
Returns write stage=afterCommit
Returns scoped counts e783b15f-52b5-411d-ac28-d80fc770a99e=1,1,1,1,1
Returns scoped counts e783b15f-52b5-411d-ac28-d80fc770a99e=1,1,1,1,1
Returns write stage=entitlement
Returns write stage=aggregate
Returns write stage=receipt
Returns write stage=audit
Returns write stage=outbox
Returns write stage=beforeCommit
Returns write stage=afterCommit
Returns scoped counts 409f5f49-4ca9-433a-bdaa-19ea902df346=1,1,1,1,1
Returns scoped counts 409f5f49-4ca9-433a-bdaa-19ea902df346=1,1,1,1,1
Returns write stage=entitlement
Returns write stage=aggregate
Returns write stage=receipt
Returns write stage=audit
Returns write stage=outbox
Returns write stage=beforeCommit
Returns write stage=afterCommit
Returns scoped counts 6ac14099-62eb-4ff3-8771-01d2a70d7326=1,1,1,1,1
Returns scoped counts 6ac14099-62eb-4ff3-8771-01d2a70d7326=1,1,1,1,1
Returns write stage=entitlement
Returns write stage=aggregate
Returns write stage=receipt
Returns write stage=audit
Returns write stage=outbox
Returns write stage=beforeCommit
Returns write stage=afterCommit
Returns scoped counts 6805923e-10e7-4f5a-8829-4e24d8e339cd=1,1,1,1,1
Returns scoped counts 6805923e-10e7-4f5a-8829-4e24d8e339cd=1,1,1,1,1
Returns write stage=entitlement
Returns write stage=aggregate
Returns write stage=receipt
Returns write stage=audit
Returns write stage=outbox
Returns write stage=beforeCommit
Returns write stage=afterCommit
Returns scoped counts 5b7206ab-41ba-4778-a6d5-e40d5d900453=1,1,1,1,1
Returns scoped counts 5b7206ab-41ba-4778-a6d5-e40d5d900453=1,1,1,1,1
Returns write stage=entitlement
Returns write stage=aggregate
Returns write stage=receipt
Returns write stage=audit
Returns write stage=outbox
Returns write stage=beforeCommit
Returns write stage=afterCommit
Returns scoped counts e8e99044-581a-4a32-b395-f164c8afc10f=1,1,1,1,1
Returns scoped counts e8e99044-581a-4a32-b395-f164c8afc10f=1,1,1,1,1
Returns write stage=entitlement
Returns write stage=aggregate
Returns write stage=receipt
Returns write stage=audit
Returns write stage=outbox
Returns write stage=beforeCommit
Returns write stage=afterCommit
Returns scoped counts b4e1811a-cbba-486b-8a33-d01f2a7b1ef2=1,1,1,1,1
Returns scoped counts b4e1811a-cbba-486b-8a33-d01f2a7b1ef2=1,1,1,1,1
Returns write stage=entitlement
Returns write stage=aggregate
Returns write stage=receipt
Returns write stage=audit
Returns write stage=outbox
Returns write stage=beforeCommit
Returns write stage=afterCommit
Returns scoped counts 5644e6b3-6c8a-4959-ba82-f726ec7c15cc=1,1,1,1,1
Returns scoped counts 5644e6b3-6c8a-4959-ba82-f726ec7c15cc=1,1,1,1,1
Returns write stage=entitlement
Returns write stage=aggregate
Returns write stage=receipt
Returns write stage=audit
Returns write stage=outbox
Returns write stage=beforeCommit
Returns write stage=afterCommit
Returns scoped counts 28aad963-292a-456c-b317-3740c47a8d16=1,1,1,1,1
Returns scoped counts 28aad963-292a-456c-b317-3740c47a8d16=1,1,1,1,1
Returns write stage=entitlement
Returns write stage=aggregate
Returns write stage=receipt
Returns write stage=audit
Returns write stage=outbox
Returns write stage=beforeCommit
Returns write stage=afterCommit
Returns scoped counts 7ec11832-bbb9-4795-a02f-3caab72fd0bb=1,1,1,1,1
Returns scoped counts 7ec11832-bbb9-4795-a02f-3caab72fd0bb=1,1,1,1,1
Returns write stage=entitlement
Returns write stage=aggregate
Returns write stage=receipt
Returns write stage=audit
Returns write stage=outbox
Returns write stage=beforeCommit
Returns write stage=afterCommit
Returns scoped counts 4386fd0a-065b-4a9e-be96-b2a4dd8cea81=1,1,1,1,1
Returns scoped counts 4386fd0a-065b-4a9e-be96-b2a4dd8cea81=1,1,1,1,1
Returns write stage=entitlement
Returns write stage=aggregate
Returns write stage=receipt
Returns write stage=audit
Returns write stage=outbox
Returns write stage=beforeCommit
Returns write stage=afterCommit
Returns scoped counts 2d56e9d0-a590-40cb-b8e5-77c4927c9056=1,1,1,1,1
Returns write stage=aggregate
Returns write stage=receipt
Returns write stage=audit
Returns write stage=outbox
Returns write stage=beforeCommit
Returns write stage=afterCommit
Returns write stage=entitlement
Returns write stage=aggregate
Returns write stage=receipt
Returns write stage=audit
Returns write stage=outbox
Returns write stage=beforeCommit
Returns write stage=afterCommit
Returns scoped counts ea822ccf-ef3e-4ba4-b739-93873c0eea85=1,1,1,1,1
Returns scoped counts ea822ccf-ef3e-4ba4-b739-93873c0eea85=1,1,1,1,1
Returns write stage=entitlement
Returns write stage=aggregate
Returns write stage=receipt
Returns write stage=audit
Returns write stage=outbox
Returns write stage=beforeCommit
Returns write stage=afterCommit
Returns scoped counts 73f992ff-fc78-43dd-989f-4210edebdc37=1,1,1,1,1
Returns scoped counts 73f992ff-fc78-43dd-989f-4210edebdc37=1,1,1,1,1
Returns write stage=entitlement
Returns write stage=aggregate
Returns write stage=receipt
Returns write stage=audit
Returns write stage=outbox
Returns write stage=beforeCommit
Returns write stage=afterCommit
Returns scoped counts 3643a81f-eaf9-4e6c-99aa-b7348ba323f5=1,1,1,1,1
Returns scoped counts 3643a81f-eaf9-4e6c-99aa-b7348ba323f5=1,1,1,1,1
Returns write stage=entitlement
Returns write stage=aggregate
Returns write stage=receipt
Returns write stage=audit
Returns write stage=outbox
Returns write stage=beforeCommit
Returns write stage=afterCommit
Returns scoped counts adec68a5-bf8d-4530-982d-b5d7ba7e45f9=1,1,1,1,1
Returns scoped counts adec68a5-bf8d-4530-982d-b5d7ba7e45f9=1,1,1,1,1
Returns write stage=entitlement
Returns write stage=aggregate
Returns write stage=receipt
Returns write stage=audit
Returns write stage=outbox
Returns write stage=beforeCommit
Returns write stage=afterCommit
Returns scoped counts d9a4aac2-af9f-456c-b0b6-97d0d78fd881=1,1,1,1,1
Returns scoped counts d9a4aac2-af9f-456c-b0b6-97d0d78fd881=1,1,1,1,1
Returns write stage=entitlement
Returns write stage=aggregate
Returns write stage=receipt
Returns write stage=audit
Returns write stage=outbox
Returns write stage=beforeCommit
Returns write stage=afterCommit
Returns scoped counts a06f280f-847d-413e-887d-33fb518a1695=1,1,1,1,1
Returns scoped counts a06f280f-847d-413e-887d-33fb518a1695=1,1,1,1,1
Returns write stage=entitlement
Returns write stage=aggregate
Returns write stage=receipt
Returns write stage=audit
Returns write stage=outbox
Returns write stage=beforeCommit
Returns write stage=afterCommit
Returns scoped counts 9dcd6c6d-afc9-458a-9165-6b4fcffb2e51=1,1,1,1,1
Returns scoped counts 9dcd6c6d-afc9-458a-9165-6b4fcffb2e51=1,1,1,1,1
Returns write stage=entitlement
Returns write stage=aggregate
Returns write stage=receipt
Returns write stage=audit
Returns write stage=outbox
Returns write stage=beforeCommit
Returns write stage=afterCommit
Returns scoped counts bbe1597b-aab1-4160-b658-5667536f7f8f=1,1,1,1,1
Returns scoped counts bbe1597b-aab1-4160-b658-5667536f7f8f=1,1,1,1,1
Returns write stage=entitlement
Returns write stage=aggregate
Returns write stage=receipt
Returns write stage=audit
Returns write stage=outbox
Returns write stage=beforeCommit
Returns write stage=afterCommit
Returns scoped counts e0930698-3d67-44f5-a40b-c8d6463e0b0d=1,1,1,1,1
Returns write stage=aggregate
Returns write stage=receipt
Returns write stage=audit
Returns write stage=outbox
Returns write stage=beforeCommit
  Passed Diten.SupplyChainService.Tests.Returns.ReturnIsolationTests.Middleware_PostAuthenticationUnit_OrderedContextMatrix(variant: "missing-root", expected: 400) [< 1 ms]
  Passed Diten.SupplyChainService.Tests.Returns.ReturnIsolationTests.Middleware_PostAuthenticationUnit_OrderedContextMatrix(variant: "valid", expected: 200) [< 1 ms]
  Passed Diten.SupplyChainService.Tests.Returns.ReturnIsolationTests.Middleware_PostAuthenticationUnit_OrderedContextMatrix(variant: "duplicate-root", expected: 400) [< 1 ms]
  Passed Diten.SupplyChainService.Tests.Returns.ReturnIsolationTests.Middleware_PostAuthenticationUnit_OrderedContextMatrix(variant: "missing-scope", expected: 400) [< 1 ms]
  Passed Diten.SupplyChainService.Tests.Returns.ReturnIsolationTests.SoftDelete_HidesAggregate_PreservesReceiptAndEntitlement [41 ms]
  Passed Diten.SupplyChainService.Tests.Returns.ReturnIsolationTests.Receipt_SameKeyDifferentLegalEntity_IsIndependent [44 ms]
  Passed Diten.SupplyChainService.Tests.Returns.ReturnIsolationTests.Permissions_ReturnsSpecificTargets_HaveNoClaimsInheritance [< 1 ms]
  Passed Diten.SupplyChainService.Tests.Returns.ReturnIsolationTests.Scope_AnotherTenantOrLE_CannotReadMutateOrReplay [21 ms]
Returns write stage=afterCommit
Returns write stage=entitlement
Returns write stage=aggregate
Returns write stage=receipt
Returns write stage=audit
Returns write stage=outbox
Returns write stage=beforeCommit
Returns write stage=afterCommit
Returns scoped counts 4ce058a7-783a-4800-bd13-e4ba6a3a955f=1,1,1,1,1
Returns scoped counts 4ce058a7-783a-4800-bd13-e4ba6a3a955f=1,1,1,1,1
Returns write stage=entitlement
Returns write stage=aggregate
Returns write stage=receipt
Returns write stage=audit
Returns write stage=outbox
Returns write stage=beforeCommit
Returns write stage=afterCommit
Returns scoped counts 6923c673-1891-4c21-8cbe-e815fcefff1f=1,1,1,1,1
Returns scoped counts 6923c673-1891-4c21-8cbe-e815fcefff1f=1,1,1,1,1
Returns write stage=entitlement
Returns write stage=aggregate
Returns write stage=receipt
Returns write stage=audit
Returns write stage=outbox
Returns write stage=beforeCommit
Returns write stage=afterCommit
Returns scoped counts 8b67fd28-00ef-4493-85ab-f3cc6e586b00=1,1,1,1,1
Returns scoped counts 8b67fd28-00ef-4493-85ab-f3cc6e586b00=1,1,1,1,1
Returns write stage=entitlement
Returns write stage=aggregate
Returns write stage=receipt
Returns write stage=audit
Returns write stage=outbox
Returns write stage=beforeCommit
Returns write stage=afterCommit
Returns scoped counts 891a9f91-a8b7-4d86-8208-269f08532612=1,1,1,1,1
Returns scoped counts 891a9f91-a8b7-4d86-8208-269f08532612=1,1,1,1,1
Returns write stage=entitlement
Returns write stage=aggregate
Returns write stage=receipt
Returns write stage=audit
Returns write stage=outbox
Returns write stage=beforeCommit
Returns write stage=afterCommit
Returns scoped counts cd5358ab-0705-41c7-95a1-0040f9c29ecb=1,1,1,1,1
Returns scoped counts cd5358ab-0705-41c7-95a1-0040f9c29ecb=1,1,1,1,1
Returns write stage=entitlement
Returns write stage=aggregate
Returns write stage=receipt
Returns write stage=audit
Returns write stage=outbox
Returns write stage=beforeCommit
Returns write stage=afterCommit
Returns scoped counts ee3992b9-c6c0-4fd8-a6ee-792589cdb44b=1,1,1,1,1
Returns scoped counts ee3992b9-c6c0-4fd8-a6ee-792589cdb44b=1,1,1,1,1
Returns write stage=entitlement
Returns write stage=aggregate
Returns write stage=receipt
Returns write stage=audit
Returns write stage=outbox
Returns write stage=beforeCommit
Returns write stage=afterCommit
Returns scoped counts 2053c754-e885-4dc2-98f5-0ced42b7ee4a=1,1,1,1,1
Returns scoped counts 2053c754-e885-4dc2-98f5-0ced42b7ee4a=1,1,1,1,1
Returns write stage=entitlement
Returns write stage=aggregate
Returns write stage=receipt
Returns write stage=audit
Returns write stage=outbox
Returns write stage=beforeCommit
Returns write stage=afterCommit
Returns scoped counts 6dc0d824-ebe9-4d02-97cf-4177063c2a68=1,1,1,1,1
Returns scoped counts 6dc0d824-ebe9-4d02-97cf-4177063c2a68=1,1,1,1,1
Returns write stage=entitlement
Returns write stage=aggregate
Returns write stage=receipt
Returns write stage=audit
Returns write stage=outbox
Returns write stage=beforeCommit
Returns write stage=afterCommit
Returns scoped counts f76c5bf8-9b35-4dab-8830-fc6ae6bd6979=1,1,1,1,1
Returns write stage=aggregate
Returns write stage=receipt
Returns write stage=audit
Returns write stage=outbox
Returns write stage=beforeCommit
Returns write stage=afterCommit
Returns write stage=entitlement
Returns write stage=aggregate
Returns write stage=receipt
Returns write stage=audit
Returns write stage=outbox
Returns write stage=beforeCommit
Returns write stage=afterCommit
Returns scoped counts 1139fd8a-1dc0-4517-8e1f-03f04bb46135=1,1,1,1,1
Returns scoped counts 1139fd8a-1dc0-4517-8e1f-03f04bb46135=1,1,1,1,1
Returns write stage=entitlement
Returns write stage=aggregate
Returns write stage=receipt
Returns write stage=audit
Returns write stage=outbox
Returns write stage=beforeCommit
Returns write stage=afterCommit
Returns scoped counts 5c88c59d-9e33-4821-aa1c-8e796d9ca683=1,1,1,1,1
Returns scoped counts 5c88c59d-9e33-4821-aa1c-8e796d9ca683=1,1,1,1,1
Returns write stage=entitlement
Returns write stage=aggregate
Returns write stage=receipt
Returns write stage=audit
Returns write stage=outbox
Returns write stage=beforeCommit
Returns write stage=afterCommit
Returns scoped counts 8232dafb-7ece-441e-a43d-ba1fd383e54e=1,1,1,1,1
Returns scoped counts 8232dafb-7ece-441e-a43d-ba1fd383e54e=1,1,1,1,1
Returns write stage=entitlement
Returns write stage=aggregate
Returns write stage=receipt
Returns write stage=audit
Returns write stage=outbox
Returns write stage=beforeCommit
Returns write stage=afterCommit
Returns scoped counts c0e7b2e0-745c-4dea-9c99-25fc3f91a8e8=1,1,1,1,1
Returns scoped counts c0e7b2e0-745c-4dea-9c99-25fc3f91a8e8=1,1,1,1,1
Returns write stage=entitlement
Returns write stage=aggregate
Returns write stage=receipt
Returns write stage=audit
Returns write stage=outbox
Returns write stage=beforeCommit
Returns write stage=afterCommit
Returns scoped counts 892414a5-fdf7-4233-aa85-d825d5b4acaa=1,1,1,1,1
Returns scoped counts 892414a5-fdf7-4233-aa85-d825d5b4acaa=1,1,1,1,1
Returns write stage=entitlement
Returns write stage=aggregate
Returns write stage=receipt
Returns write stage=audit
Returns write stage=outbox
Returns write stage=beforeCommit
Returns write stage=afterCommit
Returns scoped counts 86d00b94-d82e-42ff-9e5c-ea45ac69413f=1,1,1,1,1
Returns scoped counts 86d00b94-d82e-42ff-9e5c-ea45ac69413f=1,1,1,1,1
Returns write stage=entitlement
Returns write stage=aggregate
Returns write stage=receipt
Returns write stage=audit
Returns write stage=outbox
Returns write stage=beforeCommit
Returns write stage=afterCommit
Returns scoped counts 41c3fc4b-024b-420d-904f-d1e706814bb1=1,1,1,1,1
Returns scoped counts 41c3fc4b-024b-420d-904f-d1e706814bb1=1,1,1,1,1
Returns write stage=entitlement
Returns write stage=aggregate
Returns write stage=receipt
Returns write stage=audit
Returns write stage=outbox
Returns write stage=beforeCommit
Returns write stage=afterCommit
Returns scoped counts fb0c557f-f03e-4637-8338-319e824ef2db=1,1,1,1,1
Returns scoped counts fb0c557f-f03e-4637-8338-319e824ef2db=1,1,1,1,1
Returns write stage=entitlement
Returns write stage=aggregate
Returns write stage=receipt
Returns write stage=audit
Returns write stage=outbox
Returns write stage=beforeCommit
Returns write stage=afterCommit
Returns scoped counts 79ed3d68-96c5-425b-bf45-ec110567be18=1,1,1,1,1
Returns scoped counts 79ed3d68-96c5-425b-bf45-ec110567be18=1,1,1,1,1
Returns write stage=entitlement
Returns write stage=aggregate
Returns write stage=receipt
Returns write stage=audit
Returns write stage=outbox
Returns write stage=beforeCommit
Returns write stage=afterCommit
Returns scoped counts e759c846-4a32-4148-905e-d53fc9ddd137=1,1,1,1,1
Returns scoped counts e759c846-4a32-4148-905e-d53fc9ddd137=1,1,1,1,1
Returns write stage=entitlement
Returns write stage=aggregate
Returns write stage=receipt
Returns write stage=audit
Returns write stage=outbox
Returns write stage=beforeCommit
Returns write stage=afterCommit
Returns scoped counts f9174054-814a-4bcf-8c59-7d371836ba37=1,1,1,1,1
Returns scoped counts f9174054-814a-4bcf-8c59-7d371836ba37=1,1,1,1,1
Returns write stage=entitlement
Returns write stage=aggregate
Returns write stage=receipt
Returns write stage=audit
Returns write stage=outbox
Returns write stage=beforeCommit
Returns write stage=afterCommit
Returns scoped counts b8ec2884-8949-40e6-b7bd-0f66fb06c54c=1,1,1,1,1
Returns scoped counts b8ec2884-8949-40e6-b7bd-0f66fb06c54c=1,1,1,1,1
Returns write stage=entitlement
Returns write stage=aggregate
Returns write stage=receipt
Returns write stage=audit
Returns write stage=outbox
Returns write stage=beforeCommit
Returns write stage=afterCommit
Returns scoped counts 4e4f9f74-7e38-4683-bcd9-2d12e8de7f35=1,1,1,1,1
Returns scoped counts 4e4f9f74-7e38-4683-bcd9-2d12e8de7f35=1,1,1,1,1
Returns write stage=entitlement
Returns write stage=aggregate
Returns write stage=receipt
Returns write stage=audit
Returns write stage=outbox
Returns write stage=beforeCommit
Returns write stage=afterCommit
Returns scoped counts 3ef4326e-28d3-4179-8b0e-678a5d399ca0=1,1,1,1,1
Returns scoped counts 3ef4326e-28d3-4179-8b0e-678a5d399ca0=1,1,1,1,1
Returns write stage=entitlement
Returns write stage=aggregate
Returns write stage=receipt
Returns write stage=audit
Returns write stage=outbox
Returns write stage=beforeCommit
Returns write stage=afterCommit
Returns scoped counts 030c5e73-c24a-4277-bd68-b419db00914d=1,1,1,1,1
Returns scoped counts 030c5e73-c24a-4277-bd68-b419db00914d=1,1,1,1,1
Returns write stage=entitlement
Returns write stage=aggregate
Returns write stage=receipt
Returns write stage=audit
Returns write stage=outbox
Returns write stage=beforeCommit
Returns write stage=afterCommit
Returns scoped counts 32be1805-848e-402f-b8d3-892e15e5aca7=1,1,1,1,1
Returns scoped counts 32be1805-848e-402f-b8d3-892e15e5aca7=1,1,1,1,1
Returns write stage=entitlement
Returns write stage=aggregate
Returns write stage=receipt
Returns write stage=audit
Returns write stage=outbox
Returns write stage=beforeCommit
Returns write stage=afterCommit
Returns scoped counts ebc38dd3-fd86-44a0-9147-58b68e13faad=1,1,1,1,1
Returns scoped counts ebc38dd3-fd86-44a0-9147-58b68e13faad=1,1,1,1,1
Returns scoped counts db3ad2c2-3a7f-4e07-bddd-f35bdc688fcd=0,0,0,0,0
Returns scoped counts 2c7e6ed1-bca6-4d86-95d1-366518c85882=0,0,0,0,0
  Passed Diten.SupplyChainService.Tests.Returns.ReturnLifecycleTests.Lifecycle_ActualRepository_All64PairsRejectWithoutWrites [2 s]
  Passed Diten.SupplyChainService.Tests.Returns.ReturnLifecycleTests.Entitlement_OnlyRejectedCancelled_Release [< 1 ms]
  Passed Diten.SupplyChainService.Tests.Returns.ReturnLifecycleTests.Lifecycle_All64Pairs_MatchesSevenCanonicalArrows [< 1 ms]
  Passed Diten.SupplyChainService.Tests.Returns.ReturnReferenceTests.Root_Unusable_ExactFailure(value: "null", status: 503, code: "RETURN_SHIPMENT_ROOT_UNAVAILABLE") [9 ms]
  Passed Diten.SupplyChainService.Tests.Returns.ReturnReferenceTests.Root_Unusable_ExactFailure(value: "missing", status: 503, code: "RETURN_SHIPMENT_ROOT_UNAVAILABLE") [< 1 ms]
  Passed Diten.SupplyChainService.Tests.Returns.ReturnReferenceTests.Root_Unusable_ExactFailure(value: "", status: 502, code: "RETURN_SHIPMENT_ROOT_INVALID") [< 1 ms]
  Passed Diten.SupplyChainService.Tests.Returns.ReturnReferenceTests.Root_Unusable_ExactFailure(value: "bad", status: 502, code: "RETURN_SHIPMENT_ROOT_INVALID") [< 1 ms]
  Passed Diten.SupplyChainService.Tests.Returns.ReturnReferenceTests.LocalInvalidQuantity_RejectsBeforeReferenceLookup(quantity: "0") [12 ms]
  Passed Diten.SupplyChainService.Tests.Returns.ReturnReferenceTests.LocalInvalidQuantity_RejectsBeforeReferenceLookup(quantity: "-0.00") [11 ms]
Returns scoped counts 7e812607-d30e-4e23-a9a1-72404b04fca2=0,0,0,0,0
Returns scoped counts 71d0dad9-fbe3-4fcc-ab5e-21e46efc53db=0,0,0,0,0
  Passed Diten.SupplyChainService.Tests.Returns.ReturnReferenceTests.LocalInvalidQuantity_RejectsBeforeReferenceLookup(quantity: "-1") [12 ms]
  Passed Diten.SupplyChainService.Tests.Returns.ReturnReferenceTests.OtherProducerFailures_RemainDependencyUnavailable(status: 500, body: "{\"error\":{\"code\":\"INTERNAL_ERROR\"},\"contrac"···) [15 ms]
  Passed Diten.SupplyChainService.Tests.Returns.ReturnReferenceTests.OtherProducerFailures_RemainDependencyUnavailable(status: 500, body: "{\"error\":{\"code\":\"SHIPMENT_ROOT_INVALID\"},\""···) [< 1 ms]
  Passed Diten.SupplyChainService.Tests.Returns.ReturnReferenceTests.OtherProducerFailures_RemainDependencyUnavailable(status: 500, body: "not-json") [2 ms]
  Passed Diten.SupplyChainService.Tests.Returns.ReturnReferenceTests.OtherProducerFailures_RemainDependencyUnavailable(status: 501, body: "{\"error\":{\"code\":\"SHIPMENT_ROOT_INVALID\"},\""···) [< 1 ms]
  Passed Diten.SupplyChainService.Tests.Returns.ReturnReferenceTests.OtherProducerFailures_RemainDependencyUnavailable(status: 401, body: "{\"error\":{\"code\":\"SHIPMENT_ROOT_INVALID\"},\""···) [< 1 ms]
  Passed Diten.SupplyChainService.Tests.Returns.ReturnReferenceTests.OtherProducerFailures_RemainDependencyUnavailable(status: 403, body: "{\"error\":{\"code\":\"SHIPMENT_ROOT_INVALID\"},\""···) [< 1 ms]
  Passed Diten.SupplyChainService.Tests.Returns.ReturnReferenceTests.MalformedSuccessfulRoot_RemainsReturnsRootInvalid [1 ms]
  Passed Diten.SupplyChainService.Tests.Returns.ReturnReferenceTests.LocalDuplicateLines_RejectsBeforeReferenceLookup [13 ms]
  Passed Diten.SupplyChainService.Tests.Returns.ReturnReferenceTests.Reference_DuplicateOrNonpositiveLines_RejectsMalformed [1 ms]
  Passed Diten.SupplyChainService.Tests.Returns.ReturnReferenceTests.Reference_MockedTransport_OnlyShipmentGetAndTrustedScope [2 ms]
  Passed Diten.SupplyChainService.Tests.Returns.ReturnReferenceTests.ProducerShipmentRootInvalid500_MapsToReturnsRootInvalid [1 ms]
  Passed Diten.SupplyChainService.Tests.Returns.ReturnReferenceTests.RefusedProducer_RemainsDependencyUnavailable [1 ms]
  Passed Diten.SupplyChainService.Tests.Returns.ReturnReferenceTests.TimedOutProducer_RemainsDependencyUnavailable [1 ms]
  Passed Diten.SupplyChainService.Tests.Returns.ReturnReferenceTests.Root_PersistedNil_IsPreserved [< 1 ms]
  Passed Diten.SupplyChainService.Tests.Returns.ReturnReferenceTests.Reference_Omission_RequiredVersusOptionalDecisionField(key: "shipmentId", status: 503) [< 1 ms]
  Passed Diten.SupplyChainService.Tests.Returns.ReturnReferenceTests.Reference_Omission_RequiredVersusOptionalDecisionField(key: "sourceModule", status: 502) [< 1 ms]
  Passed Diten.SupplyChainService.Tests.Returns.ReturnReferenceTests.Reference_Omission_RequiredVersusOptionalDecisionField(key: "status", status: 503) [< 1 ms]
Returns write stage=entitlement
Returns write stage=aggregate
Returns write stage=receipt
Returns write stage=audit
Returns write stage=outbox
Returns write stage=beforeCommit
Returns write stage=afterCommit
Returns scoped counts 1a676e1f-b453-46c2-95d4-7a3787c4e9c8=1,1,1,1,1
Returns scoped counts 1a676e1f-b453-46c2-95d4-7a3787c4e9c8=1,1,1,1,1
Returns write stage=entitlement
Returns write stage=aggregate
Returns write stage=receipt
Returns write stage=audit
Returns write stage=outbox
Returns write stage=beforeCommit
Returns write stage=afterCommit
Returns write stage=entitlement
Returns write stage=aggregate
Returns write stage=receipt
Returns write stage=audit
Returns write stage=outbox
Returns write stage=beforeCommit
Returns write stage=afterCommit
Returns scoped counts dead07e2-85a7-4b99-9e4d-799bb481f88f=1,1,1,1,1
Returns write stage=entitlement
Returns write stage=aggregate
Returns write stage=receipt
Returns write stage=audit
Returns write stage=outbox
Returns write stage=beforeCommit
Returns write stage=afterCommit
Returns write stage=aggregate
Returns write stage=receipt
Returns write stage=audit
Returns write stage=outbox
Returns write stage=beforeCommit
Returns write stage=afterCommit
[xUnit.net 00:01:21.03]   Finished:    Diten.SupplyChainService.Tests
  Passed Diten.SupplyChainService.Tests.Returns.ReturnReplayTests.Receipt_RootBeforePayload_AndCurrentActorDoesNotRewriteAudit [30 ms]
  Passed Diten.SupplyChainService.Tests.Returns.ReturnReplayTests.RawCreateAudit_PreservesUuidSpellingAndOmission_WhileFingerprintNormalizes [20 ms]
  Passed Diten.SupplyChainService.Tests.Returns.ReturnReplayTests.RestartReceipt [32 ms]
  Passed Diten.SupplyChainService.Tests.Returns.ReturnReplayTests.Receipt_AfterLaterState_ReturnsOriginalResultWithoutReread [25 ms]

Test Run Successful.
Total tests: 78
     Passed: 78
 Total time: 1.3593 Minutes
